/Users/tombrumbaugh/Library/Python/3.9/lib/python/site-packages/pygame/pkgdata.py:25: UserWarning: pkg_resources is deprecated as an API. See https://setuptools.pypa.io/en/latest/pkg_resources.html. The pkg_resources package is slated for removal as early as 2025-11-30. Refrain from using this package or pin to Setuptools<81.
  from pkg_resources import resource_stream, resource_exists
/Users/tombrumbaugh/Library/Python/3.9/lib/python/site-packages/urllib3/__init__.py:35: NotOpenSSLWarning: urllib3 v2 only supports OpenSSL 1.1.1+, currently the 'ssl' module is compiled with 'LibreSSL 2.8.3'. See: https://github.com/urllib3/urllib3/issues/3020
  warnings.warn(
/Users/tombrumbaugh/Desktop/Dependency-Chart/gui/sphere_3d.py:12090: DeprecationWarning: NewId() is deprecated
  item_id = wx.NewId()
/Users/tombrumbaugh/Desktop/Dependency-Chart/gui/sphere_3d.py:12107: DeprecationWarning: NewId() is deprecated
  item_id = wx.NewId()
pygame 2.5.2 (SDL 2.28.3, Python 3.9.6)
Hello from the pygame community. https://www.pygame.org/contribute.html
DEBUG: Starting Sphere3DApp
DEBUG: Sphere3DApp.OnInit() called
DEBUG: Sphere3DFrame.__init__() called
DEBUG: Frame created with title and size
DEBUG: Creating OpenGL canvas
DEBUG: Added screen Original 2D Screen (type: Screen) with ID 81ca7753-17b8-4413-b79a-bf242feecf31
DEBUG: Registered original 2D screen as Original 2D Screen with ID 81ca7753-17b8-4413-b79a-bf242feecf31
DEBUG: Canvas and sphere renderer created
DEBUG: Creating menu bar
DEBUG: Added Website Screen menu option (Selenium available)
DEBUG: Menu bar created
DEBUG: Setting up layout
DEBUG: Frame initialization completed
DEBUG: Frame created, about to show
DEBUG: Frame shown, returning True
DEBUG: App created, starting MainLoop
DEBUG: Simple framebuffer initialized
DEBUG: update_ray_tracing_camera() called
DEBUG: Current sphere camera position: [0. 0. 0.]
DEBUG: Current sphere camera target: [1. 0. 1.]
DEBUG: NEW camera position set to: [0. 0. 0.]
DEBUG: NEW camera target set to: [5. 0. 0.]
DEBUG: Red vector used: [1. 0. 0.]
DEBUG: Normalized vector: [1. 0. 0.]
DEBUG: Ray tracing screen synced with unified screen properties
DEBUG: Unified screen system initialized, current mode: simple
DEBUG: ===== CANVAS update_sphere_view_vector() CALLED =====
DEBUG: Canvas syncing view_vector with sphere vector_direction: [1. 0. 0.]
DEBUG: Normalized view_vector: [1. 0. 0.]
DEBUG: Red vector direction: [1. 0. 0.]
DEBUG: Normalized view vector: [1.000, 0.000, 0.000]
DEBUG: Red cube position: [2. 0. 2.]
DEBUG: Expected direction to cube: [0.70710678 0.         0.70710678]
DEBUG: Actual view vector: [1. 0. 0.]
DEBUG: Dot product: 0.707
DEBUG: ⚠️ WARNING: View vector not pointing toward cube!
DEBUG: Consider setting vector direction to point toward cube
DEBUG: Suggested vector direction: [2.12132034 0.         2.12132034]
DEBUG: Angle to cube: 45.0° (should be < 30° to be visible)
DEBUG: Cube direction: [0.707, 0.000, 0.707]
DEBUG: 2D screen using perspective projection - FOV: 60.0°
DEBUG: ===== SIMPLE MODE CAMERA SETUP =====
DEBUG: Simple mode sphere_pos: [0. 0. 0.]
DEBUG: Simple mode view_dir: [1. 0. 0.]
DEBUG: Simple mode look_at: [10.  0.  0.]
DEBUG: Cube position: [2. 0. 2.]
DEBUG: Direction to cube: [0.70710678 0.         0.70710678]
DEBUG: View direction: [1. 0. 0.]
DEBUG: Angle between view and cube direction: 45.0° (should be close to 0°)
DEBUG: Are we looking toward cube? False
DEBUG: ==============================================
DEBUG: ===== SIMPLE MODE CUBE ROTATION =====
DEBUG: Simple mode applying cube rotation: [0.0°, 0.0°, 0.0°]
DEBUG: =========================================
DEBUG: Simple 2D screen rendered - reference objects disabled to prevent yellow box artifact
DEBUG: Using perspective projection - FOV: 60.0°
DEBUG: Canvas mode: 'simple', Sphere mode: 'simple'
DEBUG: Sphere screen render check - canvas_enabled: True, canvas_mode: simple, sphere_enabled: True, should_render: False
DEBUG: Sphere skipping screen render (canvas mode: simple)
DEBUG: ===== SIMPLE MODE CUBE ROTATION =====
DEBUG: Simple mode applying cube rotation: [0.0°, 0.0°, 0.0°]
DEBUG: =========================================
DEBUG: ===== CANVAS draw_unified_screen() CALLED =====
DEBUG: screen_enabled: True, screen_render_mode: simple
DEBUG: Canvas drawing simple 2D screen
DEBUG: Drew unified screen in simple mode
DEBUG: Simple mode active - screen shows original 2D framebuffer view
DEBUG: Rendering 1 screens
DEBUG: Rendering screen Original 2D Screen of type screen_2d
DEBUG: ===== SIMPLE MODE CUBE ROTATION =====
DEBUG: Simple mode applying cube rotation: [0.0°, 0.0°, 0.0°]
DEBUG: =========================================
DEBUG: ===== CANVAS draw_unified_screen() CALLED =====
DEBUG: screen_enabled: True, screen_render_mode: simple
DEBUG: Canvas drawing simple 2D screen
DEBUG: Drew unified screen in simple mode
DEBUG: Simple mode active - screen shows original 2D framebuffer view
DEBUG: Menu event triggered with ID: -31770
DEBUG: Menu item label: 'Add Video Screen'
DEBUG: Label length: 16
DEBUG: Label repr: 'Add Video Screen'
DEBUG: Added screen Video Screen (istockphoto-482277170-640_adpp_is.mp4) (type: MediaScreen) with ID f284a190-b972-4428-8f3d-464b983f10bc
DEBUG: ===== SPHERE ADD_SCREEN: MediaScreen added =====
DEBUG: Screen name: Video Screen (istockphoto-482277170-640_adpp_is.mp4)
DEBUG: Screen media_type: MediaType.VIDEO
DEBUG: MediaType.VIDEO: MediaType.VIDEO
DEBUG: Is VIDEO type? True
DEBUG: ===== VIDEO SCREEN ADDED TO SPHERE =====
DEBUG: Video playback will start after media loading completes
DEBUG: ===== LOADING VIDEO FILE: /Users/tombrumbaugh/Downloads/istockphoto-482277170-640_adpp_is.mp4 =====
DEBUG: Loading video data from /Users/tombrumbaugh/Downloads/istockphoto-482277170-640_adpp_is.mp4
DEBUG: Video loading with audio support
DEBUG: Video FPS: 30.0, Duration: 11.309s, Frames: 339
DEBUG: Extracting audio to /var/folders/70/3v8jf_916x99yvw421l0_cc00000gn/T/tmpkiffetm1.wav
DEBUG: Found 1 audio stream(s)
DEBUG: Audio extraction successful - 1994850 bytes
DEBUG: Audio extraction successful
DEBUG: Skipping OpenCV, will use FFmpeg for frame extraction
DEBUG: Preparing simple playback for Video Screen (istockphoto-482277170-640_adpp_is.mp4)
DEBUG: Extracting 8 frames at interval 42
DEBUG: Extracting frame 0 at timestamp 0.000s (SLOW PATH)
DEBUG: Video dimensions: 768x432
DEBUG: Frame caching error for frame 0: 'MediaScreen' object has no attribute 'cache_size_limit'
DEBUG: Successfully extracted and cached frame 0 (cache size: 0)
DEBUG: Extracted frame 0 for simple cache
DEBUG: Frame caching error for frame 42: 'MediaScreen' object has no attribute 'cache_size_limit'
DEBUG: Extracted frame 42 for simple cache
DEBUG: Frame caching error for frame 84: 'MediaScreen' object has no attribute 'cache_size_limit'
DEBUG: Extracted frame 84 for simple cache
DEBUG: Frame caching error for frame 126: 'MediaScreen' object has no attribute 'cache_size_limit'
DEBUG: Extracted frame 126 for simple cache
DEBUG: Frame caching error for frame 168: 'MediaScreen' object has no attribute 'cache_size_limit'
DEBUG: Extracted frame 168 for simple cache
DEBUG: Extracting frame 210 at timestamp 7.000s (SLOW PATH)
DEBUG: Frame caching error for frame 210: 'MediaScreen' object has no attribute 'cache_size_limit'
DEBUG: Successfully extracted and cached frame 210 (cache size: 0)
DEBUG: Extracted frame 210 for simple cache
DEBUG: Frame caching error for frame 252: 'MediaScreen' object has no attribute 'cache_size_limit'
DEBUG: Extracted frame 252 for simple cache
DEBUG: Frame caching error for frame 294: 'MediaScreen' object has no attribute 'cache_size_limit'
DEBUG: Extracted frame 294 for simple cache
DEBUG: Simple playback prepared with 8 frames
DEBUG: ===== EXTRACTING AUDIO FROM VIDEO =====
DEBUG: Extracting audio to /var/folders/70/3v8jf_916x99yvw421l0_cc00000gn/T/tmp8br_ttgv.wav
DEBUG: Found 1 audio stream(s)
DEBUG: Audio extraction successful - 1994850 bytes
DEBUG: Audio extraction result: True
DEBUG: Video data loaded successfully for Video Screen (istockphoto-482277170-640_adpp_is.mp4) (FPS: 30.0, Duration: 11.309s)
DEBUG: Video load result: True
DEBUG: Media screen media_type after load: MediaType.VIDEO
DEBUG: ===== VIDEO LOADED, AUDIO SHOULD BE READY =====
DEBUG: Audio file check - has_audio: True
DEBUG: ===== ABOUT TO START VIDEO PLAYBACK WITH AUDIO =====
DEBUG: ===== START_VIDEO_PLAYBACK CALLED FOR Video Screen (istockphoto-482277170-640_adpp_is.mp4) =====
DEBUG: Media type: MediaType.VIDEO
DEBUG: Video playing: False
DEBUG: Has audio file: /var/folders/70/3v8jf_916x99yvw421l0_cc00000gn/T/tmp8br_ttgv.wav
DEBUG: Starting video playback for Video Screen (istockphoto-482277170-640_adpp_is.mp4)
DEBUG: About to initialize audio...
DEBUG: Audio file exists: /var/folders/70/3v8jf_916x99yvw421l0_cc00000gn/T/tmp8br_ttgv.wav, size: 1994850 bytes
DEBUG: Global AudioManager initialized
DEBUG: Audio system ready - settings: (44100, -16, 2)
DEBUG: Audio file verified - duration: 11.31s
DEBUG: Audio initialization result: True
DEBUG: Video playback loop started for Video Screen (istockphoto-482277170-640_adpp_is.mp4)
DEBUG: Original FPS: 30.0, Target FPS: None, Effective FPS: 30.0
DEBUG: Playback speed: 1.0x, Frame time: 0.0333s
DEBUG: ===== _start_audio_playback() called for Video Screen (istockphoto-482277170-640_adpp_is.mp4) =====
DEBUG: Audio file: /var/folders/70/3v8jf_916x99yvw421l0_cc00000gn/T/tmp8br_ttgv.wav
DEBUG: Speed adjusted audio: None
DEBUG: Starting audio playback: /var/folders/70/3v8jf_916x99yvw421l0_cc00000gn/T/tmp8br_ttgv.wav
DEBUG: Audio loaded successfully - duration: 11.31s
DEBUG: Music volume set to: 1.0
DEBUG: Frame caching error for frame 1: 'MediaScreen' object has no attribute 'cache_size_limit'
DEBUG: ✅ Audio playback started successfully using music mixer
DEBUG: 🔊 AUDIO SHOULD BE PLAYING NOW - Check your speakers/volume!
DEBUG: Channel backup prepared
DEBUG: Audio status - Music: True, Channel: False
DEBUG: ✅ Audio playback confirmed and synchronized
DEBUG: 🎵 If you don't hear anything, check:
DEBUG:    - System volume is up
DEBUG:    - Application isn't muted
DEBUG:    - Speakers/headphones are connected
DEBUG: Video playback thread started for Video Screen (istockphoto-482277170-640_adpp_is.mp4)
DEBUG: ===== VIDEO PLAYBACK START CALL COMPLETED =====
DEBUG: Frame caching error for frame 3: 'MediaScreen' object has no attribute 'cache_size_limit'
DEBUG: ===== CANVAS update_sphere_view_vector() CALLED =====
DEBUG: Canvas syncing view_vector with sphere vector_direction: [1. 0. 0.]
DEBUG: Normalized view_vector: [1. 0. 0.]
DEBUG: Red vector direction: [1. 0. 0.]
DEBUG: Normalized view vector: [1.000, 0.000, 0.000]
DEBUG: Red cube position: [2. 0. 2.]
DEBUG: Expected direction to cube: [0.70710678 0.         0.70710678]
DEBUG: Actual view vector: [1. 0. 0.]
DEBUG: Dot product: 0.707
DEBUG: ⚠️ WARNING: View vector not pointing toward cube!
DEBUG: Consider setting vector direction to point toward cube
DEBUG: Suggested vector direction: [2.12132034 0.         2.12132034]
DEBUG: Angle to cube: 45.0° (should be < 30° to be visible)
DEBUG: Cube direction: [0.707, 0.000, 0.707]
DEBUG: 2D screen using perspective projection - FOV: 60.0°
DEBUG: ===== SIMPLE MODE CAMERA SETUP =====
DEBUG: Simple mode sphere_pos: [0. 0. 0.]
DEBUG: Simple mode view_dir: [1. 0. 0.]
DEBUG: Simple mode look_at: [10.  0.  0.]
DEBUG: Cube position: [2. 0. 2.]
DEBUG: Direction to cube: [0.70710678 0.         0.70710678]
DEBUG: View direction: [1. 0. 0.]
DEBUG: Angle between view and cube direction: 45.0° (should be close to 0°)
DEBUG: Are we looking toward cube? False
DEBUG: ==============================================
DEBUG: ===== SIMPLE MODE CUBE ROTATION =====
DEBUG: Simple mode applying cube rotation: [0.0°, 0.0°, 0.0°]
DEBUG: =========================================
DEBUG: Simple 2D screen rendered - reference objects disabled to prevent yellow box artifact
DEBUG: Using perspective projection - FOV: 60.0°
DEBUG: Frame caching error for frame 6: 'MediaScreen' object has no attribute 'cache_size_limit'
DEBUG: Canvas mode: 'simple', Sphere mode: 'simple'
DEBUG: Sphere screen render check - canvas_enabled: True, canvas_mode: simple, sphere_enabled: True, should_render: False
DEBUG: Sphere skipping screen render (canvas mode: simple)
DEBUG: ===== SIMPLE MODE CUBE ROTATION =====
DEBUG: Simple mode applying cube rotation: [0.0°, 0.0°, 0.0°]
DEBUG: =========================================
DEBUG: ===== CANVAS draw_unified_screen() CALLED =====
DEBUG: screen_enabled: True, screen_render_mode: simple
DEBUG: Canvas drawing simple 2D screen
DEBUG: Drew unified screen in simple mode
DEBUG: Simple mode active - screen shows original 2D framebuffer view
DEBUG: Rendering 2 screens
DEBUG: Rendering screen Original 2D Screen of type screen_2d
DEBUG: ===== SIMPLE MODE CUBE ROTATION =====
DEBUG: Simple mode applying cube rotation: [0.0°, 0.0°, 0.0°]
DEBUG: =========================================
DEBUG: ===== CANVAS draw_unified_screen() CALLED =====
DEBUG: screen_enabled: True, screen_render_mode: simple
DEBUG: Canvas drawing simple 2D screen
DEBUG: Drew unified screen in simple mode
DEBUG: Simple mode active - screen shows original 2D framebuffer view
DEBUG: Initializing deferred media texture for Video Screen (istockphoto-482277170-640_adpp_is.mp4) (type: MediaType.VIDEO)
DEBUG: Creating OpenGL texture for video Video Screen (istockphoto-482277170-640_adpp_is.mp4)
DEBUG: Generating OpenGL texture...
DEBUG: Generated texture ID: 3
DEBUG: Getting first frame from video using FFmpeg...
DEBUG: Extracting frame 0 at timestamp 0.000s (SLOW PATH)
DEBUG: Frame caching error for frame 11: 'MediaScreen' object has no attribute 'cache_size_limit'
DEBUG: Frame caching error for frame 0: 'MediaScreen' object has no attribute 'cache_size_limit'
DEBUG: Successfully extracted and cached frame 0 (cache size: 0)
DEBUG: Frame dimensions: 768x432
DEBUG: Adding alpha channel...
DEBUG: Creating OpenGL texture with frame data...
DEBUG: Created video texture 3 for Video Screen (istockphoto-482277170-640_adpp_is.mp4) (768x432)
DEBUG: Successfully created video texture 3 for Video Screen (istockphoto-482277170-640_adpp_is.mp4)
DEBUG: Rendering MediaScreen Video Screen (istockphoto-482277170-640_adpp_is.mp4) with texture 3
DEBUG: Rendering screen Video Screen (istockphoto-482277170-640_adpp_is.mp4) of type screen_2d
DEBUG: Rendering MediaScreen Video Screen (istockphoto-482277170-640_adpp_is.mp4) with texture 3
DEBUG: ===== CANVAS update_sphere_view_vector() CALLED =====
DEBUG: Canvas syncing view_vector with sphere vector_direction: [1. 0. 0.]
DEBUG: Normalized view_vector: [1. 0. 0.]
DEBUG: Red vector direction: [1. 0. 0.]
DEBUG: Normalized view vector: [1.000, 0.000, 0.000]
DEBUG: Red cube position: [2. 0. 2.]
DEBUG: Expected direction to cube: [0.70710678 0.         0.70710678]
DEBUG: Actual view vector: [1. 0. 0.]
DEBUG: Dot product: 0.707
DEBUG: ⚠️ WARNING: View vector not pointing toward cube!
DEBUG: Consider setting vector direction to point toward cube
DEBUG: Suggested vector direction: [2.12132034 0.         2.12132034]
DEBUG: Angle to cube: 45.0° (should be < 30° to be visible)
DEBUG: Cube direction: [0.707, 0.000, 0.707]
DEBUG: 2D screen using perspective projection - FOV: 60.0°
DEBUG: ===== SIMPLE MODE CAMERA SETUP =====
DEBUG: Simple mode sphere_pos: [0. 0. 0.]
DEBUG: Simple mode view_dir: [1. 0. 0.]
DEBUG: Simple mode look_at: [10.  0.  0.]
DEBUG: Cube position: [2. 0. 2.]
DEBUG: Direction to cube: [0.70710678 0.         0.70710678]
DEBUG: View direction: [1. 0. 0.]
DEBUG: Angle between view and cube direction: 45.0° (should be close to 0°)
DEBUG: Are we looking toward cube? False
DEBUG: ==============================================
DEBUG: ===== SIMPLE MODE CUBE ROTATION =====
DEBUG: Simple mode applying cube rotation: [0.0°, 0.0°, 0.0°]
DEBUG: =========================================
DEBUG: Simple 2D screen rendered - reference objects disabled to prevent yellow box artifact
DEBUG: Using perspective projection - FOV: 60.0°
DEBUG: Canvas mode: 'simple', Sphere mode: 'simple'
DEBUG: Sphere screen render check - canvas_enabled: True, canvas_mode: simple, sphere_enabled: True, should_render: False
DEBUG: Sphere skipping screen render (canvas mode: simple)
DEBUG: ===== SIMPLE MODE CUBE ROTATION =====
DEBUG: Simple mode applying cube rotation: [0.0°, 0.0°, 0.0°]
DEBUG: =========================================
DEBUG: ===== CANVAS draw_unified_screen() CALLED =====
DEBUG: screen_enabled: True, screen_render_mode: simple
DEBUG: Canvas drawing simple 2D screen
DEBUG: Drew unified screen in simple mode
DEBUG: Simple mode active - screen shows original 2D framebuffer view
DEBUG: Rendering 2 screens
DEBUG: Rendering screen Original 2D Screen of type screen_2d
DEBUG: ===== SIMPLE MODE CUBE ROTATION =====
DEBUG: Simple mode applying cube rotation: [0.0°, 0.0°, 0.0°]
DEBUG: =========================================
DEBUG: ===== CANVAS draw_unified_screen() CALLED =====
DEBUG: screen_enabled: True, screen_render_mode: simple
DEBUG: Canvas drawing simple 2D screen
DEBUG: Drew unified screen in simple mode
DEBUG: Simple mode active - screen shows original 2D framebuffer view
DEBUG: Frame caching error for frame 16: 'MediaScreen' object has no attribute 'cache_size_limit'
DEBUG: Rendering MediaScreen Video Screen (istockphoto-482277170-640_adpp_is.mp4) with texture 3
DEBUG: Rendering screen Video Screen (istockphoto-482277170-640_adpp_is.mp4) of type screen_2d
DEBUG: Rendering MediaScreen Video Screen (istockphoto-482277170-640_adpp_is.mp4) with texture 3
DEBUG: ===== CANVAS update_sphere_view_vector() CALLED =====
DEBUG: Canvas syncing view_vector with sphere vector_direction: [1. 0. 0.]
DEBUG: Normalized view_vector: [1. 0. 0.]
DEBUG: Red vector direction: [1. 0. 0.]
DEBUG: Normalized view vector: [1.000, 0.000, 0.000]
DEBUG: Red cube position: [2. 0. 2.]
DEBUG: Expected direction to cube: [0.70710678 0.         0.70710678]
DEBUG: Actual view vector: [1. 0. 0.]
DEBUG: Dot product: 0.707
DEBUG: ⚠️ WARNING: View vector not pointing toward cube!
DEBUG: Consider setting vector direction to point toward cube
DEBUG: Suggested vector direction: [2.12132034 0.         2.12132034]
DEBUG: Angle to cube: 45.0° (should be < 30° to be visible)
DEBUG: Cube direction: [0.707, 0.000, 0.707]
DEBUG: 2D screen using perspective projection - FOV: 60.0°
DEBUG: ===== SIMPLE MODE CAMERA SETUP =====
DEBUG: Simple mode sphere_pos: [0. 0. 0.]
DEBUG: Simple mode view_dir: [1. 0. 0.]
DEBUG: Simple mode look_at: [10.  0.  0.]
DEBUG: Cube position: [2. 0. 2.]
DEBUG: Direction to cube: [0.70710678 0.         0.70710678]
DEBUG: View direction: [1. 0. 0.]
DEBUG: Angle between view and cube direction: 45.0° (should be close to 0°)
DEBUG: Are we looking toward cube? False
DEBUG: ==============================================
DEBUG: ===== SIMPLE MODE CUBE ROTATION =====
DEBUG: Simple mode applying cube rotation: [0.0°, 0.0°, 0.0°]
DEBUG: =========================================
DEBUG: Simple 2D screen rendered - reference objects disabled to prevent yellow box artifact
DEBUG: Using perspective projection - FOV: 60.0°
DEBUG: Canvas mode: 'simple', Sphere mode: 'simple'
DEBUG: Sphere screen render check - canvas_enabled: True, canvas_mode: simple, sphere_enabled: True, should_render: False
DEBUG: Sphere skipping screen render (canvas mode: simple)
DEBUG: ===== SIMPLE MODE CUBE ROTATION =====
DEBUG: Simple mode applying cube rotation: [0.0°, 0.0°, 0.0°]
DEBUG: =========================================
DEBUG: ===== CANVAS draw_unified_screen() CALLED =====
DEBUG: screen_enabled: True, screen_render_mode: simple
DEBUG: Canvas drawing simple 2D screen
DEBUG: Drew unified screen in simple mode
DEBUG: Simple mode active - screen shows original 2D framebuffer view
DEBUG: Rendering 2 screens
DEBUG: Rendering screen Original 2D Screen of type screen_2d
DEBUG: ===== SIMPLE MODE CUBE ROTATION =====
DEBUG: Simple mode applying cube rotation: [0.0°, 0.0°, 0.0°]
DEBUG: =========================================
DEBUG: ===== CANVAS draw_unified_screen() CALLED =====
DEBUG: screen_enabled: True, screen_render_mode: simple
DEBUG: Canvas drawing simple 2D screen
DEBUG: Drew unified screen in simple mode
DEBUG: Simple mode active - screen shows original 2D framebuffer view
DEBUG: Rendering MediaScreen Video Screen (istockphoto-482277170-640_adpp_is.mp4) with texture 3
DEBUG: Rendering screen Video Screen (istockphoto-482277170-640_adpp_is.mp4) of type screen_2d
DEBUG: Rendering MediaScreen Video Screen (istockphoto-482277170-640_adpp_is.mp4) with texture 3
DEBUG: ===== CANVAS update_sphere_view_vector() CALLED =====
DEBUG: Canvas syncing view_vector with sphere vector_direction: [1. 0. 0.]
DEBUG: Normalized view_vector: [1. 0. 0.]
DEBUG: Red vector direction: [1. 0. 0.]
DEBUG: Normalized view vector: [1.000, 0.000, 0.000]
DEBUG: Red cube position: [2. 0. 2.]
DEBUG: Expected direction to cube: [0.70710678 0.         0.70710678]
DEBUG: Actual view vector: [1. 0. 0.]
DEBUG: Dot product: 0.707
DEBUG: ⚠️ WARNING: View vector not pointing toward cube!
DEBUG: Consider setting vector direction to point toward cube
DEBUG: Suggested vector direction: [2.12132034 0.         2.12132034]
DEBUG: Angle to cube: 45.0° (should be < 30° to be visible)
DEBUG: Cube direction: [0.707, 0.000, 0.707]
DEBUG: 2D screen using perspective projection - FOV: 60.0°
DEBUG: ===== SIMPLE MODE CAMERA SETUP =====
DEBUG: Simple mode sphere_pos: [0. 0. 0.]
DEBUG: Simple mode view_dir: [1. 0. 0.]
DEBUG: Simple mode look_at: [10.  0.  0.]
DEBUG: Cube position: [2. 0. 2.]
DEBUG: Direction to cube: [0.70710678 0.         0.70710678]
DEBUG: View direction: [1. 0. 0.]
DEBUG: Angle between view and cube direction: 45.0° (should be close to 0°)
DEBUG: Are we looking toward cube? False
DEBUG: ==============================================
DEBUG: ===== SIMPLE MODE CUBE ROTATION =====
DEBUG: Simple mode applying cube rotation: [0.0°, 0.0°, 0.0°]
DEBUG: =========================================
DEBUG: Simple 2D screen rendered - reference objects disabled to prevent yellow box artifact
DEBUG: Using perspective projection - FOV: 60.0°
DEBUG: Frame caching error for frame 21: 'MediaScreen' object has no attribute 'cache_size_limit'
DEBUG: Canvas mode: 'simple', Sphere mode: 'simple'
DEBUG: Sphere screen render check - canvas_enabled: True, canvas_mode: simple, sphere_enabled: True, should_render: False
DEBUG: Sphere skipping screen render (canvas mode: simple)
DEBUG: ===== SIMPLE MODE CUBE ROTATION =====
DEBUG: Simple mode applying cube rotation: [0.0°, 0.0°, 0.0°]
DEBUG: =========================================
DEBUG: ===== CANVAS draw_unified_screen() CALLED =====
DEBUG: screen_enabled: True, screen_render_mode: simple
DEBUG: Canvas drawing simple 2D screen
DEBUG: Drew unified screen in simple mode
DEBUG: Simple mode active - screen shows original 2D framebuffer view
DEBUG: Rendering 2 screens
DEBUG: Rendering screen Original 2D Screen of type screen_2d
DEBUG: ===== SIMPLE MODE CUBE ROTATION =====
DEBUG: Simple mode applying cube rotation: [0.0°, 0.0°, 0.0°]
DEBUG: =========================================
DEBUG: ===== CANVAS draw_unified_screen() CALLED =====
DEBUG: screen_enabled: True, screen_render_mode: simple
DEBUG: Canvas drawing simple 2D screen
DEBUG: Drew unified screen in simple mode
DEBUG: Simple mode active - screen shows original 2D framebuffer view
DEBUG: Rendering MediaScreen Video Screen (istockphoto-482277170-640_adpp_is.mp4) with texture 3
DEBUG: Rendering screen Video Screen (istockphoto-482277170-640_adpp_is.mp4) of type screen_2d
DEBUG: Rendering MediaScreen Video Screen (istockphoto-482277170-640_adpp_is.mp4) with texture 3
DEBUG: ===== CANVAS update_sphere_view_vector() CALLED =====
DEBUG: Canvas syncing view_vector with sphere vector_direction: [1. 0. 0.]
DEBUG: Normalized view_vector: [1. 0. 0.]
DEBUG: Red vector direction: [1. 0. 0.]
DEBUG: Normalized view vector: [1.000, 0.000, 0.000]
DEBUG: Red cube position: [2. 0. 2.]
DEBUG: Expected direction to cube: [0.70710678 0.         0.70710678]
DEBUG: Actual view vector: [1. 0. 0.]
DEBUG: Dot product: 0.707
DEBUG: ⚠️ WARNING: View vector not pointing toward cube!
DEBUG: Consider setting vector direction to point toward cube
DEBUG: Suggested vector direction: [2.12132034 0.         2.12132034]
DEBUG: Angle to cube: 45.0° (should be < 30° to be visible)
DEBUG: Cube direction: [0.707, 0.000, 0.707]
DEBUG: 2D screen using perspective projection - FOV: 60.0°
DEBUG: ===== SIMPLE MODE CAMERA SETUP =====
DEBUG: Simple mode sphere_pos: [0. 0. 0.]
DEBUG: Simple mode view_dir: [1. 0. 0.]
DEBUG: Simple mode look_at: [10.  0.  0.]
DEBUG: Cube position: [2. 0. 2.]
DEBUG: Direction to cube: [0.70710678 0.         0.70710678]
DEBUG: View direction: [1. 0. 0.]
DEBUG: Angle between view and cube direction: 45.0° (should be close to 0°)
DEBUG: Are we looking toward cube? False
DEBUG: ==============================================
DEBUG: ===== SIMPLE MODE CUBE ROTATION =====
DEBUG: Simple mode applying cube rotation: [0.0°, 0.0°, 0.0°]
DEBUG: =========================================
DEBUG: Simple 2D screen rendered - reference objects disabled to prevent yellow box artifact
DEBUG: Using perspective projection - FOV: 60.0°
DEBUG: Canvas mode: 'simple', Sphere mode: 'simple'
DEBUG: Sphere screen render check - canvas_enabled: True, canvas_mode: simple, sphere_enabled: True, should_render: False
DEBUG: Sphere skipping screen render (canvas mode: simple)
DEBUG: ===== SIMPLE MODE CUBE ROTATION =====
DEBUG: Simple mode applying cube rotation: [0.0°, 0.0°, 0.0°]
DEBUG: =========================================
DEBUG: ===== CANVAS draw_unified_screen() CALLED =====
DEBUG: screen_enabled: True, screen_render_mode: simple
DEBUG: Canvas drawing simple 2D screen
DEBUG: Drew unified screen in simple mode
DEBUG: Simple mode active - screen shows original 2D framebuffer view
DEBUG: Rendering 2 screens
DEBUG: Rendering screen Original 2D Screen of type screen_2d
DEBUG: ===== SIMPLE MODE CUBE ROTATION =====
DEBUG: Simple mode applying cube rotation: [0.0°, 0.0°, 0.0°]
DEBUG: =========================================
DEBUG: ===== CANVAS draw_unified_screen() CALLED =====
DEBUG: screen_enabled: True, screen_render_mode: simple
DEBUG: Canvas drawing simple 2D screen
DEBUG: Drew unified screen in simple mode
DEBUG: Simple mode active - screen shows original 2D framebuffer view
DEBUG: Rendering MediaScreen Video Screen (istockphoto-482277170-640_adpp_is.mp4) with texture 3
DEBUG: Rendering screen Video Screen (istockphoto-482277170-640_adpp_is.mp4) of type screen_2d
DEBUG: Frame caching error for frame 26: 'MediaScreen' object has no attribute 'cache_size_limit'
DEBUG: Rendering MediaScreen Video Screen (istockphoto-482277170-640_adpp_is.mp4) with texture 3
DEBUG: ===== CANVAS update_sphere_view_vector() CALLED =====
DEBUG: Canvas syncing view_vector with sphere vector_direction: [1. 0. 0.]
DEBUG: Normalized view_vector: [1. 0. 0.]
DEBUG: Red vector direction: [1. 0. 0.]
DEBUG: Normalized view vector: [1.000, 0.000, 0.000]
DEBUG: Red cube position: [2. 0. 2.]
DEBUG: Expected direction to cube: [0.70710678 0.         0.70710678]
DEBUG: Actual view vector: [1. 0. 0.]
DEBUG: Dot product: 0.707
DEBUG: ⚠️ WARNING: View vector not pointing toward cube!
DEBUG: Consider setting vector direction to point toward cube
DEBUG: Suggested vector direction: [2.12132034 0.         2.12132034]
DEBUG: Angle to cube: 45.0° (should be < 30° to be visible)
DEBUG: Cube direction: [0.707, 0.000, 0.707]
DEBUG: 2D screen using perspective projection - FOV: 60.0°
DEBUG: ===== SIMPLE MODE CAMERA SETUP =====
DEBUG: Simple mode sphere_pos: [0. 0. 0.]
DEBUG: Simple mode view_dir: [1. 0. 0.]
DEBUG: Simple mode look_at: [10.  0.  0.]
DEBUG: Cube position: [2. 0. 2.]
DEBUG: Direction to cube: [0.70710678 0.         0.70710678]
DEBUG: View direction: [1. 0. 0.]
DEBUG: Angle between view and cube direction: 45.0° (should be close to 0°)
DEBUG: Are we looking toward cube? False
DEBUG: ==============================================
DEBUG: ===== SIMPLE MODE CUBE ROTATION =====
DEBUG: Simple mode applying cube rotation: [0.0°, 0.0°, 0.0°]
DEBUG: =========================================
DEBUG: Simple 2D screen rendered - reference objects disabled to prevent yellow box artifact
DEBUG: Using perspective projection - FOV: 60.0°
DEBUG: Canvas mode: 'simple', Sphere mode: 'simple'
DEBUG: Sphere screen render check - canvas_enabled: True, canvas_mode: simple, sphere_enabled: True, should_render: False
DEBUG: Sphere skipping screen render (canvas mode: simple)
DEBUG: ===== SIMPLE MODE CUBE ROTATION =====
DEBUG: Simple mode applying cube rotation: [0.0°, 0.0°, 0.0°]
DEBUG: =========================================
DEBUG: ===== CANVAS draw_unified_screen() CALLED =====
DEBUG: screen_enabled: True, screen_render_mode: simple
DEBUG: Canvas drawing simple 2D screen
DEBUG: Drew unified screen in simple mode
DEBUG: Simple mode active - screen shows original 2D framebuffer view
DEBUG: Rendering 2 screens
DEBUG: Rendering screen Original 2D Screen of type screen_2d
DEBUG: ===== SIMPLE MODE CUBE ROTATION =====
DEBUG: Simple mode applying cube rotation: [0.0°, 0.0°, 0.0°]
DEBUG: =========================================
DEBUG: ===== CANVAS draw_unified_screen() CALLED =====
DEBUG: screen_enabled: True, screen_render_mode: simple
DEBUG: Canvas drawing simple 2D screen
DEBUG: Drew unified screen in simple mode
DEBUG: Simple mode active - screen shows original 2D framebuffer view
DEBUG: Rendering MediaScreen Video Screen (istockphoto-482277170-640_adpp_is.mp4) with texture 3
DEBUG: Rendering screen Video Screen (istockphoto-482277170-640_adpp_is.mp4) of type screen_2d
DEBUG: Rendering MediaScreen Video Screen (istockphoto-482277170-640_adpp_is.mp4) with texture 3
DEBUG: ===== CANVAS update_sphere_view_vector() CALLED =====
DEBUG: Canvas syncing view_vector with sphere vector_direction: [1. 0. 0.]
DEBUG: Normalized view_vector: [1. 0. 0.]
DEBUG: Red vector direction: [1. 0. 0.]
DEBUG: Normalized view vector: [1.000, 0.000, 0.000]
DEBUG: Red cube position: [2. 0. 2.]
DEBUG: Expected direction to cube: [0.70710678 0.         0.70710678]
DEBUG: Actual view vector: [1. 0. 0.]
DEBUG: Dot product: 0.707
DEBUG: ⚠️ WARNING: View vector not pointing toward cube!
DEBUG: Consider setting vector direction to point toward cube
DEBUG: Suggested vector direction: [2.12132034 0.         2.12132034]
DEBUG: Angle to cube: 45.0° (should be < 30° to be visible)
DEBUG: Cube direction: [0.707, 0.000, 0.707]
DEBUG: 2D screen using perspective projection - FOV: 60.0°
DEBUG: ===== SIMPLE MODE CAMERA SETUP =====
DEBUG: Simple mode sphere_pos: [0. 0. 0.]
DEBUG: Simple mode view_dir: [1. 0. 0.]
DEBUG: Simple mode look_at: [10.  0.  0.]
DEBUG: Cube position: [2. 0. 2.]
DEBUG: Direction to cube: [0.70710678 0.         0.70710678]
DEBUG: View direction: [1. 0. 0.]
DEBUG: Angle between view and cube direction: 45.0° (should be close to 0°)
DEBUG: Are we looking toward cube? False
DEBUG: ==============================================
DEBUG: ===== SIMPLE MODE CUBE ROTATION =====
DEBUG: Simple mode applying cube rotation: [0.0°, 0.0°, 0.0°]
DEBUG: =========================================
DEBUG: Simple 2D screen rendered - reference objects disabled to prevent yellow box artifact
DEBUG: Using perspective projection - FOV: 60.0°
DEBUG: Canvas mode: 'simple', Sphere mode: 'simple'
DEBUG: Sphere screen render check - canvas_enabled: True, canvas_mode: simple, sphere_enabled: True, should_render: False
DEBUG: Sphere skipping screen render (canvas mode: simple)
DEBUG: ===== SIMPLE MODE CUBE ROTATION =====
DEBUG: Simple mode applying cube rotation: [0.0°, 0.0°, 0.0°]
DEBUG: =========================================
DEBUG: ===== CANVAS draw_unified_screen() CALLED =====
DEBUG: screen_enabled: True, screen_render_mode: simple
DEBUG: Canvas drawing simple 2D screen
DEBUG: Drew unified screen in simple mode
DEBUG: Simple mode active - screen shows original 2D framebuffer view
DEBUG: Rendering 2 screens
DEBUG: Rendering screen Original 2D Screen of type screen_2d
DEBUG: Frame caching error for frame 31: 'MediaScreen' object has no attribute 'cache_size_limit'
DEBUG: ===== SIMPLE MODE CUBE ROTATION =====
DEBUG: Simple mode applying cube rotation: [0.0°, 0.0°, 0.0°]
DEBUG: =========================================
DEBUG: ===== CANVAS draw_unified_screen() CALLED =====
DEBUG: screen_enabled: True, screen_render_mode: simple
DEBUG: Canvas drawing simple 2D screen
DEBUG: Drew unified screen in simple mode
DEBUG: Simple mode active - screen shows original 2D framebuffer view
DEBUG: Rendering MediaScreen Video Screen (istockphoto-482277170-640_adpp_is.mp4) with texture 3
DEBUG: Rendering screen Video Screen (istockphoto-482277170-640_adpp_is.mp4) of type screen_2d
DEBUG: Rendering MediaScreen Video Screen (istockphoto-482277170-640_adpp_is.mp4) with texture 3
DEBUG: ===== CANVAS update_sphere_view_vector() CALLED =====
DEBUG: Canvas syncing view_vector with sphere vector_direction: [1. 0. 0.]
DEBUG: Normalized view_vector: [1. 0. 0.]
DEBUG: Red vector direction: [1. 0. 0.]
DEBUG: Normalized view vector: [1.000, 0.000, 0.000]
DEBUG: Red cube position: [2. 0. 2.]
DEBUG: Expected direction to cube: [0.70710678 0.         0.70710678]
DEBUG: Actual view vector: [1. 0. 0.]
DEBUG: Dot product: 0.707
DEBUG: ⚠️ WARNING: View vector not pointing toward cube!
DEBUG: Consider setting vector direction to point toward cube
DEBUG: Suggested vector direction: [2.12132034 0.         2.12132034]
DEBUG: Angle to cube: 45.0° (should be < 30° to be visible)
DEBUG: Cube direction: [0.707, 0.000, 0.707]
DEBUG: 2D screen using perspective projection - FOV: 60.0°
DEBUG: ===== SIMPLE MODE CAMERA SETUP =====
DEBUG: Simple mode sphere_pos: [0. 0. 0.]
DEBUG: Simple mode view_dir: [1. 0. 0.]
DEBUG: Simple mode look_at: [10.  0.  0.]
DEBUG: Cube position: [2. 0. 2.]
DEBUG: Direction to cube: [0.70710678 0.         0.70710678]
DEBUG: View direction: [1. 0. 0.]
DEBUG: Angle between view and cube direction: 45.0° (should be close to 0°)
DEBUG: Are we looking toward cube? False
DEBUG: ==============================================
DEBUG: ===== SIMPLE MODE CUBE ROTATION =====
DEBUG: Simple mode applying cube rotation: [0.0°, 0.0°, 0.0°]
DEBUG: =========================================
DEBUG: Simple 2D screen rendered - reference objects disabled to prevent yellow box artifact
DEBUG: Using perspective projection - FOV: 60.0°
DEBUG: Canvas mode: 'simple', Sphere mode: 'simple'
DEBUG: Sphere screen render check - canvas_enabled: True, canvas_mode: simple, sphere_enabled: True, should_render: False
DEBUG: Sphere skipping screen render (canvas mode: simple)
DEBUG: ===== SIMPLE MODE CUBE ROTATION =====
DEBUG: Simple mode applying cube rotation: [0.0°, 0.0°, 0.0°]
DEBUG: =========================================
DEBUG: ===== CANVAS draw_unified_screen() CALLED =====
DEBUG: screen_enabled: True, screen_render_mode: simple
DEBUG: Canvas drawing simple 2D screen
DEBUG: Drew unified screen in simple mode
DEBUG: Simple mode active - screen shows original 2D framebuffer view
DEBUG: Rendering 2 screens
DEBUG: Rendering screen Original 2D Screen of type screen_2d
DEBUG: ===== SIMPLE MODE CUBE ROTATION =====
DEBUG: Simple mode applying cube rotation: [0.0°, 0.0°, 0.0°]
DEBUG: =========================================
DEBUG: ===== CANVAS draw_unified_screen() CALLED =====
DEBUG: screen_enabled: True, screen_render_mode: simple
DEBUG: Canvas drawing simple 2D screen
DEBUG: Drew unified screen in simple mode
DEBUG: Simple mode active - screen shows original 2D framebuffer view
DEBUG: Rendering MediaScreen Video Screen (istockphoto-482277170-640_adpp_is.mp4) with texture 3
DEBUG: Rendering screen Video Screen (istockphoto-482277170-640_adpp_is.mp4) of type screen_2d
DEBUG: Rendering MediaScreen Video Screen (istockphoto-482277170-640_adpp_is.mp4) with texture 3
DEBUG: ===== CANVAS update_sphere_view_vector() CALLED =====
DEBUG: Canvas syncing view_vector with sphere vector_direction: [1. 0. 0.]
DEBUG: Normalized view_vector: [1. 0. 0.]
DEBUG: Red vector direction: [1. 0. 0.]
DEBUG: Normalized view vector: [1.000, 0.000, 0.000]
DEBUG: Red cube position: [2. 0. 2.]
DEBUG: Expected direction to cube: [0.70710678 0.         0.70710678]
DEBUG: Actual view vector: [1. 0. 0.]
DEBUG: Dot product: 0.707
DEBUG: ⚠️ WARNING: View vector not pointing toward cube!
DEBUG: Consider setting vector direction to point toward cube
DEBUG: Suggested vector direction: [2.12132034 0.         2.12132034]
DEBUG: Angle to cube: 45.0° (should be < 30° to be visible)
DEBUG: Cube direction: [0.707, 0.000, 0.707]
DEBUG: 2D screen using perspective projection - FOV: 60.0°
DEBUG: ===== SIMPLE MODE CAMERA SETUP =====
DEBUG: Simple mode sphere_pos: [0. 0. 0.]
DEBUG: Simple mode view_dir: [1. 0. 0.]
DEBUG: Simple mode look_at: [10.  0.  0.]
DEBUG: Cube position: [2. 0. 2.]
DEBUG: Direction to cube: [0.70710678 0.         0.70710678]
DEBUG: View direction: [1. 0. 0.]
DEBUG: Angle between view and cube direction: 45.0° (should be close to 0°)
DEBUG: Are we looking toward cube? False
DEBUG: ==============================================
DEBUG: ===== SIMPLE MODE CUBE ROTATION =====
DEBUG: Simple mode applying cube rotation: [0.0°, 0.0°, 0.0°]
DEBUG: =========================================
DEBUG: Simple 2D screen rendered - reference objects disabled to prevent yellow box artifact
DEBUG: Using perspective projection - FOV: 60.0°
DEBUG: Frame caching error for frame 35: 'MediaScreen' object has no attribute 'cache_size_limit'
DEBUG: Canvas mode: 'simple', Sphere mode: 'simple'
DEBUG: Sphere screen render check - canvas_enabled: True, canvas_mode: simple, sphere_enabled: True, should_render: False
DEBUG: Sphere skipping screen render (canvas mode: simple)
DEBUG: ===== SIMPLE MODE CUBE ROTATION =====
DEBUG: Simple mode applying cube rotation: [0.0°, 0.0°, 0.0°]
DEBUG: =========================================
DEBUG: ===== CANVAS draw_unified_screen() CALLED =====
DEBUG: screen_enabled: True, screen_render_mode: simple
DEBUG: Canvas drawing simple 2D screen
DEBUG: Drew unified screen in simple mode
DEBUG: Simple mode active - screen shows original 2D framebuffer view
DEBUG: Rendering 2 screens
DEBUG: Rendering screen Original 2D Screen of type screen_2d
DEBUG: ===== SIMPLE MODE CUBE ROTATION =====
DEBUG: Simple mode applying cube rotation: [0.0°, 0.0°, 0.0°]
DEBUG: =========================================
DEBUG: ===== CANVAS draw_unified_screen() CALLED =====
DEBUG: screen_enabled: True, screen_render_mode: simple
DEBUG: Canvas drawing simple 2D screen
DEBUG: Drew unified screen in simple mode
DEBUG: Simple mode active - screen shows original 2D framebuffer view
DEBUG: Rendering MediaScreen Video Screen (istockphoto-482277170-640_adpp_is.mp4) with texture 3
DEBUG: Rendering screen Video Screen (istockphoto-482277170-640_adpp_is.mp4) of type screen_2d
DEBUG: Rendering MediaScreen Video Screen (istockphoto-482277170-640_adpp_is.mp4) with texture 3
DEBUG: ===== CANVAS update_sphere_view_vector() CALLED =====
DEBUG: Canvas syncing view_vector with sphere vector_direction: [1. 0. 0.]
DEBUG: Normalized view_vector: [1. 0. 0.]
DEBUG: Red vector direction: [1. 0. 0.]
DEBUG: Normalized view vector: [1.000, 0.000, 0.000]
DEBUG: Red cube position: [2. 0. 2.]
DEBUG: Expected direction to cube: [0.70710678 0.         0.70710678]
DEBUG: Actual view vector: [1. 0. 0.]
DEBUG: Dot product: 0.707
DEBUG: ⚠️ WARNING: View vector not pointing toward cube!
DEBUG: Consider setting vector direction to point toward cube
DEBUG: Suggested vector direction: [2.12132034 0.         2.12132034]
DEBUG: Angle to cube: 45.0° (should be < 30° to be visible)
DEBUG: Cube direction: [0.707, 0.000, 0.707]
DEBUG: 2D screen using perspective projection - FOV: 60.0°
DEBUG: ===== SIMPLE MODE CAMERA SETUP =====
DEBUG: Simple mode sphere_pos: [0. 0. 0.]
DEBUG: Simple mode view_dir: [1. 0. 0.]
DEBUG: Simple mode look_at: [10.  0.  0.]
DEBUG: Cube position: [2. 0. 2.]
DEBUG: Direction to cube: [0.70710678 0.         0.70710678]
DEBUG: View direction: [1. 0. 0.]
DEBUG: Angle between view and cube direction: 45.0° (should be close to 0°)
DEBUG: Are we looking toward cube? False
DEBUG: ==============================================
DEBUG: ===== SIMPLE MODE CUBE ROTATION =====
DEBUG: Simple mode applying cube rotation: [0.0°, 0.0°, 0.0°]
DEBUG: =========================================
DEBUG: Simple 2D screen rendered - reference objects disabled to prevent yellow box artifact
DEBUG: Using perspective projection - FOV: 60.0°
DEBUG: Canvas mode: 'simple', Sphere mode: 'simple'
DEBUG: Sphere screen render check - canvas_enabled: True, canvas_mode: simple, sphere_enabled: True, should_render: False
DEBUG: Sphere skipping screen render (canvas mode: simple)
DEBUG: ===== SIMPLE MODE CUBE ROTATION =====
DEBUG: Simple mode applying cube rotation: [0.0°, 0.0°, 0.0°]
DEBUG: =========================================
DEBUG: ===== CANVAS draw_unified_screen() CALLED =====
DEBUG: screen_enabled: True, screen_render_mode: simple
DEBUG: Canvas drawing simple 2D screen
DEBUG: Drew unified screen in simple mode
DEBUG: Simple mode active - screen shows original 2D framebuffer view
DEBUG: Rendering 2 screens
DEBUG: Rendering screen Original 2D Screen of type screen_2d
DEBUG: ===== SIMPLE MODE CUBE ROTATION =====
DEBUG: Simple mode applying cube rotation: [0.0°, 0.0°, 0.0°]
DEBUG: =========================================
DEBUG: ===== CANVAS draw_unified_screen() CALLED =====
DEBUG: screen_enabled: True, screen_render_mode: simple
DEBUG: Canvas drawing simple 2D screen
DEBUG: Drew unified screen in simple mode
DEBUG: Simple mode active - screen shows original 2D framebuffer view
DEBUG: Rendering MediaScreen Video Screen (istockphoto-482277170-640_adpp_is.mp4) with texture 3
DEBUG: Rendering screen Video Screen (istockphoto-482277170-640_adpp_is.mp4) of type screen_2d
DEBUG: Rendering MediaScreen Video Screen (istockphoto-482277170-640_adpp_is.mp4) with texture 3
DEBUG: Frame caching error for frame 40: 'MediaScreen' object has no attribute 'cache_size_limit'
DEBUG: ===== CANVAS update_sphere_view_vector() CALLED =====
DEBUG: Canvas syncing view_vector with sphere vector_direction: [1. 0. 0.]
DEBUG: Normalized view_vector: [1. 0. 0.]
DEBUG: Red vector direction: [1. 0. 0.]
DEBUG: Normalized view vector: [1.000, 0.000, 0.000]
DEBUG: Red cube position: [2. 0. 2.]
DEBUG: Expected direction to cube: [0.70710678 0.         0.70710678]
DEBUG: Actual view vector: [1. 0. 0.]
DEBUG: Dot product: 0.707
DEBUG: ⚠️ WARNING: View vector not pointing toward cube!
DEBUG: Consider setting vector direction to point toward cube
DEBUG: Suggested vector direction: [2.12132034 0.         2.12132034]
DEBUG: Angle to cube: 45.0° (should be < 30° to be visible)
DEBUG: Cube direction: [0.707, 0.000, 0.707]
DEBUG: 2D screen using perspective projection - FOV: 60.0°
DEBUG: ===== SIMPLE MODE CAMERA SETUP =====
DEBUG: Simple mode sphere_pos: [0. 0. 0.]
DEBUG: Simple mode view_dir: [1. 0. 0.]
DEBUG: Simple mode look_at: [10.  0.  0.]
DEBUG: Cube position: [2. 0. 2.]
DEBUG: Direction to cube: [0.70710678 0.         0.70710678]
DEBUG: View direction: [1. 0. 0.]
DEBUG: Angle between view and cube direction: 45.0° (should be close to 0°)
DEBUG: Are we looking toward cube? False
DEBUG: ==============================================
DEBUG: ===== SIMPLE MODE CUBE ROTATION =====
DEBUG: Simple mode applying cube rotation: [0.0°, 0.0°, 0.0°]
DEBUG: =========================================
DEBUG: Simple 2D screen rendered - reference objects disabled to prevent yellow box artifact
DEBUG: Using perspective projection - FOV: 60.0°
DEBUG: Canvas mode: 'simple', Sphere mode: 'simple'
DEBUG: Sphere screen render check - canvas_enabled: True, canvas_mode: simple, sphere_enabled: True, should_render: False
DEBUG: Sphere skipping screen render (canvas mode: simple)
DEBUG: ===== SIMPLE MODE CUBE ROTATION =====
DEBUG: Simple mode applying cube rotation: [0.0°, 0.0°, 0.0°]
DEBUG: =========================================
DEBUG: ===== CANVAS draw_unified_screen() CALLED =====
DEBUG: screen_enabled: True, screen_render_mode: simple
DEBUG: Canvas drawing simple 2D screen
DEBUG: Drew unified screen in simple mode
DEBUG: Simple mode active - screen shows original 2D framebuffer view
DEBUG: Rendering 2 screens
DEBUG: Rendering screen Original 2D Screen of type screen_2d
DEBUG: ===== SIMPLE MODE CUBE ROTATION =====
DEBUG: Simple mode applying cube rotation: [0.0°, 0.0°, 0.0°]
DEBUG: =========================================
DEBUG: ===== CANVAS draw_unified_screen() CALLED =====
DEBUG: screen_enabled: True, screen_render_mode: simple
DEBUG: Canvas drawing simple 2D screen
DEBUG: Drew unified screen in simple mode
DEBUG: Simple mode active - screen shows original 2D framebuffer view
DEBUG: Rendering MediaScreen Video Screen (istockphoto-482277170-640_adpp_is.mp4) with texture 3
DEBUG: Rendering screen Video Screen (istockphoto-482277170-640_adpp_is.mp4) of type screen_2d
DEBUG: Rendering MediaScreen Video Screen (istockphoto-482277170-640_adpp_is.mp4) with texture 3
DEBUG: ===== CANVAS update_sphere_view_vector() CALLED =====
DEBUG: Canvas syncing view_vector with sphere vector_direction: [1. 0. 0.]
DEBUG: Normalized view_vector: [1. 0. 0.]
DEBUG: Red vector direction: [1. 0. 0.]
DEBUG: Normalized view vector: [1.000, 0.000, 0.000]
DEBUG: Red cube position: [2. 0. 2.]
DEBUG: Expected direction to cube: [0.70710678 0.         0.70710678]
DEBUG: Actual view vector: [1. 0. 0.]
DEBUG: Dot product: 0.707
DEBUG: ⚠️ WARNING: View vector not pointing toward cube!
DEBUG: Consider setting vector direction to point toward cube
DEBUG: Suggested vector direction: [2.12132034 0.         2.12132034]
DEBUG: Angle to cube: 45.0° (should be < 30° to be visible)
DEBUG: Cube direction: [0.707, 0.000, 0.707]
DEBUG: 2D screen using perspective projection - FOV: 60.0°
DEBUG: ===== SIMPLE MODE CAMERA SETUP =====
DEBUG: Simple mode sphere_pos: [0. 0. 0.]
DEBUG: Simple mode view_dir: [1. 0. 0.]
DEBUG: Simple mode look_at: [10.  0.  0.]
DEBUG: Cube position: [2. 0. 2.]
DEBUG: Direction to cube: [0.70710678 0.         0.70710678]
DEBUG: View direction: [1. 0. 0.]
DEBUG: Angle between view and cube direction: 45.0° (should be close to 0°)
DEBUG: Are we looking toward cube? False
DEBUG: ==============================================
DEBUG: ===== SIMPLE MODE CUBE ROTATION =====
DEBUG: Simple mode applying cube rotation: [0.0°, 0.0°, 0.0°]
DEBUG: =========================================
DEBUG: Simple 2D screen rendered - reference objects disabled to prevent yellow box artifact
DEBUG: Using perspective projection - FOV: 60.0°
DEBUG: Canvas mode: 'simple', Sphere mode: 'simple'
DEBUG: Sphere screen render check - canvas_enabled: True, canvas_mode: simple, sphere_enabled: True, should_render: False
DEBUG: Sphere skipping screen render (canvas mode: simple)
DEBUG: ===== SIMPLE MODE CUBE ROTATION =====
DEBUG: Simple mode applying cube rotation: [0.0°, 0.0°, 0.0°]
DEBUG: =========================================
DEBUG: ===== CANVAS draw_unified_screen() CALLED =====
DEBUG: screen_enabled: True, screen_render_mode: simple
DEBUG: Canvas drawing simple 2D screen
DEBUG: Drew unified screen in simple mode
DEBUG: Simple mode active - screen shows original 2D framebuffer view
DEBUG: Rendering 2 screens
DEBUG: Rendering screen Original 2D Screen of type screen_2d
DEBUG: Frame caching error for frame 45: 'MediaScreen' object has no attribute 'cache_size_limit'
DEBUG: ===== SIMPLE MODE CUBE ROTATION =====
DEBUG: Simple mode applying cube rotation: [0.0°, 0.0°, 0.0°]
DEBUG: =========================================
DEBUG: ===== CANVAS draw_unified_screen() CALLED =====
DEBUG: screen_enabled: True, screen_render_mode: simple
DEBUG: Canvas drawing simple 2D screen
DEBUG: Drew unified screen in simple mode
DEBUG: Simple mode active - screen shows original 2D framebuffer view
DEBUG: Rendering MediaScreen Video Screen (istockphoto-482277170-640_adpp_is.mp4) with texture 3
DEBUG: Rendering screen Video Screen (istockphoto-482277170-640_adpp_is.mp4) of type screen_2d
DEBUG: Rendering MediaScreen Video Screen (istockphoto-482277170-640_adpp_is.mp4) with texture 3
DEBUG: ===== CANVAS update_sphere_view_vector() CALLED =====
DEBUG: Canvas syncing view_vector with sphere vector_direction: [1. 0. 0.]
DEBUG: Normalized view_vector: [1. 0. 0.]
DEBUG: Red vector direction: [1. 0. 0.]
DEBUG: Normalized view vector: [1.000, 0.000, 0.000]
DEBUG: Red cube position: [2. 0. 2.]
DEBUG: Expected direction to cube: [0.70710678 0.         0.70710678]
DEBUG: Actual view vector: [1. 0. 0.]
DEBUG: Dot product: 0.707
DEBUG: ⚠️ WARNING: View vector not pointing toward cube!
DEBUG: Consider setting vector direction to point toward cube
DEBUG: Suggested vector direction: [2.12132034 0.         2.12132034]
DEBUG: Angle to cube: 45.0° (should be < 30° to be visible)
DEBUG: Cube direction: [0.707, 0.000, 0.707]
DEBUG: 2D screen using perspective projection - FOV: 60.0°
DEBUG: ===== SIMPLE MODE CAMERA SETUP =====
DEBUG: Simple mode sphere_pos: [0. 0. 0.]
DEBUG: Simple mode view_dir: [1. 0. 0.]
DEBUG: Simple mode look_at: [10.  0.  0.]
DEBUG: Cube position: [2. 0. 2.]
DEBUG: Direction to cube: [0.70710678 0.         0.70710678]
DEBUG: View direction: [1. 0. 0.]
DEBUG: Angle between view and cube direction: 45.0° (should be close to 0°)
DEBUG: Are we looking toward cube? False
DEBUG: ==============================================
DEBUG: ===== SIMPLE MODE CUBE ROTATION =====
DEBUG: Simple mode applying cube rotation: [0.0°, 0.0°, 0.0°]
DEBUG: =========================================
DEBUG: Simple 2D screen rendered - reference objects disabled to prevent yellow box artifact
DEBUG: Using perspective projection - FOV: 60.0°
DEBUG: Canvas mode: 'simple', Sphere mode: 'simple'
DEBUG: Sphere screen render check - canvas_enabled: True, canvas_mode: simple, sphere_enabled: True, should_render: False
DEBUG: Sphere skipping screen render (canvas mode: simple)
DEBUG: ===== SIMPLE MODE CUBE ROTATION =====
DEBUG: Simple mode applying cube rotation: [0.0°, 0.0°, 0.0°]
DEBUG: =========================================
DEBUG: ===== CANVAS draw_unified_screen() CALLED =====
DEBUG: screen_enabled: True, screen_render_mode: simple
DEBUG: Canvas drawing simple 2D screen
DEBUG: Drew unified screen in simple mode
DEBUG: Simple mode active - screen shows original 2D framebuffer view
DEBUG: Rendering 2 screens
DEBUG: Rendering screen Original 2D Screen of type screen_2d
DEBUG: ===== SIMPLE MODE CUBE ROTATION =====
DEBUG: Simple mode applying cube rotation: [0.0°, 0.0°, 0.0°]
DEBUG: =========================================
DEBUG: ===== CANVAS draw_unified_screen() CALLED =====
DEBUG: screen_enabled: True, screen_render_mode: simple
DEBUG: Canvas drawing simple 2D screen
DEBUG: Drew unified screen in simple mode
DEBUG: Simple mode active - screen shows original 2D framebuffer view
DEBUG: Rendering MediaScreen Video Screen (istockphoto-482277170-640_adpp_is.mp4) with texture 3
DEBUG: Rendering screen Video Screen (istockphoto-482277170-640_adpp_is.mp4) of type screen_2d
DEBUG: Rendering MediaScreen Video Screen (istockphoto-482277170-640_adpp_is.mp4) with texture 3
DEBUG: ===== CANVAS update_sphere_view_vector() CALLED =====
DEBUG: Canvas syncing view_vector with sphere vector_direction: [1. 0. 0.]
DEBUG: Normalized view_vector: [1. 0. 0.]
DEBUG: Red vector direction: [1. 0. 0.]
DEBUG: Normalized view vector: [1.000, 0.000, 0.000]
DEBUG: Red cube position: [2. 0. 2.]
DEBUG: Expected direction to cube: [0.70710678 0.         0.70710678]
DEBUG: Actual view vector: [1. 0. 0.]
DEBUG: Dot product: 0.707
DEBUG: ⚠️ WARNING: View vector not pointing toward cube!
DEBUG: Consider setting vector direction to point toward cube
DEBUG: Suggested vector direction: [2.12132034 0.         2.12132034]
DEBUG: Angle to cube: 45.0° (should be < 30° to be visible)
DEBUG: Cube direction: [0.707, 0.000, 0.707]
DEBUG: 2D screen using perspective projection - FOV: 60.0°
DEBUG: ===== SIMPLE MODE CAMERA SETUP =====
DEBUG: Simple mode sphere_pos: [0. 0. 0.]
DEBUG: Simple mode view_dir: [1. 0. 0.]
DEBUG: Simple mode look_at: [10.  0.  0.]
DEBUG: Cube position: [2. 0. 2.]
DEBUG: Direction to cube: [0.70710678 0.         0.70710678]
DEBUG: View direction: [1. 0. 0.]
DEBUG: Angle between view and cube direction: 45.0° (should be close to 0°)
DEBUG: Are we looking toward cube? False
DEBUG: ==============================================
DEBUG: ===== SIMPLE MODE CUBE ROTATION =====
DEBUG: Simple mode applying cube rotation: [0.0°, 0.0°, 0.0°]
DEBUG: =========================================
DEBUG: Simple 2D screen rendered - reference objects disabled to prevent yellow box artifact
DEBUG: Using perspective projection - FOV: 60.0°
DEBUG: Canvas mode: 'simple', Sphere mode: 'simple'
DEBUG: Sphere screen render check - canvas_enabled: True, canvas_mode: simple, sphere_enabled: True, should_render: False
DEBUG: Sphere skipping screen render (canvas mode: simple)
DEBUG: ===== SIMPLE MODE CUBE ROTATION =====
DEBUG: Simple mode applying cube rotation: [0.0°, 0.0°, 0.0°]
DEBUG: =========================================
DEBUG: ===== CANVAS draw_unified_screen() CALLED =====
DEBUG: screen_enabled: True, screen_render_mode: simple
DEBUG: Canvas drawing simple 2D screen
DEBUG: Drew unified screen in simple mode
DEBUG: Simple mode active - screen shows original 2D framebuffer view
DEBUG: Rendering 2 screens
DEBUG: Rendering screen Original 2D Screen of type screen_2d
DEBUG: Frame caching error for frame 51: 'MediaScreen' object has no attribute 'cache_size_limit'
DEBUG: ===== SIMPLE MODE CUBE ROTATION =====
DEBUG: Simple mode applying cube rotation: [0.0°, 0.0°, 0.0°]
DEBUG: =========================================
DEBUG: ===== CANVAS draw_unified_screen() CALLED =====
DEBUG: screen_enabled: True, screen_render_mode: simple
DEBUG: Canvas drawing simple 2D screen
DEBUG: Drew unified screen in simple mode
DEBUG: Simple mode active - screen shows original 2D framebuffer view
DEBUG: Rendering MediaScreen Video Screen (istockphoto-482277170-640_adpp_is.mp4) with texture 3
DEBUG: Rendering screen Video Screen (istockphoto-482277170-640_adpp_is.mp4) of type screen_2d
DEBUG: Rendering MediaScreen Video Screen (istockphoto-482277170-640_adpp_is.mp4) with texture 3
DEBUG: ===== CANVAS update_sphere_view_vector() CALLED =====
DEBUG: Canvas syncing view_vector with sphere vector_direction: [1. 0. 0.]
DEBUG: Normalized view_vector: [1. 0. 0.]
DEBUG: Red vector direction: [1. 0. 0.]
DEBUG: Normalized view vector: [1.000, 0.000, 0.000]
DEBUG: Red cube position: [2. 0. 2.]
DEBUG: Expected direction to cube: [0.70710678 0.         0.70710678]
DEBUG: Actual view vector: [1. 0. 0.]
DEBUG: Dot product: 0.707
DEBUG: ⚠️ WARNING: View vector not pointing toward cube!
DEBUG: Consider setting vector direction to point toward cube
DEBUG: Suggested vector direction: [2.12132034 0.         2.12132034]
DEBUG: Angle to cube: 45.0° (should be < 30° to be visible)
DEBUG: Cube direction: [0.707, 0.000, 0.707]
DEBUG: 2D screen using perspective projection - FOV: 60.0°
DEBUG: ===== SIMPLE MODE CAMERA SETUP =====
DEBUG: Simple mode sphere_pos: [0. 0. 0.]
DEBUG: Simple mode view_dir: [1. 0. 0.]
DEBUG: Simple mode look_at: [10.  0.  0.]
DEBUG: Cube position: [2. 0. 2.]
DEBUG: Direction to cube: [0.70710678 0.         0.70710678]
DEBUG: View direction: [1. 0. 0.]
DEBUG: Angle between view and cube direction: 45.0° (should be close to 0°)
DEBUG: Are we looking toward cube? False
DEBUG: ==============================================
DEBUG: ===== SIMPLE MODE CUBE ROTATION =====
DEBUG: Simple mode applying cube rotation: [0.0°, 0.0°, 0.0°]
DEBUG: =========================================
DEBUG: Simple 2D screen rendered - reference objects disabled to prevent yellow box artifact
DEBUG: Using perspective projection - FOV: 60.0°
DEBUG: Canvas mode: 'simple', Sphere mode: 'simple'
DEBUG: Sphere screen render check - canvas_enabled: True, canvas_mode: simple, sphere_enabled: True, should_render: False
DEBUG: Sphere skipping screen render (canvas mode: simple)
DEBUG: ===== SIMPLE MODE CUBE ROTATION =====
DEBUG: Simple mode applying cube rotation: [0.0°, 0.0°, 0.0°]
DEBUG: =========================================
DEBUG: ===== CANVAS draw_unified_screen() CALLED =====
DEBUG: screen_enabled: True, screen_render_mode: simple
DEBUG: Canvas drawing simple 2D screen
DEBUG: Drew unified screen in simple mode
DEBUG: Simple mode active - screen shows original 2D framebuffer view
DEBUG: Rendering 2 screens
DEBUG: Rendering screen Original 2D Screen of type screen_2d
DEBUG: ===== SIMPLE MODE CUBE ROTATION =====
DEBUG: Simple mode applying cube rotation: [0.0°, 0.0°, 0.0°]
DEBUG: =========================================
DEBUG: ===== CANVAS draw_unified_screen() CALLED =====
DEBUG: screen_enabled: True, screen_render_mode: simple
DEBUG: Canvas drawing simple 2D screen
DEBUG: Drew unified screen in simple mode
DEBUG: Simple mode active - screen shows original 2D framebuffer view
DEBUG: Rendering MediaScreen Video Screen (istockphoto-482277170-640_adpp_is.mp4) with texture 3
DEBUG: Rendering screen Video Screen (istockphoto-482277170-640_adpp_is.mp4) of type screen_2d
DEBUG: Rendering MediaScreen Video Screen (istockphoto-482277170-640_adpp_is.mp4) with texture 3
DEBUG: ===== CANVAS update_sphere_view_vector() CALLED =====
DEBUG: Canvas syncing view_vector with sphere vector_direction: [1. 0. 0.]
DEBUG: Normalized view_vector: [1. 0. 0.]
DEBUG: Red vector direction: [1. 0. 0.]
DEBUG: Normalized view vector: [1.000, 0.000, 0.000]
DEBUG: Red cube position: [2. 0. 2.]
DEBUG: Expected direction to cube: [0.70710678 0.         0.70710678]
DEBUG: Actual view vector: [1. 0. 0.]
DEBUG: Dot product: 0.707
DEBUG: ⚠️ WARNING: View vector not pointing toward cube!
DEBUG: Consider setting vector direction to point toward cube
DEBUG: Suggested vector direction: [2.12132034 0.         2.12132034]
DEBUG: Angle to cube: 45.0° (should be < 30° to be visible)
DEBUG: Cube direction: [0.707, 0.000, 0.707]
DEBUG: 2D screen using perspective projection - FOV: 60.0°
DEBUG: ===== SIMPLE MODE CAMERA SETUP =====
DEBUG: Simple mode sphere_pos: [0. 0. 0.]
DEBUG: Simple mode view_dir: [1. 0. 0.]
DEBUG: Simple mode look_at: [10.  0.  0.]
DEBUG: Cube position: [2. 0. 2.]
DEBUG: Direction to cube: [0.70710678 0.         0.70710678]
DEBUG: View direction: [1. 0. 0.]
DEBUG: Angle between view and cube direction: 45.0° (should be close to 0°)
DEBUG: Are we looking toward cube? False
DEBUG: ==============================================
DEBUG: ===== SIMPLE MODE CUBE ROTATION =====
DEBUG: Simple mode applying cube rotation: [0.0°, 0.0°, 0.0°]
DEBUG: =========================================
DEBUG: Simple 2D screen rendered - reference objects disabled to prevent yellow box artifact
DEBUG: Using perspective projection - FOV: 60.0°
DEBUG: Frame caching error for frame 57: 'MediaScreen' object has no attribute 'cache_size_limit'
DEBUG: Canvas mode: 'simple', Sphere mode: 'simple'
DEBUG: Sphere screen render check - canvas_enabled: True, canvas_mode: simple, sphere_enabled: True, should_render: False
DEBUG: Sphere skipping screen render (canvas mode: simple)
DEBUG: ===== SIMPLE MODE CUBE ROTATION =====
DEBUG: Simple mode applying cube rotation: [0.0°, 0.0°, 0.0°]
DEBUG: =========================================
DEBUG: ===== CANVAS draw_unified_screen() CALLED =====
DEBUG: screen_enabled: True, screen_render_mode: simple
DEBUG: Canvas drawing simple 2D screen
DEBUG: Drew unified screen in simple mode
DEBUG: Simple mode active - screen shows original 2D framebuffer view
DEBUG: Rendering 2 screens
DEBUG: Rendering screen Original 2D Screen of type screen_2d
DEBUG: ===== SIMPLE MODE CUBE ROTATION =====
DEBUG: Simple mode applying cube rotation: [0.0°, 0.0°, 0.0°]
DEBUG: =========================================
DEBUG: ===== CANVAS draw_unified_screen() CALLED =====
DEBUG: screen_enabled: True, screen_render_mode: simple
DEBUG: Canvas drawing simple 2D screen
DEBUG: Drew unified screen in simple mode
DEBUG: Simple mode active - screen shows original 2D framebuffer view
DEBUG: Rendering MediaScreen Video Screen (istockphoto-482277170-640_adpp_is.mp4) with texture 3
DEBUG: Rendering screen Video Screen (istockphoto-482277170-640_adpp_is.mp4) of type screen_2d
DEBUG: Rendering MediaScreen Video Screen (istockphoto-482277170-640_adpp_is.mp4) with texture 3
DEBUG: ===== CANVAS update_sphere_view_vector() CALLED =====
DEBUG: Canvas syncing view_vector with sphere vector_direction: [1. 0. 0.]
DEBUG: Normalized view_vector: [1. 0. 0.]
DEBUG: Red vector direction: [1. 0. 0.]
DEBUG: Normalized view vector: [1.000, 0.000, 0.000]
DEBUG: Red cube position: [2. 0. 2.]
DEBUG: Expected direction to cube: [0.70710678 0.         0.70710678]
DEBUG: Actual view vector: [1. 0. 0.]
DEBUG: Dot product: 0.707
DEBUG: ⚠️ WARNING: View vector not pointing toward cube!
DEBUG: Consider setting vector direction to point toward cube
DEBUG: Suggested vector direction: [2.12132034 0.         2.12132034]
DEBUG: Angle to cube: 45.0° (should be < 30° to be visible)
DEBUG: Cube direction: [0.707, 0.000, 0.707]
DEBUG: 2D screen using perspective projection - FOV: 60.0°
DEBUG: ===== SIMPLE MODE CAMERA SETUP =====
DEBUG: Simple mode sphere_pos: [0. 0. 0.]
DEBUG: Simple mode view_dir: [1. 0. 0.]
DEBUG: Simple mode look_at: [10.  0.  0.]
DEBUG: Cube position: [2. 0. 2.]
DEBUG: Direction to cube: [0.70710678 0.         0.70710678]
DEBUG: View direction: [1. 0. 0.]
DEBUG: Angle between view and cube direction: 45.0° (should be close to 0°)
DEBUG: Are we looking toward cube? False
DEBUG: ==============================================
DEBUG: ===== SIMPLE MODE CUBE ROTATION =====
DEBUG: Simple mode applying cube rotation: [0.0°, 0.0°, 0.0°]
DEBUG: =========================================
DEBUG: Simple 2D screen rendered - reference objects disabled to prevent yellow box artifact
DEBUG: Using perspective projection - FOV: 60.0°
DEBUG: Canvas mode: 'simple', Sphere mode: 'simple'
DEBUG: Sphere screen render check - canvas_enabled: True, canvas_mode: simple, sphere_enabled: True, should_render: False
DEBUG: Sphere skipping screen render (canvas mode: simple)
DEBUG: ===== SIMPLE MODE CUBE ROTATION =====
DEBUG: Simple mode applying cube rotation: [0.0°, 0.0°, 0.0°]
DEBUG: =========================================
DEBUG: ===== CANVAS draw_unified_screen() CALLED =====
DEBUG: screen_enabled: True, screen_render_mode: simple
DEBUG: Canvas drawing simple 2D screen
DEBUG: Drew unified screen in simple mode
DEBUG: Simple mode active - screen shows original 2D framebuffer view
DEBUG: Rendering 2 screens
DEBUG: Rendering screen Original 2D Screen of type screen_2d
DEBUG: ===== SIMPLE MODE CUBE ROTATION =====
DEBUG: Simple mode applying cube rotation: [0.0°, 0.0°, 0.0°]
DEBUG: =========================================
DEBUG: ===== CANVAS draw_unified_screen() CALLED =====
DEBUG: screen_enabled: True, screen_render_mode: simple
DEBUG: Canvas drawing simple 2D screen
DEBUG: Drew unified screen in simple mode
DEBUG: Simple mode active - screen shows original 2D framebuffer view
DEBUG: Rendering MediaScreen Video Screen (istockphoto-482277170-640_adpp_is.mp4) with texture 3
DEBUG: Rendering screen Video Screen (istockphoto-482277170-640_adpp_is.mp4) of type screen_2d
DEBUG: Rendering MediaScreen Video Screen (istockphoto-482277170-640_adpp_is.mp4) with texture 3
DEBUG: ===== CANVAS update_sphere_view_vector() CALLED =====
DEBUG: Canvas syncing view_vector with sphere vector_direction: [1. 0. 0.]
DEBUG: Normalized view_vector: [1. 0. 0.]
DEBUG: Red vector direction: [1. 0. 0.]
DEBUG: Normalized view vector: [1.000, 0.000, 0.000]
DEBUG: Red cube position: [2. 0. 2.]
DEBUG: Expected direction to cube: [0.70710678 0.         0.70710678]
DEBUG: Actual view vector: [1. 0. 0.]
DEBUG: Dot product: 0.707
DEBUG: ⚠️ WARNING: View vector not pointing toward cube!
DEBUG: Consider setting vector direction to point toward cube
DEBUG: Suggested vector direction: [2.12132034 0.         2.12132034]
DEBUG: Angle to cube: 45.0° (should be < 30° to be visible)
DEBUG: Cube direction: [0.707, 0.000, 0.707]
DEBUG: 2D screen using perspective projection - FOV: 60.0°
DEBUG: ===== SIMPLE MODE CAMERA SETUP =====
DEBUG: Simple mode sphere_pos: [0. 0. 0.]
DEBUG: Simple mode view_dir: [1. 0. 0.]
DEBUG: Simple mode look_at: [10.  0.  0.]
DEBUG: Cube position: [2. 0. 2.]
DEBUG: Direction to cube: [0.70710678 0.         0.70710678]
DEBUG: View direction: [1. 0. 0.]
DEBUG: Angle between view and cube direction: 45.0° (should be close to 0°)
DEBUG: Are we looking toward cube? False
DEBUG: ==============================================
DEBUG: ===== SIMPLE MODE CUBE ROTATION =====
DEBUG: Simple mode applying cube rotation: [0.0°, 0.0°, 0.0°]
DEBUG: =========================================
DEBUG: Simple 2D screen rendered - reference objects disabled to prevent yellow box artifact
DEBUG: Using perspective projection - FOV: 60.0°
DEBUG: Frame caching error for frame 63: 'MediaScreen' object has no attribute 'cache_size_limit'
DEBUG: Canvas mode: 'simple', Sphere mode: 'simple'
DEBUG: Sphere screen render check - canvas_enabled: True, canvas_mode: simple, sphere_enabled: True, should_render: False
DEBUG: Sphere skipping screen render (canvas mode: simple)
DEBUG: ===== SIMPLE MODE CUBE ROTATION =====
DEBUG: Simple mode applying cube rotation: [0.0°, 0.0°, 0.0°]
DEBUG: =========================================
DEBUG: ===== CANVAS draw_unified_screen() CALLED =====
DEBUG: screen_enabled: True, screen_render_mode: simple
DEBUG: Canvas drawing simple 2D screen
DEBUG: Drew unified screen in simple mode
DEBUG: Simple mode active - screen shows original 2D framebuffer view
DEBUG: Rendering 2 screens
DEBUG: Rendering screen Original 2D Screen of type screen_2d
DEBUG: ===== SIMPLE MODE CUBE ROTATION =====
DEBUG: Simple mode applying cube rotation: [0.0°, 0.0°, 0.0°]
DEBUG: =========================================
DEBUG: ===== CANVAS draw_unified_screen() CALLED =====
DEBUG: screen_enabled: True, screen_render_mode: simple
DEBUG: Canvas drawing simple 2D screen
DEBUG: Drew unified screen in simple mode
DEBUG: Simple mode active - screen shows original 2D framebuffer view
DEBUG: Rendering MediaScreen Video Screen (istockphoto-482277170-640_adpp_is.mp4) with texture 3
DEBUG: Rendering screen Video Screen (istockphoto-482277170-640_adpp_is.mp4) of type screen_2d
DEBUG: Rendering MediaScreen Video Screen (istockphoto-482277170-640_adpp_is.mp4) with texture 3
DEBUG: ===== CANVAS update_sphere_view_vector() CALLED =====
DEBUG: Canvas syncing view_vector with sphere vector_direction: [1. 0. 0.]
DEBUG: Normalized view_vector: [1. 0. 0.]
DEBUG: Red vector direction: [1. 0. 0.]
DEBUG: Normalized view vector: [1.000, 0.000, 0.000]
DEBUG: Red cube position: [2. 0. 2.]
DEBUG: Expected direction to cube: [0.70710678 0.         0.70710678]
DEBUG: Actual view vector: [1. 0. 0.]
DEBUG: Dot product: 0.707
DEBUG: ⚠️ WARNING: View vector not pointing toward cube!
DEBUG: Consider setting vector direction to point toward cube
DEBUG: Suggested vector direction: [2.12132034 0.         2.12132034]
DEBUG: Angle to cube: 45.0° (should be < 30° to be visible)
DEBUG: Cube direction: [0.707, 0.000, 0.707]
DEBUG: 2D screen using perspective projection - FOV: 60.0°
DEBUG: ===== SIMPLE MODE CAMERA SETUP =====
DEBUG: Simple mode sphere_pos: [0. 0. 0.]
DEBUG: Simple mode view_dir: [1. 0. 0.]
DEBUG: Simple mode look_at: [10.  0.  0.]
DEBUG: Cube position: [2. 0. 2.]
DEBUG: Direction to cube: [0.70710678 0.         0.70710678]
DEBUG: View direction: [1. 0. 0.]
DEBUG: Angle between view and cube direction: 45.0° (should be close to 0°)
DEBUG: Are we looking toward cube? False
DEBUG: ==============================================
DEBUG: ===== SIMPLE MODE CUBE ROTATION =====
DEBUG: Simple mode applying cube rotation: [0.0°, 0.0°, 0.0°]
DEBUG: =========================================
DEBUG: Simple 2D screen rendered - reference objects disabled to prevent yellow box artifact
DEBUG: Using perspective projection - FOV: 60.0°
DEBUG: Canvas mode: 'simple', Sphere mode: 'simple'
DEBUG: Sphere screen render check - canvas_enabled: True, canvas_mode: simple, sphere_enabled: True, should_render: False
DEBUG: Sphere skipping screen render (canvas mode: simple)
DEBUG: ===== SIMPLE MODE CUBE ROTATION =====
DEBUG: Simple mode applying cube rotation: [0.0°, 0.0°, 0.0°]
DEBUG: =========================================
DEBUG: ===== CANVAS draw_unified_screen() CALLED =====
DEBUG: screen_enabled: True, screen_render_mode: simple
DEBUG: Canvas drawing simple 2D screen
DEBUG: Drew unified screen in simple mode
DEBUG: Simple mode active - screen shows original 2D framebuffer view
DEBUG: Rendering 2 screens
DEBUG: Rendering screen Original 2D Screen of type screen_2d
DEBUG: ===== SIMPLE MODE CUBE ROTATION =====
DEBUG: Simple mode applying cube rotation: [0.0°, 0.0°, 0.0°]
DEBUG: =========================================
DEBUG: ===== CANVAS draw_unified_screen() CALLED =====
DEBUG: screen_enabled: True, screen_render_mode: simple
DEBUG: Canvas drawing simple 2D screen
DEBUG: Drew unified screen in simple mode
DEBUG: Simple mode active - screen shows original 2D framebuffer view
DEBUG: Rendering MediaScreen Video Screen (istockphoto-482277170-640_adpp_is.mp4) with texture 3
DEBUG: Rendering screen Video Screen (istockphoto-482277170-640_adpp_is.mp4) of type screen_2d
DEBUG: Rendering MediaScreen Video Screen (istockphoto-482277170-640_adpp_is.mp4) with texture 3
DEBUG: ===== CANVAS update_sphere_view_vector() CALLED =====
DEBUG: Canvas syncing view_vector with sphere vector_direction: [1. 0. 0.]
DEBUG: Normalized view_vector: [1. 0. 0.]
DEBUG: Red vector direction: [1. 0. 0.]
DEBUG: Normalized view vector: [1.000, 0.000, 0.000]
DEBUG: Red cube position: [2. 0. 2.]
DEBUG: Expected direction to cube: [0.70710678 0.         0.70710678]
DEBUG: Actual view vector: [1. 0. 0.]
DEBUG: Dot product: 0.707
DEBUG: ⚠️ WARNING: View vector not pointing toward cube!
DEBUG: Consider setting vector direction to point toward cube
DEBUG: Suggested vector direction: [2.12132034 0.         2.12132034]
DEBUG: Angle to cube: 45.0° (should be < 30° to be visible)
DEBUG: Cube direction: [0.707, 0.000, 0.707]
DEBUG: 2D screen using perspective projection - FOV: 60.0°
DEBUG: ===== SIMPLE MODE CAMERA SETUP =====
DEBUG: Simple mode sphere_pos: [0. 0. 0.]
DEBUG: Simple mode view_dir: [1. 0. 0.]
DEBUG: Simple mode look_at: [10.  0.  0.]
DEBUG: Cube position: [2. 0. 2.]
DEBUG: Direction to cube: [0.70710678 0.         0.70710678]
DEBUG: View direction: [1. 0. 0.]
DEBUG: Angle between view and cube direction: 45.0° (should be close to 0°)
DEBUG: Are we looking toward cube? False
DEBUG: ==============================================
DEBUG: ===== SIMPLE MODE CUBE ROTATION =====
DEBUG: Simple mode applying cube rotation: [0.0°, 0.0°, 0.0°]
DEBUG: =========================================
DEBUG: Simple 2D screen rendered - reference objects disabled to prevent yellow box artifact
DEBUG: Using perspective projection - FOV: 60.0°
DEBUG: Canvas mode: 'simple', Sphere mode: 'simple'
DEBUG: Sphere screen render check - canvas_enabled: True, canvas_mode: simple, sphere_enabled: True, should_render: False
DEBUG: Sphere skipping screen render (canvas mode: simple)
DEBUG: ===== SIMPLE MODE CUBE ROTATION =====
DEBUG: Simple mode applying cube rotation: [0.0°, 0.0°, 0.0°]
DEBUG: =========================================
DEBUG: ===== CANVAS draw_unified_screen() CALLED =====
DEBUG: screen_enabled: True, screen_render_mode: simple
DEBUG: Canvas drawing simple 2D screen
DEBUG: Drew unified screen in simple mode
DEBUG: Simple mode active - screen shows original 2D framebuffer view
DEBUG: Rendering 2 screens
DEBUG: Rendering screen Original 2D Screen of type screen_2d
DEBUG: Frame caching error for frame 69: 'MediaScreen' object has no attribute 'cache_size_limit'
DEBUG: ===== SIMPLE MODE CUBE ROTATION =====
DEBUG: Simple mode applying cube rotation: [0.0°, 0.0°, 0.0°]
DEBUG: =========================================
DEBUG: ===== CANVAS draw_unified_screen() CALLED =====
DEBUG: screen_enabled: True, screen_render_mode: simple
DEBUG: Canvas drawing simple 2D screen
DEBUG: Drew unified screen in simple mode
DEBUG: Simple mode active - screen shows original 2D framebuffer view
DEBUG: Rendering MediaScreen Video Screen (istockphoto-482277170-640_adpp_is.mp4) with texture 3
DEBUG: Rendering screen Video Screen (istockphoto-482277170-640_adpp_is.mp4) of type screen_2d
DEBUG: Rendering MediaScreen Video Screen (istockphoto-482277170-640_adpp_is.mp4) with texture 3
DEBUG: ===== CANVAS update_sphere_view_vector() CALLED =====
DEBUG: Canvas syncing view_vector with sphere vector_direction: [1. 0. 0.]
DEBUG: Normalized view_vector: [1. 0. 0.]
DEBUG: Red vector direction: [1. 0. 0.]
DEBUG: Normalized view vector: [1.000, 0.000, 0.000]
DEBUG: Red cube position: [2. 0. 2.]
DEBUG: Expected direction to cube: [0.70710678 0.         0.70710678]
DEBUG: Actual view vector: [1. 0. 0.]
DEBUG: Dot product: 0.707
DEBUG: ⚠️ WARNING: View vector not pointing toward cube!
DEBUG: Consider setting vector direction to point toward cube
DEBUG: Suggested vector direction: [2.12132034 0.         2.12132034]
DEBUG: Angle to cube: 45.0° (should be < 30° to be visible)
DEBUG: Cube direction: [0.707, 0.000, 0.707]
DEBUG: 2D screen using perspective projection - FOV: 60.0°
DEBUG: ===== SIMPLE MODE CAMERA SETUP =====
DEBUG: Simple mode sphere_pos: [0. 0. 0.]
DEBUG: Simple mode view_dir: [1. 0. 0.]
DEBUG: Simple mode look_at: [10.  0.  0.]
DEBUG: Cube position: [2. 0. 2.]
DEBUG: Direction to cube: [0.70710678 0.         0.70710678]
DEBUG: View direction: [1. 0. 0.]
DEBUG: Angle between view and cube direction: 45.0° (should be close to 0°)
DEBUG: Are we looking toward cube? False
DEBUG: ==============================================
DEBUG: ===== SIMPLE MODE CUBE ROTATION =====
DEBUG: Simple mode applying cube rotation: [0.0°, 0.0°, 0.0°]
DEBUG: =========================================
DEBUG: Simple 2D screen rendered - reference objects disabled to prevent yellow box artifact
DEBUG: Using perspective projection - FOV: 60.0°
DEBUG: Canvas mode: 'simple', Sphere mode: 'simple'
DEBUG: Sphere screen render check - canvas_enabled: True, canvas_mode: simple, sphere_enabled: True, should_render: False
DEBUG: Sphere skipping screen render (canvas mode: simple)
DEBUG: ===== SIMPLE MODE CUBE ROTATION =====
DEBUG: Simple mode applying cube rotation: [0.0°, 0.0°, 0.0°]
DEBUG: =========================================
DEBUG: ===== CANVAS draw_unified_screen() CALLED =====
DEBUG: screen_enabled: True, screen_render_mode: simple
DEBUG: Canvas drawing simple 2D screen
DEBUG: Drew unified screen in simple mode
DEBUG: Simple mode active - screen shows original 2D framebuffer view
DEBUG: Rendering 2 screens
DEBUG: Rendering screen Original 2D Screen of type screen_2d
DEBUG: ===== SIMPLE MODE CUBE ROTATION =====
DEBUG: Simple mode applying cube rotation: [0.0°, 0.0°, 0.0°]
DEBUG: =========================================
DEBUG: ===== CANVAS draw_unified_screen() CALLED =====
DEBUG: screen_enabled: True, screen_render_mode: simple
DEBUG: Canvas drawing simple 2D screen
DEBUG: Drew unified screen in simple mode
DEBUG: Simple mode active - screen shows original 2D framebuffer view
DEBUG: Rendering MediaScreen Video Screen (istockphoto-482277170-640_adpp_is.mp4) with texture 3
DEBUG: Rendering screen Video Screen (istockphoto-482277170-640_adpp_is.mp4) of type screen_2d
DEBUG: Rendering MediaScreen Video Screen (istockphoto-482277170-640_adpp_is.mp4) with texture 3
DEBUG: ===== CANVAS update_sphere_view_vector() CALLED =====
DEBUG: Canvas syncing view_vector with sphere vector_direction: [1. 0. 0.]
DEBUG: Normalized view_vector: [1. 0. 0.]
DEBUG: Red vector direction: [1. 0. 0.]
DEBUG: Normalized view vector: [1.000, 0.000, 0.000]
DEBUG: Red cube position: [2. 0. 2.]
DEBUG: Expected direction to cube: [0.70710678 0.         0.70710678]
DEBUG: Actual view vector: [1. 0. 0.]
DEBUG: Dot product: 0.707
DEBUG: ⚠️ WARNING: View vector not pointing toward cube!
DEBUG: Consider setting vector direction to point toward cube
DEBUG: Suggested vector direction: [2.12132034 0.         2.12132034]
DEBUG: Angle to cube: 45.0° (should be < 30° to be visible)
DEBUG: Cube direction: [0.707, 0.000, 0.707]
DEBUG: 2D screen using perspective projection - FOV: 60.0°
DEBUG: ===== SIMPLE MODE CAMERA SETUP =====
DEBUG: Simple mode sphere_pos: [0. 0. 0.]
DEBUG: Simple mode view_dir: [1. 0. 0.]
DEBUG: Simple mode look_at: [10.  0.  0.]
DEBUG: Cube position: [2. 0. 2.]
DEBUG: Direction to cube: [0.70710678 0.         0.70710678]
DEBUG: View direction: [1. 0. 0.]
DEBUG: Angle between view and cube direction: 45.0° (should be close to 0°)
DEBUG: Are we looking toward cube? False
DEBUG: ==============================================
DEBUG: ===== SIMPLE MODE CUBE ROTATION =====
DEBUG: Simple mode applying cube rotation: [0.0°, 0.0°, 0.0°]
DEBUG: =========================================
DEBUG: Simple 2D screen rendered - reference objects disabled to prevent yellow box artifact
DEBUG: Using perspective projection - FOV: 60.0°
DEBUG: Canvas mode: 'simple', Sphere mode: 'simple'
DEBUG: Sphere screen render check - canvas_enabled: True, canvas_mode: simple, sphere_enabled: True, should_render: False
DEBUG: Sphere skipping screen render (canvas mode: simple)
DEBUG: ===== SIMPLE MODE CUBE ROTATION =====
DEBUG: Simple mode applying cube rotation: [0.0°, 0.0°, 0.0°]
DEBUG: =========================================
DEBUG: ===== CANVAS draw_unified_screen() CALLED =====
DEBUG: screen_enabled: True, screen_render_mode: simple
DEBUG: Canvas drawing simple 2D screen
DEBUG: Drew unified screen in simple mode
DEBUG: Simple mode active - screen shows original 2D framebuffer view
DEBUG: Rendering 2 screens
DEBUG: Rendering screen Original 2D Screen of type screen_2d
DEBUG: ===== SIMPLE MODE CUBE ROTATION =====
DEBUG: Simple mode applying cube rotation: [0.0°, 0.0°, 0.0°]
DEBUG: =========================================
DEBUG: ===== CANVAS draw_unified_screen() CALLED =====
DEBUG: screen_enabled: True, screen_render_mode: simple
DEBUG: Canvas drawing simple 2D screen
DEBUG: Drew unified screen in simple mode
DEBUG: Simple mode active - screen shows original 2D framebuffer view
DEBUG: Rendering MediaScreen Video Screen (istockphoto-482277170-640_adpp_is.mp4) with texture 3
DEBUG: Rendering screen Video Screen (istockphoto-482277170-640_adpp_is.mp4) of type screen_2d
DEBUG: Rendering MediaScreen Video Screen (istockphoto-482277170-640_adpp_is.mp4) with texture 3
DEBUG: ===== CANVAS update_sphere_view_vector() CALLED =====
DEBUG: Canvas syncing view_vector with sphere vector_direction: [1. 0. 0.]
DEBUG: Normalized view_vector: [1. 0. 0.]
DEBUG: Red vector direction: [1. 0. 0.]
DEBUG: Normalized view vector: [1.000, 0.000, 0.000]
DEBUG: Red cube position: [2. 0. 2.]
DEBUG: Expected direction to cube: [0.70710678 0.         0.70710678]
DEBUG: Actual view vector: [1. 0. 0.]
DEBUG: Dot product: 0.707
DEBUG: ⚠️ WARNING: View vector not pointing toward cube!
DEBUG: Consider setting vector direction to point toward cube
DEBUG: Suggested vector direction: [2.12132034 0.         2.12132034]
DEBUG: Angle to cube: 45.0° (should be < 30° to be visible)
DEBUG: Cube direction: [0.707, 0.000, 0.707]
DEBUG: 2D screen using perspective projection - FOV: 60.0°
DEBUG: ===== SIMPLE MODE CAMERA SETUP =====
DEBUG: Simple mode sphere_pos: [0. 0. 0.]
DEBUG: Simple mode view_dir: [1. 0. 0.]
DEBUG: Simple mode look_at: [10.  0.  0.]
DEBUG: Cube position: [2. 0. 2.]
DEBUG: Direction to cube: [0.70710678 0.         0.70710678]
DEBUG: View direction: [1. 0. 0.]
DEBUG: Angle between view and cube direction: 45.0° (should be close to 0°)
DEBUG: Are we looking toward cube? False
DEBUG: ==============================================
DEBUG: ===== SIMPLE MODE CUBE ROTATION =====
DEBUG: Simple mode applying cube rotation: [0.0°, 0.0°, 0.0°]
DEBUG: =========================================
DEBUG: Simple 2D screen rendered - reference objects disabled to prevent yellow box artifact
DEBUG: Using perspective projection - FOV: 60.0°
DEBUG: Frame caching error for frame 76: 'MediaScreen' object has no attribute 'cache_size_limit'
DEBUG: Canvas mode: 'simple', Sphere mode: 'simple'
DEBUG: Sphere screen render check - canvas_enabled: True, canvas_mode: simple, sphere_enabled: True, should_render: False
DEBUG: Sphere skipping screen render (canvas mode: simple)
DEBUG: ===== SIMPLE MODE CUBE ROTATION =====
DEBUG: Simple mode applying cube rotation: [0.0°, 0.0°, 0.0°]
DEBUG: =========================================
DEBUG: ===== CANVAS draw_unified_screen() CALLED =====
DEBUG: screen_enabled: True, screen_render_mode: simple
DEBUG: Canvas drawing simple 2D screen
DEBUG: Drew unified screen in simple mode
DEBUG: Simple mode active - screen shows original 2D framebuffer view
DEBUG: Rendering 2 screens
DEBUG: Rendering screen Original 2D Screen of type screen_2d
DEBUG: ===== SIMPLE MODE CUBE ROTATION =====
DEBUG: Simple mode applying cube rotation: [0.0°, 0.0°, 0.0°]
DEBUG: =========================================
DEBUG: ===== CANVAS draw_unified_screen() CALLED =====
DEBUG: screen_enabled: True, screen_render_mode: simple
DEBUG: Canvas drawing simple 2D screen
DEBUG: Drew unified screen in simple mode
DEBUG: Simple mode active - screen shows original 2D framebuffer view
DEBUG: Rendering MediaScreen Video Screen (istockphoto-482277170-640_adpp_is.mp4) with texture 3
DEBUG: Rendering screen Video Screen (istockphoto-482277170-640_adpp_is.mp4) of type screen_2d
DEBUG: Rendering MediaScreen Video Screen (istockphoto-482277170-640_adpp_is.mp4) with texture 3
DEBUG: ===== CANVAS update_sphere_view_vector() CALLED =====
DEBUG: Canvas syncing view_vector with sphere vector_direction: [1. 0. 0.]
DEBUG: Normalized view_vector: [1. 0. 0.]
DEBUG: Red vector direction: [1. 0. 0.]
DEBUG: Normalized view vector: [1.000, 0.000, 0.000]
DEBUG: Red cube position: [2. 0. 2.]
DEBUG: Expected direction to cube: [0.70710678 0.         0.70710678]
DEBUG: Actual view vector: [1. 0. 0.]
DEBUG: Dot product: 0.707
DEBUG: ⚠️ WARNING: View vector not pointing toward cube!
DEBUG: Consider setting vector direction to point toward cube
DEBUG: Suggested vector direction: [2.12132034 0.         2.12132034]
DEBUG: Angle to cube: 45.0° (should be < 30° to be visible)
DEBUG: Cube direction: [0.707, 0.000, 0.707]
DEBUG: 2D screen using perspective projection - FOV: 60.0°
DEBUG: ===== SIMPLE MODE CAMERA SETUP =====
DEBUG: Simple mode sphere_pos: [0. 0. 0.]
DEBUG: Simple mode view_dir: [1. 0. 0.]
DEBUG: Simple mode look_at: [10.  0.  0.]
DEBUG: Cube position: [2. 0. 2.]
DEBUG: Direction to cube: [0.70710678 0.         0.70710678]
DEBUG: View direction: [1. 0. 0.]
DEBUG: Angle between view and cube direction: 45.0° (should be close to 0°)
DEBUG: Are we looking toward cube? False
DEBUG: ==============================================
DEBUG: ===== SIMPLE MODE CUBE ROTATION =====
DEBUG: Simple mode applying cube rotation: [0.0°, 0.0°, 0.0°]
DEBUG: =========================================
DEBUG: Simple 2D screen rendered - reference objects disabled to prevent yellow box artifact
DEBUG: Using perspective projection - FOV: 60.0°
DEBUG: Canvas mode: 'simple', Sphere mode: 'simple'
DEBUG: Sphere screen render check - canvas_enabled: True, canvas_mode: simple, sphere_enabled: True, should_render: False
DEBUG: Sphere skipping screen render (canvas mode: simple)
DEBUG: ===== SIMPLE MODE CUBE ROTATION =====
DEBUG: Simple mode applying cube rotation: [0.0°, 0.0°, 0.0°]
DEBUG: =========================================
DEBUG: ===== CANVAS draw_unified_screen() CALLED =====
DEBUG: screen_enabled: True, screen_render_mode: simple
DEBUG: Canvas drawing simple 2D screen
DEBUG: Drew unified screen in simple mode
DEBUG: Simple mode active - screen shows original 2D framebuffer view
DEBUG: Rendering 2 screens
DEBUG: Rendering screen Original 2D Screen of type screen_2d
DEBUG: Frame caching error for frame 85: 'MediaScreen' object has no attribute 'cache_size_limit'
DEBUG: ===== SIMPLE MODE CUBE ROTATION =====
DEBUG: Simple mode applying cube rotation: [0.0°, 0.0°, 0.0°]
DEBUG: =========================================
DEBUG: ===== CANVAS draw_unified_screen() CALLED =====
DEBUG: screen_enabled: True, screen_render_mode: simple
DEBUG: Canvas drawing simple 2D screen
DEBUG: Drew unified screen in simple mode
DEBUG: Simple mode active - screen shows original 2D framebuffer view
DEBUG: Rendering MediaScreen Video Screen (istockphoto-482277170-640_adpp_is.mp4) with texture 3
DEBUG: Rendering screen Video Screen (istockphoto-482277170-640_adpp_is.mp4) of type screen_2d
DEBUG: Rendering MediaScreen Video Screen (istockphoto-482277170-640_adpp_is.mp4) with texture 3
DEBUG: ===== CANVAS update_sphere_view_vector() CALLED =====
DEBUG: Canvas syncing view_vector with sphere vector_direction: [1. 0. 0.]
DEBUG: Normalized view_vector: [1. 0. 0.]
DEBUG: Red vector direction: [1. 0. 0.]
DEBUG: Normalized view vector: [1.000, 0.000, 0.000]
DEBUG: Red cube position: [2. 0. 2.]
DEBUG: Expected direction to cube: [0.70710678 0.         0.70710678]
DEBUG: Actual view vector: [1. 0. 0.]
DEBUG: Dot product: 0.707
DEBUG: ⚠️ WARNING: View vector not pointing toward cube!
DEBUG: Consider setting vector direction to point toward cube
DEBUG: Suggested vector direction: [2.12132034 0.         2.12132034]
DEBUG: Angle to cube: 45.0° (should be < 30° to be visible)
DEBUG: Cube direction: [0.707, 0.000, 0.707]
DEBUG: 2D screen using perspective projection - FOV: 60.0°
DEBUG: ===== SIMPLE MODE CAMERA SETUP =====
DEBUG: Simple mode sphere_pos: [0. 0. 0.]
DEBUG: Simple mode view_dir: [1. 0. 0.]
DEBUG: Simple mode look_at: [10.  0.  0.]
DEBUG: Cube position: [2. 0. 2.]
DEBUG: Direction to cube: [0.70710678 0.         0.70710678]
DEBUG: View direction: [1. 0. 0.]
DEBUG: Angle between view and cube direction: 45.0° (should be close to 0°)
DEBUG: Are we looking toward cube? False
DEBUG: ==============================================
DEBUG: ===== SIMPLE MODE CUBE ROTATION =====
DEBUG: Simple mode applying cube rotation: [0.0°, 0.0°, 0.0°]
DEBUG: =========================================
DEBUG: Simple 2D screen rendered - reference objects disabled to prevent yellow box artifact
DEBUG: Using perspective projection - FOV: 60.0°
DEBUG: Canvas mode: 'simple', Sphere mode: 'simple'
DEBUG: Sphere screen render check - canvas_enabled: True, canvas_mode: simple, sphere_enabled: True, should_render: False
DEBUG: Sphere skipping screen render (canvas mode: simple)
DEBUG: ===== SIMPLE MODE CUBE ROTATION =====
DEBUG: Simple mode applying cube rotation: [0.0°, 0.0°, 0.0°]
DEBUG: =========================================
DEBUG: ===== CANVAS draw_unified_screen() CALLED =====
DEBUG: screen_enabled: True, screen_render_mode: simple
DEBUG: Canvas drawing simple 2D screen
DEBUG: Drew unified screen in simple mode
DEBUG: Simple mode active - screen shows original 2D framebuffer view
DEBUG: Rendering 2 screens
DEBUG: Rendering screen Original 2D Screen of type screen_2d
DEBUG: ===== SIMPLE MODE CUBE ROTATION =====
DEBUG: Simple mode applying cube rotation: [0.0°, 0.0°, 0.0°]
DEBUG: =========================================
DEBUG: ===== CANVAS draw_unified_screen() CALLED =====
DEBUG: screen_enabled: True, screen_render_mode: simple
DEBUG: Canvas drawing simple 2D screen
DEBUG: Drew unified screen in simple mode
DEBUG: Simple mode active - screen shows original 2D framebuffer view
DEBUG: Rendering MediaScreen Video Screen (istockphoto-482277170-640_adpp_is.mp4) with texture 3
DEBUG: Rendering screen Video Screen (istockphoto-482277170-640_adpp_is.mp4) of type screen_2d
DEBUG: Rendering MediaScreen Video Screen (istockphoto-482277170-640_adpp_is.mp4) with texture 3
DEBUG: ===== CANVAS update_sphere_view_vector() CALLED =====
DEBUG: Canvas syncing view_vector with sphere vector_direction: [1. 0. 0.]
DEBUG: Normalized view_vector: [1. 0. 0.]
DEBUG: Red vector direction: [1. 0. 0.]
DEBUG: Normalized view vector: [1.000, 0.000, 0.000]
DEBUG: Red cube position: [2. 0. 2.]
DEBUG: Expected direction to cube: [0.70710678 0.         0.70710678]
DEBUG: Actual view vector: [1. 0. 0.]
DEBUG: Dot product: 0.707
DEBUG: ⚠️ WARNING: View vector not pointing toward cube!
DEBUG: Consider setting vector direction to point toward cube
DEBUG: Suggested vector direction: [2.12132034 0.         2.12132034]
DEBUG: Angle to cube: 45.0° (should be < 30° to be visible)
DEBUG: Cube direction: [0.707, 0.000, 0.707]
DEBUG: 2D screen using perspective projection - FOV: 60.0°
DEBUG: ===== SIMPLE MODE CAMERA SETUP =====
DEBUG: Simple mode sphere_pos: [0. 0. 0.]
DEBUG: Simple mode view_dir: [1. 0. 0.]
DEBUG: Simple mode look_at: [10.  0.  0.]
DEBUG: Cube position: [2. 0. 2.]
DEBUG: Direction to cube: [0.70710678 0.         0.70710678]
DEBUG: View direction: [1. 0. 0.]
DEBUG: Angle between view and cube direction: 45.0° (should be close to 0°)
DEBUG: Are we looking toward cube? False
DEBUG: ==============================================
DEBUG: ===== SIMPLE MODE CUBE ROTATION =====
DEBUG: Simple mode applying cube rotation: [0.0°, 0.0°, 0.0°]
DEBUG: =========================================
DEBUG: Simple 2D screen rendered - reference objects disabled to prevent yellow box artifact
DEBUG: Using perspective projection - FOV: 60.0°
DEBUG: Frame caching error for frame 89: 'MediaScreen' object has no attribute 'cache_size_limit'
DEBUG: Canvas mode: 'simple', Sphere mode: 'simple'
DEBUG: Sphere screen render check - canvas_enabled: True, canvas_mode: simple, sphere_enabled: True, should_render: False
DEBUG: Sphere skipping screen render (canvas mode: simple)
DEBUG: ===== SIMPLE MODE CUBE ROTATION =====
DEBUG: Simple mode applying cube rotation: [0.0°, 0.0°, 0.0°]
DEBUG: =========================================
DEBUG: ===== CANVAS draw_unified_screen() CALLED =====
DEBUG: screen_enabled: True, screen_render_mode: simple
DEBUG: Canvas drawing simple 2D screen
DEBUG: Drew unified screen in simple mode
DEBUG: Simple mode active - screen shows original 2D framebuffer view
DEBUG: Rendering 2 screens
DEBUG: Rendering screen Original 2D Screen of type screen_2d
DEBUG: ===== SIMPLE MODE CUBE ROTATION =====
DEBUG: Simple mode applying cube rotation: [0.0°, 0.0°, 0.0°]
DEBUG: =========================================
DEBUG: ===== CANVAS draw_unified_screen() CALLED =====
DEBUG: screen_enabled: True, screen_render_mode: simple
DEBUG: Canvas drawing simple 2D screen
DEBUG: Drew unified screen in simple mode
DEBUG: Simple mode active - screen shows original 2D framebuffer view
DEBUG: Rendering MediaScreen Video Screen (istockphoto-482277170-640_adpp_is.mp4) with texture 3
DEBUG: Rendering screen Video Screen (istockphoto-482277170-640_adpp_is.mp4) of type screen_2d
DEBUG: Rendering MediaScreen Video Screen (istockphoto-482277170-640_adpp_is.mp4) with texture 3
DEBUG: ===== CANVAS update_sphere_view_vector() CALLED =====
DEBUG: Canvas syncing view_vector with sphere vector_direction: [1. 0. 0.]
DEBUG: Normalized view_vector: [1. 0. 0.]
DEBUG: Red vector direction: [1. 0. 0.]
DEBUG: Normalized view vector: [1.000, 0.000, 0.000]
DEBUG: Red cube position: [2. 0. 2.]
DEBUG: Expected direction to cube: [0.70710678 0.         0.70710678]
DEBUG: Actual view vector: [1. 0. 0.]
DEBUG: Dot product: 0.707
DEBUG: ⚠️ WARNING: View vector not pointing toward cube!
DEBUG: Consider setting vector direction to point toward cube
DEBUG: Suggested vector direction: [2.12132034 0.         2.12132034]
DEBUG: Angle to cube: 45.0° (should be < 30° to be visible)
DEBUG: Cube direction: [0.707, 0.000, 0.707]
DEBUG: 2D screen using perspective projection - FOV: 60.0°
DEBUG: ===== SIMPLE MODE CAMERA SETUP =====
DEBUG: Simple mode sphere_pos: [0. 0. 0.]
DEBUG: Simple mode view_dir: [1. 0. 0.]
DEBUG: Simple mode look_at: [10.  0.  0.]
DEBUG: Cube position: [2. 0. 2.]
DEBUG: Direction to cube: [0.70710678 0.         0.70710678]
DEBUG: View direction: [1. 0. 0.]
DEBUG: Angle between view and cube direction: 45.0° (should be close to 0°)
DEBUG: Are we looking toward cube? False
DEBUG: ==============================================
DEBUG: ===== SIMPLE MODE CUBE ROTATION =====
DEBUG: Simple mode applying cube rotation: [0.0°, 0.0°, 0.0°]
DEBUG: =========================================
DEBUG: Simple 2D screen rendered - reference objects disabled to prevent yellow box artifact
DEBUG: Using perspective projection - FOV: 60.0°
DEBUG: Canvas mode: 'simple', Sphere mode: 'simple'
DEBUG: Sphere screen render check - canvas_enabled: True, canvas_mode: simple, sphere_enabled: True, should_render: False
DEBUG: Sphere skipping screen render (canvas mode: simple)
DEBUG: ===== SIMPLE MODE CUBE ROTATION =====
DEBUG: Simple mode applying cube rotation: [0.0°, 0.0°, 0.0°]
DEBUG: =========================================
DEBUG: ===== CANVAS draw_unified_screen() CALLED =====
DEBUG: screen_enabled: True, screen_render_mode: simple
DEBUG: Canvas drawing simple 2D screen
DEBUG: Drew unified screen in simple mode
DEBUG: Simple mode active - screen shows original 2D framebuffer view
DEBUG: Rendering 2 screens
DEBUG: Rendering screen Original 2D Screen of type screen_2d
DEBUG: Frame caching error for frame 94: 'MediaScreen' object has no attribute 'cache_size_limit'
DEBUG: ===== SIMPLE MODE CUBE ROTATION =====
DEBUG: Simple mode applying cube rotation: [0.0°, 0.0°, 0.0°]
DEBUG: =========================================
DEBUG: ===== CANVAS draw_unified_screen() CALLED =====
DEBUG: screen_enabled: True, screen_render_mode: simple
DEBUG: Canvas drawing simple 2D screen
DEBUG: Drew unified screen in simple mode
DEBUG: Simple mode active - screen shows original 2D framebuffer view
DEBUG: Rendering MediaScreen Video Screen (istockphoto-482277170-640_adpp_is.mp4) with texture 3
DEBUG: Rendering screen Video Screen (istockphoto-482277170-640_adpp_is.mp4) of type screen_2d
DEBUG: Rendering MediaScreen Video Screen (istockphoto-482277170-640_adpp_is.mp4) with texture 3
DEBUG: ===== CANVAS update_sphere_view_vector() CALLED =====
DEBUG: Canvas syncing view_vector with sphere vector_direction: [1. 0. 0.]
DEBUG: Normalized view_vector: [1. 0. 0.]
DEBUG: Red vector direction: [1. 0. 0.]
DEBUG: Normalized view vector: [1.000, 0.000, 0.000]
DEBUG: Red cube position: [2. 0. 2.]
DEBUG: Expected direction to cube: [0.70710678 0.         0.70710678]
DEBUG: Actual view vector: [1. 0. 0.]
DEBUG: Dot product: 0.707
DEBUG: ⚠️ WARNING: View vector not pointing toward cube!
DEBUG: Consider setting vector direction to point toward cube
DEBUG: Suggested vector direction: [2.12132034 0.         2.12132034]
DEBUG: Angle to cube: 45.0° (should be < 30° to be visible)
DEBUG: Cube direction: [0.707, 0.000, 0.707]
DEBUG: 2D screen using perspective projection - FOV: 60.0°
DEBUG: ===== SIMPLE MODE CAMERA SETUP =====
DEBUG: Simple mode sphere_pos: [0. 0. 0.]
DEBUG: Simple mode view_dir: [1. 0. 0.]
DEBUG: Simple mode look_at: [10.  0.  0.]
DEBUG: Cube position: [2. 0. 2.]
DEBUG: Direction to cube: [0.70710678 0.         0.70710678]
DEBUG: View direction: [1. 0. 0.]
DEBUG: Angle between view and cube direction: 45.0° (should be close to 0°)
DEBUG: Are we looking toward cube? False
DEBUG: ==============================================
DEBUG: ===== SIMPLE MODE CUBE ROTATION =====
DEBUG: Simple mode applying cube rotation: [0.0°, 0.0°, 0.0°]
DEBUG: =========================================
DEBUG: Simple 2D screen rendered - reference objects disabled to prevent yellow box artifact
DEBUG: Using perspective projection - FOV: 60.0°
DEBUG: Canvas mode: 'simple', Sphere mode: 'simple'
DEBUG: Sphere screen render check - canvas_enabled: True, canvas_mode: simple, sphere_enabled: True, should_render: False
DEBUG: Sphere skipping screen render (canvas mode: simple)
DEBUG: ===== SIMPLE MODE CUBE ROTATION =====
DEBUG: Simple mode applying cube rotation: [0.0°, 0.0°, 0.0°]
DEBUG: =========================================
DEBUG: ===== CANVAS draw_unified_screen() CALLED =====
DEBUG: screen_enabled: True, screen_render_mode: simple
DEBUG: Canvas drawing simple 2D screen
DEBUG: Drew unified screen in simple mode
DEBUG: Simple mode active - screen shows original 2D framebuffer view
DEBUG: Rendering 2 screens
DEBUG: Rendering screen Original 2D Screen of type screen_2d
DEBUG: ===== SIMPLE MODE CUBE ROTATION =====
DEBUG: Simple mode applying cube rotation: [0.0°, 0.0°, 0.0°]
DEBUG: =========================================
DEBUG: ===== CANVAS draw_unified_screen() CALLED =====
DEBUG: screen_enabled: True, screen_render_mode: simple
DEBUG: Canvas drawing simple 2D screen
DEBUG: Drew unified screen in simple mode
DEBUG: Simple mode active - screen shows original 2D framebuffer view
DEBUG: Rendering MediaScreen Video Screen (istockphoto-482277170-640_adpp_is.mp4) with texture 3
DEBUG: Rendering screen Video Screen (istockphoto-482277170-640_adpp_is.mp4) of type screen_2d
DEBUG: Rendering MediaScreen Video Screen (istockphoto-482277170-640_adpp_is.mp4) with texture 3
DEBUG: ===== CANVAS update_sphere_view_vector() CALLED =====
DEBUG: Canvas syncing view_vector with sphere vector_direction: [1. 0. 0.]
DEBUG: Normalized view_vector: [1. 0. 0.]
DEBUG: Red vector direction: [1. 0. 0.]
DEBUG: Normalized view vector: [1.000, 0.000, 0.000]
DEBUG: Red cube position: [2. 0. 2.]
DEBUG: Expected direction to cube: [0.70710678 0.         0.70710678]
DEBUG: Actual view vector: [1. 0. 0.]
DEBUG: Dot product: 0.707
DEBUG: ⚠️ WARNING: View vector not pointing toward cube!
DEBUG: Consider setting vector direction to point toward cube
DEBUG: Suggested vector direction: [2.12132034 0.         2.12132034]
DEBUG: Angle to cube: 45.0° (should be < 30° to be visible)
DEBUG: Cube direction: [0.707, 0.000, 0.707]
DEBUG: 2D screen using perspective projection - FOV: 60.0°
DEBUG: ===== SIMPLE MODE CAMERA SETUP =====
DEBUG: Simple mode sphere_pos: [0. 0. 0.]
DEBUG: Simple mode view_dir: [1. 0. 0.]
DEBUG: Simple mode look_at: [10.  0.  0.]
DEBUG: Cube position: [2. 0. 2.]
DEBUG: Direction to cube: [0.70710678 0.         0.70710678]
DEBUG: View direction: [1. 0. 0.]
DEBUG: Angle between view and cube direction: 45.0° (should be close to 0°)
DEBUG: Are we looking toward cube? False
DEBUG: ==============================================
/Users/tombrumbaugh/Desktop/Dependency-Chart/gui/sphere_3d.py:12090: DeprecationWarning: NewId() is deprecated
  item_id = wx.NewId()
/Users/tombrumbaugh/Desktop/Dependency-Chart/gui/sphere_3d.py:12107: DeprecationWarning: NewId() is deprecated
  item_id = wx.NewId()
DEBUG: ===== SIMPLE MODE CUBE ROTATION =====
DEBUG: Simple mode applying cube rotation: [0.0°, 0.0°, 0.0°]
DEBUG: =========================================
DEBUG: Simple 2D screen rendered - reference objects disabled to prevent yellow box artifact
DEBUG: Using perspective projection - FOV: 60.0°
DEBUG: Frame caching error for frame 99: 'MediaScreen' object has no attribute 'cache_size_limit'
DEBUG: Canvas mode: 'simple', Sphere mode: 'simple'
DEBUG: Sphere screen render check - canvas_enabled: True, canvas_mode: simple, sphere_enabled: True, should_render: False
DEBUG: Sphere skipping screen render (canvas mode: simple)
DEBUG: ===== SIMPLE MODE CUBE ROTATION =====
DEBUG: Simple mode applying cube rotation: [0.0°, 0.0°, 0.0°]
DEBUG: =========================================
DEBUG: ===== CANVAS draw_unified_screen() CALLED =====
DEBUG: screen_enabled: True, screen_render_mode: simple
DEBUG: Canvas drawing simple 2D screen
DEBUG: Drew unified screen in simple mode
DEBUG: Simple mode active - screen shows original 2D framebuffer view
DEBUG: Rendering 2 screens
DEBUG: Rendering screen Original 2D Screen of type screen_2d
DEBUG: ===== SIMPLE MODE CUBE ROTATION =====
DEBUG: Simple mode applying cube rotation: [0.0°, 0.0°, 0.0°]
DEBUG: =========================================
DEBUG: ===== CANVAS draw_unified_screen() CALLED =====
DEBUG: screen_enabled: True, screen_render_mode: simple
DEBUG: Canvas drawing simple 2D screen
DEBUG: Drew unified screen in simple mode
DEBUG: Simple mode active - screen shows original 2D framebuffer view
DEBUG: Rendering MediaScreen Video Screen (istockphoto-482277170-640_adpp_is.mp4) with texture 3
DEBUG: Rendering screen Video Screen (istockphoto-482277170-640_adpp_is.mp4) of type screen_2d
DEBUG: Rendering MediaScreen Video Screen (istockphoto-482277170-640_adpp_is.mp4) with texture 3
DEBUG: ===== CANVAS update_sphere_view_vector() CALLED =====
DEBUG: Canvas syncing view_vector with sphere vector_direction: [1. 0. 0.]
DEBUG: Normalized view_vector: [1. 0. 0.]
DEBUG: Red vector direction: [1. 0. 0.]
DEBUG: Normalized view vector: [1.000, 0.000, 0.000]
DEBUG: Red cube position: [2. 0. 2.]
DEBUG: Expected direction to cube: [0.70710678 0.         0.70710678]
DEBUG: Actual view vector: [1. 0. 0.]
DEBUG: Dot product: 0.707
DEBUG: ⚠️ WARNING: View vector not pointing toward cube!
DEBUG: Consider setting vector direction to point toward cube
DEBUG: Suggested vector direction: [2.12132034 0.         2.12132034]
DEBUG: Angle to cube: 45.0° (should be < 30° to be visible)
DEBUG: Cube direction: [0.707, 0.000, 0.707]
DEBUG: 2D screen using perspective projection - FOV: 60.0°
DEBUG: ===== SIMPLE MODE CAMERA SETUP =====
DEBUG: Simple mode sphere_pos: [0. 0. 0.]
DEBUG: Simple mode view_dir: [1. 0. 0.]
DEBUG: Simple mode look_at: [10.  0.  0.]
DEBUG: Cube position: [2. 0. 2.]
DEBUG: Direction to cube: [0.70710678 0.         0.70710678]
DEBUG: View direction: [1. 0. 0.]
DEBUG: Angle between view and cube direction: 45.0° (should be close to 0°)
DEBUG: Are we looking toward cube? False
DEBUG: ==============================================
DEBUG: ===== SIMPLE MODE CUBE ROTATION =====
DEBUG: Simple mode applying cube rotation: [0.0°, 0.0°, 0.0°]
DEBUG: =========================================
DEBUG: Simple 2D screen rendered - reference objects disabled to prevent yellow box artifact
DEBUG: Using perspective projection - FOV: 60.0°
DEBUG: Canvas mode: 'simple', Sphere mode: 'simple'
DEBUG: Sphere screen render check - canvas_enabled: True, canvas_mode: simple, sphere_enabled: True, should_render: False
DEBUG: Sphere skipping screen render (canvas mode: simple)
DEBUG: ===== SIMPLE MODE CUBE ROTATION =====
DEBUG: Simple mode applying cube rotation: [0.0°, 0.0°, 0.0°]
DEBUG: =========================================
DEBUG: ===== CANVAS draw_unified_screen() CALLED =====
DEBUG: screen_enabled: True, screen_render_mode: simple
DEBUG: Canvas drawing simple 2D screen
DEBUG: Drew unified screen in simple mode
DEBUG: Simple mode active - screen shows original 2D framebuffer view
DEBUG: Rendering 2 screens
DEBUG: Rendering screen Original 2D Screen of type screen_2d
DEBUG: ===== SIMPLE MODE CUBE ROTATION =====
DEBUG: Simple mode applying cube rotation: [0.0°, 0.0°, 0.0°]
DEBUG: =========================================
DEBUG: ===== CANVAS draw_unified_screen() CALLED =====
DEBUG: screen_enabled: True, screen_render_mode: simple
DEBUG: Canvas drawing simple 2D screen
DEBUG: Drew unified screen in simple mode
DEBUG: Simple mode active - screen shows original 2D framebuffer view
DEBUG: Rendering MediaScreen Video Screen (istockphoto-482277170-640_adpp_is.mp4) with texture 3
DEBUG: Rendering screen Video Screen (istockphoto-482277170-640_adpp_is.mp4) of type screen_2d
DEBUG: Frame caching error for frame 104: 'MediaScreen' object has no attribute 'cache_size_limit'
DEBUG: Rendering MediaScreen Video Screen (istockphoto-482277170-640_adpp_is.mp4) with texture 3
DEBUG: ===== CANVAS update_sphere_view_vector() CALLED =====
DEBUG: Canvas syncing view_vector with sphere vector_direction: [1. 0. 0.]
DEBUG: Normalized view_vector: [1. 0. 0.]
DEBUG: Red vector direction: [1. 0. 0.]
DEBUG: Normalized view vector: [1.000, 0.000, 0.000]
DEBUG: Red cube position: [2. 0. 2.]
DEBUG: Expected direction to cube: [0.70710678 0.         0.70710678]
DEBUG: Actual view vector: [1. 0. 0.]
DEBUG: Dot product: 0.707
DEBUG: ⚠️ WARNING: View vector not pointing toward cube!
DEBUG: Consider setting vector direction to point toward cube
DEBUG: Suggested vector direction: [2.12132034 0.         2.12132034]
DEBUG: Angle to cube: 45.0° (should be < 30° to be visible)
DEBUG: Cube direction: [0.707, 0.000, 0.707]
DEBUG: 2D screen using perspective projection - FOV: 60.0°
DEBUG: ===== SIMPLE MODE CAMERA SETUP =====
DEBUG: Simple mode sphere_pos: [0. 0. 0.]
DEBUG: Simple mode view_dir: [1. 0. 0.]
DEBUG: Simple mode look_at: [10.  0.  0.]
DEBUG: Cube position: [2. 0. 2.]
DEBUG: Direction to cube: [0.70710678 0.         0.70710678]
DEBUG: View direction: [1. 0. 0.]
DEBUG: Angle between view and cube direction: 45.0° (should be close to 0°)
DEBUG: Are we looking toward cube? False
DEBUG: ==============================================
DEBUG: ===== SIMPLE MODE CUBE ROTATION =====
DEBUG: Simple mode applying cube rotation: [0.0°, 0.0°, 0.0°]
DEBUG: =========================================
DEBUG: Simple 2D screen rendered - reference objects disabled to prevent yellow box artifact
DEBUG: Using perspective projection - FOV: 60.0°
DEBUG: Canvas mode: 'simple', Sphere mode: 'simple'
DEBUG: Sphere screen render check - canvas_enabled: True, canvas_mode: simple, sphere_enabled: True, should_render: False
DEBUG: Sphere skipping screen render (canvas mode: simple)
DEBUG: ===== SIMPLE MODE CUBE ROTATION =====
DEBUG: Simple mode applying cube rotation: [0.0°, 0.0°, 0.0°]
DEBUG: =========================================
DEBUG: ===== CANVAS draw_unified_screen() CALLED =====
DEBUG: screen_enabled: True, screen_render_mode: simple
DEBUG: Canvas drawing simple 2D screen
DEBUG: Drew unified screen in simple mode
DEBUG: Simple mode active - screen shows original 2D framebuffer view
DEBUG: Rendering 2 screens
DEBUG: Rendering screen Original 2D Screen of type screen_2d
DEBUG: ===== SIMPLE MODE CUBE ROTATION =====
DEBUG: Simple mode applying cube rotation: [0.0°, 0.0°, 0.0°]
DEBUG: =========================================
DEBUG: ===== CANVAS draw_unified_screen() CALLED =====
DEBUG: screen_enabled: True, screen_render_mode: simple
DEBUG: Canvas drawing simple 2D screen
DEBUG: Drew unified screen in simple mode
DEBUG: Simple mode active - screen shows original 2D framebuffer view
DEBUG: Rendering MediaScreen Video Screen (istockphoto-482277170-640_adpp_is.mp4) with texture 3
DEBUG: Rendering screen Video Screen (istockphoto-482277170-640_adpp_is.mp4) of type screen_2d
DEBUG: Rendering MediaScreen Video Screen (istockphoto-482277170-640_adpp_is.mp4) with texture 3
DEBUG: Finished processing menu event for: 'Add Video Screen'
DEBUG: ===== CANVAS update_sphere_view_vector() CALLED =====
DEBUG: Canvas syncing view_vector with sphere vector_direction: [1. 0. 0.]
DEBUG: Normalized view_vector: [1. 0. 0.]
DEBUG: Red vector direction: [1. 0. 0.]
DEBUG: Normalized view vector: [1.000, 0.000, 0.000]
DEBUG: Red cube position: [2. 0. 2.]
DEBUG: Expected direction to cube: [0.70710678 0.         0.70710678]
DEBUG: Actual view vector: [1. 0. 0.]
DEBUG: Dot product: 0.707
DEBUG: ⚠️ WARNING: View vector not pointing toward cube!
DEBUG: Consider setting vector direction to point toward cube
DEBUG: Suggested vector direction: [2.12132034 0.         2.12132034]
DEBUG: Angle to cube: 45.0° (should be < 30° to be visible)
DEBUG: Cube direction: [0.707, 0.000, 0.707]
DEBUG: 2D screen using perspective projection - FOV: 60.0°
DEBUG: ===== SIMPLE MODE CAMERA SETUP =====
DEBUG: Simple mode sphere_pos: [0. 0. 0.]
DEBUG: Simple mode view_dir: [1. 0. 0.]
DEBUG: Simple mode look_at: [10.  0.  0.]
DEBUG: Cube position: [2. 0. 2.]
DEBUG: Direction to cube: [0.70710678 0.         0.70710678]
DEBUG: View direction: [1. 0. 0.]
DEBUG: Angle between view and cube direction: 45.0° (should be close to 0°)
DEBUG: Are we looking toward cube? False
DEBUG: ==============================================
DEBUG: ===== SIMPLE MODE CUBE ROTATION =====
DEBUG: Simple mode applying cube rotation: [0.0°, 0.0°, 0.0°]
DEBUG: =========================================
DEBUG: Simple 2D screen rendered - reference objects disabled to prevent yellow box artifact
DEBUG: Using perspective projection - FOV: 60.0°
DEBUG: Canvas mode: 'simple', Sphere mode: 'simple'
DEBUG: Sphere screen render check - canvas_enabled: True, canvas_mode: simple, sphere_enabled: True, should_render: False
DEBUG: Sphere skipping screen render (canvas mode: simple)
DEBUG: ===== SIMPLE MODE CUBE ROTATION =====
DEBUG: Simple mode applying cube rotation: [0.0°, 0.0°, 0.0°]
DEBUG: =========================================
DEBUG: ===== CANVAS draw_unified_screen() CALLED =====
DEBUG: screen_enabled: True, screen_render_mode: simple
DEBUG: Canvas drawing simple 2D screen
DEBUG: Drew unified screen in simple mode
DEBUG: Simple mode active - screen shows original 2D framebuffer view
DEBUG: Rendering 2 screens
DEBUG: Rendering screen Original 2D Screen of type screen_2d
DEBUG: Frame caching error for frame 109: 'MediaScreen' object has no attribute 'cache_size_limit'
DEBUG: ===== SIMPLE MODE CUBE ROTATION =====
DEBUG: Simple mode applying cube rotation: [0.0°, 0.0°, 0.0°]
DEBUG: =========================================
DEBUG: ===== CANVAS draw_unified_screen() CALLED =====
DEBUG: screen_enabled: True, screen_render_mode: simple
DEBUG: Canvas drawing simple 2D screen
DEBUG: Drew unified screen in simple mode
DEBUG: Simple mode active - screen shows original 2D framebuffer view
DEBUG: Rendering MediaScreen Video Screen (istockphoto-482277170-640_adpp_is.mp4) with texture 3
DEBUG: Rendering screen Video Screen (istockphoto-482277170-640_adpp_is.mp4) of type screen_2d
DEBUG: Rendering MediaScreen Video Screen (istockphoto-482277170-640_adpp_is.mp4) with texture 3
DEBUG: ===== CANVAS update_sphere_view_vector() CALLED =====
DEBUG: Canvas syncing view_vector with sphere vector_direction: [1. 0. 0.]
DEBUG: Normalized view_vector: [1. 0. 0.]
DEBUG: Red vector direction: [1. 0. 0.]
DEBUG: Normalized view vector: [1.000, 0.000, 0.000]
DEBUG: Red cube position: [2. 0. 2.]
DEBUG: Expected direction to cube: [0.70710678 0.         0.70710678]
DEBUG: Actual view vector: [1. 0. 0.]
DEBUG: Dot product: 0.707
DEBUG: ⚠️ WARNING: View vector not pointing toward cube!
DEBUG: Consider setting vector direction to point toward cube
DEBUG: Suggested vector direction: [2.12132034 0.         2.12132034]
DEBUG: Angle to cube: 45.0° (should be < 30° to be visible)
DEBUG: Cube direction: [0.707, 0.000, 0.707]
DEBUG: 2D screen using perspective projection - FOV: 60.0°
DEBUG: ===== SIMPLE MODE CAMERA SETUP =====
DEBUG: Simple mode sphere_pos: [0. 0. 0.]
DEBUG: Simple mode view_dir: [1. 0. 0.]
DEBUG: Simple mode look_at: [10.  0.  0.]
DEBUG: Cube position: [2. 0. 2.]
DEBUG: Direction to cube: [0.70710678 0.         0.70710678]
DEBUG: View direction: [1. 0. 0.]
DEBUG: Angle between view and cube direction: 45.0° (should be close to 0°)
DEBUG: Are we looking toward cube? False
DEBUG: ==============================================
DEBUG: ===== SIMPLE MODE CUBE ROTATION =====
DEBUG: Simple mode applying cube rotation: [0.0°, 0.0°, 0.0°]
DEBUG: =========================================
DEBUG: Simple 2D screen rendered - reference objects disabled to prevent yellow box artifact
DEBUG: Using perspective projection - FOV: 60.0°
DEBUG: Canvas mode: 'simple', Sphere mode: 'simple'
DEBUG: Sphere screen render check - canvas_enabled: True, canvas_mode: simple, sphere_enabled: True, should_render: False
DEBUG: Sphere skipping screen render (canvas mode: simple)
DEBUG: ===== SIMPLE MODE CUBE ROTATION =====
DEBUG: Simple mode applying cube rotation: [0.0°, 0.0°, 0.0°]
DEBUG: =========================================
DEBUG: ===== CANVAS draw_unified_screen() CALLED =====
DEBUG: screen_enabled: True, screen_render_mode: simple
DEBUG: Canvas drawing simple 2D screen
DEBUG: Drew unified screen in simple mode
DEBUG: Simple mode active - screen shows original 2D framebuffer view
DEBUG: Rendering 2 screens
DEBUG: Rendering screen Original 2D Screen of type screen_2d
DEBUG: ===== SIMPLE MODE CUBE ROTATION =====
DEBUG: Simple mode applying cube rotation: [0.0°, 0.0°, 0.0°]
DEBUG: =========================================
DEBUG: ===== CANVAS draw_unified_screen() CALLED =====
DEBUG: screen_enabled: True, screen_render_mode: simple
DEBUG: Canvas drawing simple 2D screen
DEBUG: Drew unified screen in simple mode
DEBUG: Simple mode active - screen shows original 2D framebuffer view
DEBUG: Rendering MediaScreen Video Screen (istockphoto-482277170-640_adpp_is.mp4) with texture 3
DEBUG: Rendering screen Video Screen (istockphoto-482277170-640_adpp_is.mp4) of type screen_2d
DEBUG: Rendering MediaScreen Video Screen (istockphoto-482277170-640_adpp_is.mp4) with texture 3
DEBUG: ===== CANVAS update_sphere_view_vector() CALLED =====
DEBUG: Canvas syncing view_vector with sphere vector_direction: [1. 0. 0.]
DEBUG: Normalized view_vector: [1. 0. 0.]
DEBUG: Red vector direction: [1. 0. 0.]
DEBUG: Normalized view vector: [1.000, 0.000, 0.000]
DEBUG: Red cube position: [2. 0. 2.]
DEBUG: Expected direction to cube: [0.70710678 0.         0.70710678]
DEBUG: Actual view vector: [1. 0. 0.]
DEBUG: Dot product: 0.707
DEBUG: ⚠️ WARNING: View vector not pointing toward cube!
DEBUG: Consider setting vector direction to point toward cube
DEBUG: Suggested vector direction: [2.12132034 0.         2.12132034]
DEBUG: Angle to cube: 45.0° (should be < 30° to be visible)
DEBUG: Cube direction: [0.707, 0.000, 0.707]
DEBUG: 2D screen using perspective projection - FOV: 60.0°
DEBUG: ===== SIMPLE MODE CAMERA SETUP =====
DEBUG: Simple mode sphere_pos: [0. 0. 0.]
DEBUG: Simple mode view_dir: [1. 0. 0.]
DEBUG: Simple mode look_at: [10.  0.  0.]
DEBUG: Cube position: [2. 0. 2.]
DEBUG: Direction to cube: [0.70710678 0.         0.70710678]
DEBUG: View direction: [1. 0. 0.]
DEBUG: Angle between view and cube direction: 45.0° (should be close to 0°)
DEBUG: Are we looking toward cube? False
DEBUG: ==============================================
DEBUG: ===== SIMPLE MODE CUBE ROTATION =====
DEBUG: Simple mode applying cube rotation: [0.0°, 0.0°, 0.0°]
DEBUG: =========================================
DEBUG: Simple 2D screen rendered - reference objects disabled to prevent yellow box artifact
DEBUG: Using perspective projection - FOV: 60.0°
DEBUG: Canvas mode: 'simple', Sphere mode: 'simple'
DEBUG: Sphere screen render check - canvas_enabled: True, canvas_mode: simple, sphere_enabled: True, should_render: False
DEBUG: Sphere skipping screen render (canvas mode: simple)
DEBUG: ===== SIMPLE MODE CUBE ROTATION =====
DEBUG: Simple mode applying cube rotation: [0.0°, 0.0°, 0.0°]
DEBUG: =========================================
DEBUG: ===== CANVAS draw_unified_screen() CALLED =====
DEBUG: screen_enabled: True, screen_render_mode: simple
DEBUG: Canvas drawing simple 2D screen
DEBUG: Drew unified screen in simple mode
DEBUG: Simple mode active - screen shows original 2D framebuffer view
DEBUG: Rendering 2 screens
DEBUG: Rendering screen Original 2D Screen of type screen_2d
DEBUG: ===== SIMPLE MODE CUBE ROTATION =====
DEBUG: Simple mode applying cube rotation: [0.0°, 0.0°, 0.0°]
DEBUG: =========================================
DEBUG: ===== CANVAS draw_unified_screen() CALLED =====
DEBUG: screen_enabled: True, screen_render_mode: simple
DEBUG: Canvas drawing simple 2D screen
DEBUG: Drew unified screen in simple mode
DEBUG: Simple mode active - screen shows original 2D framebuffer view
DEBUG: Rendering MediaScreen Video Screen (istockphoto-482277170-640_adpp_is.mp4) with texture 3
DEBUG: Rendering screen Video Screen (istockphoto-482277170-640_adpp_is.mp4) of type screen_2d
DEBUG: Rendering MediaScreen Video Screen (istockphoto-482277170-640_adpp_is.mp4) with texture 3
DEBUG: ===== CANVAS update_sphere_view_vector() CALLED =====
DEBUG: Canvas syncing view_vector with sphere vector_direction: [1. 0. 0.]
DEBUG: Normalized view_vector: [1. 0. 0.]
DEBUG: Red vector direction: [1. 0. 0.]
DEBUG: Normalized view vector: [1.000, 0.000, 0.000]
DEBUG: Red cube position: [2. 0. 2.]
DEBUG: Expected direction to cube: [0.70710678 0.         0.70710678]
DEBUG: Actual view vector: [1. 0. 0.]
DEBUG: Dot product: 0.707
DEBUG: ⚠️ WARNING: View vector not pointing toward cube!
DEBUG: Consider setting vector direction to point toward cube
DEBUG: Suggested vector direction: [2.12132034 0.         2.12132034]
DEBUG: Angle to cube: 45.0° (should be < 30° to be visible)
DEBUG: Cube direction: [0.707, 0.000, 0.707]
DEBUG: 2D screen using perspective projection - FOV: 60.0°
DEBUG: ===== SIMPLE MODE CAMERA SETUP =====
DEBUG: Simple mode sphere_pos: [0. 0. 0.]
DEBUG: Simple mode view_dir: [1. 0. 0.]
DEBUG: Simple mode look_at: [10.  0.  0.]
DEBUG: Cube position: [2. 0. 2.]
DEBUG: Direction to cube: [0.70710678 0.         0.70710678]
DEBUG: View direction: [1. 0. 0.]
DEBUG: Angle between view and cube direction: 45.0° (should be close to 0°)
DEBUG: Are we looking toward cube? False
DEBUG: ==============================================
DEBUG: ===== SIMPLE MODE CUBE ROTATION =====
DEBUG: Simple mode applying cube rotation: [0.0°, 0.0°, 0.0°]
DEBUG: =========================================
DEBUG: Simple 2D screen rendered - reference objects disabled to prevent yellow box artifact
DEBUG: Using perspective projection - FOV: 60.0°
DEBUG: Canvas mode: 'simple', Sphere mode: 'simple'
DEBUG: Sphere screen render check - canvas_enabled: True, canvas_mode: simple, sphere_enabled: True, should_render: False
DEBUG: Sphere skipping screen render (canvas mode: simple)
DEBUG: ===== SIMPLE MODE CUBE ROTATION =====
DEBUG: Simple mode applying cube rotation: [0.0°, 0.0°, 0.0°]
DEBUG: =========================================
DEBUG: ===== CANVAS draw_unified_screen() CALLED =====
DEBUG: screen_enabled: True, screen_render_mode: simple
DEBUG: Canvas drawing simple 2D screen
DEBUG: Drew unified screen in simple mode
DEBUG: Simple mode active - screen shows original 2D framebuffer view
DEBUG: Rendering 2 screens
DEBUG: Rendering screen Original 2D Screen of type screen_2d
DEBUG: Frame caching error for frame 115: 'MediaScreen' object has no attribute 'cache_size_limit'
DEBUG: ===== SIMPLE MODE CUBE ROTATION =====
DEBUG: Simple mode applying cube rotation: [0.0°, 0.0°, 0.0°]
DEBUG: =========================================
DEBUG: ===== CANVAS draw_unified_screen() CALLED =====
DEBUG: screen_enabled: True, screen_render_mode: simple
DEBUG: Canvas drawing simple 2D screen
DEBUG: Drew unified screen in simple mode
DEBUG: Simple mode active - screen shows original 2D framebuffer view
DEBUG: Rendering MediaScreen Video Screen (istockphoto-482277170-640_adpp_is.mp4) with texture 3
DEBUG: Rendering screen Video Screen (istockphoto-482277170-640_adpp_is.mp4) of type screen_2d
DEBUG: Rendering MediaScreen Video Screen (istockphoto-482277170-640_adpp_is.mp4) with texture 3
DEBUG: ===== CANVAS update_sphere_view_vector() CALLED =====
DEBUG: Canvas syncing view_vector with sphere vector_direction: [1. 0. 0.]
DEBUG: Normalized view_vector: [1. 0. 0.]
DEBUG: Red vector direction: [1. 0. 0.]
DEBUG: Normalized view vector: [1.000, 0.000, 0.000]
DEBUG: Red cube position: [2. 0. 2.]
DEBUG: Expected direction to cube: [0.70710678 0.         0.70710678]
DEBUG: Actual view vector: [1. 0. 0.]
DEBUG: Dot product: 0.707
DEBUG: ⚠️ WARNING: View vector not pointing toward cube!
DEBUG: Consider setting vector direction to point toward cube
DEBUG: Suggested vector direction: [2.12132034 0.         2.12132034]
DEBUG: Angle to cube: 45.0° (should be < 30° to be visible)
DEBUG: Cube direction: [0.707, 0.000, 0.707]
DEBUG: 2D screen using perspective projection - FOV: 60.0°
DEBUG: ===== SIMPLE MODE CAMERA SETUP =====
DEBUG: Simple mode sphere_pos: [0. 0. 0.]
DEBUG: Simple mode view_dir: [1. 0. 0.]
DEBUG: Simple mode look_at: [10.  0.  0.]
DEBUG: Cube position: [2. 0. 2.]
DEBUG: Direction to cube: [0.70710678 0.         0.70710678]
DEBUG: View direction: [1. 0. 0.]
DEBUG: Angle between view and cube direction: 45.0° (should be close to 0°)
DEBUG: Are we looking toward cube? False
DEBUG: ==============================================
DEBUG: ===== SIMPLE MODE CUBE ROTATION =====
DEBUG: Simple mode applying cube rotation: [0.0°, 0.0°, 0.0°]
DEBUG: =========================================
DEBUG: Simple 2D screen rendered - reference objects disabled to prevent yellow box artifact
DEBUG: Using perspective projection - FOV: 60.0°
DEBUG: Canvas mode: 'simple', Sphere mode: 'simple'
DEBUG: Sphere screen render check - canvas_enabled: True, canvas_mode: simple, sphere_enabled: True, should_render: False
DEBUG: Sphere skipping screen render (canvas mode: simple)
DEBUG: ===== SIMPLE MODE CUBE ROTATION =====
DEBUG: Simple mode applying cube rotation: [0.0°, 0.0°, 0.0°]
DEBUG: =========================================
DEBUG: ===== CANVAS draw_unified_screen() CALLED =====
DEBUG: screen_enabled: True, screen_render_mode: simple
DEBUG: Canvas drawing simple 2D screen
DEBUG: Drew unified screen in simple mode
DEBUG: Simple mode active - screen shows original 2D framebuffer view
DEBUG: Rendering 2 screens
DEBUG: Rendering screen Original 2D Screen of type screen_2d
DEBUG: Frame caching error for frame 131: 'MediaScreen' object has no attribute 'cache_size_limit'
DEBUG: ===== SIMPLE MODE CUBE ROTATION =====
DEBUG: Simple mode applying cube rotation: [0.0°, 0.0°, 0.0°]
DEBUG: =========================================
DEBUG: ===== CANVAS draw_unified_screen() CALLED =====
DEBUG: screen_enabled: True, screen_render_mode: simple
DEBUG: Canvas drawing simple 2D screen
DEBUG: Drew unified screen in simple mode
DEBUG: Simple mode active - screen shows original 2D framebuffer view
DEBUG: Rendering MediaScreen Video Screen (istockphoto-482277170-640_adpp_is.mp4) with texture 3
DEBUG: Rendering screen Video Screen (istockphoto-482277170-640_adpp_is.mp4) of type screen_2d
DEBUG: Rendering MediaScreen Video Screen (istockphoto-482277170-640_adpp_is.mp4) with texture 3
DEBUG: ===== CANVAS update_sphere_view_vector() CALLED =====
DEBUG: Canvas syncing view_vector with sphere vector_direction: [1. 0. 0.]
DEBUG: Normalized view_vector: [1. 0. 0.]
DEBUG: Red vector direction: [1. 0. 0.]
DEBUG: Normalized view vector: [1.000, 0.000, 0.000]
DEBUG: Red cube position: [2. 0. 2.]
DEBUG: Expected direction to cube: [0.70710678 0.         0.70710678]
DEBUG: Actual view vector: [1. 0. 0.]
DEBUG: Dot product: 0.707
DEBUG: ⚠️ WARNING: View vector not pointing toward cube!
DEBUG: Consider setting vector direction to point toward cube
DEBUG: Suggested vector direction: [2.12132034 0.         2.12132034]
DEBUG: Angle to cube: 45.0° (should be < 30° to be visible)
DEBUG: Cube direction: [0.707, 0.000, 0.707]
DEBUG: 2D screen using perspective projection - FOV: 60.0°
DEBUG: ===== SIMPLE MODE CAMERA SETUP =====
DEBUG: Simple mode sphere_pos: [0. 0. 0.]
DEBUG: Simple mode view_dir: [1. 0. 0.]
DEBUG: Simple mode look_at: [10.  0.  0.]
DEBUG: Cube position: [2. 0. 2.]
DEBUG: Direction to cube: [0.70710678 0.         0.70710678]
DEBUG: View direction: [1. 0. 0.]
DEBUG: Angle between view and cube direction: 45.0° (should be close to 0°)
DEBUG: Are we looking toward cube? False
DEBUG: ==============================================
DEBUG: ===== SIMPLE MODE CUBE ROTATION =====
DEBUG: Simple mode applying cube rotation: [0.0°, 0.0°, 0.0°]
DEBUG: =========================================
DEBUG: Simple 2D screen rendered - reference objects disabled to prevent yellow box artifact
DEBUG: Using perspective projection - FOV: 60.0°
DEBUG: Frame caching error for frame 138: 'MediaScreen' object has no attribute 'cache_size_limit'
DEBUG: Canvas mode: 'simple', Sphere mode: 'simple'
DEBUG: Sphere screen render check - canvas_enabled: True, canvas_mode: simple, sphere_enabled: True, should_render: False
DEBUG: Sphere skipping screen render (canvas mode: simple)
DEBUG: ===== SIMPLE MODE CUBE ROTATION =====
DEBUG: Simple mode applying cube rotation: [0.0°, 0.0°, 0.0°]
DEBUG: =========================================
DEBUG: ===== CANVAS draw_unified_screen() CALLED =====
DEBUG: screen_enabled: True, screen_render_mode: simple
DEBUG: Canvas drawing simple 2D screen
DEBUG: Drew unified screen in simple mode
DEBUG: Simple mode active - screen shows original 2D framebuffer view
DEBUG: Rendering 2 screens
DEBUG: Rendering screen Original 2D Screen of type screen_2d
DEBUG: ===== SIMPLE MODE CUBE ROTATION =====
DEBUG: Simple mode applying cube rotation: [0.0°, 0.0°, 0.0°]
DEBUG: =========================================
DEBUG: ===== CANVAS draw_unified_screen() CALLED =====
DEBUG: screen_enabled: True, screen_render_mode: simple
DEBUG: Canvas drawing simple 2D screen
DEBUG: Drew unified screen in simple mode
DEBUG: Simple mode active - screen shows original 2D framebuffer view
DEBUG: Frame caching error for frame 143: 'MediaScreen' object has no attribute 'cache_size_limit'
DEBUG: Rendering MediaScreen Video Screen (istockphoto-482277170-640_adpp_is.mp4) with texture 3
DEBUG: Rendering screen Video Screen (istockphoto-482277170-640_adpp_is.mp4) of type screen_2d
DEBUG: Rendering MediaScreen Video Screen (istockphoto-482277170-640_adpp_is.mp4) with texture 3
DEBUG: ===== CANVAS update_sphere_view_vector() CALLED =====
DEBUG: Canvas syncing view_vector with sphere vector_direction: [1. 0. 0.]
DEBUG: Normalized view_vector: [1. 0. 0.]
DEBUG: Red vector direction: [1. 0. 0.]
DEBUG: Normalized view vector: [1.000, 0.000, 0.000]
DEBUG: Red cube position: [2. 0. 2.]
DEBUG: Expected direction to cube: [0.70710678 0.         0.70710678]
DEBUG: Actual view vector: [1. 0. 0.]
DEBUG: Dot product: 0.707
DEBUG: ⚠️ WARNING: View vector not pointing toward cube!
DEBUG: Consider setting vector direction to point toward cube
DEBUG: Suggested vector direction: [2.12132034 0.         2.12132034]
DEBUG: Angle to cube: 45.0° (should be < 30° to be visible)
DEBUG: Cube direction: [0.707, 0.000, 0.707]
DEBUG: 2D screen using perspective projection - FOV: 60.0°
DEBUG: ===== SIMPLE MODE CAMERA SETUP =====
DEBUG: Simple mode sphere_pos: [0. 0. 0.]
DEBUG: Simple mode view_dir: [1. 0. 0.]
DEBUG: Simple mode look_at: [10.  0.  0.]
DEBUG: Cube position: [2. 0. 2.]
DEBUG: Direction to cube: [0.70710678 0.         0.70710678]
DEBUG: View direction: [1. 0. 0.]
DEBUG: Angle between view and cube direction: 45.0° (should be close to 0°)
DEBUG: Are we looking toward cube? False
DEBUG: ==============================================
DEBUG: ===== SIMPLE MODE CUBE ROTATION =====
DEBUG: Simple mode applying cube rotation: [0.0°, 0.0°, 0.0°]
DEBUG: =========================================
DEBUG: Simple 2D screen rendered - reference objects disabled to prevent yellow box artifact
DEBUG: Using perspective projection - FOV: 60.0°
DEBUG: Canvas mode: 'simple', Sphere mode: 'simple'
DEBUG: Sphere screen render check - canvas_enabled: True, canvas_mode: simple, sphere_enabled: True, should_render: False
DEBUG: Sphere skipping screen render (canvas mode: simple)
DEBUG: ===== SIMPLE MODE CUBE ROTATION =====
DEBUG: Simple mode applying cube rotation: [0.0°, 0.0°, 0.0°]
DEBUG: =========================================
DEBUG: ===== CANVAS draw_unified_screen() CALLED =====
DEBUG: screen_enabled: True, screen_render_mode: simple
DEBUG: Canvas drawing simple 2D screen
DEBUG: Drew unified screen in simple mode
DEBUG: Simple mode active - screen shows original 2D framebuffer view
DEBUG: Rendering 2 screens
DEBUG: Rendering screen Original 2D Screen of type screen_2d
DEBUG: Frame caching error for frame 148: 'MediaScreen' object has no attribute 'cache_size_limit'
DEBUG: ===== SIMPLE MODE CUBE ROTATION =====
DEBUG: Simple mode applying cube rotation: [0.0°, 0.0°, 0.0°]
DEBUG: =========================================
DEBUG: ===== CANVAS draw_unified_screen() CALLED =====
DEBUG: screen_enabled: True, screen_render_mode: simple
DEBUG: Canvas drawing simple 2D screen
DEBUG: Drew unified screen in simple mode
DEBUG: Simple mode active - screen shows original 2D framebuffer view
DEBUG: Rendering MediaScreen Video Screen (istockphoto-482277170-640_adpp_is.mp4) with texture 3
DEBUG: Rendering screen Video Screen (istockphoto-482277170-640_adpp_is.mp4) of type screen_2d
DEBUG: Rendering MediaScreen Video Screen (istockphoto-482277170-640_adpp_is.mp4) with texture 3
DEBUG: ===== CANVAS update_sphere_view_vector() CALLED =====
DEBUG: Canvas syncing view_vector with sphere vector_direction: [1. 0. 0.]
DEBUG: Normalized view_vector: [1. 0. 0.]
DEBUG: Red vector direction: [1. 0. 0.]
DEBUG: Normalized view vector: [1.000, 0.000, 0.000]
DEBUG: Red cube position: [2. 0. 2.]
DEBUG: Expected direction to cube: [0.70710678 0.         0.70710678]
DEBUG: Actual view vector: [1. 0. 0.]
DEBUG: Dot product: 0.707
DEBUG: ⚠️ WARNING: View vector not pointing toward cube!
DEBUG: Consider setting vector direction to point toward cube
DEBUG: Suggested vector direction: [2.12132034 0.         2.12132034]
DEBUG: Angle to cube: 45.0° (should be < 30° to be visible)
DEBUG: Cube direction: [0.707, 0.000, 0.707]
DEBUG: 2D screen using perspective projection - FOV: 60.0°
DEBUG: ===== SIMPLE MODE CAMERA SETUP =====
DEBUG: Simple mode sphere_pos: [0. 0. 0.]
DEBUG: Simple mode view_dir: [1. 0. 0.]
DEBUG: Simple mode look_at: [10.  0.  0.]
DEBUG: Cube position: [2. 0. 2.]
DEBUG: Direction to cube: [0.70710678 0.         0.70710678]
DEBUG: View direction: [1. 0. 0.]
DEBUG: Angle between view and cube direction: 45.0° (should be close to 0°)
DEBUG: Are we looking toward cube? False
DEBUG: ==============================================
DEBUG: ===== SIMPLE MODE CUBE ROTATION =====
DEBUG: Simple mode applying cube rotation: [0.0°, 0.0°, 0.0°]
DEBUG: =========================================
DEBUG: Simple 2D screen rendered - reference objects disabled to prevent yellow box artifact
DEBUG: Using perspective projection - FOV: 60.0°
DEBUG: Canvas mode: 'simple', Sphere mode: 'simple'
DEBUG: Sphere screen render check - canvas_enabled: True, canvas_mode: simple, sphere_enabled: True, should_render: False
DEBUG: Sphere skipping screen render (canvas mode: simple)
DEBUG: ===== SIMPLE MODE CUBE ROTATION =====
DEBUG: Simple mode applying cube rotation: [0.0°, 0.0°, 0.0°]
DEBUG: =========================================
DEBUG: ===== CANVAS draw_unified_screen() CALLED =====
DEBUG: screen_enabled: True, screen_render_mode: simple
DEBUG: Canvas drawing simple 2D screen
DEBUG: Drew unified screen in simple mode
DEBUG: Simple mode active - screen shows original 2D framebuffer view
DEBUG: Rendering 2 screens
DEBUG: Rendering screen Original 2D Screen of type screen_2d
DEBUG: Frame caching error for frame 155: 'MediaScreen' object has no attribute 'cache_size_limit'
DEBUG: ===== SIMPLE MODE CUBE ROTATION =====
DEBUG: Simple mode applying cube rotation: [0.0°, 0.0°, 0.0°]
DEBUG: =========================================
DEBUG: ===== CANVAS draw_unified_screen() CALLED =====
DEBUG: screen_enabled: True, screen_render_mode: simple
DEBUG: Canvas drawing simple 2D screen
DEBUG: Drew unified screen in simple mode
DEBUG: Simple mode active - screen shows original 2D framebuffer view
DEBUG: Rendering MediaScreen Video Screen (istockphoto-482277170-640_adpp_is.mp4) with texture 3
DEBUG: Rendering screen Video Screen (istockphoto-482277170-640_adpp_is.mp4) of type screen_2d
DEBUG: Rendering MediaScreen Video Screen (istockphoto-482277170-640_adpp_is.mp4) with texture 3
DEBUG: ===== CANVAS update_sphere_view_vector() CALLED =====
DEBUG: Canvas syncing view_vector with sphere vector_direction: [1. 0. 0.]
DEBUG: Normalized view_vector: [1. 0. 0.]
DEBUG: Red vector direction: [1. 0. 0.]
DEBUG: Normalized view vector: [1.000, 0.000, 0.000]
DEBUG: Red cube position: [2. 0. 2.]
DEBUG: Expected direction to cube: [0.70710678 0.         0.70710678]
DEBUG: Actual view vector: [1. 0. 0.]
DEBUG: Dot product: 0.707
DEBUG: ⚠️ WARNING: View vector not pointing toward cube!
DEBUG: Consider setting vector direction to point toward cube
DEBUG: Suggested vector direction: [2.12132034 0.         2.12132034]
DEBUG: Angle to cube: 45.0° (should be < 30° to be visible)
DEBUG: Cube direction: [0.707, 0.000, 0.707]
DEBUG: 2D screen using perspective projection - FOV: 60.0°
DEBUG: ===== SIMPLE MODE CAMERA SETUP =====
DEBUG: Simple mode sphere_pos: [0. 0. 0.]
DEBUG: Simple mode view_dir: [1. 0. 0.]
DEBUG: Simple mode look_at: [10.  0.  0.]
DEBUG: Cube position: [2. 0. 2.]
DEBUG: Direction to cube: [0.70710678 0.         0.70710678]
DEBUG: View direction: [1. 0. 0.]
DEBUG: Angle between view and cube direction: 45.0° (should be close to 0°)
DEBUG: Are we looking toward cube? False
DEBUG: ==============================================
DEBUG: ===== SIMPLE MODE CUBE ROTATION =====
DEBUG: Simple mode applying cube rotation: [0.0°, 0.0°, 0.0°]
DEBUG: =========================================
DEBUG: Simple 2D screen rendered - reference objects disabled to prevent yellow box artifact
DEBUG: Using perspective projection - FOV: 60.0°
DEBUG: Canvas mode: 'simple', Sphere mode: 'simple'
DEBUG: Sphere screen render check - canvas_enabled: True, canvas_mode: simple, sphere_enabled: True, should_render: False
DEBUG: Sphere skipping screen render (canvas mode: simple)
DEBUG: ===== SIMPLE MODE CUBE ROTATION =====
DEBUG: Simple mode applying cube rotation: [0.0°, 0.0°, 0.0°]
DEBUG: =========================================
DEBUG: ===== CANVAS draw_unified_screen() CALLED =====
DEBUG: screen_enabled: True, screen_render_mode: simple
DEBUG: Canvas drawing simple 2D screen
DEBUG: Drew unified screen in simple mode
DEBUG: Simple mode active - screen shows original 2D framebuffer view
DEBUG: Rendering 2 screens
DEBUG: Rendering screen Original 2D Screen of type screen_2d
DEBUG: Frame caching error for frame 161: 'MediaScreen' object has no attribute 'cache_size_limit'
DEBUG: ===== SIMPLE MODE CUBE ROTATION =====
DEBUG: Simple mode applying cube rotation: [0.0°, 0.0°, 0.0°]
DEBUG: =========================================
DEBUG: ===== CANVAS draw_unified_screen() CALLED =====
DEBUG: screen_enabled: True, screen_render_mode: simple
DEBUG: Canvas drawing simple 2D screen
DEBUG: Drew unified screen in simple mode
DEBUG: Simple mode active - screen shows original 2D framebuffer view
DEBUG: Rendering MediaScreen Video Screen (istockphoto-482277170-640_adpp_is.mp4) with texture 3
DEBUG: Rendering screen Video Screen (istockphoto-482277170-640_adpp_is.mp4) of type screen_2d
DEBUG: Rendering MediaScreen Video Screen (istockphoto-482277170-640_adpp_is.mp4) with texture 3
DEBUG: ===== CANVAS update_sphere_view_vector() CALLED =====
DEBUG: Canvas syncing view_vector with sphere vector_direction: [1. 0. 0.]
DEBUG: Normalized view_vector: [1. 0. 0.]
DEBUG: Red vector direction: [1. 0. 0.]
DEBUG: Normalized view vector: [1.000, 0.000, 0.000]
DEBUG: Red cube position: [2. 0. 2.]
DEBUG: Expected direction to cube: [0.70710678 0.         0.70710678]
DEBUG: Actual view vector: [1. 0. 0.]
DEBUG: Dot product: 0.707
DEBUG: ⚠️ WARNING: View vector not pointing toward cube!
DEBUG: Consider setting vector direction to point toward cube
DEBUG: Suggested vector direction: [2.12132034 0.         2.12132034]
DEBUG: Angle to cube: 45.0° (should be < 30° to be visible)
DEBUG: Cube direction: [0.707, 0.000, 0.707]
DEBUG: 2D screen using perspective projection - FOV: 60.0°
DEBUG: ===== SIMPLE MODE CAMERA SETUP =====
DEBUG: Simple mode sphere_pos: [0. 0. 0.]
DEBUG: Simple mode view_dir: [1. 0. 0.]
DEBUG: Simple mode look_at: [10.  0.  0.]
DEBUG: Cube position: [2. 0. 2.]
DEBUG: Direction to cube: [0.70710678 0.         0.70710678]
DEBUG: View direction: [1. 0. 0.]
DEBUG: Angle between view and cube direction: 45.0° (should be close to 0°)
DEBUG: Are we looking toward cube? False
DEBUG: ==============================================
DEBUG: ===== SIMPLE MODE CUBE ROTATION =====
DEBUG: Simple mode applying cube rotation: [0.0°, 0.0°, 0.0°]
DEBUG: =========================================
DEBUG: Simple 2D screen rendered - reference objects disabled to prevent yellow box artifact
DEBUG: Using perspective projection - FOV: 60.0°
DEBUG: Canvas mode: 'simple', Sphere mode: 'simple'
DEBUG: Sphere screen render check - canvas_enabled: True, canvas_mode: simple, sphere_enabled: True, should_render: False
DEBUG: Sphere skipping screen render (canvas mode: simple)
DEBUG: ===== SIMPLE MODE CUBE ROTATION =====
DEBUG: Simple mode applying cube rotation: [0.0°, 0.0°, 0.0°]
DEBUG: =========================================
DEBUG: ===== CANVAS draw_unified_screen() CALLED =====
DEBUG: screen_enabled: True, screen_render_mode: simple
DEBUG: Canvas drawing simple 2D screen
DEBUG: Drew unified screen in simple mode
DEBUG: Simple mode active - screen shows original 2D framebuffer view
DEBUG: Rendering 2 screens
DEBUG: Rendering screen Original 2D Screen of type screen_2d
DEBUG: Frame caching error for frame 169: 'MediaScreen' object has no attribute 'cache_size_limit'
DEBUG: ===== SIMPLE MODE CUBE ROTATION =====
DEBUG: Simple mode applying cube rotation: [0.0°, 0.0°, 0.0°]
DEBUG: =========================================
DEBUG: ===== CANVAS draw_unified_screen() CALLED =====
DEBUG: screen_enabled: True, screen_render_mode: simple
DEBUG: Canvas drawing simple 2D screen
DEBUG: Drew unified screen in simple mode
DEBUG: Simple mode active - screen shows original 2D framebuffer view
DEBUG: Rendering MediaScreen Video Screen (istockphoto-482277170-640_adpp_is.mp4) with texture 3
DEBUG: Rendering screen Video Screen (istockphoto-482277170-640_adpp_is.mp4) of type screen_2d
DEBUG: Rendering MediaScreen Video Screen (istockphoto-482277170-640_adpp_is.mp4) with texture 3
DEBUG: ===== CANVAS update_sphere_view_vector() CALLED =====
DEBUG: Canvas syncing view_vector with sphere vector_direction: [1. 0. 0.]
DEBUG: Normalized view_vector: [1. 0. 0.]
DEBUG: Red vector direction: [1. 0. 0.]
DEBUG: Normalized view vector: [1.000, 0.000, 0.000]
DEBUG: Red cube position: [2. 0. 2.]
DEBUG: Expected direction to cube: [0.70710678 0.         0.70710678]
DEBUG: Actual view vector: [1. 0. 0.]
DEBUG: Dot product: 0.707
DEBUG: ⚠️ WARNING: View vector not pointing toward cube!
DEBUG: Consider setting vector direction to point toward cube
DEBUG: Suggested vector direction: [2.12132034 0.         2.12132034]
DEBUG: Angle to cube: 45.0° (should be < 30° to be visible)
DEBUG: Cube direction: [0.707, 0.000, 0.707]
DEBUG: 2D screen using perspective projection - FOV: 60.0°
DEBUG: ===== SIMPLE MODE CAMERA SETUP =====
DEBUG: Simple mode sphere_pos: [0. 0. 0.]
DEBUG: Simple mode view_dir: [1. 0. 0.]
DEBUG: Simple mode look_at: [10.  0.  0.]
DEBUG: Cube position: [2. 0. 2.]
DEBUG: Direction to cube: [0.70710678 0.         0.70710678]
DEBUG: View direction: [1. 0. 0.]
DEBUG: Angle between view and cube direction: 45.0° (should be close to 0°)
DEBUG: Are we looking toward cube? False
DEBUG: ==============================================
DEBUG: ===== SIMPLE MODE CUBE ROTATION =====
DEBUG: Simple mode applying cube rotation: [0.0°, 0.0°, 0.0°]
DEBUG: =========================================
DEBUG: Simple 2D screen rendered - reference objects disabled to prevent yellow box artifact
DEBUG: Using perspective projection - FOV: 60.0°
DEBUG: Canvas mode: 'simple', Sphere mode: 'simple'
DEBUG: Sphere screen render check - canvas_enabled: True, canvas_mode: simple, sphere_enabled: True, should_render: False
DEBUG: Sphere skipping screen render (canvas mode: simple)
DEBUG: ===== SIMPLE MODE CUBE ROTATION =====
DEBUG: Simple mode applying cube rotation: [0.0°, 0.0°, 0.0°]
DEBUG: =========================================
DEBUG: ===== CANVAS draw_unified_screen() CALLED =====
DEBUG: screen_enabled: True, screen_render_mode: simple
DEBUG: Canvas drawing simple 2D screen
DEBUG: Drew unified screen in simple mode
DEBUG: Simple mode active - screen shows original 2D framebuffer view
DEBUG: Rendering 2 screens
DEBUG: Rendering screen Original 2D Screen of type screen_2d
DEBUG: ===== SIMPLE MODE CUBE ROTATION =====
DEBUG: Simple mode applying cube rotation: [0.0°, 0.0°, 0.0°]
DEBUG: =========================================
DEBUG: ===== CANVAS draw_unified_screen() CALLED =====
DEBUG: screen_enabled: True, screen_render_mode: simple
DEBUG: Canvas drawing simple 2D screen
DEBUG: Drew unified screen in simple mode
DEBUG: Simple mode active - screen shows original 2D framebuffer view
DEBUG: Rendering MediaScreen Video Screen (istockphoto-482277170-640_adpp_is.mp4) with texture 3
DEBUG: Rendering screen Video Screen (istockphoto-482277170-640_adpp_is.mp4) of type screen_2d
DEBUG: Frame caching error for frame 176: 'MediaScreen' object has no attribute 'cache_size_limit'
DEBUG: Extracting frame 180 at timestamp 6.000s (SLOW PATH)
DEBUG: Rendering MediaScreen Video Screen (istockphoto-482277170-640_adpp_is.mp4) with texture 3
DEBUG: ===== CANVAS update_sphere_view_vector() CALLED =====
DEBUG: Canvas syncing view_vector with sphere vector_direction: [1. 0. 0.]
DEBUG: Normalized view_vector: [1. 0. 0.]
DEBUG: Red vector direction: [1. 0. 0.]
DEBUG: Normalized view vector: [1.000, 0.000, 0.000]
DEBUG: Red cube position: [2. 0. 2.]
DEBUG: Expected direction to cube: [0.70710678 0.         0.70710678]
DEBUG: Actual view vector: [1. 0. 0.]
DEBUG: Dot product: 0.707
DEBUG: ⚠️ WARNING: View vector not pointing toward cube!
DEBUG: Consider setting vector direction to point toward cube
DEBUG: Suggested vector direction: [2.12132034 0.         2.12132034]
DEBUG: Angle to cube: 45.0° (should be < 30° to be visible)
DEBUG: Cube direction: [0.707, 0.000, 0.707]
DEBUG: 2D screen using perspective projection - FOV: 60.0°
DEBUG: ===== SIMPLE MODE CAMERA SETUP =====
DEBUG: Simple mode sphere_pos: [0. 0. 0.]
DEBUG: Simple mode view_dir: [1. 0. 0.]
DEBUG: Simple mode look_at: [10.  0.  0.]
DEBUG: Cube position: [2. 0. 2.]
DEBUG: Direction to cube: [0.70710678 0.         0.70710678]
DEBUG: View direction: [1. 0. 0.]
DEBUG: Angle between view and cube direction: 45.0° (should be close to 0°)
DEBUG: Are we looking toward cube? False
DEBUG: ==============================================
DEBUG: ===== SIMPLE MODE CUBE ROTATION =====
DEBUG: Simple mode applying cube rotation: [0.0°, 0.0°, 0.0°]
DEBUG: =========================================
DEBUG: Simple 2D screen rendered - reference objects disabled to prevent yellow box artifact
DEBUG: Using perspective projection - FOV: 60.0°
DEBUG: Canvas mode: 'simple', Sphere mode: 'simple'
DEBUG: Sphere screen render check - canvas_enabled: True, canvas_mode: simple, sphere_enabled: True, should_render: False
DEBUG: Sphere skipping screen render (canvas mode: simple)
DEBUG: ===== SIMPLE MODE CUBE ROTATION =====
DEBUG: Simple mode applying cube rotation: [0.0°, 0.0°, 0.0°]
DEBUG: =========================================
DEBUG: ===== CANVAS draw_unified_screen() CALLED =====
DEBUG: screen_enabled: True, screen_render_mode: simple
DEBUG: Canvas drawing simple 2D screen
DEBUG: Drew unified screen in simple mode
DEBUG: Simple mode active - screen shows original 2D framebuffer view
DEBUG: Rendering 2 screens
DEBUG: Rendering screen Original 2D Screen of type screen_2d
DEBUG: ===== SIMPLE MODE CUBE ROTATION =====
DEBUG: Simple mode applying cube rotation: [0.0°, 0.0°, 0.0°]
DEBUG: =========================================
DEBUG: ===== CANVAS draw_unified_screen() CALLED =====
DEBUG: screen_enabled: True, screen_render_mode: simple
DEBUG: Canvas drawing simple 2D screen
DEBUG: Drew unified screen in simple mode
DEBUG: Simple mode active - screen shows original 2D framebuffer view
DEBUG: Rendering MediaScreen Video Screen (istockphoto-482277170-640_adpp_is.mp4) with texture 3
DEBUG: Rendering screen Video Screen (istockphoto-482277170-640_adpp_is.mp4) of type screen_2d
DEBUG: Rendering MediaScreen Video Screen (istockphoto-482277170-640_adpp_is.mp4) with texture 3
DEBUG: ===== CANVAS update_sphere_view_vector() CALLED =====
DEBUG: Canvas syncing view_vector with sphere vector_direction: [1. 0. 0.]
DEBUG: Normalized view_vector: [1. 0. 0.]
DEBUG: Red vector direction: [1. 0. 0.]
DEBUG: Normalized view vector: [1.000, 0.000, 0.000]
DEBUG: Red cube position: [2. 0. 2.]
DEBUG: Expected direction to cube: [0.70710678 0.         0.70710678]
DEBUG: Actual view vector: [1. 0. 0.]
DEBUG: Dot product: 0.707
DEBUG: ⚠️ WARNING: View vector not pointing toward cube!
DEBUG: Consider setting vector direction to point toward cube
DEBUG: Suggested vector direction: [2.12132034 0.         2.12132034]
DEBUG: Angle to cube: 45.0° (should be < 30° to be visible)
DEBUG: Cube direction: [0.707, 0.000, 0.707]
DEBUG: 2D screen using perspective projection - FOV: 60.0°
DEBUG: ===== SIMPLE MODE CAMERA SETUP =====
DEBUG: Simple mode sphere_pos: [0. 0. 0.]
DEBUG: Simple mode view_dir: [1. 0. 0.]
DEBUG: Simple mode look_at: [10.  0.  0.]
DEBUG: Cube position: [2. 0. 2.]
DEBUG: Direction to cube: [0.70710678 0.         0.70710678]
DEBUG: View direction: [1. 0. 0.]
DEBUG: Angle between view and cube direction: 45.0° (should be close to 0°)
DEBUG: Are we looking toward cube? False
DEBUG: ==============================================
DEBUG: ===== SIMPLE MODE CUBE ROTATION =====
DEBUG: Simple mode applying cube rotation: [0.0°, 0.0°, 0.0°]
DEBUG: =========================================
DEBUG: Simple 2D screen rendered - reference objects disabled to prevent yellow box artifact
DEBUG: Using perspective projection - FOV: 60.0°
DEBUG: Frame caching error for frame 180: 'MediaScreen' object has no attribute 'cache_size_limit'
DEBUG: Successfully extracted and cached frame 180 (cache size: 0)
DEBUG: Frame 180, audio: 6.02s, video: 6.00s, sync diff: 0.017s
DEBUG: Canvas mode: 'simple', Sphere mode: 'simple'
DEBUG: Sphere screen render check - canvas_enabled: True, canvas_mode: simple, sphere_enabled: True, should_render: False
DEBUG: Sphere skipping screen render (canvas mode: simple)
DEBUG: ===== SIMPLE MODE CUBE ROTATION =====
DEBUG: Simple mode applying cube rotation: [0.0°, 0.0°, 0.0°]
DEBUG: =========================================
DEBUG: ===== CANVAS draw_unified_screen() CALLED =====
DEBUG: screen_enabled: True, screen_render_mode: simple
DEBUG: Canvas drawing simple 2D screen
DEBUG: Drew unified screen in simple mode
DEBUG: Simple mode active - screen shows original 2D framebuffer view
DEBUG: Rendering 2 screens
DEBUG: Rendering screen Original 2D Screen of type screen_2d
DEBUG: ===== SIMPLE MODE CUBE ROTATION =====
DEBUG: Simple mode applying cube rotation: [0.0°, 0.0°, 0.0°]
DEBUG: =========================================
DEBUG: ===== CANVAS draw_unified_screen() CALLED =====
DEBUG: screen_enabled: True, screen_render_mode: simple
DEBUG: Canvas drawing simple 2D screen
DEBUG: Drew unified screen in simple mode
DEBUG: Simple mode active - screen shows original 2D framebuffer view
DEBUG: Rendering MediaScreen Video Screen (istockphoto-482277170-640_adpp_is.mp4) with texture 3
DEBUG: Rendering screen Video Screen (istockphoto-482277170-640_adpp_is.mp4) of type screen_2d
DEBUG: Rendering MediaScreen Video Screen (istockphoto-482277170-640_adpp_is.mp4) with texture 3
DEBUG: ===== CANVAS update_sphere_view_vector() CALLED =====
DEBUG: Canvas syncing view_vector with sphere vector_direction: [1. 0. 0.]
DEBUG: Normalized view_vector: [1. 0. 0.]
DEBUG: Red vector direction: [1. 0. 0.]
DEBUG: Normalized view vector: [1.000, 0.000, 0.000]
DEBUG: Red cube position: [2. 0. 2.]
DEBUG: Expected direction to cube: [0.70710678 0.         0.70710678]
DEBUG: Actual view vector: [1. 0. 0.]
DEBUG: Dot product: 0.707
DEBUG: ⚠️ WARNING: View vector not pointing toward cube!
DEBUG: Consider setting vector direction to point toward cube
DEBUG: Suggested vector direction: [2.12132034 0.         2.12132034]
DEBUG: Angle to cube: 45.0° (should be < 30° to be visible)
DEBUG: Cube direction: [0.707, 0.000, 0.707]
DEBUG: 2D screen using perspective projection - FOV: 60.0°
DEBUG: ===== SIMPLE MODE CAMERA SETUP =====
DEBUG: Simple mode sphere_pos: [0. 0. 0.]
DEBUG: Simple mode view_dir: [1. 0. 0.]
DEBUG: Simple mode look_at: [10.  0.  0.]
DEBUG: Cube position: [2. 0. 2.]
DEBUG: Direction to cube: [0.70710678 0.         0.70710678]
DEBUG: View direction: [1. 0. 0.]
DEBUG: Angle between view and cube direction: 45.0° (should be close to 0°)
DEBUG: Are we looking toward cube? False
DEBUG: ==============================================
DEBUG: ===== SIMPLE MODE CUBE ROTATION =====
DEBUG: Simple mode applying cube rotation: [0.0°, 0.0°, 0.0°]
DEBUG: =========================================
DEBUG: Simple 2D screen rendered - reference objects disabled to prevent yellow box artifact
DEBUG: Using perspective projection - FOV: 60.0°
DEBUG: Canvas mode: 'simple', Sphere mode: 'simple'
DEBUG: Sphere screen render check - canvas_enabled: True, canvas_mode: simple, sphere_enabled: True, should_render: False
DEBUG: Sphere skipping screen render (canvas mode: simple)
DEBUG: ===== SIMPLE MODE CUBE ROTATION =====
DEBUG: Simple mode applying cube rotation: [0.0°, 0.0°, 0.0°]
DEBUG: =========================================
DEBUG: ===== CANVAS draw_unified_screen() CALLED =====
DEBUG: screen_enabled: True, screen_render_mode: simple
DEBUG: Canvas drawing simple 2D screen
DEBUG: Drew unified screen in simple mode
DEBUG: Simple mode active - screen shows original 2D framebuffer view
DEBUG: Rendering 2 screens
DEBUG: Rendering screen Original 2D Screen of type screen_2d
DEBUG: ===== SIMPLE MODE CUBE ROTATION =====
DEBUG: Simple mode applying cube rotation: [0.0°, 0.0°, 0.0°]
DEBUG: =========================================
DEBUG: ===== CANVAS draw_unified_screen() CALLED =====
DEBUG: screen_enabled: True, screen_render_mode: simple
DEBUG: Canvas drawing simple 2D screen
DEBUG: Drew unified screen in simple mode
DEBUG: Simple mode active - screen shows original 2D framebuffer view
DEBUG: Frame caching error for frame 185: 'MediaScreen' object has no attribute 'cache_size_limit'
DEBUG: Rendering MediaScreen Video Screen (istockphoto-482277170-640_adpp_is.mp4) with texture 3
DEBUG: Rendering screen Video Screen (istockphoto-482277170-640_adpp_is.mp4) of type screen_2d
DEBUG: Rendering MediaScreen Video Screen (istockphoto-482277170-640_adpp_is.mp4) with texture 3
DEBUG: ===== CANVAS update_sphere_view_vector() CALLED =====
DEBUG: Canvas syncing view_vector with sphere vector_direction: [1. 0. 0.]
DEBUG: Normalized view_vector: [1. 0. 0.]
DEBUG: Red vector direction: [1. 0. 0.]
DEBUG: Normalized view vector: [1.000, 0.000, 0.000]
DEBUG: Red cube position: [2. 0. 2.]
DEBUG: Expected direction to cube: [0.70710678 0.         0.70710678]
DEBUG: Actual view vector: [1. 0. 0.]
DEBUG: Dot product: 0.707
DEBUG: ⚠️ WARNING: View vector not pointing toward cube!
DEBUG: Consider setting vector direction to point toward cube
DEBUG: Suggested vector direction: [2.12132034 0.         2.12132034]
DEBUG: Angle to cube: 45.0° (should be < 30° to be visible)
DEBUG: Cube direction: [0.707, 0.000, 0.707]
DEBUG: 2D screen using perspective projection - FOV: 60.0°
DEBUG: ===== SIMPLE MODE CAMERA SETUP =====
DEBUG: Simple mode sphere_pos: [0. 0. 0.]
DEBUG: Simple mode view_dir: [1. 0. 0.]
DEBUG: Simple mode look_at: [10.  0.  0.]
DEBUG: Cube position: [2. 0. 2.]
DEBUG: Direction to cube: [0.70710678 0.         0.70710678]
DEBUG: View direction: [1. 0. 0.]
DEBUG: Angle between view and cube direction: 45.0° (should be close to 0°)
DEBUG: Are we looking toward cube? False
DEBUG: ==============================================
DEBUG: ===== SIMPLE MODE CUBE ROTATION =====
DEBUG: Simple mode applying cube rotation: [0.0°, 0.0°, 0.0°]
DEBUG: =========================================
DEBUG: Simple 2D screen rendered - reference objects disabled to prevent yellow box artifact
DEBUG: Using perspective projection - FOV: 60.0°
DEBUG: Canvas mode: 'simple', Sphere mode: 'simple'
DEBUG: Sphere screen render check - canvas_enabled: True, canvas_mode: simple, sphere_enabled: True, should_render: False
DEBUG: Sphere skipping screen render (canvas mode: simple)
DEBUG: ===== SIMPLE MODE CUBE ROTATION =====
DEBUG: Simple mode applying cube rotation: [0.0°, 0.0°, 0.0°]
DEBUG: =========================================
DEBUG: ===== CANVAS draw_unified_screen() CALLED =====
DEBUG: screen_enabled: True, screen_render_mode: simple
DEBUG: Canvas drawing simple 2D screen
DEBUG: Drew unified screen in simple mode
DEBUG: Simple mode active - screen shows original 2D framebuffer view
DEBUG: Rendering 2 screens
DEBUG: Rendering screen Original 2D Screen of type screen_2d
DEBUG: ===== SIMPLE MODE CUBE ROTATION =====
DEBUG: Simple mode applying cube rotation: [0.0°, 0.0°, 0.0°]
DEBUG: =========================================
DEBUG: ===== CANVAS draw_unified_screen() CALLED =====
DEBUG: screen_enabled: True, screen_render_mode: simple
DEBUG: Canvas drawing simple 2D screen
DEBUG: Drew unified screen in simple mode
DEBUG: Simple mode active - screen shows original 2D framebuffer view
DEBUG: Rendering MediaScreen Video Screen (istockphoto-482277170-640_adpp_is.mp4) with texture 3
DEBUG: Rendering screen Video Screen (istockphoto-482277170-640_adpp_is.mp4) of type screen_2d
DEBUG: Rendering MediaScreen Video Screen (istockphoto-482277170-640_adpp_is.mp4) with texture 3
DEBUG: ===== CANVAS update_sphere_view_vector() CALLED =====
DEBUG: Canvas syncing view_vector with sphere vector_direction: [1. 0. 0.]
DEBUG: Normalized view_vector: [1. 0. 0.]
DEBUG: Red vector direction: [1. 0. 0.]
DEBUG: Normalized view vector: [1.000, 0.000, 0.000]
DEBUG: Red cube position: [2. 0. 2.]
DEBUG: Expected direction to cube: [0.70710678 0.         0.70710678]
DEBUG: Actual view vector: [1. 0. 0.]
DEBUG: Dot product: 0.707
DEBUG: ⚠️ WARNING: View vector not pointing toward cube!
DEBUG: Consider setting vector direction to point toward cube
DEBUG: Suggested vector direction: [2.12132034 0.         2.12132034]
DEBUG: Angle to cube: 45.0° (should be < 30° to be visible)
DEBUG: Cube direction: [0.707, 0.000, 0.707]
DEBUG: 2D screen using perspective projection - FOV: 60.0°
DEBUG: ===== SIMPLE MODE CAMERA SETUP =====
DEBUG: Simple mode sphere_pos: [0. 0. 0.]
DEBUG: Simple mode view_dir: [1. 0. 0.]
DEBUG: Simple mode look_at: [10.  0.  0.]
DEBUG: Cube position: [2. 0. 2.]
DEBUG: Direction to cube: [0.70710678 0.         0.70710678]
DEBUG: View direction: [1. 0. 0.]
DEBUG: Angle between view and cube direction: 45.0° (should be close to 0°)
DEBUG: Are we looking toward cube? False
DEBUG: ==============================================
DEBUG: ===== SIMPLE MODE CUBE ROTATION =====
DEBUG: Simple mode applying cube rotation: [0.0°, 0.0°, 0.0°]
DEBUG: =========================================
DEBUG: Simple 2D screen rendered - reference objects disabled to prevent yellow box artifact
DEBUG: Using perspective projection - FOV: 60.0°
DEBUG: Frame caching error for frame 189: 'MediaScreen' object has no attribute 'cache_size_limit'
DEBUG: Canvas mode: 'simple', Sphere mode: 'simple'
DEBUG: Sphere screen render check - canvas_enabled: True, canvas_mode: simple, sphere_enabled: True, should_render: False
DEBUG: Sphere skipping screen render (canvas mode: simple)
DEBUG: ===== SIMPLE MODE CUBE ROTATION =====
DEBUG: Simple mode applying cube rotation: [0.0°, 0.0°, 0.0°]
DEBUG: =========================================
DEBUG: ===== CANVAS draw_unified_screen() CALLED =====
DEBUG: screen_enabled: True, screen_render_mode: simple
DEBUG: Canvas drawing simple 2D screen
DEBUG: Drew unified screen in simple mode
DEBUG: Simple mode active - screen shows original 2D framebuffer view
DEBUG: Rendering 2 screens
DEBUG: Rendering screen Original 2D Screen of type screen_2d
DEBUG: ===== SIMPLE MODE CUBE ROTATION =====
DEBUG: Simple mode applying cube rotation: [0.0°, 0.0°, 0.0°]
DEBUG: =========================================
DEBUG: ===== CANVAS draw_unified_screen() CALLED =====
DEBUG: screen_enabled: True, screen_render_mode: simple
DEBUG: Canvas drawing simple 2D screen
DEBUG: Drew unified screen in simple mode
DEBUG: Simple mode active - screen shows original 2D framebuffer view
DEBUG: Rendering MediaScreen Video Screen (istockphoto-482277170-640_adpp_is.mp4) with texture 3
DEBUG: Rendering screen Video Screen (istockphoto-482277170-640_adpp_is.mp4) of type screen_2d
DEBUG: Rendering MediaScreen Video Screen (istockphoto-482277170-640_adpp_is.mp4) with texture 3
DEBUG: ===== CANVAS update_sphere_view_vector() CALLED =====
DEBUG: Canvas syncing view_vector with sphere vector_direction: [1. 0. 0.]
DEBUG: Normalized view_vector: [1. 0. 0.]
DEBUG: Red vector direction: [1. 0. 0.]
DEBUG: Normalized view vector: [1.000, 0.000, 0.000]
DEBUG: Red cube position: [2. 0. 2.]
DEBUG: Expected direction to cube: [0.70710678 0.         0.70710678]
DEBUG: Actual view vector: [1. 0. 0.]
DEBUG: Dot product: 0.707
DEBUG: ⚠️ WARNING: View vector not pointing toward cube!
DEBUG: Consider setting vector direction to point toward cube
DEBUG: Suggested vector direction: [2.12132034 0.         2.12132034]
DEBUG: Angle to cube: 45.0° (should be < 30° to be visible)
DEBUG: Cube direction: [0.707, 0.000, 0.707]
DEBUG: 2D screen using perspective projection - FOV: 60.0°
DEBUG: ===== SIMPLE MODE CAMERA SETUP =====
DEBUG: Simple mode sphere_pos: [0. 0. 0.]
DEBUG: Simple mode view_dir: [1. 0. 0.]
DEBUG: Simple mode look_at: [10.  0.  0.]
DEBUG: Cube position: [2. 0. 2.]
DEBUG: Direction to cube: [0.70710678 0.         0.70710678]
DEBUG: View direction: [1. 0. 0.]
DEBUG: Angle between view and cube direction: 45.0° (should be close to 0°)
DEBUG: Are we looking toward cube? False
DEBUG: ==============================================
DEBUG: ===== SIMPLE MODE CUBE ROTATION =====
DEBUG: Simple mode applying cube rotation: [0.0°, 0.0°, 0.0°]
DEBUG: =========================================
DEBUG: Simple 2D screen rendered - reference objects disabled to prevent yellow box artifact
DEBUG: Using perspective projection - FOV: 60.0°
DEBUG: Canvas mode: 'simple', Sphere mode: 'simple'
DEBUG: Sphere screen render check - canvas_enabled: True, canvas_mode: simple, sphere_enabled: True, should_render: False
DEBUG: Sphere skipping screen render (canvas mode: simple)
DEBUG: ===== SIMPLE MODE CUBE ROTATION =====
DEBUG: Simple mode applying cube rotation: [0.0°, 0.0°, 0.0°]
DEBUG: =========================================
DEBUG: ===== CANVAS draw_unified_screen() CALLED =====
DEBUG: screen_enabled: True, screen_render_mode: simple
DEBUG: Canvas drawing simple 2D screen
DEBUG: Drew unified screen in simple mode
DEBUG: Simple mode active - screen shows original 2D framebuffer view
DEBUG: Rendering 2 screens
DEBUG: Rendering screen Original 2D Screen of type screen_2d
DEBUG: ===== SIMPLE MODE CUBE ROTATION =====
DEBUG: Simple mode applying cube rotation: [0.0°, 0.0°, 0.0°]
DEBUG: =========================================
DEBUG: ===== CANVAS draw_unified_screen() CALLED =====
DEBUG: screen_enabled: True, screen_render_mode: simple
DEBUG: Canvas drawing simple 2D screen
DEBUG: Drew unified screen in simple mode
DEBUG: Simple mode active - screen shows original 2D framebuffer view
DEBUG: Rendering MediaScreen Video Screen (istockphoto-482277170-640_adpp_is.mp4) with texture 3
DEBUG: Rendering screen Video Screen (istockphoto-482277170-640_adpp_is.mp4) of type screen_2d
DEBUG: Rendering MediaScreen Video Screen (istockphoto-482277170-640_adpp_is.mp4) with texture 3
DEBUG: Frame caching error for frame 194: 'MediaScreen' object has no attribute 'cache_size_limit'
DEBUG: ===== CANVAS update_sphere_view_vector() CALLED =====
DEBUG: Canvas syncing view_vector with sphere vector_direction: [1. 0. 0.]
DEBUG: Normalized view_vector: [1. 0. 0.]
DEBUG: Red vector direction: [1. 0. 0.]
DEBUG: Normalized view vector: [1.000, 0.000, 0.000]
DEBUG: Red cube position: [2. 0. 2.]
DEBUG: Expected direction to cube: [0.70710678 0.         0.70710678]
DEBUG: Actual view vector: [1. 0. 0.]
DEBUG: Dot product: 0.707
DEBUG: ⚠️ WARNING: View vector not pointing toward cube!
DEBUG: Consider setting vector direction to point toward cube
DEBUG: Suggested vector direction: [2.12132034 0.         2.12132034]
DEBUG: Angle to cube: 45.0° (should be < 30° to be visible)
DEBUG: Cube direction: [0.707, 0.000, 0.707]
DEBUG: 2D screen using perspective projection - FOV: 60.0°
DEBUG: ===== SIMPLE MODE CAMERA SETUP =====
DEBUG: Simple mode sphere_pos: [0. 0. 0.]
DEBUG: Simple mode view_dir: [1. 0. 0.]
DEBUG: Simple mode look_at: [10.  0.  0.]
DEBUG: Cube position: [2. 0. 2.]
DEBUG: Direction to cube: [0.70710678 0.         0.70710678]
DEBUG: View direction: [1. 0. 0.]
DEBUG: Angle between view and cube direction: 45.0° (should be close to 0°)
DEBUG: Are we looking toward cube? False
DEBUG: ==============================================
DEBUG: ===== SIMPLE MODE CUBE ROTATION =====
DEBUG: Simple mode applying cube rotation: [0.0°, 0.0°, 0.0°]
DEBUG: =========================================
DEBUG: Simple 2D screen rendered - reference objects disabled to prevent yellow box artifact
DEBUG: Using perspective projection - FOV: 60.0°
DEBUG: Canvas mode: 'simple', Sphere mode: 'simple'
DEBUG: Sphere screen render check - canvas_enabled: True, canvas_mode: simple, sphere_enabled: True, should_render: False
DEBUG: Sphere skipping screen render (canvas mode: simple)
DEBUG: ===== SIMPLE MODE CUBE ROTATION =====
DEBUG: Simple mode applying cube rotation: [0.0°, 0.0°, 0.0°]
DEBUG: =========================================
DEBUG: ===== CANVAS draw_unified_screen() CALLED =====
DEBUG: screen_enabled: True, screen_render_mode: simple
DEBUG: Canvas drawing simple 2D screen
DEBUG: Drew unified screen in simple mode
DEBUG: Simple mode active - screen shows original 2D framebuffer view
DEBUG: Rendering 2 screens
DEBUG: Rendering screen Original 2D Screen of type screen_2d
DEBUG: ===== SIMPLE MODE CUBE ROTATION =====
DEBUG: Simple mode applying cube rotation: [0.0°, 0.0°, 0.0°]
DEBUG: =========================================
DEBUG: ===== CANVAS draw_unified_screen() CALLED =====
DEBUG: screen_enabled: True, screen_render_mode: simple
DEBUG: Canvas drawing simple 2D screen
DEBUG: Drew unified screen in simple mode
DEBUG: Simple mode active - screen shows original 2D framebuffer view
DEBUG: Rendering MediaScreen Video Screen (istockphoto-482277170-640_adpp_is.mp4) with texture 3
DEBUG: Rendering screen Video Screen (istockphoto-482277170-640_adpp_is.mp4) of type screen_2d
DEBUG: Rendering MediaScreen Video Screen (istockphoto-482277170-640_adpp_is.mp4) with texture 3
DEBUG: ===== CANVAS update_sphere_view_vector() CALLED =====
DEBUG: Canvas syncing view_vector with sphere vector_direction: [1. 0. 0.]
DEBUG: Normalized view_vector: [1. 0. 0.]
DEBUG: Red vector direction: [1. 0. 0.]
DEBUG: Normalized view vector: [1.000, 0.000, 0.000]
DEBUG: Red cube position: [2. 0. 2.]
DEBUG: Expected direction to cube: [0.70710678 0.         0.70710678]
DEBUG: Actual view vector: [1. 0. 0.]
DEBUG: Dot product: 0.707
DEBUG: ⚠️ WARNING: View vector not pointing toward cube!
DEBUG: Consider setting vector direction to point toward cube
DEBUG: Suggested vector direction: [2.12132034 0.         2.12132034]
DEBUG: Angle to cube: 45.0° (should be < 30° to be visible)
DEBUG: Cube direction: [0.707, 0.000, 0.707]
DEBUG: 2D screen using perspective projection - FOV: 60.0°
DEBUG: ===== SIMPLE MODE CAMERA SETUP =====
DEBUG: Simple mode sphere_pos: [0. 0. 0.]
DEBUG: Simple mode view_dir: [1. 0. 0.]
DEBUG: Simple mode look_at: [10.  0.  0.]
DEBUG: Cube position: [2. 0. 2.]
DEBUG: Direction to cube: [0.70710678 0.         0.70710678]
DEBUG: View direction: [1. 0. 0.]
DEBUG: Angle between view and cube direction: 45.0° (should be close to 0°)
DEBUG: Are we looking toward cube? False
DEBUG: ==============================================
DEBUG: ===== SIMPLE MODE CUBE ROTATION =====
DEBUG: Simple mode applying cube rotation: [0.0°, 0.0°, 0.0°]
DEBUG: =========================================
DEBUG: Simple 2D screen rendered - reference objects disabled to prevent yellow box artifact
DEBUG: Using perspective projection - FOV: 60.0°
DEBUG: Canvas mode: 'simple', Sphere mode: 'simple'
DEBUG: Sphere screen render check - canvas_enabled: True, canvas_mode: simple, sphere_enabled: True, should_render: False
DEBUG: Sphere skipping screen render (canvas mode: simple)
DEBUG: ===== SIMPLE MODE CUBE ROTATION =====
DEBUG: Simple mode applying cube rotation: [0.0°, 0.0°, 0.0°]
DEBUG: =========================================
DEBUG: ===== CANVAS draw_unified_screen() CALLED =====
DEBUG: screen_enabled: True, screen_render_mode: simple
DEBUG: Canvas drawing simple 2D screen
DEBUG: Drew unified screen in simple mode
DEBUG: Simple mode active - screen shows original 2D framebuffer view
DEBUG: Rendering 2 screens
DEBUG: Rendering screen Original 2D Screen of type screen_2d
DEBUG: Frame caching error for frame 199: 'MediaScreen' object has no attribute 'cache_size_limit'
DEBUG: ===== SIMPLE MODE CUBE ROTATION =====
DEBUG: Simple mode applying cube rotation: [0.0°, 0.0°, 0.0°]
DEBUG: =========================================
DEBUG: ===== CANVAS draw_unified_screen() CALLED =====
DEBUG: screen_enabled: True, screen_render_mode: simple
DEBUG: Canvas drawing simple 2D screen
DEBUG: Drew unified screen in simple mode
DEBUG: Simple mode active - screen shows original 2D framebuffer view
DEBUG: Rendering MediaScreen Video Screen (istockphoto-482277170-640_adpp_is.mp4) with texture 3
DEBUG: Rendering screen Video Screen (istockphoto-482277170-640_adpp_is.mp4) of type screen_2d
DEBUG: Rendering MediaScreen Video Screen (istockphoto-482277170-640_adpp_is.mp4) with texture 3
DEBUG: ===== CANVAS update_sphere_view_vector() CALLED =====
DEBUG: Canvas syncing view_vector with sphere vector_direction: [1. 0. 0.]
DEBUG: Normalized view_vector: [1. 0. 0.]
DEBUG: Red vector direction: [1. 0. 0.]
DEBUG: Normalized view vector: [1.000, 0.000, 0.000]
DEBUG: Red cube position: [2. 0. 2.]
DEBUG: Expected direction to cube: [0.70710678 0.         0.70710678]
DEBUG: Actual view vector: [1. 0. 0.]
DEBUG: Dot product: 0.707
DEBUG: ⚠️ WARNING: View vector not pointing toward cube!
DEBUG: Consider setting vector direction to point toward cube
DEBUG: Suggested vector direction: [2.12132034 0.         2.12132034]
DEBUG: Angle to cube: 45.0° (should be < 30° to be visible)
DEBUG: Cube direction: [0.707, 0.000, 0.707]
DEBUG: 2D screen using perspective projection - FOV: 60.0°
DEBUG: ===== SIMPLE MODE CAMERA SETUP =====
DEBUG: Simple mode sphere_pos: [0. 0. 0.]
DEBUG: Simple mode view_dir: [1. 0. 0.]
DEBUG: Simple mode look_at: [10.  0.  0.]
DEBUG: Cube position: [2. 0. 2.]
DEBUG: Direction to cube: [0.70710678 0.         0.70710678]
DEBUG: View direction: [1. 0. 0.]
DEBUG: Angle between view and cube direction: 45.0° (should be close to 0°)
DEBUG: Are we looking toward cube? False
DEBUG: ==============================================
DEBUG: ===== SIMPLE MODE CUBE ROTATION =====
DEBUG: Simple mode applying cube rotation: [0.0°, 0.0°, 0.0°]
DEBUG: =========================================
DEBUG: Simple 2D screen rendered - reference objects disabled to prevent yellow box artifact
DEBUG: Using perspective projection - FOV: 60.0°
DEBUG: Canvas mode: 'simple', Sphere mode: 'simple'
DEBUG: Sphere screen render check - canvas_enabled: True, canvas_mode: simple, sphere_enabled: True, should_render: False
DEBUG: Sphere skipping screen render (canvas mode: simple)
DEBUG: ===== SIMPLE MODE CUBE ROTATION =====
DEBUG: Simple mode applying cube rotation: [0.0°, 0.0°, 0.0°]
DEBUG: =========================================
DEBUG: ===== CANVAS draw_unified_screen() CALLED =====
DEBUG: screen_enabled: True, screen_render_mode: simple
DEBUG: Canvas drawing simple 2D screen
DEBUG: Drew unified screen in simple mode
DEBUG: Simple mode active - screen shows original 2D framebuffer view
DEBUG: Rendering 2 screens
DEBUG: Rendering screen Original 2D Screen of type screen_2d
DEBUG: ===== SIMPLE MODE CUBE ROTATION =====
DEBUG: Simple mode applying cube rotation: [0.0°, 0.0°, 0.0°]
DEBUG: =========================================
DEBUG: ===== CANVAS draw_unified_screen() CALLED =====
DEBUG: screen_enabled: True, screen_render_mode: simple
DEBUG: Canvas drawing simple 2D screen
DEBUG: Drew unified screen in simple mode
DEBUG: Simple mode active - screen shows original 2D framebuffer view
DEBUG: Rendering MediaScreen Video Screen (istockphoto-482277170-640_adpp_is.mp4) with texture 3
DEBUG: Rendering screen Video Screen (istockphoto-482277170-640_adpp_is.mp4) of type screen_2d
DEBUG: Rendering MediaScreen Video Screen (istockphoto-482277170-640_adpp_is.mp4) with texture 3
DEBUG: Frame caching error for frame 204: 'MediaScreen' object has no attribute 'cache_size_limit'
DEBUG: ===== CANVAS update_sphere_view_vector() CALLED =====
DEBUG: Canvas syncing view_vector with sphere vector_direction: [1. 0. 0.]
DEBUG: Normalized view_vector: [1. 0. 0.]
DEBUG: Red vector direction: [1. 0. 0.]
DEBUG: Normalized view vector: [1.000, 0.000, 0.000]
DEBUG: Red cube position: [2. 0. 2.]
DEBUG: Expected direction to cube: [0.70710678 0.         0.70710678]
DEBUG: Actual view vector: [1. 0. 0.]
DEBUG: Dot product: 0.707
DEBUG: ⚠️ WARNING: View vector not pointing toward cube!
DEBUG: Consider setting vector direction to point toward cube
DEBUG: Suggested vector direction: [2.12132034 0.         2.12132034]
DEBUG: Angle to cube: 45.0° (should be < 30° to be visible)
DEBUG: Cube direction: [0.707, 0.000, 0.707]
DEBUG: 2D screen using perspective projection - FOV: 60.0°
DEBUG: ===== SIMPLE MODE CAMERA SETUP =====
DEBUG: Simple mode sphere_pos: [0. 0. 0.]
DEBUG: Simple mode view_dir: [1. 0. 0.]
DEBUG: Simple mode look_at: [10.  0.  0.]
DEBUG: Cube position: [2. 0. 2.]
DEBUG: Direction to cube: [0.70710678 0.         0.70710678]
DEBUG: View direction: [1. 0. 0.]
DEBUG: Angle between view and cube direction: 45.0° (should be close to 0°)
DEBUG: Are we looking toward cube? False
DEBUG: ==============================================
DEBUG: ===== SIMPLE MODE CUBE ROTATION =====
DEBUG: Simple mode applying cube rotation: [0.0°, 0.0°, 0.0°]
DEBUG: =========================================
DEBUG: Simple 2D screen rendered - reference objects disabled to prevent yellow box artifact
DEBUG: Using perspective projection - FOV: 60.0°
DEBUG: Canvas mode: 'simple', Sphere mode: 'simple'
DEBUG: Sphere screen render check - canvas_enabled: True, canvas_mode: simple, sphere_enabled: True, should_render: False
DEBUG: Sphere skipping screen render (canvas mode: simple)
DEBUG: ===== SIMPLE MODE CUBE ROTATION =====
DEBUG: Simple mode applying cube rotation: [0.0°, 0.0°, 0.0°]
DEBUG: =========================================
DEBUG: ===== CANVAS draw_unified_screen() CALLED =====
DEBUG: screen_enabled: True, screen_render_mode: simple
DEBUG: Canvas drawing simple 2D screen
DEBUG: Drew unified screen in simple mode
DEBUG: Simple mode active - screen shows original 2D framebuffer view
DEBUG: Rendering 2 screens
DEBUG: Rendering screen Original 2D Screen of type screen_2d
DEBUG: ===== SIMPLE MODE CUBE ROTATION =====
DEBUG: Simple mode applying cube rotation: [0.0°, 0.0°, 0.0°]
DEBUG: =========================================
DEBUG: ===== CANVAS draw_unified_screen() CALLED =====
DEBUG: screen_enabled: True, screen_render_mode: simple
DEBUG: Canvas drawing simple 2D screen
DEBUG: Drew unified screen in simple mode
DEBUG: Simple mode active - screen shows original 2D framebuffer view
DEBUG: Rendering MediaScreen Video Screen (istockphoto-482277170-640_adpp_is.mp4) with texture 3
DEBUG: Rendering screen Video Screen (istockphoto-482277170-640_adpp_is.mp4) of type screen_2d
DEBUG: Rendering MediaScreen Video Screen (istockphoto-482277170-640_adpp_is.mp4) with texture 3
DEBUG: ===== CANVAS update_sphere_view_vector() CALLED =====
DEBUG: Canvas syncing view_vector with sphere vector_direction: [1. 0. 0.]
DEBUG: Normalized view_vector: [1. 0. 0.]
DEBUG: Red vector direction: [1. 0. 0.]
DEBUG: Normalized view vector: [1.000, 0.000, 0.000]
DEBUG: Red cube position: [2. 0. 2.]
DEBUG: Expected direction to cube: [0.70710678 0.         0.70710678]
DEBUG: Actual view vector: [1. 0. 0.]
DEBUG: Dot product: 0.707
DEBUG: ⚠️ WARNING: View vector not pointing toward cube!
DEBUG: Consider setting vector direction to point toward cube
DEBUG: Suggested vector direction: [2.12132034 0.         2.12132034]
DEBUG: Angle to cube: 45.0° (should be < 30° to be visible)
DEBUG: Cube direction: [0.707, 0.000, 0.707]
DEBUG: 2D screen using perspective projection - FOV: 60.0°
DEBUG: ===== SIMPLE MODE CAMERA SETUP =====
DEBUG: Simple mode sphere_pos: [0. 0. 0.]
DEBUG: Simple mode view_dir: [1. 0. 0.]
DEBUG: Simple mode look_at: [10.  0.  0.]
DEBUG: Cube position: [2. 0. 2.]
DEBUG: Direction to cube: [0.70710678 0.         0.70710678]
DEBUG: View direction: [1. 0. 0.]
DEBUG: Angle between view and cube direction: 45.0° (should be close to 0°)
DEBUG: Are we looking toward cube? False
DEBUG: ==============================================
DEBUG: ===== SIMPLE MODE CUBE ROTATION =====
DEBUG: Simple mode applying cube rotation: [0.0°, 0.0°, 0.0°]
DEBUG: =========================================
DEBUG: Simple 2D screen rendered - reference objects disabled to prevent yellow box artifact
DEBUG: Using perspective projection - FOV: 60.0°
DEBUG: Canvas mode: 'simple', Sphere mode: 'simple'
DEBUG: Sphere screen render check - canvas_enabled: True, canvas_mode: simple, sphere_enabled: True, should_render: False
DEBUG: Sphere skipping screen render (canvas mode: simple)
DEBUG: ===== SIMPLE MODE CUBE ROTATION =====
DEBUG: Simple mode applying cube rotation: [0.0°, 0.0°, 0.0°]
DEBUG: =========================================
DEBUG: ===== CANVAS draw_unified_screen() CALLED =====
DEBUG: screen_enabled: True, screen_render_mode: simple
DEBUG: Canvas drawing simple 2D screen
DEBUG: Drew unified screen in simple mode
DEBUG: Simple mode active - screen shows original 2D framebuffer view
DEBUG: Rendering 2 screens
DEBUG: Rendering screen Original 2D Screen of type screen_2d
DEBUG: Frame caching error for frame 208: 'MediaScreen' object has no attribute 'cache_size_limit'
DEBUG: ===== SIMPLE MODE CUBE ROTATION =====
DEBUG: Simple mode applying cube rotation: [0.0°, 0.0°, 0.0°]
DEBUG: =========================================
DEBUG: ===== CANVAS draw_unified_screen() CALLED =====
DEBUG: screen_enabled: True, screen_render_mode: simple
DEBUG: Canvas drawing simple 2D screen
DEBUG: Drew unified screen in simple mode
DEBUG: Simple mode active - screen shows original 2D framebuffer view
DEBUG: Rendering MediaScreen Video Screen (istockphoto-482277170-640_adpp_is.mp4) with texture 3
DEBUG: Rendering screen Video Screen (istockphoto-482277170-640_adpp_is.mp4) of type screen_2d
DEBUG: Rendering MediaScreen Video Screen (istockphoto-482277170-640_adpp_is.mp4) with texture 3
DEBUG: ===== CANVAS update_sphere_view_vector() CALLED =====
DEBUG: Canvas syncing view_vector with sphere vector_direction: [1. 0. 0.]
DEBUG: Normalized view_vector: [1. 0. 0.]
DEBUG: Red vector direction: [1. 0. 0.]
DEBUG: Normalized view vector: [1.000, 0.000, 0.000]
DEBUG: Red cube position: [2. 0. 2.]
DEBUG: Expected direction to cube: [0.70710678 0.         0.70710678]
DEBUG: Actual view vector: [1. 0. 0.]
DEBUG: Dot product: 0.707
DEBUG: ⚠️ WARNING: View vector not pointing toward cube!
DEBUG: Consider setting vector direction to point toward cube
DEBUG: Suggested vector direction: [2.12132034 0.         2.12132034]
DEBUG: Angle to cube: 45.0° (should be < 30° to be visible)
DEBUG: Cube direction: [0.707, 0.000, 0.707]
DEBUG: 2D screen using perspective projection - FOV: 60.0°
DEBUG: ===== SIMPLE MODE CAMERA SETUP =====
DEBUG: Simple mode sphere_pos: [0. 0. 0.]
DEBUG: Simple mode view_dir: [1. 0. 0.]
DEBUG: Simple mode look_at: [10.  0.  0.]
DEBUG: Cube position: [2. 0. 2.]
DEBUG: Direction to cube: [0.70710678 0.         0.70710678]
DEBUG: View direction: [1. 0. 0.]
DEBUG: Angle between view and cube direction: 45.0° (should be close to 0°)
DEBUG: Are we looking toward cube? False
DEBUG: ==============================================
DEBUG: ===== SIMPLE MODE CUBE ROTATION =====
DEBUG: Simple mode applying cube rotation: [0.0°, 0.0°, 0.0°]
DEBUG: =========================================
DEBUG: Simple 2D screen rendered - reference objects disabled to prevent yellow box artifact
DEBUG: Using perspective projection - FOV: 60.0°
DEBUG: Canvas mode: 'simple', Sphere mode: 'simple'
DEBUG: Sphere screen render check - canvas_enabled: True, canvas_mode: simple, sphere_enabled: True, should_render: False
DEBUG: Sphere skipping screen render (canvas mode: simple)
DEBUG: ===== SIMPLE MODE CUBE ROTATION =====
DEBUG: Simple mode applying cube rotation: [0.0°, 0.0°, 0.0°]
DEBUG: =========================================
DEBUG: ===== CANVAS draw_unified_screen() CALLED =====
DEBUG: screen_enabled: True, screen_render_mode: simple
DEBUG: Canvas drawing simple 2D screen
DEBUG: Drew unified screen in simple mode
DEBUG: Simple mode active - screen shows original 2D framebuffer view
DEBUG: Rendering 2 screens
DEBUG: Rendering screen Original 2D Screen of type screen_2d
DEBUG: ===== SIMPLE MODE CUBE ROTATION =====
DEBUG: Simple mode applying cube rotation: [0.0°, 0.0°, 0.0°]
DEBUG: =========================================
DEBUG: ===== CANVAS draw_unified_screen() CALLED =====
DEBUG: screen_enabled: True, screen_render_mode: simple
DEBUG: Canvas drawing simple 2D screen
DEBUG: Drew unified screen in simple mode
DEBUG: Simple mode active - screen shows original 2D framebuffer view
DEBUG: Rendering MediaScreen Video Screen (istockphoto-482277170-640_adpp_is.mp4) with texture 3
DEBUG: Rendering screen Video Screen (istockphoto-482277170-640_adpp_is.mp4) of type screen_2d
DEBUG: Rendering MediaScreen Video Screen (istockphoto-482277170-640_adpp_is.mp4) with texture 3
DEBUG: Frame caching error for frame 212: 'MediaScreen' object has no attribute 'cache_size_limit'
DEBUG: ===== CANVAS update_sphere_view_vector() CALLED =====
DEBUG: Canvas syncing view_vector with sphere vector_direction: [1. 0. 0.]
DEBUG: Normalized view_vector: [1. 0. 0.]
DEBUG: Red vector direction: [1. 0. 0.]
DEBUG: Normalized view vector: [1.000, 0.000, 0.000]
DEBUG: Red cube position: [2. 0. 2.]
DEBUG: Expected direction to cube: [0.70710678 0.         0.70710678]
DEBUG: Actual view vector: [1. 0. 0.]
DEBUG: Dot product: 0.707
DEBUG: ⚠️ WARNING: View vector not pointing toward cube!
DEBUG: Consider setting vector direction to point toward cube
DEBUG: Suggested vector direction: [2.12132034 0.         2.12132034]
DEBUG: Angle to cube: 45.0° (should be < 30° to be visible)
DEBUG: Cube direction: [0.707, 0.000, 0.707]
DEBUG: 2D screen using perspective projection - FOV: 60.0°
DEBUG: ===== SIMPLE MODE CAMERA SETUP =====
DEBUG: Simple mode sphere_pos: [0. 0. 0.]
DEBUG: Simple mode view_dir: [1. 0. 0.]
DEBUG: Simple mode look_at: [10.  0.  0.]
DEBUG: Cube position: [2. 0. 2.]
DEBUG: Direction to cube: [0.70710678 0.         0.70710678]
DEBUG: View direction: [1. 0. 0.]
DEBUG: Angle between view and cube direction: 45.0° (should be close to 0°)
DEBUG: Are we looking toward cube? False
DEBUG: ==============================================
DEBUG: ===== SIMPLE MODE CUBE ROTATION =====
DEBUG: Simple mode applying cube rotation: [0.0°, 0.0°, 0.0°]
DEBUG: =========================================
DEBUG: Simple 2D screen rendered - reference objects disabled to prevent yellow box artifact
DEBUG: Using perspective projection - FOV: 60.0°
DEBUG: Canvas mode: 'simple', Sphere mode: 'simple'
DEBUG: Sphere screen render check - canvas_enabled: True, canvas_mode: simple, sphere_enabled: True, should_render: False
DEBUG: Sphere skipping screen render (canvas mode: simple)
DEBUG: ===== SIMPLE MODE CUBE ROTATION =====
DEBUG: Simple mode applying cube rotation: [0.0°, 0.0°, 0.0°]
DEBUG: =========================================
DEBUG: ===== CANVAS draw_unified_screen() CALLED =====
DEBUG: screen_enabled: True, screen_render_mode: simple
DEBUG: Canvas drawing simple 2D screen
DEBUG: Drew unified screen in simple mode
DEBUG: Simple mode active - screen shows original 2D framebuffer view
DEBUG: Rendering 2 screens
DEBUG: Rendering screen Original 2D Screen of type screen_2d
DEBUG: ===== SIMPLE MODE CUBE ROTATION =====
DEBUG: Simple mode applying cube rotation: [0.0°, 0.0°, 0.0°]
DEBUG: =========================================
DEBUG: ===== CANVAS draw_unified_screen() CALLED =====
DEBUG: screen_enabled: True, screen_render_mode: simple
DEBUG: Canvas drawing simple 2D screen
DEBUG: Drew unified screen in simple mode
DEBUG: Simple mode active - screen shows original 2D framebuffer view
DEBUG: Rendering MediaScreen Video Screen (istockphoto-482277170-640_adpp_is.mp4) with texture 3
DEBUG: Rendering screen Video Screen (istockphoto-482277170-640_adpp_is.mp4) of type screen_2d
DEBUG: Rendering MediaScreen Video Screen (istockphoto-482277170-640_adpp_is.mp4) with texture 3
DEBUG: ===== CANVAS update_sphere_view_vector() CALLED =====
DEBUG: Canvas syncing view_vector with sphere vector_direction: [1. 0. 0.]
DEBUG: Normalized view_vector: [1. 0. 0.]
DEBUG: Red vector direction: [1. 0. 0.]
DEBUG: Normalized view vector: [1.000, 0.000, 0.000]
DEBUG: Red cube position: [2. 0. 2.]
DEBUG: Expected direction to cube: [0.70710678 0.         0.70710678]
DEBUG: Actual view vector: [1. 0. 0.]
DEBUG: Dot product: 0.707
DEBUG: ⚠️ WARNING: View vector not pointing toward cube!
DEBUG: Consider setting vector direction to point toward cube
DEBUG: Suggested vector direction: [2.12132034 0.         2.12132034]
DEBUG: Angle to cube: 45.0° (should be < 30° to be visible)
DEBUG: Cube direction: [0.707, 0.000, 0.707]
DEBUG: 2D screen using perspective projection - FOV: 60.0°
DEBUG: ===== SIMPLE MODE CAMERA SETUP =====
DEBUG: Simple mode sphere_pos: [0. 0. 0.]
DEBUG: Simple mode view_dir: [1. 0. 0.]
DEBUG: Simple mode look_at: [10.  0.  0.]
DEBUG: Cube position: [2. 0. 2.]
DEBUG: Direction to cube: [0.70710678 0.         0.70710678]
DEBUG: View direction: [1. 0. 0.]
DEBUG: Angle between view and cube direction: 45.0° (should be close to 0°)
DEBUG: Are we looking toward cube? False
DEBUG: ==============================================
DEBUG: ===== SIMPLE MODE CUBE ROTATION =====
DEBUG: Simple mode applying cube rotation: [0.0°, 0.0°, 0.0°]
DEBUG: =========================================
DEBUG: Simple 2D screen rendered - reference objects disabled to prevent yellow box artifact
DEBUG: Using perspective projection - FOV: 60.0°
DEBUG: Canvas mode: 'simple', Sphere mode: 'simple'
DEBUG: Sphere screen render check - canvas_enabled: True, canvas_mode: simple, sphere_enabled: True, should_render: False
DEBUG: Sphere skipping screen render (canvas mode: simple)
DEBUG: ===== SIMPLE MODE CUBE ROTATION =====
DEBUG: Simple mode applying cube rotation: [0.0°, 0.0°, 0.0°]
DEBUG: =========================================
DEBUG: ===== CANVAS draw_unified_screen() CALLED =====
DEBUG: screen_enabled: True, screen_render_mode: simple
DEBUG: Canvas drawing simple 2D screen
DEBUG: Drew unified screen in simple mode
DEBUG: Simple mode active - screen shows original 2D framebuffer view
DEBUG: Rendering 2 screens
DEBUG: Rendering screen Original 2D Screen of type screen_2d
DEBUG: Frame caching error for frame 216: 'MediaScreen' object has no attribute 'cache_size_limit'
DEBUG: ===== SIMPLE MODE CUBE ROTATION =====
DEBUG: Simple mode applying cube rotation: [0.0°, 0.0°, 0.0°]
DEBUG: =========================================
DEBUG: ===== CANVAS draw_unified_screen() CALLED =====
DEBUG: screen_enabled: True, screen_render_mode: simple
DEBUG: Canvas drawing simple 2D screen
DEBUG: Drew unified screen in simple mode
DEBUG: Simple mode active - screen shows original 2D framebuffer view
DEBUG: Rendering MediaScreen Video Screen (istockphoto-482277170-640_adpp_is.mp4) with texture 3
DEBUG: Rendering screen Video Screen (istockphoto-482277170-640_adpp_is.mp4) of type screen_2d
DEBUG: Rendering MediaScreen Video Screen (istockphoto-482277170-640_adpp_is.mp4) with texture 3
DEBUG: ===== CANVAS update_sphere_view_vector() CALLED =====
DEBUG: Canvas syncing view_vector with sphere vector_direction: [1. 0. 0.]
DEBUG: Normalized view_vector: [1. 0. 0.]
DEBUG: Red vector direction: [1. 0. 0.]
DEBUG: Normalized view vector: [1.000, 0.000, 0.000]
DEBUG: Red cube position: [2. 0. 2.]
DEBUG: Expected direction to cube: [0.70710678 0.         0.70710678]
DEBUG: Actual view vector: [1. 0. 0.]
DEBUG: Dot product: 0.707
DEBUG: ⚠️ WARNING: View vector not pointing toward cube!
DEBUG: Consider setting vector direction to point toward cube
DEBUG: Suggested vector direction: [2.12132034 0.         2.12132034]
DEBUG: Angle to cube: 45.0° (should be < 30° to be visible)
DEBUG: Cube direction: [0.707, 0.000, 0.707]
DEBUG: 2D screen using perspective projection - FOV: 60.0°
DEBUG: ===== SIMPLE MODE CAMERA SETUP =====
DEBUG: Simple mode sphere_pos: [0. 0. 0.]
DEBUG: Simple mode view_dir: [1. 0. 0.]
DEBUG: Simple mode look_at: [10.  0.  0.]
DEBUG: Cube position: [2. 0. 2.]
DEBUG: Direction to cube: [0.70710678 0.         0.70710678]
DEBUG: View direction: [1. 0. 0.]
DEBUG: Angle between view and cube direction: 45.0° (should be close to 0°)
DEBUG: Are we looking toward cube? False
DEBUG: ==============================================
DEBUG: ===== SIMPLE MODE CUBE ROTATION =====
DEBUG: Simple mode applying cube rotation: [0.0°, 0.0°, 0.0°]
DEBUG: =========================================
DEBUG: Simple 2D screen rendered - reference objects disabled to prevent yellow box artifact
DEBUG: Using perspective projection - FOV: 60.0°
DEBUG: Canvas mode: 'simple', Sphere mode: 'simple'
DEBUG: Sphere screen render check - canvas_enabled: True, canvas_mode: simple, sphere_enabled: True, should_render: False
DEBUG: Sphere skipping screen render (canvas mode: simple)
DEBUG: ===== SIMPLE MODE CUBE ROTATION =====
DEBUG: Simple mode applying cube rotation: [0.0°, 0.0°, 0.0°]
DEBUG: =========================================
DEBUG: ===== CANVAS draw_unified_screen() CALLED =====
DEBUG: screen_enabled: True, screen_render_mode: simple
DEBUG: Canvas drawing simple 2D screen
DEBUG: Drew unified screen in simple mode
DEBUG: Simple mode active - screen shows original 2D framebuffer view
DEBUG: Rendering 2 screens
DEBUG: Rendering screen Original 2D Screen of type screen_2d
DEBUG: ===== SIMPLE MODE CUBE ROTATION =====
DEBUG: Simple mode applying cube rotation: [0.0°, 0.0°, 0.0°]
DEBUG: =========================================
DEBUG: ===== CANVAS draw_unified_screen() CALLED =====
DEBUG: screen_enabled: True, screen_render_mode: simple
DEBUG: Canvas drawing simple 2D screen
DEBUG: Drew unified screen in simple mode
DEBUG: Simple mode active - screen shows original 2D framebuffer view
DEBUG: Rendering MediaScreen Video Screen (istockphoto-482277170-640_adpp_is.mp4) with texture 3
DEBUG: Rendering screen Video Screen (istockphoto-482277170-640_adpp_is.mp4) of type screen_2d
DEBUG: Rendering MediaScreen Video Screen (istockphoto-482277170-640_adpp_is.mp4) with texture 3
DEBUG: ===== CANVAS update_sphere_view_vector() CALLED =====
DEBUG: Canvas syncing view_vector with sphere vector_direction: [1. 0. 0.]
DEBUG: Normalized view_vector: [1. 0. 0.]
DEBUG: Red vector direction: [1. 0. 0.]
DEBUG: Normalized view vector: [1.000, 0.000, 0.000]
DEBUG: Red cube position: [2. 0. 2.]
DEBUG: Expected direction to cube: [0.70710678 0.         0.70710678]
DEBUG: Actual view vector: [1. 0. 0.]
DEBUG: Dot product: 0.707
DEBUG: ⚠️ WARNING: View vector not pointing toward cube!
DEBUG: Consider setting vector direction to point toward cube
DEBUG: Suggested vector direction: [2.12132034 0.         2.12132034]
DEBUG: Angle to cube: 45.0° (should be < 30° to be visible)
DEBUG: Cube direction: [0.707, 0.000, 0.707]
DEBUG: 2D screen using perspective projection - FOV: 60.0°
DEBUG: ===== SIMPLE MODE CAMERA SETUP =====
DEBUG: Simple mode sphere_pos: [0. 0. 0.]
DEBUG: Simple mode view_dir: [1. 0. 0.]
DEBUG: Simple mode look_at: [10.  0.  0.]
DEBUG: Cube position: [2. 0. 2.]
DEBUG: Direction to cube: [0.70710678 0.         0.70710678]
DEBUG: View direction: [1. 0. 0.]
DEBUG: Angle between view and cube direction: 45.0° (should be close to 0°)
DEBUG: Are we looking toward cube? False
DEBUG: ==============================================
DEBUG: ===== SIMPLE MODE CUBE ROTATION =====
DEBUG: Simple mode applying cube rotation: [0.0°, 0.0°, 0.0°]
DEBUG: =========================================
DEBUG: Simple 2D screen rendered - reference objects disabled to prevent yellow box artifact
DEBUG: Using perspective projection - FOV: 60.0°
DEBUG: Frame caching error for frame 221: 'MediaScreen' object has no attribute 'cache_size_limit'
DEBUG: Canvas mode: 'simple', Sphere mode: 'simple'
DEBUG: Sphere screen render check - canvas_enabled: True, canvas_mode: simple, sphere_enabled: True, should_render: False
DEBUG: Sphere skipping screen render (canvas mode: simple)
DEBUG: ===== SIMPLE MODE CUBE ROTATION =====
DEBUG: Simple mode applying cube rotation: [0.0°, 0.0°, 0.0°]
DEBUG: =========================================
DEBUG: ===== CANVAS draw_unified_screen() CALLED =====
DEBUG: screen_enabled: True, screen_render_mode: simple
DEBUG: Canvas drawing simple 2D screen
DEBUG: Drew unified screen in simple mode
DEBUG: Simple mode active - screen shows original 2D framebuffer view
DEBUG: Rendering 2 screens
DEBUG: Rendering screen Original 2D Screen of type screen_2d
DEBUG: ===== SIMPLE MODE CUBE ROTATION =====
DEBUG: Simple mode applying cube rotation: [0.0°, 0.0°, 0.0°]
DEBUG: =========================================
DEBUG: ===== CANVAS draw_unified_screen() CALLED =====
DEBUG: screen_enabled: True, screen_render_mode: simple
DEBUG: Canvas drawing simple 2D screen
DEBUG: Drew unified screen in simple mode
DEBUG: Simple mode active - screen shows original 2D framebuffer view
DEBUG: Rendering MediaScreen Video Screen (istockphoto-482277170-640_adpp_is.mp4) with texture 3
DEBUG: Rendering screen Video Screen (istockphoto-482277170-640_adpp_is.mp4) of type screen_2d
DEBUG: Rendering MediaScreen Video Screen (istockphoto-482277170-640_adpp_is.mp4) with texture 3
DEBUG: ===== CANVAS update_sphere_view_vector() CALLED =====
DEBUG: Canvas syncing view_vector with sphere vector_direction: [1. 0. 0.]
DEBUG: Normalized view_vector: [1. 0. 0.]
DEBUG: Red vector direction: [1. 0. 0.]
DEBUG: Normalized view vector: [1.000, 0.000, 0.000]
DEBUG: Red cube position: [2. 0. 2.]
DEBUG: Expected direction to cube: [0.70710678 0.         0.70710678]
DEBUG: Actual view vector: [1. 0. 0.]
DEBUG: Dot product: 0.707
DEBUG: ⚠️ WARNING: View vector not pointing toward cube!
DEBUG: Consider setting vector direction to point toward cube
DEBUG: Suggested vector direction: [2.12132034 0.         2.12132034]
DEBUG: Angle to cube: 45.0° (should be < 30° to be visible)
DEBUG: Cube direction: [0.707, 0.000, 0.707]
DEBUG: 2D screen using perspective projection - FOV: 60.0°
DEBUG: ===== SIMPLE MODE CAMERA SETUP =====
DEBUG: Simple mode sphere_pos: [0. 0. 0.]
DEBUG: Simple mode view_dir: [1. 0. 0.]
DEBUG: Simple mode look_at: [10.  0.  0.]
DEBUG: Cube position: [2. 0. 2.]
DEBUG: Direction to cube: [0.70710678 0.         0.70710678]
DEBUG: View direction: [1. 0. 0.]
DEBUG: Angle between view and cube direction: 45.0° (should be close to 0°)
DEBUG: Are we looking toward cube? False
DEBUG: ==============================================
DEBUG: ===== SIMPLE MODE CUBE ROTATION =====
DEBUG: Simple mode applying cube rotation: [0.0°, 0.0°, 0.0°]
DEBUG: =========================================
DEBUG: Simple 2D screen rendered - reference objects disabled to prevent yellow box artifact
DEBUG: Using perspective projection - FOV: 60.0°
DEBUG: Canvas mode: 'simple', Sphere mode: 'simple'
DEBUG: Sphere screen render check - canvas_enabled: True, canvas_mode: simple, sphere_enabled: True, should_render: False
DEBUG: Sphere skipping screen render (canvas mode: simple)
DEBUG: ===== SIMPLE MODE CUBE ROTATION =====
DEBUG: Simple mode applying cube rotation: [0.0°, 0.0°, 0.0°]
DEBUG: =========================================
DEBUG: ===== CANVAS draw_unified_screen() CALLED =====
DEBUG: screen_enabled: True, screen_render_mode: simple
DEBUG: Canvas drawing simple 2D screen
DEBUG: Drew unified screen in simple mode
DEBUG: Simple mode active - screen shows original 2D framebuffer view
DEBUG: Rendering 2 screens
DEBUG: Rendering screen Original 2D Screen of type screen_2d
DEBUG: Frame caching error for frame 225: 'MediaScreen' object has no attribute 'cache_size_limit'
DEBUG: ===== SIMPLE MODE CUBE ROTATION =====
DEBUG: Simple mode applying cube rotation: [0.0°, 0.0°, 0.0°]
DEBUG: =========================================
DEBUG: ===== CANVAS draw_unified_screen() CALLED =====
DEBUG: screen_enabled: True, screen_render_mode: simple
DEBUG: Canvas drawing simple 2D screen
DEBUG: Drew unified screen in simple mode
DEBUG: Simple mode active - screen shows original 2D framebuffer view
DEBUG: Rendering MediaScreen Video Screen (istockphoto-482277170-640_adpp_is.mp4) with texture 3
DEBUG: Rendering screen Video Screen (istockphoto-482277170-640_adpp_is.mp4) of type screen_2d
DEBUG: Rendering MediaScreen Video Screen (istockphoto-482277170-640_adpp_is.mp4) with texture 3
DEBUG: ===== CANVAS update_sphere_view_vector() CALLED =====
DEBUG: Canvas syncing view_vector with sphere vector_direction: [1. 0. 0.]
DEBUG: Normalized view_vector: [1. 0. 0.]
DEBUG: Red vector direction: [1. 0. 0.]
DEBUG: Normalized view vector: [1.000, 0.000, 0.000]
DEBUG: Red cube position: [2. 0. 2.]
DEBUG: Expected direction to cube: [0.70710678 0.         0.70710678]
DEBUG: Actual view vector: [1. 0. 0.]
DEBUG: Dot product: 0.707
DEBUG: ⚠️ WARNING: View vector not pointing toward cube!
DEBUG: Consider setting vector direction to point toward cube
DEBUG: Suggested vector direction: [2.12132034 0.         2.12132034]
DEBUG: Angle to cube: 45.0° (should be < 30° to be visible)
DEBUG: Cube direction: [0.707, 0.000, 0.707]
DEBUG: 2D screen using perspective projection - FOV: 60.0°
DEBUG: ===== SIMPLE MODE CAMERA SETUP =====
DEBUG: Simple mode sphere_pos: [0. 0. 0.]
DEBUG: Simple mode view_dir: [1. 0. 0.]
DEBUG: Simple mode look_at: [10.  0.  0.]
DEBUG: Cube position: [2. 0. 2.]
DEBUG: Direction to cube: [0.70710678 0.         0.70710678]
DEBUG: View direction: [1. 0. 0.]
DEBUG: Angle between view and cube direction: 45.0° (should be close to 0°)
DEBUG: Are we looking toward cube? False
DEBUG: ==============================================
DEBUG: ===== SIMPLE MODE CUBE ROTATION =====
DEBUG: Simple mode applying cube rotation: [0.0°, 0.0°, 0.0°]
DEBUG: =========================================
DEBUG: Simple 2D screen rendered - reference objects disabled to prevent yellow box artifact
DEBUG: Using perspective projection - FOV: 60.0°
DEBUG: Canvas mode: 'simple', Sphere mode: 'simple'
DEBUG: Sphere screen render check - canvas_enabled: True, canvas_mode: simple, sphere_enabled: True, should_render: False
DEBUG: Sphere skipping screen render (canvas mode: simple)
DEBUG: ===== SIMPLE MODE CUBE ROTATION =====
DEBUG: Simple mode applying cube rotation: [0.0°, 0.0°, 0.0°]
DEBUG: =========================================
DEBUG: ===== CANVAS draw_unified_screen() CALLED =====
DEBUG: screen_enabled: True, screen_render_mode: simple
DEBUG: Canvas drawing simple 2D screen
DEBUG: Drew unified screen in simple mode
DEBUG: Simple mode active - screen shows original 2D framebuffer view
DEBUG: Rendering 2 screens
DEBUG: Rendering screen Original 2D Screen of type screen_2d
DEBUG: ===== SIMPLE MODE CUBE ROTATION =====
DEBUG: Simple mode applying cube rotation: [0.0°, 0.0°, 0.0°]
DEBUG: =========================================
DEBUG: ===== CANVAS draw_unified_screen() CALLED =====
DEBUG: screen_enabled: True, screen_render_mode: simple
DEBUG: Canvas drawing simple 2D screen
DEBUG: Drew unified screen in simple mode
DEBUG: Simple mode active - screen shows original 2D framebuffer view
DEBUG: Rendering MediaScreen Video Screen (istockphoto-482277170-640_adpp_is.mp4) with texture 3
DEBUG: Rendering screen Video Screen (istockphoto-482277170-640_adpp_is.mp4) of type screen_2d
DEBUG: Rendering MediaScreen Video Screen (istockphoto-482277170-640_adpp_is.mp4) with texture 3
DEBUG: ===== CANVAS update_sphere_view_vector() CALLED =====
DEBUG: Canvas syncing view_vector with sphere vector_direction: [1. 0. 0.]
DEBUG: Normalized view_vector: [1. 0. 0.]
DEBUG: Red vector direction: [1. 0. 0.]
DEBUG: Normalized view vector: [1.000, 0.000, 0.000]
DEBUG: Red cube position: [2. 0. 2.]
DEBUG: Expected direction to cube: [0.70710678 0.         0.70710678]
DEBUG: Actual view vector: [1. 0. 0.]
DEBUG: Dot product: 0.707
DEBUG: ⚠️ WARNING: View vector not pointing toward cube!
DEBUG: Consider setting vector direction to point toward cube
DEBUG: Suggested vector direction: [2.12132034 0.         2.12132034]
DEBUG: Angle to cube: 45.0° (should be < 30° to be visible)
DEBUG: Cube direction: [0.707, 0.000, 0.707]
DEBUG: 2D screen using perspective projection - FOV: 60.0°
DEBUG: ===== SIMPLE MODE CAMERA SETUP =====
DEBUG: Simple mode sphere_pos: [0. 0. 0.]
DEBUG: Simple mode view_dir: [1. 0. 0.]
DEBUG: Simple mode look_at: [10.  0.  0.]
DEBUG: Cube position: [2. 0. 2.]
DEBUG: Direction to cube: [0.70710678 0.         0.70710678]
DEBUG: View direction: [1. 0. 0.]
DEBUG: Angle between view and cube direction: 45.0° (should be close to 0°)
DEBUG: Are we looking toward cube? False
DEBUG: ==============================================
DEBUG: ===== SIMPLE MODE CUBE ROTATION =====
DEBUG: Simple mode applying cube rotation: [0.0°, 0.0°, 0.0°]
DEBUG: =========================================
DEBUG: Simple 2D screen rendered - reference objects disabled to prevent yellow box artifact
DEBUG: Using perspective projection - FOV: 60.0°
DEBUG: Canvas mode: 'simple', Sphere mode: 'simple'
DEBUG: Sphere screen render check - canvas_enabled: True, canvas_mode: simple, sphere_enabled: True, should_render: False
DEBUG: Sphere skipping screen render (canvas mode: simple)
DEBUG: ===== SIMPLE MODE CUBE ROTATION =====
DEBUG: Simple mode applying cube rotation: [0.0°, 0.0°, 0.0°]
DEBUG: =========================================
DEBUG: ===== CANVAS draw_unified_screen() CALLED =====
DEBUG: screen_enabled: True, screen_render_mode: simple
DEBUG: Canvas drawing simple 2D screen
DEBUG: Drew unified screen in simple mode
DEBUG: Simple mode active - screen shows original 2D framebuffer view
DEBUG: Rendering 2 screens
DEBUG: Rendering screen Original 2D Screen of type screen_2d
DEBUG: Frame caching error for frame 230: 'MediaScreen' object has no attribute 'cache_size_limit'
DEBUG: ===== SIMPLE MODE CUBE ROTATION =====
DEBUG: Simple mode applying cube rotation: [0.0°, 0.0°, 0.0°]
DEBUG: =========================================
DEBUG: ===== CANVAS draw_unified_screen() CALLED =====
DEBUG: screen_enabled: True, screen_render_mode: simple
DEBUG: Canvas drawing simple 2D screen
DEBUG: Drew unified screen in simple mode
DEBUG: Simple mode active - screen shows original 2D framebuffer view
DEBUG: Rendering MediaScreen Video Screen (istockphoto-482277170-640_adpp_is.mp4) with texture 3
DEBUG: Rendering screen Video Screen (istockphoto-482277170-640_adpp_is.mp4) of type screen_2d
DEBUG: Rendering MediaScreen Video Screen (istockphoto-482277170-640_adpp_is.mp4) with texture 3
DEBUG: ===== CANVAS update_sphere_view_vector() CALLED =====
DEBUG: Canvas syncing view_vector with sphere vector_direction: [1. 0. 0.]
DEBUG: Normalized view_vector: [1. 0. 0.]
DEBUG: Red vector direction: [1. 0. 0.]
DEBUG: Normalized view vector: [1.000, 0.000, 0.000]
DEBUG: Red cube position: [2. 0. 2.]
DEBUG: Expected direction to cube: [0.70710678 0.         0.70710678]
DEBUG: Actual view vector: [1. 0. 0.]
DEBUG: Dot product: 0.707
DEBUG: ⚠️ WARNING: View vector not pointing toward cube!
DEBUG: Consider setting vector direction to point toward cube
DEBUG: Suggested vector direction: [2.12132034 0.         2.12132034]
DEBUG: Angle to cube: 45.0° (should be < 30° to be visible)
DEBUG: Cube direction: [0.707, 0.000, 0.707]
DEBUG: 2D screen using perspective projection - FOV: 60.0°
DEBUG: ===== SIMPLE MODE CAMERA SETUP =====
DEBUG: Simple mode sphere_pos: [0. 0. 0.]
DEBUG: Simple mode view_dir: [1. 0. 0.]
DEBUG: Simple mode look_at: [10.  0.  0.]
DEBUG: Cube position: [2. 0. 2.]
DEBUG: Direction to cube: [0.70710678 0.         0.70710678]
DEBUG: View direction: [1. 0. 0.]
DEBUG: Angle between view and cube direction: 45.0° (should be close to 0°)
DEBUG: Are we looking toward cube? False
DEBUG: ==============================================
DEBUG: ===== SIMPLE MODE CUBE ROTATION =====
DEBUG: Simple mode applying cube rotation: [0.0°, 0.0°, 0.0°]
DEBUG: =========================================
DEBUG: Simple 2D screen rendered - reference objects disabled to prevent yellow box artifact
DEBUG: Using perspective projection - FOV: 60.0°
DEBUG: Canvas mode: 'simple', Sphere mode: 'simple'
DEBUG: Sphere screen render check - canvas_enabled: True, canvas_mode: simple, sphere_enabled: True, should_render: False
DEBUG: Sphere skipping screen render (canvas mode: simple)
DEBUG: ===== SIMPLE MODE CUBE ROTATION =====
DEBUG: Simple mode applying cube rotation: [0.0°, 0.0°, 0.0°]
DEBUG: =========================================
DEBUG: ===== CANVAS draw_unified_screen() CALLED =====
DEBUG: screen_enabled: True, screen_render_mode: simple
DEBUG: Canvas drawing simple 2D screen
DEBUG: Drew unified screen in simple mode
DEBUG: Simple mode active - screen shows original 2D framebuffer view
DEBUG: Rendering 2 screens
DEBUG: Rendering screen Original 2D Screen of type screen_2d
DEBUG: ===== SIMPLE MODE CUBE ROTATION =====
DEBUG: Simple mode applying cube rotation: [0.0°, 0.0°, 0.0°]
DEBUG: =========================================
DEBUG: ===== CANVAS draw_unified_screen() CALLED =====
DEBUG: screen_enabled: True, screen_render_mode: simple
DEBUG: Canvas drawing simple 2D screen
DEBUG: Drew unified screen in simple mode
DEBUG: Simple mode active - screen shows original 2D framebuffer view
DEBUG: Rendering MediaScreen Video Screen (istockphoto-482277170-640_adpp_is.mp4) with texture 3
DEBUG: Rendering screen Video Screen (istockphoto-482277170-640_adpp_is.mp4) of type screen_2d
DEBUG: Frame caching error for frame 236: 'MediaScreen' object has no attribute 'cache_size_limit'
DEBUG: Rendering MediaScreen Video Screen (istockphoto-482277170-640_adpp_is.mp4) with texture 3
DEBUG: Extracting frame 240 at timestamp 8.000s (SLOW PATH)
DEBUG: ===== CANVAS update_sphere_view_vector() CALLED =====
DEBUG: Canvas syncing view_vector with sphere vector_direction: [1. 0. 0.]
DEBUG: Normalized view_vector: [1. 0. 0.]
DEBUG: Red vector direction: [1. 0. 0.]
DEBUG: Normalized view vector: [1.000, 0.000, 0.000]
DEBUG: Red cube position: [2. 0. 2.]
DEBUG: Expected direction to cube: [0.70710678 0.         0.70710678]
DEBUG: Actual view vector: [1. 0. 0.]
DEBUG: Dot product: 0.707
DEBUG: ⚠️ WARNING: View vector not pointing toward cube!
DEBUG: Consider setting vector direction to point toward cube
DEBUG: Suggested vector direction: [2.12132034 0.         2.12132034]
DEBUG: Angle to cube: 45.0° (should be < 30° to be visible)
DEBUG: Cube direction: [0.707, 0.000, 0.707]
DEBUG: 2D screen using perspective projection - FOV: 60.0°
DEBUG: ===== SIMPLE MODE CAMERA SETUP =====
DEBUG: Simple mode sphere_pos: [0. 0. 0.]
DEBUG: Simple mode view_dir: [1. 0. 0.]
DEBUG: Simple mode look_at: [10.  0.  0.]
DEBUG: Cube position: [2. 0. 2.]
DEBUG: Direction to cube: [0.70710678 0.         0.70710678]
DEBUG: View direction: [1. 0. 0.]
DEBUG: Angle between view and cube direction: 45.0° (should be close to 0°)
DEBUG: Are we looking toward cube? False
DEBUG: ==============================================
DEBUG: ===== SIMPLE MODE CUBE ROTATION =====
DEBUG: Simple mode applying cube rotation: [0.0°, 0.0°, 0.0°]
DEBUG: =========================================
DEBUG: Simple 2D screen rendered - reference objects disabled to prevent yellow box artifact
DEBUG: Using perspective projection - FOV: 60.0°
DEBUG: Canvas mode: 'simple', Sphere mode: 'simple'
DEBUG: Sphere screen render check - canvas_enabled: True, canvas_mode: simple, sphere_enabled: True, should_render: False
DEBUG: Sphere skipping screen render (canvas mode: simple)
DEBUG: ===== SIMPLE MODE CUBE ROTATION =====
DEBUG: Simple mode applying cube rotation: [0.0°, 0.0°, 0.0°]
DEBUG: =========================================
DEBUG: ===== CANVAS draw_unified_screen() CALLED =====
DEBUG: screen_enabled: True, screen_render_mode: simple
DEBUG: Canvas drawing simple 2D screen
DEBUG: Drew unified screen in simple mode
DEBUG: Simple mode active - screen shows original 2D framebuffer view
DEBUG: Rendering 2 screens
DEBUG: Rendering screen Original 2D Screen of type screen_2d
DEBUG: ===== SIMPLE MODE CUBE ROTATION =====
DEBUG: Simple mode applying cube rotation: [0.0°, 0.0°, 0.0°]
DEBUG: =========================================
DEBUG: ===== CANVAS draw_unified_screen() CALLED =====
DEBUG: screen_enabled: True, screen_render_mode: simple
DEBUG: Canvas drawing simple 2D screen
DEBUG: Drew unified screen in simple mode
DEBUG: Simple mode active - screen shows original 2D framebuffer view
DEBUG: Rendering MediaScreen Video Screen (istockphoto-482277170-640_adpp_is.mp4) with texture 3
DEBUG: Rendering screen Video Screen (istockphoto-482277170-640_adpp_is.mp4) of type screen_2d
DEBUG: Rendering MediaScreen Video Screen (istockphoto-482277170-640_adpp_is.mp4) with texture 3
DEBUG: ===== CANVAS update_sphere_view_vector() CALLED =====
DEBUG: Canvas syncing view_vector with sphere vector_direction: [1. 0. 0.]
DEBUG: Normalized view_vector: [1. 0. 0.]
DEBUG: Red vector direction: [1. 0. 0.]
DEBUG: Normalized view vector: [1.000, 0.000, 0.000]
DEBUG: Red cube position: [2. 0. 2.]
DEBUG: Expected direction to cube: [0.70710678 0.         0.70710678]
DEBUG: Actual view vector: [1. 0. 0.]
DEBUG: Dot product: 0.707
DEBUG: ⚠️ WARNING: View vector not pointing toward cube!
DEBUG: Consider setting vector direction to point toward cube
DEBUG: Suggested vector direction: [2.12132034 0.         2.12132034]
DEBUG: Angle to cube: 45.0° (should be < 30° to be visible)
DEBUG: Cube direction: [0.707, 0.000, 0.707]
DEBUG: 2D screen using perspective projection - FOV: 60.0°
DEBUG: ===== SIMPLE MODE CAMERA SETUP =====
DEBUG: Simple mode sphere_pos: [0. 0. 0.]
DEBUG: Simple mode view_dir: [1. 0. 0.]
DEBUG: Simple mode look_at: [10.  0.  0.]
DEBUG: Cube position: [2. 0. 2.]
DEBUG: Direction to cube: [0.70710678 0.         0.70710678]
DEBUG: View direction: [1. 0. 0.]
DEBUG: Angle between view and cube direction: 45.0° (should be close to 0°)
DEBUG: Are we looking toward cube? False
DEBUG: ==============================================
DEBUG: ===== SIMPLE MODE CUBE ROTATION =====
DEBUG: Simple mode applying cube rotation: [0.0°, 0.0°, 0.0°]
DEBUG: =========================================
DEBUG: Simple 2D screen rendered - reference objects disabled to prevent yellow box artifact
DEBUG: Using perspective projection - FOV: 60.0°
DEBUG: Frame caching error for frame 240: 'MediaScreen' object has no attribute 'cache_size_limit'
DEBUG: Successfully extracted and cached frame 240 (cache size: 0)
DEBUG: Frame 240, audio: 8.01s, video: 8.00s, sync diff: 0.013s
DEBUG: Canvas mode: 'simple', Sphere mode: 'simple'
DEBUG: Sphere screen render check - canvas_enabled: True, canvas_mode: simple, sphere_enabled: True, should_render: False
DEBUG: Sphere skipping screen render (canvas mode: simple)
DEBUG: ===== SIMPLE MODE CUBE ROTATION =====
DEBUG: Simple mode applying cube rotation: [0.0°, 0.0°, 0.0°]
DEBUG: =========================================
DEBUG: ===== CANVAS draw_unified_screen() CALLED =====
DEBUG: screen_enabled: True, screen_render_mode: simple
DEBUG: Canvas drawing simple 2D screen
DEBUG: Drew unified screen in simple mode
DEBUG: Simple mode active - screen shows original 2D framebuffer view
DEBUG: Rendering 2 screens
DEBUG: Rendering screen Original 2D Screen of type screen_2d
DEBUG: ===== SIMPLE MODE CUBE ROTATION =====
DEBUG: Simple mode applying cube rotation: [0.0°, 0.0°, 0.0°]
DEBUG: =========================================
DEBUG: ===== CANVAS draw_unified_screen() CALLED =====
DEBUG: screen_enabled: True, screen_render_mode: simple
DEBUG: Canvas drawing simple 2D screen
DEBUG: Drew unified screen in simple mode
DEBUG: Simple mode active - screen shows original 2D framebuffer view
DEBUG: Rendering MediaScreen Video Screen (istockphoto-482277170-640_adpp_is.mp4) with texture 3
DEBUG: Rendering screen Video Screen (istockphoto-482277170-640_adpp_is.mp4) of type screen_2d
DEBUG: Rendering MediaScreen Video Screen (istockphoto-482277170-640_adpp_is.mp4) with texture 3
DEBUG: ===== CANVAS update_sphere_view_vector() CALLED =====
DEBUG: Canvas syncing view_vector with sphere vector_direction: [1. 0. 0.]
DEBUG: Normalized view_vector: [1. 0. 0.]
DEBUG: Red vector direction: [1. 0. 0.]
DEBUG: Normalized view vector: [1.000, 0.000, 0.000]
DEBUG: Red cube position: [2. 0. 2.]
DEBUG: Expected direction to cube: [0.70710678 0.         0.70710678]
DEBUG: Actual view vector: [1. 0. 0.]
DEBUG: Dot product: 0.707
DEBUG: ⚠️ WARNING: View vector not pointing toward cube!
DEBUG: Consider setting vector direction to point toward cube
DEBUG: Suggested vector direction: [2.12132034 0.         2.12132034]
DEBUG: Angle to cube: 45.0° (should be < 30° to be visible)
DEBUG: Cube direction: [0.707, 0.000, 0.707]
DEBUG: 2D screen using perspective projection - FOV: 60.0°
DEBUG: ===== SIMPLE MODE CAMERA SETUP =====
DEBUG: Simple mode sphere_pos: [0. 0. 0.]
DEBUG: Simple mode view_dir: [1. 0. 0.]
DEBUG: Simple mode look_at: [10.  0.  0.]
DEBUG: Cube position: [2. 0. 2.]
DEBUG: Direction to cube: [0.70710678 0.         0.70710678]
DEBUG: View direction: [1. 0. 0.]
DEBUG: Angle between view and cube direction: 45.0° (should be close to 0°)
DEBUG: Are we looking toward cube? False
DEBUG: ==============================================
DEBUG: ===== SIMPLE MODE CUBE ROTATION =====
DEBUG: Simple mode applying cube rotation: [0.0°, 0.0°, 0.0°]
DEBUG: =========================================
DEBUG: Simple 2D screen rendered - reference objects disabled to prevent yellow box artifact
DEBUG: Using perspective projection - FOV: 60.0°
DEBUG: Canvas mode: 'simple', Sphere mode: 'simple'
DEBUG: Sphere screen render check - canvas_enabled: True, canvas_mode: simple, sphere_enabled: True, should_render: False
DEBUG: Sphere skipping screen render (canvas mode: simple)
DEBUG: ===== SIMPLE MODE CUBE ROTATION =====
DEBUG: Simple mode applying cube rotation: [0.0°, 0.0°, 0.0°]
DEBUG: =========================================
DEBUG: ===== CANVAS draw_unified_screen() CALLED =====
DEBUG: screen_enabled: True, screen_render_mode: simple
DEBUG: Canvas drawing simple 2D screen
DEBUG: Drew unified screen in simple mode
DEBUG: Simple mode active - screen shows original 2D framebuffer view
DEBUG: Rendering 2 screens
DEBUG: Rendering screen Original 2D Screen of type screen_2d
DEBUG: ===== SIMPLE MODE CUBE ROTATION =====
DEBUG: Simple mode applying cube rotation: [0.0°, 0.0°, 0.0°]
DEBUG: =========================================
DEBUG: ===== CANVAS draw_unified_screen() CALLED =====
DEBUG: screen_enabled: True, screen_render_mode: simple
DEBUG: Canvas drawing simple 2D screen
DEBUG: Drew unified screen in simple mode
DEBUG: Simple mode active - screen shows original 2D framebuffer view
DEBUG: Frame caching error for frame 244: 'MediaScreen' object has no attribute 'cache_size_limit'
DEBUG: Rendering MediaScreen Video Screen (istockphoto-482277170-640_adpp_is.mp4) with texture 3
DEBUG: Rendering screen Video Screen (istockphoto-482277170-640_adpp_is.mp4) of type screen_2d
DEBUG: Rendering MediaScreen Video Screen (istockphoto-482277170-640_adpp_is.mp4) with texture 3
DEBUG: ===== CANVAS update_sphere_view_vector() CALLED =====
DEBUG: Canvas syncing view_vector with sphere vector_direction: [1. 0. 0.]
DEBUG: Normalized view_vector: [1. 0. 0.]
DEBUG: Red vector direction: [1. 0. 0.]
DEBUG: Normalized view vector: [1.000, 0.000, 0.000]
DEBUG: Red cube position: [2. 0. 2.]
DEBUG: Expected direction to cube: [0.70710678 0.         0.70710678]
DEBUG: Actual view vector: [1. 0. 0.]
DEBUG: Dot product: 0.707
DEBUG: ⚠️ WARNING: View vector not pointing toward cube!
DEBUG: Consider setting vector direction to point toward cube
DEBUG: Suggested vector direction: [2.12132034 0.         2.12132034]
DEBUG: Angle to cube: 45.0° (should be < 30° to be visible)
DEBUG: Cube direction: [0.707, 0.000, 0.707]
DEBUG: 2D screen using perspective projection - FOV: 60.0°
DEBUG: ===== SIMPLE MODE CAMERA SETUP =====
DEBUG: Simple mode sphere_pos: [0. 0. 0.]
DEBUG: Simple mode view_dir: [1. 0. 0.]
DEBUG: Simple mode look_at: [10.  0.  0.]
DEBUG: Cube position: [2. 0. 2.]
DEBUG: Direction to cube: [0.70710678 0.         0.70710678]
DEBUG: View direction: [1. 0. 0.]
DEBUG: Angle between view and cube direction: 45.0° (should be close to 0°)
DEBUG: Are we looking toward cube? False
DEBUG: ==============================================
DEBUG: ===== SIMPLE MODE CUBE ROTATION =====
DEBUG: Simple mode applying cube rotation: [0.0°, 0.0°, 0.0°]
DEBUG: =========================================
DEBUG: Simple 2D screen rendered - reference objects disabled to prevent yellow box artifact
DEBUG: Using perspective projection - FOV: 60.0°
DEBUG: Canvas mode: 'simple', Sphere mode: 'simple'
DEBUG: Sphere screen render check - canvas_enabled: True, canvas_mode: simple, sphere_enabled: True, should_render: False
DEBUG: Sphere skipping screen render (canvas mode: simple)
DEBUG: ===== SIMPLE MODE CUBE ROTATION =====
DEBUG: Simple mode applying cube rotation: [0.0°, 0.0°, 0.0°]
DEBUG: =========================================
DEBUG: ===== CANVAS draw_unified_screen() CALLED =====
DEBUG: screen_enabled: True, screen_render_mode: simple
DEBUG: Canvas drawing simple 2D screen
DEBUG: Drew unified screen in simple mode
DEBUG: Simple mode active - screen shows original 2D framebuffer view
DEBUG: Rendering 2 screens
DEBUG: Rendering screen Original 2D Screen of type screen_2d
DEBUG: ===== SIMPLE MODE CUBE ROTATION =====
DEBUG: Simple mode applying cube rotation: [0.0°, 0.0°, 0.0°]
DEBUG: =========================================
DEBUG: ===== CANVAS draw_unified_screen() CALLED =====
DEBUG: screen_enabled: True, screen_render_mode: simple
DEBUG: Canvas drawing simple 2D screen
DEBUG: Drew unified screen in simple mode
DEBUG: Simple mode active - screen shows original 2D framebuffer view
DEBUG: Rendering MediaScreen Video Screen (istockphoto-482277170-640_adpp_is.mp4) with texture 3
DEBUG: Rendering screen Video Screen (istockphoto-482277170-640_adpp_is.mp4) of type screen_2d
DEBUG: Rendering MediaScreen Video Screen (istockphoto-482277170-640_adpp_is.mp4) with texture 3
DEBUG: ===== CANVAS update_sphere_view_vector() CALLED =====
DEBUG: Canvas syncing view_vector with sphere vector_direction: [1. 0. 0.]
DEBUG: Normalized view_vector: [1. 0. 0.]
DEBUG: Red vector direction: [1. 0. 0.]
DEBUG: Normalized view vector: [1.000, 0.000, 0.000]
DEBUG: Red cube position: [2. 0. 2.]
DEBUG: Expected direction to cube: [0.70710678 0.         0.70710678]
DEBUG: Actual view vector: [1. 0. 0.]
DEBUG: Dot product: 0.707
DEBUG: ⚠️ WARNING: View vector not pointing toward cube!
DEBUG: Consider setting vector direction to point toward cube
DEBUG: Suggested vector direction: [2.12132034 0.         2.12132034]
DEBUG: Angle to cube: 45.0° (should be < 30° to be visible)
DEBUG: Cube direction: [0.707, 0.000, 0.707]
DEBUG: 2D screen using perspective projection - FOV: 60.0°
DEBUG: ===== SIMPLE MODE CAMERA SETUP =====
DEBUG: Simple mode sphere_pos: [0. 0. 0.]
DEBUG: Simple mode view_dir: [1. 0. 0.]
DEBUG: Simple mode look_at: [10.  0.  0.]
DEBUG: Cube position: [2. 0. 2.]
DEBUG: Direction to cube: [0.70710678 0.         0.70710678]
DEBUG: View direction: [1. 0. 0.]
DEBUG: Angle between view and cube direction: 45.0° (should be close to 0°)
DEBUG: Are we looking toward cube? False
DEBUG: ==============================================
DEBUG: ===== SIMPLE MODE CUBE ROTATION =====
DEBUG: Simple mode applying cube rotation: [0.0°, 0.0°, 0.0°]
DEBUG: =========================================
DEBUG: Simple 2D screen rendered - reference objects disabled to prevent yellow box artifact
DEBUG: Using perspective projection - FOV: 60.0°
DEBUG: Frame caching error for frame 249: 'MediaScreen' object has no attribute 'cache_size_limit'
DEBUG: Canvas mode: 'simple', Sphere mode: 'simple'
DEBUG: Sphere screen render check - canvas_enabled: True, canvas_mode: simple, sphere_enabled: True, should_render: False
DEBUG: Sphere skipping screen render (canvas mode: simple)
DEBUG: ===== SIMPLE MODE CUBE ROTATION =====
DEBUG: Simple mode applying cube rotation: [0.0°, 0.0°, 0.0°]
DEBUG: =========================================
DEBUG: ===== CANVAS draw_unified_screen() CALLED =====
DEBUG: screen_enabled: True, screen_render_mode: simple
DEBUG: Canvas drawing simple 2D screen
DEBUG: Drew unified screen in simple mode
DEBUG: Simple mode active - screen shows original 2D framebuffer view
DEBUG: Rendering 2 screens
DEBUG: Rendering screen Original 2D Screen of type screen_2d
DEBUG: ===== SIMPLE MODE CUBE ROTATION =====
DEBUG: Simple mode applying cube rotation: [0.0°, 0.0°, 0.0°]
DEBUG: =========================================
DEBUG: ===== CANVAS draw_unified_screen() CALLED =====
DEBUG: screen_enabled: True, screen_render_mode: simple
DEBUG: Canvas drawing simple 2D screen
DEBUG: Drew unified screen in simple mode
DEBUG: Simple mode active - screen shows original 2D framebuffer view
DEBUG: Rendering MediaScreen Video Screen (istockphoto-482277170-640_adpp_is.mp4) with texture 3
DEBUG: Rendering screen Video Screen (istockphoto-482277170-640_adpp_is.mp4) of type screen_2d
DEBUG: Rendering MediaScreen Video Screen (istockphoto-482277170-640_adpp_is.mp4) with texture 3
DEBUG: ===== CANVAS update_sphere_view_vector() CALLED =====
DEBUG: Canvas syncing view_vector with sphere vector_direction: [1. 0. 0.]
DEBUG: Normalized view_vector: [1. 0. 0.]
DEBUG: Red vector direction: [1. 0. 0.]
DEBUG: Normalized view vector: [1.000, 0.000, 0.000]
DEBUG: Red cube position: [2. 0. 2.]
DEBUG: Expected direction to cube: [0.70710678 0.         0.70710678]
DEBUG: Actual view vector: [1. 0. 0.]
DEBUG: Dot product: 0.707
DEBUG: ⚠️ WARNING: View vector not pointing toward cube!
DEBUG: Consider setting vector direction to point toward cube
DEBUG: Suggested vector direction: [2.12132034 0.         2.12132034]
DEBUG: Angle to cube: 45.0° (should be < 30° to be visible)
DEBUG: Cube direction: [0.707, 0.000, 0.707]
DEBUG: 2D screen using perspective projection - FOV: 60.0°
DEBUG: ===== SIMPLE MODE CAMERA SETUP =====
DEBUG: Simple mode sphere_pos: [0. 0. 0.]
DEBUG: Simple mode view_dir: [1. 0. 0.]
DEBUG: Simple mode look_at: [10.  0.  0.]
DEBUG: Cube position: [2. 0. 2.]
DEBUG: Direction to cube: [0.70710678 0.         0.70710678]
DEBUG: View direction: [1. 0. 0.]
DEBUG: Angle between view and cube direction: 45.0° (should be close to 0°)
DEBUG: Are we looking toward cube? False
DEBUG: ==============================================
DEBUG: ===== SIMPLE MODE CUBE ROTATION =====
DEBUG: Simple mode applying cube rotation: [0.0°, 0.0°, 0.0°]
DEBUG: =========================================
DEBUG: Simple 2D screen rendered - reference objects disabled to prevent yellow box artifact
DEBUG: Using perspective projection - FOV: 60.0°
DEBUG: Canvas mode: 'simple', Sphere mode: 'simple'
DEBUG: Sphere screen render check - canvas_enabled: True, canvas_mode: simple, sphere_enabled: True, should_render: False
DEBUG: Sphere skipping screen render (canvas mode: simple)
DEBUG: ===== SIMPLE MODE CUBE ROTATION =====
DEBUG: Simple mode applying cube rotation: [0.0°, 0.0°, 0.0°]
DEBUG: =========================================
DEBUG: ===== CANVAS draw_unified_screen() CALLED =====
DEBUG: screen_enabled: True, screen_render_mode: simple
DEBUG: Canvas drawing simple 2D screen
DEBUG: Drew unified screen in simple mode
DEBUG: Simple mode active - screen shows original 2D framebuffer view
DEBUG: Rendering 2 screens
DEBUG: Rendering screen Original 2D Screen of type screen_2d
DEBUG: ===== SIMPLE MODE CUBE ROTATION =====
DEBUG: Simple mode applying cube rotation: [0.0°, 0.0°, 0.0°]
DEBUG: =========================================
DEBUG: Frame caching error for frame 253: 'MediaScreen' object has no attribute 'cache_size_limit'
DEBUG: ===== CANVAS draw_unified_screen() CALLED =====
DEBUG: screen_enabled: True, screen_render_mode: simple
DEBUG: Canvas drawing simple 2D screen
DEBUG: Drew unified screen in simple mode
DEBUG: Simple mode active - screen shows original 2D framebuffer view
DEBUG: Rendering MediaScreen Video Screen (istockphoto-482277170-640_adpp_is.mp4) with texture 3
DEBUG: Rendering screen Video Screen (istockphoto-482277170-640_adpp_is.mp4) of type screen_2d
DEBUG: Rendering MediaScreen Video Screen (istockphoto-482277170-640_adpp_is.mp4) with texture 3
DEBUG: ===== CANVAS update_sphere_view_vector() CALLED =====
DEBUG: Canvas syncing view_vector with sphere vector_direction: [1. 0. 0.]
DEBUG: Normalized view_vector: [1. 0. 0.]
DEBUG: Red vector direction: [1. 0. 0.]
DEBUG: Normalized view vector: [1.000, 0.000, 0.000]
DEBUG: Red cube position: [2. 0. 2.]
DEBUG: Expected direction to cube: [0.70710678 0.         0.70710678]
DEBUG: Actual view vector: [1. 0. 0.]
DEBUG: Dot product: 0.707
DEBUG: ⚠️ WARNING: View vector not pointing toward cube!
DEBUG: Consider setting vector direction to point toward cube
DEBUG: Suggested vector direction: [2.12132034 0.         2.12132034]
DEBUG: Angle to cube: 45.0° (should be < 30° to be visible)
DEBUG: Cube direction: [0.707, 0.000, 0.707]
DEBUG: 2D screen using perspective projection - FOV: 60.0°
DEBUG: ===== SIMPLE MODE CAMERA SETUP =====
DEBUG: Simple mode sphere_pos: [0. 0. 0.]
DEBUG: Simple mode view_dir: [1. 0. 0.]
DEBUG: Simple mode look_at: [10.  0.  0.]
DEBUG: Cube position: [2. 0. 2.]
DEBUG: Direction to cube: [0.70710678 0.         0.70710678]
DEBUG: View direction: [1. 0. 0.]
DEBUG: Angle between view and cube direction: 45.0° (should be close to 0°)
DEBUG: Are we looking toward cube? False
DEBUG: ==============================================
DEBUG: ===== SIMPLE MODE CUBE ROTATION =====
DEBUG: Simple mode applying cube rotation: [0.0°, 0.0°, 0.0°]
DEBUG: =========================================
DEBUG: Simple 2D screen rendered - reference objects disabled to prevent yellow box artifact
DEBUG: Using perspective projection - FOV: 60.0°
DEBUG: Canvas mode: 'simple', Sphere mode: 'simple'
DEBUG: Sphere screen render check - canvas_enabled: True, canvas_mode: simple, sphere_enabled: True, should_render: False
DEBUG: Sphere skipping screen render (canvas mode: simple)
DEBUG: ===== SIMPLE MODE CUBE ROTATION =====
DEBUG: Simple mode applying cube rotation: [0.0°, 0.0°, 0.0°]
DEBUG: =========================================
DEBUG: ===== CANVAS draw_unified_screen() CALLED =====
DEBUG: screen_enabled: True, screen_render_mode: simple
DEBUG: Canvas drawing simple 2D screen
DEBUG: Drew unified screen in simple mode
DEBUG: Simple mode active - screen shows original 2D framebuffer view
DEBUG: Rendering 2 screens
DEBUG: Rendering screen Original 2D Screen of type screen_2d
DEBUG: ===== SIMPLE MODE CUBE ROTATION =====
DEBUG: Simple mode applying cube rotation: [0.0°, 0.0°, 0.0°]
DEBUG: =========================================
DEBUG: ===== CANVAS draw_unified_screen() CALLED =====
DEBUG: screen_enabled: True, screen_render_mode: simple
DEBUG: Canvas drawing simple 2D screen
DEBUG: Drew unified screen in simple mode
DEBUG: Simple mode active - screen shows original 2D framebuffer view
DEBUG: Rendering MediaScreen Video Screen (istockphoto-482277170-640_adpp_is.mp4) with texture 3
DEBUG: Rendering screen Video Screen (istockphoto-482277170-640_adpp_is.mp4) of type screen_2d
DEBUG: Rendering MediaScreen Video Screen (istockphoto-482277170-640_adpp_is.mp4) with texture 3
DEBUG: ===== CANVAS update_sphere_view_vector() CALLED =====
DEBUG: Canvas syncing view_vector with sphere vector_direction: [1. 0. 0.]
DEBUG: Normalized view_vector: [1. 0. 0.]
DEBUG: Red vector direction: [1. 0. 0.]
DEBUG: Normalized view vector: [1.000, 0.000, 0.000]
DEBUG: Red cube position: [2. 0. 2.]
DEBUG: Expected direction to cube: [0.70710678 0.         0.70710678]
DEBUG: Actual view vector: [1. 0. 0.]
DEBUG: Dot product: 0.707
DEBUG: ⚠️ WARNING: View vector not pointing toward cube!
DEBUG: Consider setting vector direction to point toward cube
DEBUG: Suggested vector direction: [2.12132034 0.         2.12132034]
DEBUG: Angle to cube: 45.0° (should be < 30° to be visible)
DEBUG: Cube direction: [0.707, 0.000, 0.707]
DEBUG: 2D screen using perspective projection - FOV: 60.0°
DEBUG: ===== SIMPLE MODE CAMERA SETUP =====
DEBUG: Simple mode sphere_pos: [0. 0. 0.]
DEBUG: Simple mode view_dir: [1. 0. 0.]
DEBUG: Simple mode look_at: [10.  0.  0.]
DEBUG: Cube position: [2. 0. 2.]
DEBUG: Direction to cube: [0.70710678 0.         0.70710678]
DEBUG: View direction: [1. 0. 0.]
DEBUG: Angle between view and cube direction: 45.0° (should be close to 0°)
DEBUG: Are we looking toward cube? False
DEBUG: ==============================================
DEBUG: ===== SIMPLE MODE CUBE ROTATION =====
DEBUG: Simple mode applying cube rotation: [0.0°, 0.0°, 0.0°]
DEBUG: =========================================
DEBUG: Simple 2D screen rendered - reference objects disabled to prevent yellow box artifact
DEBUG: Using perspective projection - FOV: 60.0°
DEBUG: Frame caching error for frame 258: 'MediaScreen' object has no attribute 'cache_size_limit'
DEBUG: Canvas mode: 'simple', Sphere mode: 'simple'
DEBUG: Sphere screen render check - canvas_enabled: True, canvas_mode: simple, sphere_enabled: True, should_render: False
DEBUG: Sphere skipping screen render (canvas mode: simple)
DEBUG: ===== SIMPLE MODE CUBE ROTATION =====
DEBUG: Simple mode applying cube rotation: [0.0°, 0.0°, 0.0°]
DEBUG: =========================================
DEBUG: ===== CANVAS draw_unified_screen() CALLED =====
DEBUG: screen_enabled: True, screen_render_mode: simple
DEBUG: Canvas drawing simple 2D screen
DEBUG: Drew unified screen in simple mode
DEBUG: Simple mode active - screen shows original 2D framebuffer view
DEBUG: Rendering 2 screens
DEBUG: Rendering screen Original 2D Screen of type screen_2d
DEBUG: ===== SIMPLE MODE CUBE ROTATION =====
DEBUG: Simple mode applying cube rotation: [0.0°, 0.0°, 0.0°]
DEBUG: =========================================
DEBUG: ===== CANVAS draw_unified_screen() CALLED =====
DEBUG: screen_enabled: True, screen_render_mode: simple
DEBUG: Canvas drawing simple 2D screen
DEBUG: Drew unified screen in simple mode
DEBUG: Simple mode active - screen shows original 2D framebuffer view
DEBUG: Rendering MediaScreen Video Screen (istockphoto-482277170-640_adpp_is.mp4) with texture 3
DEBUG: Rendering screen Video Screen (istockphoto-482277170-640_adpp_is.mp4) of type screen_2d
DEBUG: Rendering MediaScreen Video Screen (istockphoto-482277170-640_adpp_is.mp4) with texture 3
DEBUG: ===== CANVAS update_sphere_view_vector() CALLED =====
DEBUG: Canvas syncing view_vector with sphere vector_direction: [1. 0. 0.]
DEBUG: Normalized view_vector: [1. 0. 0.]
DEBUG: Red vector direction: [1. 0. 0.]
DEBUG: Normalized view vector: [1.000, 0.000, 0.000]
DEBUG: Red cube position: [2. 0. 2.]
DEBUG: Expected direction to cube: [0.70710678 0.         0.70710678]
DEBUG: Actual view vector: [1. 0. 0.]
DEBUG: Dot product: 0.707
DEBUG: ⚠️ WARNING: View vector not pointing toward cube!
DEBUG: Consider setting vector direction to point toward cube
DEBUG: Suggested vector direction: [2.12132034 0.         2.12132034]
DEBUG: Angle to cube: 45.0° (should be < 30° to be visible)
DEBUG: Cube direction: [0.707, 0.000, 0.707]
DEBUG: 2D screen using perspective projection - FOV: 60.0°
DEBUG: ===== SIMPLE MODE CAMERA SETUP =====
DEBUG: Simple mode sphere_pos: [0. 0. 0.]
DEBUG: Simple mode view_dir: [1. 0. 0.]
DEBUG: Simple mode look_at: [10.  0.  0.]
DEBUG: Cube position: [2. 0. 2.]
DEBUG: Direction to cube: [0.70710678 0.         0.70710678]
DEBUG: View direction: [1. 0. 0.]
DEBUG: Angle between view and cube direction: 45.0° (should be close to 0°)
DEBUG: Are we looking toward cube? False
DEBUG: ==============================================
DEBUG: ===== SIMPLE MODE CUBE ROTATION =====
DEBUG: Simple mode applying cube rotation: [0.0°, 0.0°, 0.0°]
DEBUG: =========================================
DEBUG: Simple 2D screen rendered - reference objects disabled to prevent yellow box artifact
DEBUG: Using perspective projection - FOV: 60.0°
DEBUG: Canvas mode: 'simple', Sphere mode: 'simple'
DEBUG: Sphere screen render check - canvas_enabled: True, canvas_mode: simple, sphere_enabled: True, should_render: False
DEBUG: Sphere skipping screen render (canvas mode: simple)
DEBUG: ===== SIMPLE MODE CUBE ROTATION =====
DEBUG: Simple mode applying cube rotation: [0.0°, 0.0°, 0.0°]
DEBUG: =========================================
DEBUG: ===== CANVAS draw_unified_screen() CALLED =====
DEBUG: screen_enabled: True, screen_render_mode: simple
DEBUG: Canvas drawing simple 2D screen
DEBUG: Drew unified screen in simple mode
DEBUG: Simple mode active - screen shows original 2D framebuffer view
DEBUG: Rendering 2 screens
DEBUG: Rendering screen Original 2D Screen of type screen_2d
DEBUG: Frame caching error for frame 263: 'MediaScreen' object has no attribute 'cache_size_limit'
DEBUG: ===== SIMPLE MODE CUBE ROTATION =====
DEBUG: Simple mode applying cube rotation: [0.0°, 0.0°, 0.0°]
DEBUG: =========================================
DEBUG: ===== CANVAS draw_unified_screen() CALLED =====
DEBUG: screen_enabled: True, screen_render_mode: simple
DEBUG: Canvas drawing simple 2D screen
DEBUG: Drew unified screen in simple mode
DEBUG: Simple mode active - screen shows original 2D framebuffer view
DEBUG: Rendering MediaScreen Video Screen (istockphoto-482277170-640_adpp_is.mp4) with texture 3
DEBUG: Rendering screen Video Screen (istockphoto-482277170-640_adpp_is.mp4) of type screen_2d
DEBUG: Rendering MediaScreen Video Screen (istockphoto-482277170-640_adpp_is.mp4) with texture 3
DEBUG: ===== CANVAS update_sphere_view_vector() CALLED =====
DEBUG: Canvas syncing view_vector with sphere vector_direction: [1. 0. 0.]
DEBUG: Normalized view_vector: [1. 0. 0.]
DEBUG: Red vector direction: [1. 0. 0.]
DEBUG: Normalized view vector: [1.000, 0.000, 0.000]
DEBUG: Red cube position: [2. 0. 2.]
DEBUG: Expected direction to cube: [0.70710678 0.         0.70710678]
DEBUG: Actual view vector: [1. 0. 0.]
DEBUG: Dot product: 0.707
DEBUG: ⚠️ WARNING: View vector not pointing toward cube!
DEBUG: Consider setting vector direction to point toward cube
DEBUG: Suggested vector direction: [2.12132034 0.         2.12132034]
DEBUG: Angle to cube: 45.0° (should be < 30° to be visible)
DEBUG: Cube direction: [0.707, 0.000, 0.707]
DEBUG: 2D screen using perspective projection - FOV: 60.0°
DEBUG: ===== SIMPLE MODE CAMERA SETUP =====
DEBUG: Simple mode sphere_pos: [0. 0. 0.]
DEBUG: Simple mode view_dir: [1. 0. 0.]
DEBUG: Simple mode look_at: [10.  0.  0.]
DEBUG: Cube position: [2. 0. 2.]
DEBUG: Direction to cube: [0.70710678 0.         0.70710678]
DEBUG: View direction: [1. 0. 0.]
DEBUG: Angle between view and cube direction: 45.0° (should be close to 0°)
DEBUG: Are we looking toward cube? False
DEBUG: ==============================================
DEBUG: ===== SIMPLE MODE CUBE ROTATION =====
DEBUG: Simple mode applying cube rotation: [0.0°, 0.0°, 0.0°]
DEBUG: =========================================
DEBUG: Simple 2D screen rendered - reference objects disabled to prevent yellow box artifact
DEBUG: Using perspective projection - FOV: 60.0°
DEBUG: Canvas mode: 'simple', Sphere mode: 'simple'
DEBUG: Sphere screen render check - canvas_enabled: True, canvas_mode: simple, sphere_enabled: True, should_render: False
DEBUG: Sphere skipping screen render (canvas mode: simple)
DEBUG: ===== SIMPLE MODE CUBE ROTATION =====
DEBUG: Simple mode applying cube rotation: [0.0°, 0.0°, 0.0°]
DEBUG: =========================================
DEBUG: ===== CANVAS draw_unified_screen() CALLED =====
DEBUG: screen_enabled: True, screen_render_mode: simple
DEBUG: Canvas drawing simple 2D screen
DEBUG: Drew unified screen in simple mode
DEBUG: Simple mode active - screen shows original 2D framebuffer view
DEBUG: Rendering 2 screens
DEBUG: Rendering screen Original 2D Screen of type screen_2d
DEBUG: ===== SIMPLE MODE CUBE ROTATION =====
DEBUG: Simple mode applying cube rotation: [0.0°, 0.0°, 0.0°]
DEBUG: =========================================
DEBUG: ===== CANVAS draw_unified_screen() CALLED =====
DEBUG: screen_enabled: True, screen_render_mode: simple
DEBUG: Canvas drawing simple 2D screen
DEBUG: Drew unified screen in simple mode
DEBUG: Simple mode active - screen shows original 2D framebuffer view
DEBUG: Rendering MediaScreen Video Screen (istockphoto-482277170-640_adpp_is.mp4) with texture 3
DEBUG: Rendering screen Video Screen (istockphoto-482277170-640_adpp_is.mp4) of type screen_2d
DEBUG: Rendering MediaScreen Video Screen (istockphoto-482277170-640_adpp_is.mp4) with texture 3
DEBUG: ===== CANVAS update_sphere_view_vector() CALLED =====
DEBUG: Canvas syncing view_vector with sphere vector_direction: [1. 0. 0.]
DEBUG: Normalized view_vector: [1. 0. 0.]
DEBUG: Red vector direction: [1. 0. 0.]
DEBUG: Normalized view vector: [1.000, 0.000, 0.000]
DEBUG: Red cube position: [2. 0. 2.]
DEBUG: Expected direction to cube: [0.70710678 0.         0.70710678]
DEBUG: Actual view vector: [1. 0. 0.]
DEBUG: Dot product: 0.707
DEBUG: ⚠️ WARNING: View vector not pointing toward cube!
DEBUG: Consider setting vector direction to point toward cube
DEBUG: Suggested vector direction: [2.12132034 0.         2.12132034]
DEBUG: Angle to cube: 45.0° (should be < 30° to be visible)
DEBUG: Cube direction: [0.707, 0.000, 0.707]
DEBUG: 2D screen using perspective projection - FOV: 60.0°
DEBUG: ===== SIMPLE MODE CAMERA SETUP =====
DEBUG: Simple mode sphere_pos: [0. 0. 0.]
DEBUG: Simple mode view_dir: [1. 0. 0.]
DEBUG: Simple mode look_at: [10.  0.  0.]
DEBUG: Cube position: [2. 0. 2.]
DEBUG: Direction to cube: [0.70710678 0.         0.70710678]
DEBUG: View direction: [1. 0. 0.]
DEBUG: Angle between view and cube direction: 45.0° (should be close to 0°)
DEBUG: Are we looking toward cube? False
DEBUG: ==============================================
DEBUG: ===== SIMPLE MODE CUBE ROTATION =====
DEBUG: Simple mode applying cube rotation: [0.0°, 0.0°, 0.0°]
DEBUG: =========================================
DEBUG: Simple 2D screen rendered - reference objects disabled to prevent yellow box artifact
DEBUG: Using perspective projection - FOV: 60.0°
DEBUG: Frame caching error for frame 267: 'MediaScreen' object has no attribute 'cache_size_limit'
DEBUG: Canvas mode: 'simple', Sphere mode: 'simple'
DEBUG: Sphere screen render check - canvas_enabled: True, canvas_mode: simple, sphere_enabled: True, should_render: False
DEBUG: Sphere skipping screen render (canvas mode: simple)
DEBUG: ===== SIMPLE MODE CUBE ROTATION =====
DEBUG: Simple mode applying cube rotation: [0.0°, 0.0°, 0.0°]
DEBUG: =========================================
DEBUG: ===== CANVAS draw_unified_screen() CALLED =====
DEBUG: screen_enabled: True, screen_render_mode: simple
DEBUG: Canvas drawing simple 2D screen
DEBUG: Drew unified screen in simple mode
DEBUG: Simple mode active - screen shows original 2D framebuffer view
DEBUG: Rendering 2 screens
DEBUG: Rendering screen Original 2D Screen of type screen_2d
DEBUG: ===== SIMPLE MODE CUBE ROTATION =====
DEBUG: Simple mode applying cube rotation: [0.0°, 0.0°, 0.0°]
DEBUG: =========================================
DEBUG: ===== CANVAS draw_unified_screen() CALLED =====
DEBUG: screen_enabled: True, screen_render_mode: simple
DEBUG: Canvas drawing simple 2D screen
DEBUG: Drew unified screen in simple mode
DEBUG: Simple mode active - screen shows original 2D framebuffer view
DEBUG: Rendering MediaScreen Video Screen (istockphoto-482277170-640_adpp_is.mp4) with texture 3
DEBUG: Rendering screen Video Screen (istockphoto-482277170-640_adpp_is.mp4) of type screen_2d
DEBUG: Rendering MediaScreen Video Screen (istockphoto-482277170-640_adpp_is.mp4) with texture 3
DEBUG: ===== CANVAS update_sphere_view_vector() CALLED =====
DEBUG: Canvas syncing view_vector with sphere vector_direction: [1. 0. 0.]
DEBUG: Normalized view_vector: [1. 0. 0.]
DEBUG: Red vector direction: [1. 0. 0.]
DEBUG: Normalized view vector: [1.000, 0.000, 0.000]
DEBUG: Red cube position: [2. 0. 2.]
DEBUG: Expected direction to cube: [0.70710678 0.         0.70710678]
DEBUG: Actual view vector: [1. 0. 0.]
DEBUG: Dot product: 0.707
DEBUG: ⚠️ WARNING: View vector not pointing toward cube!
DEBUG: Consider setting vector direction to point toward cube
DEBUG: Suggested vector direction: [2.12132034 0.         2.12132034]
DEBUG: Angle to cube: 45.0° (should be < 30° to be visible)
DEBUG: Cube direction: [0.707, 0.000, 0.707]
DEBUG: 2D screen using perspective projection - FOV: 60.0°
DEBUG: ===== SIMPLE MODE CAMERA SETUP =====
DEBUG: Simple mode sphere_pos: [0. 0. 0.]
DEBUG: Simple mode view_dir: [1. 0. 0.]
DEBUG: Simple mode look_at: [10.  0.  0.]
DEBUG: Cube position: [2. 0. 2.]
DEBUG: Direction to cube: [0.70710678 0.         0.70710678]
DEBUG: View direction: [1. 0. 0.]
DEBUG: Angle between view and cube direction: 45.0° (should be close to 0°)
DEBUG: Are we looking toward cube? False
DEBUG: ==============================================
DEBUG: ===== SIMPLE MODE CUBE ROTATION =====
DEBUG: Simple mode applying cube rotation: [0.0°, 0.0°, 0.0°]
DEBUG: =========================================
DEBUG: Simple 2D screen rendered - reference objects disabled to prevent yellow box artifact
DEBUG: Using perspective projection - FOV: 60.0°
DEBUG: Canvas mode: 'simple', Sphere mode: 'simple'
DEBUG: Sphere screen render check - canvas_enabled: True, canvas_mode: simple, sphere_enabled: True, should_render: False
DEBUG: Sphere skipping screen render (canvas mode: simple)
DEBUG: ===== SIMPLE MODE CUBE ROTATION =====
DEBUG: Simple mode applying cube rotation: [0.0°, 0.0°, 0.0°]
DEBUG: =========================================
DEBUG: ===== CANVAS draw_unified_screen() CALLED =====
DEBUG: screen_enabled: True, screen_render_mode: simple
DEBUG: Canvas drawing simple 2D screen
DEBUG: Drew unified screen in simple mode
DEBUG: Simple mode active - screen shows original 2D framebuffer view
DEBUG: Rendering 2 screens
DEBUG: Rendering screen Original 2D Screen of type screen_2d
DEBUG: Frame caching error for frame 271: 'MediaScreen' object has no attribute 'cache_size_limit'
DEBUG: ===== SIMPLE MODE CUBE ROTATION =====
DEBUG: Simple mode applying cube rotation: [0.0°, 0.0°, 0.0°]
DEBUG: =========================================
DEBUG: ===== CANVAS draw_unified_screen() CALLED =====
DEBUG: screen_enabled: True, screen_render_mode: simple
DEBUG: Canvas drawing simple 2D screen
DEBUG: Drew unified screen in simple mode
DEBUG: Simple mode active - screen shows original 2D framebuffer view
DEBUG: Rendering MediaScreen Video Screen (istockphoto-482277170-640_adpp_is.mp4) with texture 3
DEBUG: Rendering screen Video Screen (istockphoto-482277170-640_adpp_is.mp4) of type screen_2d
DEBUG: Rendering MediaScreen Video Screen (istockphoto-482277170-640_adpp_is.mp4) with texture 3
DEBUG: ===== CANVAS update_sphere_view_vector() CALLED =====
DEBUG: Canvas syncing view_vector with sphere vector_direction: [1. 0. 0.]
DEBUG: Normalized view_vector: [1. 0. 0.]
DEBUG: Red vector direction: [1. 0. 0.]
DEBUG: Normalized view vector: [1.000, 0.000, 0.000]
DEBUG: Red cube position: [2. 0. 2.]
DEBUG: Expected direction to cube: [0.70710678 0.         0.70710678]
DEBUG: Actual view vector: [1. 0. 0.]
DEBUG: Dot product: 0.707
DEBUG: ⚠️ WARNING: View vector not pointing toward cube!
DEBUG: Consider setting vector direction to point toward cube
DEBUG: Suggested vector direction: [2.12132034 0.         2.12132034]
DEBUG: Angle to cube: 45.0° (should be < 30° to be visible)
DEBUG: Cube direction: [0.707, 0.000, 0.707]
DEBUG: 2D screen using perspective projection - FOV: 60.0°
DEBUG: ===== SIMPLE MODE CAMERA SETUP =====
DEBUG: Simple mode sphere_pos: [0. 0. 0.]
DEBUG: Simple mode view_dir: [1. 0. 0.]
DEBUG: Simple mode look_at: [10.  0.  0.]
DEBUG: Cube position: [2. 0. 2.]
DEBUG: Direction to cube: [0.70710678 0.         0.70710678]
DEBUG: View direction: [1. 0. 0.]
DEBUG: Angle between view and cube direction: 45.0° (should be close to 0°)
DEBUG: Are we looking toward cube? False
DEBUG: ==============================================
DEBUG: ===== SIMPLE MODE CUBE ROTATION =====
DEBUG: Simple mode applying cube rotation: [0.0°, 0.0°, 0.0°]
DEBUG: =========================================
DEBUG: Simple 2D screen rendered - reference objects disabled to prevent yellow box artifact
DEBUG: Using perspective projection - FOV: 60.0°
DEBUG: Canvas mode: 'simple', Sphere mode: 'simple'
DEBUG: Sphere screen render check - canvas_enabled: True, canvas_mode: simple, sphere_enabled: True, should_render: False
DEBUG: Sphere skipping screen render (canvas mode: simple)
DEBUG: ===== SIMPLE MODE CUBE ROTATION =====
DEBUG: Simple mode applying cube rotation: [0.0°, 0.0°, 0.0°]
DEBUG: =========================================
DEBUG: ===== CANVAS draw_unified_screen() CALLED =====
DEBUG: screen_enabled: True, screen_render_mode: simple
DEBUG: Canvas drawing simple 2D screen
DEBUG: Drew unified screen in simple mode
DEBUG: Simple mode active - screen shows original 2D framebuffer view
DEBUG: Rendering 2 screens
DEBUG: Rendering screen Original 2D Screen of type screen_2d
DEBUG: ===== SIMPLE MODE CUBE ROTATION =====
DEBUG: Simple mode applying cube rotation: [0.0°, 0.0°, 0.0°]
DEBUG: =========================================
DEBUG: ===== CANVAS draw_unified_screen() CALLED =====
DEBUG: screen_enabled: True, screen_render_mode: simple
DEBUG: Canvas drawing simple 2D screen
DEBUG: Drew unified screen in simple mode
DEBUG: Simple mode active - screen shows original 2D framebuffer view
DEBUG: Rendering MediaScreen Video Screen (istockphoto-482277170-640_adpp_is.mp4) with texture 3
DEBUG: Rendering screen Video Screen (istockphoto-482277170-640_adpp_is.mp4) of type screen_2d
DEBUG: Rendering MediaScreen Video Screen (istockphoto-482277170-640_adpp_is.mp4) with texture 3
DEBUG: ===== CANVAS update_sphere_view_vector() CALLED =====
DEBUG: Canvas syncing view_vector with sphere vector_direction: [1. 0. 0.]
DEBUG: Normalized view_vector: [1. 0. 0.]
DEBUG: Red vector direction: [1. 0. 0.]
DEBUG: Normalized view vector: [1.000, 0.000, 0.000]
DEBUG: Red cube position: [2. 0. 2.]
DEBUG: Expected direction to cube: [0.70710678 0.         0.70710678]
DEBUG: Actual view vector: [1. 0. 0.]
DEBUG: Dot product: 0.707
DEBUG: ⚠️ WARNING: View vector not pointing toward cube!
DEBUG: Consider setting vector direction to point toward cube
DEBUG: Suggested vector direction: [2.12132034 0.         2.12132034]
DEBUG: Angle to cube: 45.0° (should be < 30° to be visible)
DEBUG: Cube direction: [0.707, 0.000, 0.707]
DEBUG: 2D screen using perspective projection - FOV: 60.0°
DEBUG: ===== SIMPLE MODE CAMERA SETUP =====
DEBUG: Simple mode sphere_pos: [0. 0. 0.]
DEBUG: Simple mode view_dir: [1. 0. 0.]
DEBUG: Simple mode look_at: [10.  0.  0.]
DEBUG: Cube position: [2. 0. 2.]
DEBUG: Direction to cube: [0.70710678 0.         0.70710678]
DEBUG: View direction: [1. 0. 0.]
DEBUG: Angle between view and cube direction: 45.0° (should be close to 0°)
DEBUG: Are we looking toward cube? False
DEBUG: ==============================================
DEBUG: ===== SIMPLE MODE CUBE ROTATION =====
DEBUG: Simple mode applying cube rotation: [0.0°, 0.0°, 0.0°]
DEBUG: =========================================
DEBUG: Simple 2D screen rendered - reference objects disabled to prevent yellow box artifact
DEBUG: Using perspective projection - FOV: 60.0°
DEBUG: Frame caching error for frame 275: 'MediaScreen' object has no attribute 'cache_size_limit'
DEBUG: Canvas mode: 'simple', Sphere mode: 'simple'
DEBUG: Sphere screen render check - canvas_enabled: True, canvas_mode: simple, sphere_enabled: True, should_render: False
DEBUG: Sphere skipping screen render (canvas mode: simple)
DEBUG: ===== SIMPLE MODE CUBE ROTATION =====
DEBUG: Simple mode applying cube rotation: [0.0°, 0.0°, 0.0°]
DEBUG: =========================================
DEBUG: ===== CANVAS draw_unified_screen() CALLED =====
DEBUG: screen_enabled: True, screen_render_mode: simple
DEBUG: Canvas drawing simple 2D screen
DEBUG: Drew unified screen in simple mode
DEBUG: Simple mode active - screen shows original 2D framebuffer view
DEBUG: Rendering 2 screens
DEBUG: Rendering screen Original 2D Screen of type screen_2d
DEBUG: ===== SIMPLE MODE CUBE ROTATION =====
DEBUG: Simple mode applying cube rotation: [0.0°, 0.0°, 0.0°]
DEBUG: =========================================
DEBUG: ===== CANVAS draw_unified_screen() CALLED =====
DEBUG: screen_enabled: True, screen_render_mode: simple
DEBUG: Canvas drawing simple 2D screen
DEBUG: Drew unified screen in simple mode
DEBUG: Simple mode active - screen shows original 2D framebuffer view
DEBUG: Rendering MediaScreen Video Screen (istockphoto-482277170-640_adpp_is.mp4) with texture 3
DEBUG: Rendering screen Video Screen (istockphoto-482277170-640_adpp_is.mp4) of type screen_2d
DEBUG: Rendering MediaScreen Video Screen (istockphoto-482277170-640_adpp_is.mp4) with texture 3
DEBUG: ===== CANVAS update_sphere_view_vector() CALLED =====
DEBUG: Canvas syncing view_vector with sphere vector_direction: [1. 0. 0.]
DEBUG: Normalized view_vector: [1. 0. 0.]
DEBUG: Red vector direction: [1. 0. 0.]
DEBUG: Normalized view vector: [1.000, 0.000, 0.000]
DEBUG: Red cube position: [2. 0. 2.]
DEBUG: Expected direction to cube: [0.70710678 0.         0.70710678]
DEBUG: Actual view vector: [1. 0. 0.]
DEBUG: Dot product: 0.707
DEBUG: ⚠️ WARNING: View vector not pointing toward cube!
DEBUG: Consider setting vector direction to point toward cube
DEBUG: Suggested vector direction: [2.12132034 0.         2.12132034]
DEBUG: Angle to cube: 45.0° (should be < 30° to be visible)
DEBUG: Cube direction: [0.707, 0.000, 0.707]
DEBUG: 2D screen using perspective projection - FOV: 60.0°
DEBUG: ===== SIMPLE MODE CAMERA SETUP =====
DEBUG: Simple mode sphere_pos: [0. 0. 0.]
DEBUG: Simple mode view_dir: [1. 0. 0.]
DEBUG: Simple mode look_at: [10.  0.  0.]
DEBUG: Cube position: [2. 0. 2.]
DEBUG: Direction to cube: [0.70710678 0.         0.70710678]
DEBUG: View direction: [1. 0. 0.]
DEBUG: Angle between view and cube direction: 45.0° (should be close to 0°)
DEBUG: Are we looking toward cube? False
DEBUG: ==============================================
DEBUG: ===== SIMPLE MODE CUBE ROTATION =====
DEBUG: Simple mode applying cube rotation: [0.0°, 0.0°, 0.0°]
DEBUG: =========================================
DEBUG: Simple 2D screen rendered - reference objects disabled to prevent yellow box artifact
DEBUG: Using perspective projection - FOV: 60.0°
DEBUG: Canvas mode: 'simple', Sphere mode: 'simple'
DEBUG: Sphere screen render check - canvas_enabled: True, canvas_mode: simple, sphere_enabled: True, should_render: False
DEBUG: Sphere skipping screen render (canvas mode: simple)
DEBUG: ===== SIMPLE MODE CUBE ROTATION =====
DEBUG: Simple mode applying cube rotation: [0.0°, 0.0°, 0.0°]
DEBUG: =========================================
DEBUG: ===== CANVAS draw_unified_screen() CALLED =====
DEBUG: screen_enabled: True, screen_render_mode: simple
DEBUG: Canvas drawing simple 2D screen
DEBUG: Drew unified screen in simple mode
DEBUG: Simple mode active - screen shows original 2D framebuffer view
DEBUG: Rendering 2 screens
DEBUG: Rendering screen Original 2D Screen of type screen_2d
DEBUG: Frame caching error for frame 279: 'MediaScreen' object has no attribute 'cache_size_limit'
DEBUG: ===== SIMPLE MODE CUBE ROTATION =====
DEBUG: Simple mode applying cube rotation: [0.0°, 0.0°, 0.0°]
DEBUG: =========================================
DEBUG: ===== CANVAS draw_unified_screen() CALLED =====
DEBUG: screen_enabled: True, screen_render_mode: simple
DEBUG: Canvas drawing simple 2D screen
DEBUG: Drew unified screen in simple mode
DEBUG: Simple mode active - screen shows original 2D framebuffer view
DEBUG: Rendering MediaScreen Video Screen (istockphoto-482277170-640_adpp_is.mp4) with texture 3
DEBUG: Rendering screen Video Screen (istockphoto-482277170-640_adpp_is.mp4) of type screen_2d
DEBUG: Rendering MediaScreen Video Screen (istockphoto-482277170-640_adpp_is.mp4) with texture 3
DEBUG: ===== CANVAS update_sphere_view_vector() CALLED =====
DEBUG: Canvas syncing view_vector with sphere vector_direction: [1. 0. 0.]
DEBUG: Normalized view_vector: [1. 0. 0.]
DEBUG: Red vector direction: [1. 0. 0.]
DEBUG: Normalized view vector: [1.000, 0.000, 0.000]
DEBUG: Red cube position: [2. 0. 2.]
DEBUG: Expected direction to cube: [0.70710678 0.         0.70710678]
DEBUG: Actual view vector: [1. 0. 0.]
DEBUG: Dot product: 0.707
DEBUG: ⚠️ WARNING: View vector not pointing toward cube!
DEBUG: Consider setting vector direction to point toward cube
DEBUG: Suggested vector direction: [2.12132034 0.         2.12132034]
DEBUG: Angle to cube: 45.0° (should be < 30° to be visible)
DEBUG: Cube direction: [0.707, 0.000, 0.707]
DEBUG: 2D screen using perspective projection - FOV: 60.0°
DEBUG: ===== SIMPLE MODE CAMERA SETUP =====
DEBUG: Simple mode sphere_pos: [0. 0. 0.]
DEBUG: Simple mode view_dir: [1. 0. 0.]
DEBUG: Simple mode look_at: [10.  0.  0.]
DEBUG: Cube position: [2. 0. 2.]
DEBUG: Direction to cube: [0.70710678 0.         0.70710678]
DEBUG: View direction: [1. 0. 0.]
DEBUG: Angle between view and cube direction: 45.0° (should be close to 0°)
DEBUG: Are we looking toward cube? False
DEBUG: ==============================================
DEBUG: ===== SIMPLE MODE CUBE ROTATION =====
DEBUG: Simple mode applying cube rotation: [0.0°, 0.0°, 0.0°]
DEBUG: =========================================
DEBUG: Simple 2D screen rendered - reference objects disabled to prevent yellow box artifact
DEBUG: Using perspective projection - FOV: 60.0°
DEBUG: Canvas mode: 'simple', Sphere mode: 'simple'
DEBUG: Sphere screen render check - canvas_enabled: True, canvas_mode: simple, sphere_enabled: True, should_render: False
DEBUG: Sphere skipping screen render (canvas mode: simple)
DEBUG: ===== SIMPLE MODE CUBE ROTATION =====
DEBUG: Simple mode applying cube rotation: [0.0°, 0.0°, 0.0°]
DEBUG: =========================================
DEBUG: ===== CANVAS draw_unified_screen() CALLED =====
DEBUG: screen_enabled: True, screen_render_mode: simple
DEBUG: Canvas drawing simple 2D screen
DEBUG: Drew unified screen in simple mode
DEBUG: Simple mode active - screen shows original 2D framebuffer view
DEBUG: Rendering 2 screens
DEBUG: Rendering screen Original 2D Screen of type screen_2d
DEBUG: ===== SIMPLE MODE CUBE ROTATION =====
DEBUG: Simple mode applying cube rotation: [0.0°, 0.0°, 0.0°]
DEBUG: =========================================
DEBUG: ===== CANVAS draw_unified_screen() CALLED =====
DEBUG: screen_enabled: True, screen_render_mode: simple
DEBUG: Canvas drawing simple 2D screen
DEBUG: Drew unified screen in simple mode
DEBUG: Simple mode active - screen shows original 2D framebuffer view
DEBUG: Rendering MediaScreen Video Screen (istockphoto-482277170-640_adpp_is.mp4) with texture 3
DEBUG: Rendering screen Video Screen (istockphoto-482277170-640_adpp_is.mp4) of type screen_2d
DEBUG: Rendering MediaScreen Video Screen (istockphoto-482277170-640_adpp_is.mp4) with texture 3
DEBUG: ===== CANVAS update_sphere_view_vector() CALLED =====
DEBUG: Canvas syncing view_vector with sphere vector_direction: [1. 0. 0.]
DEBUG: Normalized view_vector: [1. 0. 0.]
DEBUG: Red vector direction: [1. 0. 0.]
DEBUG: Normalized view vector: [1.000, 0.000, 0.000]
DEBUG: Red cube position: [2. 0. 2.]
DEBUG: Expected direction to cube: [0.70710678 0.         0.70710678]
DEBUG: Actual view vector: [1. 0. 0.]
DEBUG: Dot product: 0.707
DEBUG: ⚠️ WARNING: View vector not pointing toward cube!
DEBUG: Consider setting vector direction to point toward cube
DEBUG: Suggested vector direction: [2.12132034 0.         2.12132034]
DEBUG: Angle to cube: 45.0° (should be < 30° to be visible)
DEBUG: Cube direction: [0.707, 0.000, 0.707]
DEBUG: 2D screen using perspective projection - FOV: 60.0°
DEBUG: ===== SIMPLE MODE CAMERA SETUP =====
DEBUG: Simple mode sphere_pos: [0. 0. 0.]
DEBUG: Simple mode view_dir: [1. 0. 0.]
DEBUG: Simple mode look_at: [10.  0.  0.]
DEBUG: Cube position: [2. 0. 2.]
DEBUG: Direction to cube: [0.70710678 0.         0.70710678]
DEBUG: View direction: [1. 0. 0.]
DEBUG: Angle between view and cube direction: 45.0° (should be close to 0°)
DEBUG: Are we looking toward cube? False
DEBUG: ==============================================
DEBUG: ===== SIMPLE MODE CUBE ROTATION =====
DEBUG: Simple mode applying cube rotation: [0.0°, 0.0°, 0.0°]
DEBUG: =========================================
DEBUG: Simple 2D screen rendered - reference objects disabled to prevent yellow box artifact
DEBUG: Using perspective projection - FOV: 60.0°
DEBUG: Frame caching error for frame 284: 'MediaScreen' object has no attribute 'cache_size_limit'
DEBUG: Canvas mode: 'simple', Sphere mode: 'simple'
DEBUG: Sphere screen render check - canvas_enabled: True, canvas_mode: simple, sphere_enabled: True, should_render: False
DEBUG: Sphere skipping screen render (canvas mode: simple)
DEBUG: ===== SIMPLE MODE CUBE ROTATION =====
DEBUG: Simple mode applying cube rotation: [0.0°, 0.0°, 0.0°]
DEBUG: =========================================
DEBUG: ===== CANVAS draw_unified_screen() CALLED =====
DEBUG: screen_enabled: True, screen_render_mode: simple
DEBUG: Canvas drawing simple 2D screen
DEBUG: Drew unified screen in simple mode
DEBUG: Simple mode active - screen shows original 2D framebuffer view
DEBUG: Rendering 2 screens
DEBUG: Rendering screen Original 2D Screen of type screen_2d
DEBUG: ===== SIMPLE MODE CUBE ROTATION =====
DEBUG: Simple mode applying cube rotation: [0.0°, 0.0°, 0.0°]
DEBUG: =========================================
DEBUG: ===== CANVAS draw_unified_screen() CALLED =====
DEBUG: screen_enabled: True, screen_render_mode: simple
DEBUG: Canvas drawing simple 2D screen
DEBUG: Drew unified screen in simple mode
DEBUG: Simple mode active - screen shows original 2D framebuffer view
DEBUG: Rendering MediaScreen Video Screen (istockphoto-482277170-640_adpp_is.mp4) with texture 3
DEBUG: Rendering screen Video Screen (istockphoto-482277170-640_adpp_is.mp4) of type screen_2d
DEBUG: Rendering MediaScreen Video Screen (istockphoto-482277170-640_adpp_is.mp4) with texture 3
DEBUG: ===== CANVAS update_sphere_view_vector() CALLED =====
DEBUG: Canvas syncing view_vector with sphere vector_direction: [1. 0. 0.]
DEBUG: Normalized view_vector: [1. 0. 0.]
DEBUG: Red vector direction: [1. 0. 0.]
DEBUG: Normalized view vector: [1.000, 0.000, 0.000]
DEBUG: Red cube position: [2. 0. 2.]
DEBUG: Expected direction to cube: [0.70710678 0.         0.70710678]
DEBUG: Actual view vector: [1. 0. 0.]
DEBUG: Dot product: 0.707
DEBUG: ⚠️ WARNING: View vector not pointing toward cube!
DEBUG: Consider setting vector direction to point toward cube
DEBUG: Suggested vector direction: [2.12132034 0.         2.12132034]
DEBUG: Angle to cube: 45.0° (should be < 30° to be visible)
DEBUG: Cube direction: [0.707, 0.000, 0.707]
DEBUG: 2D screen using perspective projection - FOV: 60.0°
DEBUG: ===== SIMPLE MODE CAMERA SETUP =====
DEBUG: Simple mode sphere_pos: [0. 0. 0.]
DEBUG: Simple mode view_dir: [1. 0. 0.]
DEBUG: Simple mode look_at: [10.  0.  0.]
DEBUG: Cube position: [2. 0. 2.]
DEBUG: Direction to cube: [0.70710678 0.         0.70710678]
DEBUG: View direction: [1. 0. 0.]
DEBUG: Angle between view and cube direction: 45.0° (should be close to 0°)
DEBUG: Are we looking toward cube? False
DEBUG: ==============================================
DEBUG: ===== SIMPLE MODE CUBE ROTATION =====
DEBUG: Simple mode applying cube rotation: [0.0°, 0.0°, 0.0°]
DEBUG: =========================================
DEBUG: Simple 2D screen rendered - reference objects disabled to prevent yellow box artifact
DEBUG: Using perspective projection - FOV: 60.0°
DEBUG: Canvas mode: 'simple', Sphere mode: 'simple'
DEBUG: Sphere screen render check - canvas_enabled: True, canvas_mode: simple, sphere_enabled: True, should_render: False
DEBUG: Sphere skipping screen render (canvas mode: simple)
DEBUG: ===== SIMPLE MODE CUBE ROTATION =====
DEBUG: Simple mode applying cube rotation: [0.0°, 0.0°, 0.0°]
DEBUG: =========================================
DEBUG: ===== CANVAS draw_unified_screen() CALLED =====
DEBUG: screen_enabled: True, screen_render_mode: simple
DEBUG: Canvas drawing simple 2D screen
DEBUG: Drew unified screen in simple mode
DEBUG: Simple mode active - screen shows original 2D framebuffer view
DEBUG: Rendering 2 screens
DEBUG: Rendering screen Original 2D Screen of type screen_2d
DEBUG: ===== SIMPLE MODE CUBE ROTATION =====
DEBUG: Simple mode applying cube rotation: [0.0°, 0.0°, 0.0°]
DEBUG: =========================================
DEBUG: ===== CANVAS draw_unified_screen() CALLED =====
DEBUG: screen_enabled: True, screen_render_mode: simple
DEBUG: Canvas drawing simple 2D screen
DEBUG: Frame caching error for frame 289: 'MediaScreen' object has no attribute 'cache_size_limit'
DEBUG: Drew unified screen in simple mode
DEBUG: Simple mode active - screen shows original 2D framebuffer view
DEBUG: Rendering MediaScreen Video Screen (istockphoto-482277170-640_adpp_is.mp4) with texture 3
DEBUG: Rendering screen Video Screen (istockphoto-482277170-640_adpp_is.mp4) of type screen_2d
DEBUG: Rendering MediaScreen Video Screen (istockphoto-482277170-640_adpp_is.mp4) with texture 3
DEBUG: ===== CANVAS update_sphere_view_vector() CALLED =====
DEBUG: Canvas syncing view_vector with sphere vector_direction: [1. 0. 0.]
DEBUG: Normalized view_vector: [1. 0. 0.]
DEBUG: Red vector direction: [1. 0. 0.]
DEBUG: Normalized view vector: [1.000, 0.000, 0.000]
DEBUG: Red cube position: [2. 0. 2.]
DEBUG: Expected direction to cube: [0.70710678 0.         0.70710678]
DEBUG: Actual view vector: [1. 0. 0.]
DEBUG: Dot product: 0.707
DEBUG: ⚠️ WARNING: View vector not pointing toward cube!
DEBUG: Consider setting vector direction to point toward cube
DEBUG: Suggested vector direction: [2.12132034 0.         2.12132034]
DEBUG: Angle to cube: 45.0° (should be < 30° to be visible)
DEBUG: Cube direction: [0.707, 0.000, 0.707]
DEBUG: 2D screen using perspective projection - FOV: 60.0°
DEBUG: ===== SIMPLE MODE CAMERA SETUP =====
DEBUG: Simple mode sphere_pos: [0. 0. 0.]
DEBUG: Simple mode view_dir: [1. 0. 0.]
DEBUG: Simple mode look_at: [10.  0.  0.]
DEBUG: Cube position: [2. 0. 2.]
DEBUG: Direction to cube: [0.70710678 0.         0.70710678]
DEBUG: View direction: [1. 0. 0.]
DEBUG: Angle between view and cube direction: 45.0° (should be close to 0°)
DEBUG: Are we looking toward cube? False
DEBUG: ==============================================
DEBUG: ===== SIMPLE MODE CUBE ROTATION =====
DEBUG: Simple mode applying cube rotation: [0.0°, 0.0°, 0.0°]
DEBUG: =========================================
DEBUG: Simple 2D screen rendered - reference objects disabled to prevent yellow box artifact
DEBUG: Using perspective projection - FOV: 60.0°
DEBUG: Canvas mode: 'simple', Sphere mode: 'simple'
DEBUG: Sphere screen render check - canvas_enabled: True, canvas_mode: simple, sphere_enabled: True, should_render: False
DEBUG: Sphere skipping screen render (canvas mode: simple)
DEBUG: ===== SIMPLE MODE CUBE ROTATION =====
DEBUG: Simple mode applying cube rotation: [0.0°, 0.0°, 0.0°]
DEBUG: =========================================
DEBUG: ===== CANVAS draw_unified_screen() CALLED =====
DEBUG: screen_enabled: True, screen_render_mode: simple
DEBUG: Canvas drawing simple 2D screen
DEBUG: Drew unified screen in simple mode
DEBUG: Simple mode active - screen shows original 2D framebuffer view
DEBUG: Rendering 2 screens
DEBUG: Rendering screen Original 2D Screen of type screen_2d
DEBUG: ===== SIMPLE MODE CUBE ROTATION =====
DEBUG: Simple mode applying cube rotation: [0.0°, 0.0°, 0.0°]
DEBUG: =========================================
DEBUG: ===== CANVAS draw_unified_screen() CALLED =====
DEBUG: screen_enabled: True, screen_render_mode: simple
DEBUG: Canvas drawing simple 2D screen
DEBUG: Drew unified screen in simple mode
DEBUG: Simple mode active - screen shows original 2D framebuffer view
DEBUG: Rendering MediaScreen Video Screen (istockphoto-482277170-640_adpp_is.mp4) with texture 3
DEBUG: Rendering screen Video Screen (istockphoto-482277170-640_adpp_is.mp4) of type screen_2d
DEBUG: Rendering MediaScreen Video Screen (istockphoto-482277170-640_adpp_is.mp4) with texture 3
DEBUG: ===== CANVAS update_sphere_view_vector() CALLED =====
DEBUG: Canvas syncing view_vector with sphere vector_direction: [1. 0. 0.]
DEBUG: Normalized view_vector: [1. 0. 0.]
DEBUG: Red vector direction: [1. 0. 0.]
DEBUG: Normalized view vector: [1.000, 0.000, 0.000]
DEBUG: Red cube position: [2. 0. 2.]
DEBUG: Expected direction to cube: [0.70710678 0.         0.70710678]
DEBUG: Actual view vector: [1. 0. 0.]
DEBUG: Dot product: 0.707
DEBUG: ⚠️ WARNING: View vector not pointing toward cube!
DEBUG: Consider setting vector direction to point toward cube
DEBUG: Suggested vector direction: [2.12132034 0.         2.12132034]
DEBUG: Angle to cube: 45.0° (should be < 30° to be visible)
DEBUG: Cube direction: [0.707, 0.000, 0.707]
DEBUG: 2D screen using perspective projection - FOV: 60.0°
DEBUG: ===== SIMPLE MODE CAMERA SETUP =====
DEBUG: Simple mode sphere_pos: [0. 0. 0.]
DEBUG: Simple mode view_dir: [1. 0. 0.]
DEBUG: Simple mode look_at: [10.  0.  0.]
DEBUG: Cube position: [2. 0. 2.]
DEBUG: Direction to cube: [0.70710678 0.         0.70710678]
DEBUG: View direction: [1. 0. 0.]
DEBUG: Angle between view and cube direction: 45.0° (should be close to 0°)
DEBUG: Are we looking toward cube? False
DEBUG: ==============================================
DEBUG: ===== SIMPLE MODE CUBE ROTATION =====
DEBUG: Simple mode applying cube rotation: [0.0°, 0.0°, 0.0°]
DEBUG: =========================================
DEBUG: Simple 2D screen rendered - reference objects disabled to prevent yellow box artifact
DEBUG: Using perspective projection - FOV: 60.0°
DEBUG: Frame caching error for frame 294: 'MediaScreen' object has no attribute 'cache_size_limit'
DEBUG: Canvas mode: 'simple', Sphere mode: 'simple'
DEBUG: Sphere screen render check - canvas_enabled: True, canvas_mode: simple, sphere_enabled: True, should_render: False
DEBUG: Sphere skipping screen render (canvas mode: simple)
DEBUG: ===== SIMPLE MODE CUBE ROTATION =====
DEBUG: Simple mode applying cube rotation: [0.0°, 0.0°, 0.0°]
DEBUG: =========================================
DEBUG: ===== CANVAS draw_unified_screen() CALLED =====
DEBUG: screen_enabled: True, screen_render_mode: simple
DEBUG: Canvas drawing simple 2D screen
DEBUG: Drew unified screen in simple mode
DEBUG: Simple mode active - screen shows original 2D framebuffer view
DEBUG: Rendering 2 screens
DEBUG: Rendering screen Original 2D Screen of type screen_2d
DEBUG: ===== SIMPLE MODE CUBE ROTATION =====
DEBUG: Simple mode applying cube rotation: [0.0°, 0.0°, 0.0°]
DEBUG: =========================================
DEBUG: ===== CANVAS draw_unified_screen() CALLED =====
DEBUG: screen_enabled: True, screen_render_mode: simple
DEBUG: Canvas drawing simple 2D screen
DEBUG: Drew unified screen in simple mode
DEBUG: Simple mode active - screen shows original 2D framebuffer view
DEBUG: Rendering MediaScreen Video Screen (istockphoto-482277170-640_adpp_is.mp4) with texture 3
DEBUG: Rendering screen Video Screen (istockphoto-482277170-640_adpp_is.mp4) of type screen_2d
DEBUG: Rendering MediaScreen Video Screen (istockphoto-482277170-640_adpp_is.mp4) with texture 3
DEBUG: ===== CANVAS update_sphere_view_vector() CALLED =====
DEBUG: Canvas syncing view_vector with sphere vector_direction: [1. 0. 0.]
DEBUG: Normalized view_vector: [1. 0. 0.]
DEBUG: Red vector direction: [1. 0. 0.]
DEBUG: Normalized view vector: [1.000, 0.000, 0.000]
DEBUG: Red cube position: [2. 0. 2.]
DEBUG: Expected direction to cube: [0.70710678 0.         0.70710678]
DEBUG: Actual view vector: [1. 0. 0.]
DEBUG: Dot product: 0.707
DEBUG: ⚠️ WARNING: View vector not pointing toward cube!
DEBUG: Consider setting vector direction to point toward cube
DEBUG: Suggested vector direction: [2.12132034 0.         2.12132034]
DEBUG: Angle to cube: 45.0° (should be < 30° to be visible)
DEBUG: Cube direction: [0.707, 0.000, 0.707]
DEBUG: 2D screen using perspective projection - FOV: 60.0°
DEBUG: ===== SIMPLE MODE CAMERA SETUP =====
DEBUG: Simple mode sphere_pos: [0. 0. 0.]
DEBUG: Simple mode view_dir: [1. 0. 0.]
DEBUG: Simple mode look_at: [10.  0.  0.]
DEBUG: Cube position: [2. 0. 2.]
DEBUG: Direction to cube: [0.70710678 0.         0.70710678]
DEBUG: View direction: [1. 0. 0.]
DEBUG: Angle between view and cube direction: 45.0° (should be close to 0°)
DEBUG: Are we looking toward cube? False
DEBUG: ==============================================
DEBUG: ===== SIMPLE MODE CUBE ROTATION =====
DEBUG: Simple mode applying cube rotation: [0.0°, 0.0°, 0.0°]
DEBUG: =========================================
DEBUG: Simple 2D screen rendered - reference objects disabled to prevent yellow box artifact
DEBUG: Using perspective projection - FOV: 60.0°
DEBUG: Canvas mode: 'simple', Sphere mode: 'simple'
DEBUG: Sphere screen render check - canvas_enabled: True, canvas_mode: simple, sphere_enabled: True, should_render: False
DEBUG: Sphere skipping screen render (canvas mode: simple)
DEBUG: ===== SIMPLE MODE CUBE ROTATION =====
DEBUG: Simple mode applying cube rotation: [0.0°, 0.0°, 0.0°]
DEBUG: =========================================
DEBUG: ===== CANVAS draw_unified_screen() CALLED =====
DEBUG: screen_enabled: True, screen_render_mode: simple
DEBUG: Canvas drawing simple 2D screen
DEBUG: Drew unified screen in simple mode
DEBUG: Simple mode active - screen shows original 2D framebuffer view
DEBUG: Rendering 2 screens
DEBUG: Rendering screen Original 2D Screen of type screen_2d
DEBUG: Frame caching error for frame 298: 'MediaScreen' object has no attribute 'cache_size_limit'
DEBUG: ===== SIMPLE MODE CUBE ROTATION =====
DEBUG: Simple mode applying cube rotation: [0.0°, 0.0°, 0.0°]
DEBUG: =========================================
DEBUG: ===== CANVAS draw_unified_screen() CALLED =====
DEBUG: screen_enabled: True, screen_render_mode: simple
DEBUG: Canvas drawing simple 2D screen
DEBUG: Drew unified screen in simple mode
DEBUG: Simple mode active - screen shows original 2D framebuffer view
DEBUG: Rendering MediaScreen Video Screen (istockphoto-482277170-640_adpp_is.mp4) with texture 3
DEBUG: Rendering screen Video Screen (istockphoto-482277170-640_adpp_is.mp4) of type screen_2d
DEBUG: Rendering MediaScreen Video Screen (istockphoto-482277170-640_adpp_is.mp4) with texture 3
DEBUG: ===== CANVAS update_sphere_view_vector() CALLED =====
DEBUG: Canvas syncing view_vector with sphere vector_direction: [1. 0. 0.]
DEBUG: Normalized view_vector: [1. 0. 0.]
DEBUG: Red vector direction: [1. 0. 0.]
DEBUG: Normalized view vector: [1.000, 0.000, 0.000]
DEBUG: Red cube position: [2. 0. 2.]
DEBUG: Expected direction to cube: [0.70710678 0.         0.70710678]
DEBUG: Actual view vector: [1. 0. 0.]
DEBUG: Dot product: 0.707
DEBUG: ⚠️ WARNING: View vector not pointing toward cube!
DEBUG: Consider setting vector direction to point toward cube
DEBUG: Suggested vector direction: [2.12132034 0.         2.12132034]
DEBUG: Angle to cube: 45.0° (should be < 30° to be visible)
DEBUG: Cube direction: [0.707, 0.000, 0.707]
DEBUG: 2D screen using perspective projection - FOV: 60.0°
DEBUG: ===== SIMPLE MODE CAMERA SETUP =====
DEBUG: Simple mode sphere_pos: [0. 0. 0.]
DEBUG: Simple mode view_dir: [1. 0. 0.]
DEBUG: Simple mode look_at: [10.  0.  0.]
DEBUG: Cube position: [2. 0. 2.]
DEBUG: Direction to cube: [0.70710678 0.         0.70710678]
DEBUG: View direction: [1. 0. 0.]
DEBUG: Angle between view and cube direction: 45.0° (should be close to 0°)
DEBUG: Are we looking toward cube? False
DEBUG: ==============================================
DEBUG: ===== SIMPLE MODE CUBE ROTATION =====
DEBUG: Simple mode applying cube rotation: [0.0°, 0.0°, 0.0°]
DEBUG: =========================================
DEBUG: Simple 2D screen rendered - reference objects disabled to prevent yellow box artifact
DEBUG: Using perspective projection - FOV: 60.0°
DEBUG: Canvas mode: 'simple', Sphere mode: 'simple'
DEBUG: Sphere screen render check - canvas_enabled: True, canvas_mode: simple, sphere_enabled: True, should_render: False
DEBUG: Sphere skipping screen render (canvas mode: simple)
DEBUG: ===== SIMPLE MODE CUBE ROTATION =====
DEBUG: Simple mode applying cube rotation: [0.0°, 0.0°, 0.0°]
DEBUG: =========================================
DEBUG: ===== CANVAS draw_unified_screen() CALLED =====
DEBUG: screen_enabled: True, screen_render_mode: simple
DEBUG: Canvas drawing simple 2D screen
DEBUG: Drew unified screen in simple mode
DEBUG: Simple mode active - screen shows original 2D framebuffer view
DEBUG: Rendering 2 screens
DEBUG: Rendering screen Original 2D Screen of type screen_2d
DEBUG: ===== SIMPLE MODE CUBE ROTATION =====
DEBUG: Simple mode applying cube rotation: [0.0°, 0.0°, 0.0°]
DEBUG: =========================================
DEBUG: ===== CANVAS draw_unified_screen() CALLED =====
DEBUG: screen_enabled: True, screen_render_mode: simple
DEBUG: Canvas drawing simple 2D screen
DEBUG: Drew unified screen in simple mode
DEBUG: Simple mode active - screen shows original 2D framebuffer view
DEBUG: Rendering MediaScreen Video Screen (istockphoto-482277170-640_adpp_is.mp4) with texture 3
DEBUG: Rendering screen Video Screen (istockphoto-482277170-640_adpp_is.mp4) of type screen_2d
DEBUG: Rendering MediaScreen Video Screen (istockphoto-482277170-640_adpp_is.mp4) with texture 3
DEBUG: ===== CANVAS update_sphere_view_vector() CALLED =====
DEBUG: Canvas syncing view_vector with sphere vector_direction: [1. 0. 0.]
DEBUG: Normalized view_vector: [1. 0. 0.]
DEBUG: Red vector direction: [1. 0. 0.]
DEBUG: Normalized view vector: [1.000, 0.000, 0.000]
DEBUG: Red cube position: [2. 0. 2.]
DEBUG: Expected direction to cube: [0.70710678 0.         0.70710678]
DEBUG: Actual view vector: [1. 0. 0.]
DEBUG: Dot product: 0.707
DEBUG: ⚠️ WARNING: View vector not pointing toward cube!
DEBUG: Consider setting vector direction to point toward cube
DEBUG: Suggested vector direction: [2.12132034 0.         2.12132034]
DEBUG: Angle to cube: 45.0° (should be < 30° to be visible)
DEBUG: Cube direction: [0.707, 0.000, 0.707]
DEBUG: 2D screen using perspective projection - FOV: 60.0°
DEBUG: ===== SIMPLE MODE CAMERA SETUP =====
DEBUG: Simple mode sphere_pos: [0. 0. 0.]
DEBUG: Simple mode view_dir: [1. 0. 0.]
DEBUG: Simple mode look_at: [10.  0.  0.]
DEBUG: Cube position: [2. 0. 2.]
DEBUG: Direction to cube: [0.70710678 0.         0.70710678]
DEBUG: View direction: [1. 0. 0.]
DEBUG: Angle between view and cube direction: 45.0° (should be close to 0°)
DEBUG: Are we looking toward cube? False
DEBUG: ==============================================
DEBUG: ===== SIMPLE MODE CUBE ROTATION =====
DEBUG: Simple mode applying cube rotation: [0.0°, 0.0°, 0.0°]
DEBUG: =========================================
DEBUG: Simple 2D screen rendered - reference objects disabled to prevent yellow box artifact
DEBUG: Using perspective projection - FOV: 60.0°
DEBUG: Frame caching error for frame 302: 'MediaScreen' object has no attribute 'cache_size_limit'
DEBUG: Canvas mode: 'simple', Sphere mode: 'simple'
DEBUG: Sphere screen render check - canvas_enabled: True, canvas_mode: simple, sphere_enabled: True, should_render: False
DEBUG: Sphere skipping screen render (canvas mode: simple)
DEBUG: ===== SIMPLE MODE CUBE ROTATION =====
DEBUG: Simple mode applying cube rotation: [0.0°, 0.0°, 0.0°]
DEBUG: =========================================
DEBUG: ===== CANVAS draw_unified_screen() CALLED =====
DEBUG: screen_enabled: True, screen_render_mode: simple
DEBUG: Canvas drawing simple 2D screen
DEBUG: Drew unified screen in simple mode
DEBUG: Simple mode active - screen shows original 2D framebuffer view
DEBUG: Rendering 2 screens
DEBUG: Rendering screen Original 2D Screen of type screen_2d
DEBUG: ===== SIMPLE MODE CUBE ROTATION =====
DEBUG: Simple mode applying cube rotation: [0.0°, 0.0°, 0.0°]
DEBUG: =========================================
DEBUG: ===== CANVAS draw_unified_screen() CALLED =====
DEBUG: screen_enabled: True, screen_render_mode: simple
DEBUG: Canvas drawing simple 2D screen
DEBUG: Drew unified screen in simple mode
DEBUG: Simple mode active - screen shows original 2D framebuffer view
DEBUG: Rendering MediaScreen Video Screen (istockphoto-482277170-640_adpp_is.mp4) with texture 3
DEBUG: Rendering screen Video Screen (istockphoto-482277170-640_adpp_is.mp4) of type screen_2d
DEBUG: Rendering MediaScreen Video Screen (istockphoto-482277170-640_adpp_is.mp4) with texture 3
DEBUG: ===== CANVAS update_sphere_view_vector() CALLED =====
DEBUG: Canvas syncing view_vector with sphere vector_direction: [1. 0. 0.]
DEBUG: Normalized view_vector: [1. 0. 0.]
DEBUG: Red vector direction: [1. 0. 0.]
DEBUG: Normalized view vector: [1.000, 0.000, 0.000]
DEBUG: Red cube position: [2. 0. 2.]
DEBUG: Expected direction to cube: [0.70710678 0.         0.70710678]
DEBUG: Actual view vector: [1. 0. 0.]
DEBUG: Dot product: 0.707
DEBUG: ⚠️ WARNING: View vector not pointing toward cube!
DEBUG: Consider setting vector direction to point toward cube
DEBUG: Suggested vector direction: [2.12132034 0.         2.12132034]
DEBUG: Angle to cube: 45.0° (should be < 30° to be visible)
DEBUG: Cube direction: [0.707, 0.000, 0.707]
DEBUG: 2D screen using perspective projection - FOV: 60.0°
DEBUG: ===== SIMPLE MODE CAMERA SETUP =====
DEBUG: Simple mode sphere_pos: [0. 0. 0.]
DEBUG: Simple mode view_dir: [1. 0. 0.]
DEBUG: Simple mode look_at: [10.  0.  0.]
DEBUG: Cube position: [2. 0. 2.]
DEBUG: Direction to cube: [0.70710678 0.         0.70710678]
DEBUG: View direction: [1. 0. 0.]
DEBUG: Angle between view and cube direction: 45.0° (should be close to 0°)
DEBUG: Are we looking toward cube? False
DEBUG: ==============================================
DEBUG: ===== SIMPLE MODE CUBE ROTATION =====
DEBUG: Simple mode applying cube rotation: [0.0°, 0.0°, 0.0°]
DEBUG: =========================================
DEBUG: Simple 2D screen rendered - reference objects disabled to prevent yellow box artifact
DEBUG: Using perspective projection - FOV: 60.0°
DEBUG: Canvas mode: 'simple', Sphere mode: 'simple'
DEBUG: Sphere screen render check - canvas_enabled: True, canvas_mode: simple, sphere_enabled: True, should_render: False
DEBUG: Sphere skipping screen render (canvas mode: simple)
DEBUG: ===== SIMPLE MODE CUBE ROTATION =====
DEBUG: Simple mode applying cube rotation: [0.0°, 0.0°, 0.0°]
DEBUG: =========================================
DEBUG: ===== CANVAS draw_unified_screen() CALLED =====
DEBUG: screen_enabled: True, screen_render_mode: simple
DEBUG: Canvas drawing simple 2D screen
DEBUG: Drew unified screen in simple mode
DEBUG: Simple mode active - screen shows original 2D framebuffer view
DEBUG: Rendering 2 screens
DEBUG: Rendering screen Original 2D Screen of type screen_2d
DEBUG: ===== SIMPLE MODE CUBE ROTATION =====
DEBUG: Simple mode applying cube rotation: [0.0°, 0.0°, 0.0°]
DEBUG: =========================================
DEBUG: ===== CANVAS draw_unified_screen() CALLED =====
DEBUG: screen_enabled: True, screen_render_mode: simple
DEBUG: Canvas drawing simple 2D screen
DEBUG: Drew unified screen in simple mode
DEBUG: Simple mode active - screen shows original 2D framebuffer view
DEBUG: Rendering MediaScreen Video Screen (istockphoto-482277170-640_adpp_is.mp4) with texture 3
DEBUG: Rendering screen Video Screen (istockphoto-482277170-640_adpp_is.mp4) of type screen_2d
DEBUG: Frame caching error for frame 306: 'MediaScreen' object has no attribute 'cache_size_limit'
DEBUG: Rendering MediaScreen Video Screen (istockphoto-482277170-640_adpp_is.mp4) with texture 3
DEBUG: ===== CANVAS update_sphere_view_vector() CALLED =====
DEBUG: Canvas syncing view_vector with sphere vector_direction: [1. 0. 0.]
DEBUG: Normalized view_vector: [1. 0. 0.]
DEBUG: Red vector direction: [1. 0. 0.]
DEBUG: Normalized view vector: [1.000, 0.000, 0.000]
DEBUG: Red cube position: [2. 0. 2.]
DEBUG: Expected direction to cube: [0.70710678 0.         0.70710678]
DEBUG: Actual view vector: [1. 0. 0.]
DEBUG: Dot product: 0.707
DEBUG: ⚠️ WARNING: View vector not pointing toward cube!
DEBUG: Consider setting vector direction to point toward cube
DEBUG: Suggested vector direction: [2.12132034 0.         2.12132034]
DEBUG: Angle to cube: 45.0° (should be < 30° to be visible)
DEBUG: Cube direction: [0.707, 0.000, 0.707]
DEBUG: 2D screen using perspective projection - FOV: 60.0°
DEBUG: ===== SIMPLE MODE CAMERA SETUP =====
DEBUG: Simple mode sphere_pos: [0. 0. 0.]
DEBUG: Simple mode view_dir: [1. 0. 0.]
DEBUG: Simple mode look_at: [10.  0.  0.]
DEBUG: Cube position: [2. 0. 2.]
DEBUG: Direction to cube: [0.70710678 0.         0.70710678]
DEBUG: View direction: [1. 0. 0.]
DEBUG: Angle between view and cube direction: 45.0° (should be close to 0°)
DEBUG: Are we looking toward cube? False
DEBUG: ==============================================
DEBUG: ===== SIMPLE MODE CUBE ROTATION =====
DEBUG: Simple mode applying cube rotation: [0.0°, 0.0°, 0.0°]
DEBUG: =========================================
DEBUG: Simple 2D screen rendered - reference objects disabled to prevent yellow box artifact
DEBUG: Using perspective projection - FOV: 60.0°
DEBUG: Canvas mode: 'simple', Sphere mode: 'simple'
DEBUG: Sphere screen render check - canvas_enabled: True, canvas_mode: simple, sphere_enabled: True, should_render: False
DEBUG: Sphere skipping screen render (canvas mode: simple)
DEBUG: ===== SIMPLE MODE CUBE ROTATION =====
DEBUG: Simple mode applying cube rotation: [0.0°, 0.0°, 0.0°]
DEBUG: =========================================
DEBUG: ===== CANVAS draw_unified_screen() CALLED =====
DEBUG: screen_enabled: True, screen_render_mode: simple
DEBUG: Canvas drawing simple 2D screen
DEBUG: Drew unified screen in simple mode
DEBUG: Simple mode active - screen shows original 2D framebuffer view
DEBUG: Rendering 2 screens
DEBUG: Rendering screen Original 2D Screen of type screen_2d
DEBUG: ===== SIMPLE MODE CUBE ROTATION =====
DEBUG: Simple mode applying cube rotation: [0.0°, 0.0°, 0.0°]
DEBUG: =========================================
DEBUG: ===== CANVAS draw_unified_screen() CALLED =====
DEBUG: screen_enabled: True, screen_render_mode: simple
DEBUG: Canvas drawing simple 2D screen
DEBUG: Drew unified screen in simple mode
DEBUG: Simple mode active - screen shows original 2D framebuffer view
DEBUG: Rendering MediaScreen Video Screen (istockphoto-482277170-640_adpp_is.mp4) with texture 3
DEBUG: Rendering screen Video Screen (istockphoto-482277170-640_adpp_is.mp4) of type screen_2d
DEBUG: Rendering MediaScreen Video Screen (istockphoto-482277170-640_adpp_is.mp4) with texture 3
DEBUG: ===== CANVAS update_sphere_view_vector() CALLED =====
DEBUG: Canvas syncing view_vector with sphere vector_direction: [1. 0. 0.]
DEBUG: Normalized view_vector: [1. 0. 0.]
DEBUG: Red vector direction: [1. 0. 0.]
DEBUG: Normalized view vector: [1.000, 0.000, 0.000]
DEBUG: Red cube position: [2. 0. 2.]
DEBUG: Expected direction to cube: [0.70710678 0.         0.70710678]
DEBUG: Actual view vector: [1. 0. 0.]
DEBUG: Dot product: 0.707
DEBUG: ⚠️ WARNING: View vector not pointing toward cube!
DEBUG: Consider setting vector direction to point toward cube
DEBUG: Suggested vector direction: [2.12132034 0.         2.12132034]
DEBUG: Angle to cube: 45.0° (should be < 30° to be visible)
DEBUG: Cube direction: [0.707, 0.000, 0.707]
DEBUG: 2D screen using perspective projection - FOV: 60.0°
DEBUG: ===== SIMPLE MODE CAMERA SETUP =====
DEBUG: Simple mode sphere_pos: [0. 0. 0.]
DEBUG: Simple mode view_dir: [1. 0. 0.]
DEBUG: Simple mode look_at: [10.  0.  0.]
DEBUG: Cube position: [2. 0. 2.]
DEBUG: Direction to cube: [0.70710678 0.         0.70710678]
DEBUG: View direction: [1. 0. 0.]
DEBUG: Angle between view and cube direction: 45.0° (should be close to 0°)
DEBUG: Are we looking toward cube? False
DEBUG: ==============================================
DEBUG: ===== SIMPLE MODE CUBE ROTATION =====
DEBUG: Simple mode applying cube rotation: [0.0°, 0.0°, 0.0°]
DEBUG: =========================================
DEBUG: Simple 2D screen rendered - reference objects disabled to prevent yellow box artifact
DEBUG: Using perspective projection - FOV: 60.0°
DEBUG: Frame caching error for frame 310: 'MediaScreen' object has no attribute 'cache_size_limit'
DEBUG: Canvas mode: 'simple', Sphere mode: 'simple'
DEBUG: Sphere screen render check - canvas_enabled: True, canvas_mode: simple, sphere_enabled: True, should_render: False
DEBUG: Sphere skipping screen render (canvas mode: simple)
DEBUG: ===== SIMPLE MODE CUBE ROTATION =====
DEBUG: Simple mode applying cube rotation: [0.0°, 0.0°, 0.0°]
DEBUG: =========================================
DEBUG: ===== CANVAS draw_unified_screen() CALLED =====
DEBUG: screen_enabled: True, screen_render_mode: simple
DEBUG: Canvas drawing simple 2D screen
DEBUG: Drew unified screen in simple mode
DEBUG: Simple mode active - screen shows original 2D framebuffer view
DEBUG: Rendering 2 screens
DEBUG: Rendering screen Original 2D Screen of type screen_2d
DEBUG: ===== SIMPLE MODE CUBE ROTATION =====
DEBUG: Simple mode applying cube rotation: [0.0°, 0.0°, 0.0°]
DEBUG: =========================================
DEBUG: ===== CANVAS draw_unified_screen() CALLED =====
DEBUG: screen_enabled: True, screen_render_mode: simple
DEBUG: Canvas drawing simple 2D screen
DEBUG: Drew unified screen in simple mode
DEBUG: Simple mode active - screen shows original 2D framebuffer view
DEBUG: Rendering MediaScreen Video Screen (istockphoto-482277170-640_adpp_is.mp4) with texture 3
DEBUG: Rendering screen Video Screen (istockphoto-482277170-640_adpp_is.mp4) of type screen_2d
DEBUG: Rendering MediaScreen Video Screen (istockphoto-482277170-640_adpp_is.mp4) with texture 3
DEBUG: ===== CANVAS update_sphere_view_vector() CALLED =====
DEBUG: Canvas syncing view_vector with sphere vector_direction: [1. 0. 0.]
DEBUG: Normalized view_vector: [1. 0. 0.]
DEBUG: Red vector direction: [1. 0. 0.]
DEBUG: Normalized view vector: [1.000, 0.000, 0.000]
DEBUG: Red cube position: [2. 0. 2.]
DEBUG: Expected direction to cube: [0.70710678 0.         0.70710678]
DEBUG: Actual view vector: [1. 0. 0.]
DEBUG: Dot product: 0.707
DEBUG: ⚠️ WARNING: View vector not pointing toward cube!
DEBUG: Consider setting vector direction to point toward cube
DEBUG: Suggested vector direction: [2.12132034 0.         2.12132034]
DEBUG: Angle to cube: 45.0° (should be < 30° to be visible)
DEBUG: Cube direction: [0.707, 0.000, 0.707]
DEBUG: 2D screen using perspective projection - FOV: 60.0°
DEBUG: ===== SIMPLE MODE CAMERA SETUP =====
DEBUG: Simple mode sphere_pos: [0. 0. 0.]
DEBUG: Simple mode view_dir: [1. 0. 0.]
DEBUG: Simple mode look_at: [10.  0.  0.]
DEBUG: Cube position: [2. 0. 2.]
DEBUG: Direction to cube: [0.70710678 0.         0.70710678]
DEBUG: View direction: [1. 0. 0.]
DEBUG: Angle between view and cube direction: 45.0° (should be close to 0°)
DEBUG: Are we looking toward cube? False
DEBUG: ==============================================
DEBUG: ===== SIMPLE MODE CUBE ROTATION =====
DEBUG: Simple mode applying cube rotation: [0.0°, 0.0°, 0.0°]
DEBUG: =========================================
DEBUG: Simple 2D screen rendered - reference objects disabled to prevent yellow box artifact
DEBUG: Using perspective projection - FOV: 60.0°
DEBUG: Canvas mode: 'simple', Sphere mode: 'simple'
DEBUG: Sphere screen render check - canvas_enabled: True, canvas_mode: simple, sphere_enabled: True, should_render: False
DEBUG: Sphere skipping screen render (canvas mode: simple)
DEBUG: ===== SIMPLE MODE CUBE ROTATION =====
DEBUG: Simple mode applying cube rotation: [0.0°, 0.0°, 0.0°]
DEBUG: =========================================
DEBUG: ===== CANVAS draw_unified_screen() CALLED =====
DEBUG: screen_enabled: True, screen_render_mode: simple
DEBUG: Canvas drawing simple 2D screen
DEBUG: Drew unified screen in simple mode
DEBUG: Simple mode active - screen shows original 2D framebuffer view
DEBUG: Rendering 2 screens
DEBUG: Rendering screen Original 2D Screen of type screen_2d
DEBUG: Frame caching error for frame 314: 'MediaScreen' object has no attribute 'cache_size_limit'
DEBUG: ===== SIMPLE MODE CUBE ROTATION =====
DEBUG: Simple mode applying cube rotation: [0.0°, 0.0°, 0.0°]
DEBUG: =========================================
DEBUG: ===== CANVAS draw_unified_screen() CALLED =====
DEBUG: screen_enabled: True, screen_render_mode: simple
DEBUG: Canvas drawing simple 2D screen
DEBUG: Drew unified screen in simple mode
DEBUG: Simple mode active - screen shows original 2D framebuffer view
DEBUG: Rendering MediaScreen Video Screen (istockphoto-482277170-640_adpp_is.mp4) with texture 3
DEBUG: Rendering screen Video Screen (istockphoto-482277170-640_adpp_is.mp4) of type screen_2d
DEBUG: Rendering MediaScreen Video Screen (istockphoto-482277170-640_adpp_is.mp4) with texture 3
DEBUG: ===== CANVAS update_sphere_view_vector() CALLED =====
DEBUG: Canvas syncing view_vector with sphere vector_direction: [1. 0. 0.]
DEBUG: Normalized view_vector: [1. 0. 0.]
DEBUG: Red vector direction: [1. 0. 0.]
DEBUG: Normalized view vector: [1.000, 0.000, 0.000]
DEBUG: Red cube position: [2. 0. 2.]
DEBUG: Expected direction to cube: [0.70710678 0.         0.70710678]
DEBUG: Actual view vector: [1. 0. 0.]
DEBUG: Dot product: 0.707
DEBUG: ⚠️ WARNING: View vector not pointing toward cube!
DEBUG: Consider setting vector direction to point toward cube
DEBUG: Suggested vector direction: [2.12132034 0.         2.12132034]
DEBUG: Angle to cube: 45.0° (should be < 30° to be visible)
DEBUG: Cube direction: [0.707, 0.000, 0.707]
DEBUG: 2D screen using perspective projection - FOV: 60.0°
DEBUG: ===== SIMPLE MODE CAMERA SETUP =====
DEBUG: Simple mode sphere_pos: [0. 0. 0.]
DEBUG: Simple mode view_dir: [1. 0. 0.]
DEBUG: Simple mode look_at: [10.  0.  0.]
DEBUG: Cube position: [2. 0. 2.]
DEBUG: Direction to cube: [0.70710678 0.         0.70710678]
DEBUG: View direction: [1. 0. 0.]
DEBUG: Angle between view and cube direction: 45.0° (should be close to 0°)
DEBUG: Are we looking toward cube? False
DEBUG: ==============================================
DEBUG: ===== SIMPLE MODE CUBE ROTATION =====
DEBUG: Simple mode applying cube rotation: [0.0°, 0.0°, 0.0°]
DEBUG: =========================================
DEBUG: Simple 2D screen rendered - reference objects disabled to prevent yellow box artifact
DEBUG: Using perspective projection - FOV: 60.0°
DEBUG: Canvas mode: 'simple', Sphere mode: 'simple'
DEBUG: Sphere screen render check - canvas_enabled: True, canvas_mode: simple, sphere_enabled: True, should_render: False
DEBUG: Sphere skipping screen render (canvas mode: simple)
DEBUG: ===== SIMPLE MODE CUBE ROTATION =====
DEBUG: Simple mode applying cube rotation: [0.0°, 0.0°, 0.0°]
DEBUG: =========================================
DEBUG: ===== CANVAS draw_unified_screen() CALLED =====
DEBUG: screen_enabled: True, screen_render_mode: simple
DEBUG: Canvas drawing simple 2D screen
DEBUG: Drew unified screen in simple mode
DEBUG: Simple mode active - screen shows original 2D framebuffer view
DEBUG: Rendering 2 screens
DEBUG: Rendering screen Original 2D Screen of type screen_2d
DEBUG: ===== SIMPLE MODE CUBE ROTATION =====
DEBUG: Simple mode applying cube rotation: [0.0°, 0.0°, 0.0°]
DEBUG: =========================================
DEBUG: ===== CANVAS draw_unified_screen() CALLED =====
DEBUG: screen_enabled: True, screen_render_mode: simple
DEBUG: Canvas drawing simple 2D screen
DEBUG: Drew unified screen in simple mode
DEBUG: Simple mode active - screen shows original 2D framebuffer view
DEBUG: Rendering MediaScreen Video Screen (istockphoto-482277170-640_adpp_is.mp4) with texture 3
DEBUG: Rendering screen Video Screen (istockphoto-482277170-640_adpp_is.mp4) of type screen_2d
DEBUG: Frame caching error for frame 318: 'MediaScreen' object has no attribute 'cache_size_limit'
DEBUG: Rendering MediaScreen Video Screen (istockphoto-482277170-640_adpp_is.mp4) with texture 3
DEBUG: ===== CANVAS update_sphere_view_vector() CALLED =====
DEBUG: Canvas syncing view_vector with sphere vector_direction: [1. 0. 0.]
DEBUG: Normalized view_vector: [1. 0. 0.]
DEBUG: Red vector direction: [1. 0. 0.]
DEBUG: Normalized view vector: [1.000, 0.000, 0.000]
DEBUG: Red cube position: [2. 0. 2.]
DEBUG: Expected direction to cube: [0.70710678 0.         0.70710678]
DEBUG: Actual view vector: [1. 0. 0.]
DEBUG: Dot product: 0.707
DEBUG: ⚠️ WARNING: View vector not pointing toward cube!
DEBUG: Consider setting vector direction to point toward cube
DEBUG: Suggested vector direction: [2.12132034 0.         2.12132034]
DEBUG: Angle to cube: 45.0° (should be < 30° to be visible)
DEBUG: Cube direction: [0.707, 0.000, 0.707]
DEBUG: 2D screen using perspective projection - FOV: 60.0°
DEBUG: ===== SIMPLE MODE CAMERA SETUP =====
DEBUG: Simple mode sphere_pos: [0. 0. 0.]
DEBUG: Simple mode view_dir: [1. 0. 0.]
DEBUG: Simple mode look_at: [10.  0.  0.]
DEBUG: Cube position: [2. 0. 2.]
DEBUG: Direction to cube: [0.70710678 0.         0.70710678]
DEBUG: View direction: [1. 0. 0.]
DEBUG: Angle between view and cube direction: 45.0° (should be close to 0°)
DEBUG: Are we looking toward cube? False
DEBUG: ==============================================
DEBUG: ===== SIMPLE MODE CUBE ROTATION =====
DEBUG: Simple mode applying cube rotation: [0.0°, 0.0°, 0.0°]
DEBUG: =========================================
DEBUG: Simple 2D screen rendered - reference objects disabled to prevent yellow box artifact
DEBUG: Using perspective projection - FOV: 60.0°
DEBUG: Canvas mode: 'simple', Sphere mode: 'simple'
DEBUG: Sphere screen render check - canvas_enabled: True, canvas_mode: simple, sphere_enabled: True, should_render: False
DEBUG: Sphere skipping screen render (canvas mode: simple)
DEBUG: ===== SIMPLE MODE CUBE ROTATION =====
DEBUG: Simple mode applying cube rotation: [0.0°, 0.0°, 0.0°]
DEBUG: =========================================
DEBUG: ===== CANVAS draw_unified_screen() CALLED =====
DEBUG: screen_enabled: True, screen_render_mode: simple
DEBUG: Canvas drawing simple 2D screen
DEBUG: Drew unified screen in simple mode
DEBUG: Simple mode active - screen shows original 2D framebuffer view
DEBUG: Rendering 2 screens
DEBUG: Rendering screen Original 2D Screen of type screen_2d
DEBUG: ===== SIMPLE MODE CUBE ROTATION =====
DEBUG: Simple mode applying cube rotation: [0.0°, 0.0°, 0.0°]
DEBUG: =========================================
DEBUG: ===== CANVAS draw_unified_screen() CALLED =====
DEBUG: screen_enabled: True, screen_render_mode: simple
DEBUG: Canvas drawing simple 2D screen
DEBUG: Drew unified screen in simple mode
DEBUG: Simple mode active - screen shows original 2D framebuffer view
DEBUG: Rendering MediaScreen Video Screen (istockphoto-482277170-640_adpp_is.mp4) with texture 3
DEBUG: Rendering screen Video Screen (istockphoto-482277170-640_adpp_is.mp4) of type screen_2d
DEBUG: Rendering MediaScreen Video Screen (istockphoto-482277170-640_adpp_is.mp4) with texture 3
DEBUG: ===== CANVAS update_sphere_view_vector() CALLED =====
DEBUG: Canvas syncing view_vector with sphere vector_direction: [1. 0. 0.]
DEBUG: Normalized view_vector: [1. 0. 0.]
DEBUG: Red vector direction: [1. 0. 0.]
DEBUG: Normalized view vector: [1.000, 0.000, 0.000]
DEBUG: Red cube position: [2. 0. 2.]
DEBUG: Expected direction to cube: [0.70710678 0.         0.70710678]
DEBUG: Actual view vector: [1. 0. 0.]
DEBUG: Dot product: 0.707
DEBUG: ⚠️ WARNING: View vector not pointing toward cube!
DEBUG: Consider setting vector direction to point toward cube
DEBUG: Suggested vector direction: [2.12132034 0.         2.12132034]
DEBUG: Angle to cube: 45.0° (should be < 30° to be visible)
DEBUG: Cube direction: [0.707, 0.000, 0.707]
DEBUG: 2D screen using perspective projection - FOV: 60.0°
DEBUG: ===== SIMPLE MODE CAMERA SETUP =====
DEBUG: Simple mode sphere_pos: [0. 0. 0.]
DEBUG: Simple mode view_dir: [1. 0. 0.]
DEBUG: Simple mode look_at: [10.  0.  0.]
DEBUG: Cube position: [2. 0. 2.]
DEBUG: Direction to cube: [0.70710678 0.         0.70710678]
DEBUG: View direction: [1. 0. 0.]
DEBUG: Angle between view and cube direction: 45.0° (should be close to 0°)
DEBUG: Are we looking toward cube? False
DEBUG: ==============================================
DEBUG: ===== SIMPLE MODE CUBE ROTATION =====
DEBUG: Simple mode applying cube rotation: [0.0°, 0.0°, 0.0°]
DEBUG: =========================================
DEBUG: Simple 2D screen rendered - reference objects disabled to prevent yellow box artifact
DEBUG: Using perspective projection - FOV: 60.0°
DEBUG: Frame caching error for frame 323: 'MediaScreen' object has no attribute 'cache_size_limit'
DEBUG: Canvas mode: 'simple', Sphere mode: 'simple'
DEBUG: Sphere screen render check - canvas_enabled: True, canvas_mode: simple, sphere_enabled: True, should_render: False
DEBUG: Sphere skipping screen render (canvas mode: simple)
DEBUG: ===== SIMPLE MODE CUBE ROTATION =====
DEBUG: Simple mode applying cube rotation: [0.0°, 0.0°, 0.0°]
DEBUG: =========================================
DEBUG: ===== CANVAS draw_unified_screen() CALLED =====
DEBUG: screen_enabled: True, screen_render_mode: simple
DEBUG: Canvas drawing simple 2D screen
DEBUG: Drew unified screen in simple mode
DEBUG: Simple mode active - screen shows original 2D framebuffer view
DEBUG: Rendering 2 screens
DEBUG: Rendering screen Original 2D Screen of type screen_2d
DEBUG: ===== SIMPLE MODE CUBE ROTATION =====
DEBUG: Simple mode applying cube rotation: [0.0°, 0.0°, 0.0°]
DEBUG: =========================================
DEBUG: ===== CANVAS draw_unified_screen() CALLED =====
DEBUG: screen_enabled: True, screen_render_mode: simple
DEBUG: Canvas drawing simple 2D screen
DEBUG: Drew unified screen in simple mode
DEBUG: Simple mode active - screen shows original 2D framebuffer view
DEBUG: Rendering MediaScreen Video Screen (istockphoto-482277170-640_adpp_is.mp4) with texture 3
DEBUG: Rendering screen Video Screen (istockphoto-482277170-640_adpp_is.mp4) of type screen_2d
DEBUG: Rendering MediaScreen Video Screen (istockphoto-482277170-640_adpp_is.mp4) with texture 3
DEBUG: ===== CANVAS update_sphere_view_vector() CALLED =====
DEBUG: Canvas syncing view_vector with sphere vector_direction: [1. 0. 0.]
DEBUG: Normalized view_vector: [1. 0. 0.]
DEBUG: Red vector direction: [1. 0. 0.]
DEBUG: Normalized view vector: [1.000, 0.000, 0.000]
DEBUG: Red cube position: [2. 0. 2.]
DEBUG: Expected direction to cube: [0.70710678 0.         0.70710678]
DEBUG: Actual view vector: [1. 0. 0.]
DEBUG: Dot product: 0.707
DEBUG: ⚠️ WARNING: View vector not pointing toward cube!
DEBUG: Consider setting vector direction to point toward cube
DEBUG: Suggested vector direction: [2.12132034 0.         2.12132034]
DEBUG: Angle to cube: 45.0° (should be < 30° to be visible)
DEBUG: Cube direction: [0.707, 0.000, 0.707]
DEBUG: 2D screen using perspective projection - FOV: 60.0°
DEBUG: ===== SIMPLE MODE CAMERA SETUP =====
DEBUG: Simple mode sphere_pos: [0. 0. 0.]
DEBUG: Simple mode view_dir: [1. 0. 0.]
DEBUG: Simple mode look_at: [10.  0.  0.]
DEBUG: Cube position: [2. 0. 2.]
DEBUG: Direction to cube: [0.70710678 0.         0.70710678]
DEBUG: View direction: [1. 0. 0.]
DEBUG: Angle between view and cube direction: 45.0° (should be close to 0°)
DEBUG: Are we looking toward cube? False
DEBUG: ==============================================
DEBUG: ===== SIMPLE MODE CUBE ROTATION =====
DEBUG: Simple mode applying cube rotation: [0.0°, 0.0°, 0.0°]
DEBUG: =========================================
DEBUG: Simple 2D screen rendered - reference objects disabled to prevent yellow box artifact
DEBUG: Using perspective projection - FOV: 60.0°
DEBUG: Canvas mode: 'simple', Sphere mode: 'simple'
DEBUG: Sphere screen render check - canvas_enabled: True, canvas_mode: simple, sphere_enabled: True, should_render: False
DEBUG: Sphere skipping screen render (canvas mode: simple)
DEBUG: ===== SIMPLE MODE CUBE ROTATION =====
DEBUG: Simple mode applying cube rotation: [0.0°, 0.0°, 0.0°]
DEBUG: =========================================
DEBUG: ===== CANVAS draw_unified_screen() CALLED =====
DEBUG: screen_enabled: True, screen_render_mode: simple
DEBUG: Canvas drawing simple 2D screen
DEBUG: Drew unified screen in simple mode
DEBUG: Simple mode active - screen shows original 2D framebuffer view
DEBUG: Rendering 2 screens
DEBUG: Rendering screen Original 2D Screen of type screen_2d
DEBUG: ===== SIMPLE MODE CUBE ROTATION =====
DEBUG: Simple mode applying cube rotation: [0.0°, 0.0°, 0.0°]
DEBUG: =========================================
DEBUG: ===== CANVAS draw_unified_screen() CALLED =====
DEBUG: screen_enabled: True, screen_render_mode: simple
DEBUG: Canvas drawing simple 2D screen
DEBUG: Frame caching error for frame 327: 'MediaScreen' object has no attribute 'cache_size_limit'
DEBUG: Drew unified screen in simple mode
DEBUG: Simple mode active - screen shows original 2D framebuffer view
DEBUG: Rendering MediaScreen Video Screen (istockphoto-482277170-640_adpp_is.mp4) with texture 3
DEBUG: Rendering screen Video Screen (istockphoto-482277170-640_adpp_is.mp4) of type screen_2d
DEBUG: Rendering MediaScreen Video Screen (istockphoto-482277170-640_adpp_is.mp4) with texture 3
DEBUG: ===== CANVAS update_sphere_view_vector() CALLED =====
DEBUG: Canvas syncing view_vector with sphere vector_direction: [1. 0. 0.]
DEBUG: Normalized view_vector: [1. 0. 0.]
DEBUG: Red vector direction: [1. 0. 0.]
DEBUG: Normalized view vector: [1.000, 0.000, 0.000]
DEBUG: Red cube position: [2. 0. 2.]
DEBUG: Expected direction to cube: [0.70710678 0.         0.70710678]
DEBUG: Actual view vector: [1. 0. 0.]
DEBUG: Dot product: 0.707
DEBUG: ⚠️ WARNING: View vector not pointing toward cube!
DEBUG: Consider setting vector direction to point toward cube
DEBUG: Suggested vector direction: [2.12132034 0.         2.12132034]
DEBUG: Angle to cube: 45.0° (should be < 30° to be visible)
DEBUG: Cube direction: [0.707, 0.000, 0.707]
DEBUG: 2D screen using perspective projection - FOV: 60.0°
DEBUG: ===== SIMPLE MODE CAMERA SETUP =====
DEBUG: Simple mode sphere_pos: [0. 0. 0.]
DEBUG: Simple mode view_dir: [1. 0. 0.]
DEBUG: Simple mode look_at: [10.  0.  0.]
DEBUG: Cube position: [2. 0. 2.]
DEBUG: Direction to cube: [0.70710678 0.         0.70710678]
DEBUG: View direction: [1. 0. 0.]
DEBUG: Angle between view and cube direction: 45.0° (should be close to 0°)
DEBUG: Are we looking toward cube? False
DEBUG: ==============================================
DEBUG: ===== SIMPLE MODE CUBE ROTATION =====
DEBUG: Simple mode applying cube rotation: [0.0°, 0.0°, 0.0°]
DEBUG: =========================================
DEBUG: Simple 2D screen rendered - reference objects disabled to prevent yellow box artifact
DEBUG: Using perspective projection - FOV: 60.0°
DEBUG: Canvas mode: 'simple', Sphere mode: 'simple'
DEBUG: Sphere screen render check - canvas_enabled: True, canvas_mode: simple, sphere_enabled: True, should_render: False
DEBUG: Sphere skipping screen render (canvas mode: simple)
DEBUG: ===== SIMPLE MODE CUBE ROTATION =====
DEBUG: Simple mode applying cube rotation: [0.0°, 0.0°, 0.0°]
DEBUG: =========================================
DEBUG: ===== CANVAS draw_unified_screen() CALLED =====
DEBUG: screen_enabled: True, screen_render_mode: simple
DEBUG: Canvas drawing simple 2D screen
DEBUG: Drew unified screen in simple mode
DEBUG: Simple mode active - screen shows original 2D framebuffer view
DEBUG: Rendering 2 screens
DEBUG: Rendering screen Original 2D Screen of type screen_2d
DEBUG: ===== SIMPLE MODE CUBE ROTATION =====
DEBUG: Simple mode applying cube rotation: [0.0°, 0.0°, 0.0°]
DEBUG: =========================================
DEBUG: ===== CANVAS draw_unified_screen() CALLED =====
DEBUG: screen_enabled: True, screen_render_mode: simple
DEBUG: Canvas drawing simple 2D screen
DEBUG: Drew unified screen in simple mode
DEBUG: Simple mode active - screen shows original 2D framebuffer view
DEBUG: Rendering MediaScreen Video Screen (istockphoto-482277170-640_adpp_is.mp4) with texture 3
DEBUG: Rendering screen Video Screen (istockphoto-482277170-640_adpp_is.mp4) of type screen_2d
DEBUG: Rendering MediaScreen Video Screen (istockphoto-482277170-640_adpp_is.mp4) with texture 3
DEBUG: ===== CANVAS update_sphere_view_vector() CALLED =====
DEBUG: Canvas syncing view_vector with sphere vector_direction: [1. 0. 0.]
DEBUG: Normalized view_vector: [1. 0. 0.]
DEBUG: Red vector direction: [1. 0. 0.]
DEBUG: Normalized view vector: [1.000, 0.000, 0.000]
DEBUG: Red cube position: [2. 0. 2.]
DEBUG: Expected direction to cube: [0.70710678 0.         0.70710678]
DEBUG: Actual view vector: [1. 0. 0.]
DEBUG: Dot product: 0.707
DEBUG: ⚠️ WARNING: View vector not pointing toward cube!
DEBUG: Consider setting vector direction to point toward cube
DEBUG: Suggested vector direction: [2.12132034 0.         2.12132034]
DEBUG: Angle to cube: 45.0° (should be < 30° to be visible)
DEBUG: Cube direction: [0.707, 0.000, 0.707]
DEBUG: 2D screen using perspective projection - FOV: 60.0°
DEBUG: ===== SIMPLE MODE CAMERA SETUP =====
DEBUG: Simple mode sphere_pos: [0. 0. 0.]
DEBUG: Simple mode view_dir: [1. 0. 0.]
DEBUG: Simple mode look_at: [10.  0.  0.]
DEBUG: Cube position: [2. 0. 2.]
DEBUG: Direction to cube: [0.70710678 0.         0.70710678]
DEBUG: View direction: [1. 0. 0.]
DEBUG: Angle between view and cube direction: 45.0° (should be close to 0°)
DEBUG: Are we looking toward cube? False
DEBUG: ==============================================
DEBUG: ===== SIMPLE MODE CUBE ROTATION =====
DEBUG: Simple mode applying cube rotation: [0.0°, 0.0°, 0.0°]
DEBUG: =========================================
DEBUG: Simple 2D screen rendered - reference objects disabled to prevent yellow box artifact
DEBUG: Using perspective projection - FOV: 60.0°
DEBUG: Frame caching error for frame 332: 'MediaScreen' object has no attribute 'cache_size_limit'
DEBUG: Canvas mode: 'simple', Sphere mode: 'simple'
DEBUG: Sphere screen render check - canvas_enabled: True, canvas_mode: simple, sphere_enabled: True, should_render: False
DEBUG: Sphere skipping screen render (canvas mode: simple)
DEBUG: ===== SIMPLE MODE CUBE ROTATION =====
DEBUG: Simple mode applying cube rotation: [0.0°, 0.0°, 0.0°]
DEBUG: =========================================
DEBUG: ===== CANVAS draw_unified_screen() CALLED =====
DEBUG: screen_enabled: True, screen_render_mode: simple
DEBUG: Canvas drawing simple 2D screen
DEBUG: Drew unified screen in simple mode
DEBUG: Simple mode active - screen shows original 2D framebuffer view
DEBUG: Rendering 2 screens
DEBUG: Rendering screen Original 2D Screen of type screen_2d
DEBUG: ===== SIMPLE MODE CUBE ROTATION =====
DEBUG: Simple mode applying cube rotation: [0.0°, 0.0°, 0.0°]
DEBUG: =========================================
DEBUG: ===== CANVAS draw_unified_screen() CALLED =====
DEBUG: screen_enabled: True, screen_render_mode: simple
DEBUG: Canvas drawing simple 2D screen
DEBUG: Drew unified screen in simple mode
DEBUG: Simple mode active - screen shows original 2D framebuffer view
DEBUG: Rendering MediaScreen Video Screen (istockphoto-482277170-640_adpp_is.mp4) with texture 3
DEBUG: Rendering screen Video Screen (istockphoto-482277170-640_adpp_is.mp4) of type screen_2d
DEBUG: Rendering MediaScreen Video Screen (istockphoto-482277170-640_adpp_is.mp4) with texture 3
DEBUG: ===== CANVAS update_sphere_view_vector() CALLED =====
DEBUG: Canvas syncing view_vector with sphere vector_direction: [1. 0. 0.]
DEBUG: Normalized view_vector: [1. 0. 0.]
DEBUG: Red vector direction: [1. 0. 0.]
DEBUG: Normalized view vector: [1.000, 0.000, 0.000]
DEBUG: Red cube position: [2. 0. 2.]
DEBUG: Expected direction to cube: [0.70710678 0.         0.70710678]
DEBUG: Actual view vector: [1. 0. 0.]
DEBUG: Dot product: 0.707
DEBUG: ⚠️ WARNING: View vector not pointing toward cube!
DEBUG: Consider setting vector direction to point toward cube
DEBUG: Suggested vector direction: [2.12132034 0.         2.12132034]
DEBUG: Angle to cube: 45.0° (should be < 30° to be visible)
DEBUG: Cube direction: [0.707, 0.000, 0.707]
DEBUG: 2D screen using perspective projection - FOV: 60.0°
DEBUG: ===== SIMPLE MODE CAMERA SETUP =====
DEBUG: Simple mode sphere_pos: [0. 0. 0.]
DEBUG: Simple mode view_dir: [1. 0. 0.]
DEBUG: Simple mode look_at: [10.  0.  0.]
DEBUG: Cube position: [2. 0. 2.]
DEBUG: Direction to cube: [0.70710678 0.         0.70710678]
DEBUG: View direction: [1. 0. 0.]
DEBUG: Angle between view and cube direction: 45.0° (should be close to 0°)
DEBUG: Are we looking toward cube? False
DEBUG: ==============================================
DEBUG: ===== SIMPLE MODE CUBE ROTATION =====
DEBUG: Simple mode applying cube rotation: [0.0°, 0.0°, 0.0°]
DEBUG: =========================================
DEBUG: Simple 2D screen rendered - reference objects disabled to prevent yellow box artifact
DEBUG: Using perspective projection - FOV: 60.0°
DEBUG: Canvas mode: 'simple', Sphere mode: 'simple'
DEBUG: Sphere screen render check - canvas_enabled: True, canvas_mode: simple, sphere_enabled: True, should_render: False
DEBUG: Sphere skipping screen render (canvas mode: simple)
DEBUG: ===== SIMPLE MODE CUBE ROTATION =====
DEBUG: Simple mode applying cube rotation: [0.0°, 0.0°, 0.0°]
DEBUG: =========================================
DEBUG: ===== CANVAS draw_unified_screen() CALLED =====
DEBUG: screen_enabled: True, screen_render_mode: simple
DEBUG: Canvas drawing simple 2D screen
DEBUG: Drew unified screen in simple mode
DEBUG: Simple mode active - screen shows original 2D framebuffer view
DEBUG: Rendering 2 screens
DEBUG: Rendering screen Original 2D Screen of type screen_2d
DEBUG: Frame data size mismatch: got 0, expected 995328
DEBUG: FFmpeg frame extraction failed, switching to simple playback
DEBUG: ===== SIMPLE MODE CUBE ROTATION =====
DEBUG: Simple mode applying cube rotation: [0.0°, 0.0°, 0.0°]
DEBUG: =========================================
DEBUG: ===== CANVAS draw_unified_screen() CALLED =====
DEBUG: screen_enabled: True, screen_render_mode: simple
DEBUG: Canvas drawing simple 2D screen
DEBUG: Drew unified screen in simple mode
DEBUG: Simple mode active - screen shows original 2D framebuffer view
DEBUG: End of video reached, restarting loop
DEBUG: Keeping frame cache with 0 frames for smooth subsequent loops
DEBUG: ===== LOOP RESTART: All timing variables reset =====
DEBUG: Rendering MediaScreen Video Screen (istockphoto-482277170-640_adpp_is.mp4) with texture 3
DEBUG: Rendering screen Video Screen (istockphoto-482277170-640_adpp_is.mp4) of type screen_2d
DEBUG: Rendering MediaScreen Video Screen (istockphoto-482277170-640_adpp_is.mp4) with texture 3
DEBUG: ===== CANVAS update_sphere_view_vector() CALLED =====
DEBUG: Canvas syncing view_vector with sphere vector_direction: [1. 0. 0.]
DEBUG: Normalized view_vector: [1. 0. 0.]
DEBUG: Red vector direction: [1. 0. 0.]
DEBUG: Normalized view vector: [1.000, 0.000, 0.000]
DEBUG: Red cube position: [2. 0. 2.]
DEBUG: Expected direction to cube: [0.70710678 0.         0.70710678]
DEBUG: Actual view vector: [1. 0. 0.]
DEBUG: Dot product: 0.707
DEBUG: ⚠️ WARNING: View vector not pointing toward cube!
DEBUG: Consider setting vector direction to point toward cube
DEBUG: Suggested vector direction: [2.12132034 0.         2.12132034]
DEBUG: Angle to cube: 45.0° (should be < 30° to be visible)
DEBUG: Cube direction: [0.707, 0.000, 0.707]
DEBUG: 2D screen using perspective projection - FOV: 60.0°
DEBUG: ===== SIMPLE MODE CAMERA SETUP =====
DEBUG: Simple mode sphere_pos: [0. 0. 0.]
DEBUG: Simple mode view_dir: [1. 0. 0.]
DEBUG: Simple mode look_at: [10.  0.  0.]
DEBUG: Cube position: [2. 0. 2.]
DEBUG: Direction to cube: [0.70710678 0.         0.70710678]
DEBUG: View direction: [1. 0. 0.]
DEBUG: Angle between view and cube direction: 45.0° (should be close to 0°)
DEBUG: Are we looking toward cube? False
DEBUG: ==============================================
DEBUG: ===== SIMPLE MODE CUBE ROTATION =====
DEBUG: Simple mode applying cube rotation: [0.0°, 0.0°, 0.0°]
DEBUG: =========================================
DEBUG: Simple 2D screen rendered - reference objects disabled to prevent yellow box artifact
DEBUG: Using perspective projection - FOV: 60.0°
DEBUG: Canvas mode: 'simple', Sphere mode: 'simple'
DEBUG: Sphere screen render check - canvas_enabled: True, canvas_mode: simple, sphere_enabled: True, should_render: False
DEBUG: Sphere skipping screen render (canvas mode: simple)
DEBUG: ===== SIMPLE MODE CUBE ROTATION =====
DEBUG: Simple mode applying cube rotation: [0.0°, 0.0°, 0.0°]
DEBUG: =========================================
DEBUG: ===== CANVAS draw_unified_screen() CALLED =====
DEBUG: screen_enabled: True, screen_render_mode: simple
DEBUG: Canvas drawing simple 2D screen
DEBUG: Drew unified screen in simple mode
DEBUG: Simple mode active - screen shows original 2D framebuffer view
DEBUG: Rendering 2 screens
DEBUG: Rendering screen Original 2D Screen of type screen_2d
DEBUG: ===== RESTARTING AUDIO FOR NEW LOOP =====
DEBUG: ===== _start_audio_playback() called for Video Screen (istockphoto-482277170-640_adpp_is.mp4) =====
DEBUG: Audio file: /var/folders/70/3v8jf_916x99yvw421l0_cc00000gn/T/tmp8br_ttgv.wav
DEBUG: Speed adjusted audio: None
DEBUG: Starting audio playback: /var/folders/70/3v8jf_916x99yvw421l0_cc00000gn/T/tmp8br_ttgv.wav
DEBUG: Audio loaded successfully - duration: 11.31s
DEBUG: Music volume set to: 1.0
DEBUG: ===== SIMPLE MODE CUBE ROTATION =====
DEBUG: Simple mode applying cube rotation: [0.0°, 0.0°, 0.0°]
DEBUG: =========================================
DEBUG: ===== CANVAS draw_unified_screen() CALLED =====
DEBUG: screen_enabled: True, screen_render_mode: simple
DEBUG: Canvas drawing simple 2D screen
DEBUG: Drew unified screen in simple mode
DEBUG: Simple mode active - screen shows original 2D framebuffer view
DEBUG: Rendering MediaScreen Video Screen (istockphoto-482277170-640_adpp_is.mp4) with texture 3
DEBUG: Rendering screen Video Screen (istockphoto-482277170-640_adpp_is.mp4) of type screen_2d
DEBUG: Rendering MediaScreen Video Screen (istockphoto-482277170-640_adpp_is.mp4) with texture 3
DEBUG: ===== CANVAS update_sphere_view_vector() CALLED =====
DEBUG: Canvas syncing view_vector with sphere vector_direction: [1. 0. 0.]
DEBUG: Normalized view_vector: [1. 0. 0.]
DEBUG: Red vector direction: [1. 0. 0.]
DEBUG: Normalized view vector: [1.000, 0.000, 0.000]
DEBUG: Red cube position: [2. 0. 2.]
DEBUG: Expected direction to cube: [0.70710678 0.         0.70710678]
DEBUG: Actual view vector: [1. 0. 0.]
DEBUG: Dot product: 0.707
DEBUG: ⚠️ WARNING: View vector not pointing toward cube!
DEBUG: Consider setting vector direction to point toward cube
DEBUG: Suggested vector direction: [2.12132034 0.         2.12132034]
DEBUG: Angle to cube: 45.0° (should be < 30° to be visible)
DEBUG: Cube direction: [0.707, 0.000, 0.707]
DEBUG: 2D screen using perspective projection - FOV: 60.0°
DEBUG: ===== SIMPLE MODE CAMERA SETUP =====
DEBUG: Simple mode sphere_pos: [0. 0. 0.]
DEBUG: Simple mode view_dir: [1. 0. 0.]
DEBUG: Simple mode look_at: [10.  0.  0.]
DEBUG: Cube position: [2. 0. 2.]
DEBUG: Direction to cube: [0.70710678 0.         0.70710678]
DEBUG: View direction: [1. 0. 0.]
DEBUG: Angle between view and cube direction: 45.0° (should be close to 0°)
DEBUG: Are we looking toward cube? False
DEBUG: ==============================================
DEBUG: ===== SIMPLE MODE CUBE ROTATION =====
DEBUG: Simple mode applying cube rotation: [0.0°, 0.0°, 0.0°]
DEBUG: =========================================
DEBUG: Simple 2D screen rendered - reference objects disabled to prevent yellow box artifact
DEBUG: Using perspective projection - FOV: 60.0°
DEBUG: Canvas mode: 'simple', Sphere mode: 'simple'
DEBUG: Sphere screen render check - canvas_enabled: True, canvas_mode: simple, sphere_enabled: True, should_render: False
DEBUG: Sphere skipping screen render (canvas mode: simple)
DEBUG: ===== SIMPLE MODE CUBE ROTATION =====
DEBUG: Simple mode applying cube rotation: [0.0°, 0.0°, 0.0°]
DEBUG: =========================================
DEBUG: ===== CANVAS draw_unified_screen() CALLED =====
DEBUG: screen_enabled: True, screen_render_mode: simple
DEBUG: Canvas drawing simple 2D screen
DEBUG: Drew unified screen in simple mode
DEBUG: Simple mode active - screen shows original 2D framebuffer view
DEBUG: Rendering 2 screens
DEBUG: Rendering screen Original 2D Screen of type screen_2d
DEBUG: ===== SIMPLE MODE CUBE ROTATION =====
DEBUG: Simple mode applying cube rotation: [0.0°, 0.0°, 0.0°]
DEBUG: =========================================
DEBUG: ===== CANVAS draw_unified_screen() CALLED =====
DEBUG: screen_enabled: True, screen_render_mode: simple
DEBUG: Canvas drawing simple 2D screen
DEBUG: Drew unified screen in simple mode
DEBUG: Simple mode active - screen shows original 2D framebuffer view
DEBUG: Rendering MediaScreen Video Screen (istockphoto-482277170-640_adpp_is.mp4) with texture 3
DEBUG: Rendering screen Video Screen (istockphoto-482277170-640_adpp_is.mp4) of type screen_2d
DEBUG: Rendering MediaScreen Video Screen (istockphoto-482277170-640_adpp_is.mp4) with texture 3
DEBUG: ===== CANVAS update_sphere_view_vector() CALLED =====
DEBUG: Canvas syncing view_vector with sphere vector_direction: [1. 0. 0.]
DEBUG: Normalized view_vector: [1. 0. 0.]
DEBUG: Red vector direction: [1. 0. 0.]
DEBUG: Normalized view vector: [1.000, 0.000, 0.000]
DEBUG: Red cube position: [2. 0. 2.]
DEBUG: Expected direction to cube: [0.70710678 0.         0.70710678]
DEBUG: Actual view vector: [1. 0. 0.]
DEBUG: Dot product: 0.707
DEBUG: ⚠️ WARNING: View vector not pointing toward cube!
DEBUG: Consider setting vector direction to point toward cube
DEBUG: Suggested vector direction: [2.12132034 0.         2.12132034]
DEBUG: Angle to cube: 45.0° (should be < 30° to be visible)
DEBUG: Cube direction: [0.707, 0.000, 0.707]
DEBUG: 2D screen using perspective projection - FOV: 60.0°
DEBUG: ===== SIMPLE MODE CAMERA SETUP =====
DEBUG: Simple mode sphere_pos: [0. 0. 0.]
DEBUG: Simple mode view_dir: [1. 0. 0.]
DEBUG: Simple mode look_at: [10.  0.  0.]
DEBUG: Cube position: [2. 0. 2.]
DEBUG: Direction to cube: [0.70710678 0.         0.70710678]
DEBUG: View direction: [1. 0. 0.]
DEBUG: Angle between view and cube direction: 45.0° (should be close to 0°)
DEBUG: Are we looking toward cube? False
DEBUG: ==============================================
DEBUG: ===== SIMPLE MODE CUBE ROTATION =====
DEBUG: Simple mode applying cube rotation: [0.0°, 0.0°, 0.0°]
DEBUG: =========================================
DEBUG: Simple 2D screen rendered - reference objects disabled to prevent yellow box artifact
DEBUG: Using perspective projection - FOV: 60.0°
DEBUG: Canvas mode: 'simple', Sphere mode: 'simple'
DEBUG: Sphere screen render check - canvas_enabled: True, canvas_mode: simple, sphere_enabled: True, should_render: False
DEBUG: Sphere skipping screen render (canvas mode: simple)
DEBUG: ===== SIMPLE MODE CUBE ROTATION =====
DEBUG: Simple mode applying cube rotation: [0.0°, 0.0°, 0.0°]
DEBUG: =========================================
DEBUG: ===== CANVAS draw_unified_screen() CALLED =====
DEBUG: screen_enabled: True, screen_render_mode: simple
DEBUG: Canvas drawing simple 2D screen
DEBUG: Drew unified screen in simple mode
DEBUG: Simple mode active - screen shows original 2D framebuffer view
DEBUG: Rendering 2 screens
DEBUG: Rendering screen Original 2D Screen of type screen_2d
DEBUG: ===== SIMPLE MODE CUBE ROTATION =====
DEBUG: Simple mode applying cube rotation: [0.0°, 0.0°, 0.0°]
DEBUG: =========================================
DEBUG: ===== CANVAS draw_unified_screen() CALLED =====
DEBUG: screen_enabled: True, screen_render_mode: simple
DEBUG: Canvas drawing simple 2D screen
DEBUG: Drew unified screen in simple mode
DEBUG: Simple mode active - screen shows original 2D framebuffer view
DEBUG: Rendering MediaScreen Video Screen (istockphoto-482277170-640_adpp_is.mp4) with texture 3
DEBUG: Rendering screen Video Screen (istockphoto-482277170-640_adpp_is.mp4) of type screen_2d
DEBUG: Rendering MediaScreen Video Screen (istockphoto-482277170-640_adpp_is.mp4) with texture 3
DEBUG: ===== CANVAS update_sphere_view_vector() CALLED =====
DEBUG: Canvas syncing view_vector with sphere vector_direction: [1. 0. 0.]
DEBUG: Normalized view_vector: [1. 0. 0.]
DEBUG: Red vector direction: [1. 0. 0.]
DEBUG: Normalized view vector: [1.000, 0.000, 0.000]
DEBUG: Red cube position: [2. 0. 2.]
DEBUG: Expected direction to cube: [0.70710678 0.         0.70710678]
DEBUG: Actual view vector: [1. 0. 0.]
DEBUG: Dot product: 0.707
DEBUG: ⚠️ WARNING: View vector not pointing toward cube!
DEBUG: Consider setting vector direction to point toward cube
DEBUG: Suggested vector direction: [2.12132034 0.         2.12132034]
DEBUG: Angle to cube: 45.0° (should be < 30° to be visible)
DEBUG: Cube direction: [0.707, 0.000, 0.707]
DEBUG: 2D screen using perspective projection - FOV: 60.0°
DEBUG: ===== SIMPLE MODE CAMERA SETUP =====
DEBUG: Simple mode sphere_pos: [0. 0. 0.]
DEBUG: Simple mode view_dir: [1. 0. 0.]
DEBUG: Simple mode look_at: [10.  0.  0.]
DEBUG: Cube position: [2. 0. 2.]
DEBUG: Direction to cube: [0.70710678 0.         0.70710678]
DEBUG: View direction: [1. 0. 0.]
DEBUG: Angle between view and cube direction: 45.0° (should be close to 0°)
DEBUG: Are we looking toward cube? False
DEBUG: ==============================================
DEBUG: ===== SIMPLE MODE CUBE ROTATION =====
DEBUG: Simple mode applying cube rotation: [0.0°, 0.0°, 0.0°]
DEBUG: =========================================
DEBUG: Simple 2D screen rendered - reference objects disabled to prevent yellow box artifact
DEBUG: Using perspective projection - FOV: 60.0°
DEBUG: Canvas mode: 'simple', Sphere mode: 'simple'
DEBUG: Sphere screen render check - canvas_enabled: True, canvas_mode: simple, sphere_enabled: True, should_render: False
DEBUG: Sphere skipping screen render (canvas mode: simple)
DEBUG: ===== SIMPLE MODE CUBE ROTATION =====
DEBUG: Simple mode applying cube rotation: [0.0°, 0.0°, 0.0°]
DEBUG: =========================================
DEBUG: ===== CANVAS draw_unified_screen() CALLED =====
DEBUG: screen_enabled: True, screen_render_mode: simple
DEBUG: Canvas drawing simple 2D screen
DEBUG: Drew unified screen in simple mode
DEBUG: Simple mode active - screen shows original 2D framebuffer view
DEBUG: Rendering 2 screens
DEBUG: Rendering screen Original 2D Screen of type screen_2d
DEBUG: ✅ Audio playback started successfully using music mixer
DEBUG: 🔊 AUDIO SHOULD BE PLAYING NOW - Check your speakers/volume!
DEBUG: Channel backup prepared
DEBUG: Audio status - Music: True, Channel: False
DEBUG: ✅ Audio playback confirmed and synchronized
DEBUG: 🎵 If you don't hear anything, check:
DEBUG:    - System volume is up
DEBUG:    - Application isn't muted
DEBUG:    - Speakers/headphones are connected
DEBUG: ===== AUDIO RESTART RESULT: None =====
DEBUG: ===== VIDEO/AUDIO TIMING SYNCHRONIZED FOR LOOP RESTART =====
DEBUG: ===== SIMPLE MODE CUBE ROTATION =====
DEBUG: Simple mode applying cube rotation: [0.0°, 0.0°, 0.0°]
DEBUG: =========================================
DEBUG: ===== CANVAS draw_unified_screen() CALLED =====
DEBUG: screen_enabled: True, screen_render_mode: simple
DEBUG: Canvas drawing simple 2D screen
DEBUG: Drew unified screen in simple mode
DEBUG: Simple mode active - screen shows original 2D framebuffer view
DEBUG: Rendering MediaScreen Video Screen (istockphoto-482277170-640_adpp_is.mp4) with texture 3
DEBUG: Rendering screen Video Screen (istockphoto-482277170-640_adpp_is.mp4) of type screen_2d
DEBUG: Rendering MediaScreen Video Screen (istockphoto-482277170-640_adpp_is.mp4) with texture 3
DEBUG: ===== CANVAS update_sphere_view_vector() CALLED =====
DEBUG: Canvas syncing view_vector with sphere vector_direction: [1. 0. 0.]
DEBUG: Normalized view_vector: [1. 0. 0.]
DEBUG: Red vector direction: [1. 0. 0.]
DEBUG: Normalized view vector: [1.000, 0.000, 0.000]
DEBUG: Red cube position: [2. 0. 2.]
DEBUG: Expected direction to cube: [0.70710678 0.         0.70710678]
DEBUG: Actual view vector: [1. 0. 0.]
DEBUG: Dot product: 0.707
DEBUG: ⚠️ WARNING: View vector not pointing toward cube!
DEBUG: Consider setting vector direction to point toward cube
DEBUG: Suggested vector direction: [2.12132034 0.         2.12132034]
DEBUG: Angle to cube: 45.0° (should be < 30° to be visible)
DEBUG: Cube direction: [0.707, 0.000, 0.707]
DEBUG: 2D screen using perspective projection - FOV: 60.0°
DEBUG: ===== SIMPLE MODE CAMERA SETUP =====
DEBUG: Simple mode sphere_pos: [0. 0. 0.]
DEBUG: Simple mode view_dir: [1. 0. 0.]
DEBUG: Simple mode look_at: [10.  0.  0.]
DEBUG: Cube position: [2. 0. 2.]
DEBUG: Direction to cube: [0.70710678 0.         0.70710678]
DEBUG: View direction: [1. 0. 0.]
DEBUG: Angle between view and cube direction: 45.0° (should be close to 0°)
DEBUG: Are we looking toward cube? False
DEBUG: ==============================================
DEBUG: ===== SIMPLE MODE CUBE ROTATION =====
DEBUG: Simple mode applying cube rotation: [0.0°, 0.0°, 0.0°]
DEBUG: =========================================
DEBUG: Simple 2D screen rendered - reference objects disabled to prevent yellow box artifact
DEBUG: Using perspective projection - FOV: 60.0°
DEBUG: Canvas mode: 'simple', Sphere mode: 'simple'
DEBUG: Sphere screen render check - canvas_enabled: True, canvas_mode: simple, sphere_enabled: True, should_render: False
DEBUG: Sphere skipping screen render (canvas mode: simple)
DEBUG: ===== SIMPLE MODE CUBE ROTATION =====
DEBUG: Simple mode applying cube rotation: [0.0°, 0.0°, 0.0°]
DEBUG: =========================================
DEBUG: ===== CANVAS draw_unified_screen() CALLED =====
DEBUG: screen_enabled: True, screen_render_mode: simple
DEBUG: Canvas drawing simple 2D screen
DEBUG: Drew unified screen in simple mode
DEBUG: Simple mode active - screen shows original 2D framebuffer view
DEBUG: Rendering 2 screens
DEBUG: Rendering screen Original 2D Screen of type screen_2d
DEBUG: ===== SIMPLE MODE CUBE ROTATION =====
DEBUG: Simple mode applying cube rotation: [0.0°, 0.0°, 0.0°]
DEBUG: =========================================
DEBUG: ===== CANVAS draw_unified_screen() CALLED =====
DEBUG: screen_enabled: True, screen_render_mode: simple
DEBUG: Canvas drawing simple 2D screen
DEBUG: Drew unified screen in simple mode
DEBUG: Simple mode active - screen shows original 2D framebuffer view
DEBUG: Rendering MediaScreen Video Screen (istockphoto-482277170-640_adpp_is.mp4) with texture 3
DEBUG: Rendering screen Video Screen (istockphoto-482277170-640_adpp_is.mp4) of type screen_2d
DEBUG: Rendering MediaScreen Video Screen (istockphoto-482277170-640_adpp_is.mp4) with texture 3
DEBUG: ===== CANVAS update_sphere_view_vector() CALLED =====
DEBUG: Canvas syncing view_vector with sphere vector_direction: [1. 0. 0.]
DEBUG: Normalized view_vector: [1. 0. 0.]
DEBUG: Red vector direction: [1. 0. 0.]
DEBUG: Normalized view vector: [1.000, 0.000, 0.000]
DEBUG: Red cube position: [2. 0. 2.]
DEBUG: Expected direction to cube: [0.70710678 0.         0.70710678]
DEBUG: Actual view vector: [1. 0. 0.]
DEBUG: Dot product: 0.707
DEBUG: ⚠️ WARNING: View vector not pointing toward cube!
DEBUG: Consider setting vector direction to point toward cube
DEBUG: Suggested vector direction: [2.12132034 0.         2.12132034]
DEBUG: Angle to cube: 45.0° (should be < 30° to be visible)
DEBUG: Cube direction: [0.707, 0.000, 0.707]
DEBUG: 2D screen using perspective projection - FOV: 60.0°
DEBUG: ===== SIMPLE MODE CAMERA SETUP =====
DEBUG: Simple mode sphere_pos: [0. 0. 0.]
DEBUG: Simple mode view_dir: [1. 0. 0.]
DEBUG: Simple mode look_at: [10.  0.  0.]
DEBUG: Cube position: [2. 0. 2.]
DEBUG: Direction to cube: [0.70710678 0.         0.70710678]
DEBUG: View direction: [1. 0. 0.]
DEBUG: Angle between view and cube direction: 45.0° (should be close to 0°)
DEBUG: Are we looking toward cube? False
DEBUG: ==============================================
DEBUG: ===== SIMPLE MODE CUBE ROTATION =====
DEBUG: Simple mode applying cube rotation: [0.0°, 0.0°, 0.0°]
DEBUG: =========================================
DEBUG: Simple 2D screen rendered - reference objects disabled to prevent yellow box artifact
DEBUG: Using perspective projection - FOV: 60.0°
DEBUG: Canvas mode: 'simple', Sphere mode: 'simple'
DEBUG: Sphere screen render check - canvas_enabled: True, canvas_mode: simple, sphere_enabled: True, should_render: False
DEBUG: Sphere skipping screen render (canvas mode: simple)
DEBUG: ===== SIMPLE MODE CUBE ROTATION =====
DEBUG: Simple mode applying cube rotation: [0.0°, 0.0°, 0.0°]
DEBUG: =========================================
DEBUG: ===== CANVAS draw_unified_screen() CALLED =====
DEBUG: screen_enabled: True, screen_render_mode: simple
DEBUG: Canvas drawing simple 2D screen
DEBUG: Drew unified screen in simple mode
DEBUG: Simple mode active - screen shows original 2D framebuffer view
DEBUG: Rendering 2 screens
DEBUG: Rendering screen Original 2D Screen of type screen_2d
DEBUG: ===== SIMPLE MODE CUBE ROTATION =====
DEBUG: Simple mode applying cube rotation: [0.0°, 0.0°, 0.0°]
DEBUG: =========================================
DEBUG: ===== CANVAS draw_unified_screen() CALLED =====
DEBUG: screen_enabled: True, screen_render_mode: simple
DEBUG: Canvas drawing simple 2D screen
DEBUG: Drew unified screen in simple mode
DEBUG: Simple mode active - screen shows original 2D framebuffer view
DEBUG: Rendering MediaScreen Video Screen (istockphoto-482277170-640_adpp_is.mp4) with texture 3
DEBUG: Rendering screen Video Screen (istockphoto-482277170-640_adpp_is.mp4) of type screen_2d
DEBUG: Rendering MediaScreen Video Screen (istockphoto-482277170-640_adpp_is.mp4) with texture 3
DEBUG: ===== CANVAS update_sphere_view_vector() CALLED =====
DEBUG: Canvas syncing view_vector with sphere vector_direction: [1. 0. 0.]
DEBUG: Normalized view_vector: [1. 0. 0.]
DEBUG: Red vector direction: [1. 0. 0.]
DEBUG: Normalized view vector: [1.000, 0.000, 0.000]
DEBUG: Red cube position: [2. 0. 2.]
DEBUG: Expected direction to cube: [0.70710678 0.         0.70710678]
DEBUG: Actual view vector: [1. 0. 0.]
DEBUG: Dot product: 0.707
DEBUG: ⚠️ WARNING: View vector not pointing toward cube!
DEBUG: Consider setting vector direction to point toward cube
DEBUG: Suggested vector direction: [2.12132034 0.         2.12132034]
DEBUG: Angle to cube: 45.0° (should be < 30° to be visible)
DEBUG: Cube direction: [0.707, 0.000, 0.707]
DEBUG: 2D screen using perspective projection - FOV: 60.0°
DEBUG: ===== SIMPLE MODE CAMERA SETUP =====
DEBUG: Simple mode sphere_pos: [0. 0. 0.]
DEBUG: Simple mode view_dir: [1. 0. 0.]
DEBUG: Simple mode look_at: [10.  0.  0.]
DEBUG: Cube position: [2. 0. 2.]
DEBUG: Direction to cube: [0.70710678 0.         0.70710678]
DEBUG: View direction: [1. 0. 0.]
DEBUG: Angle between view and cube direction: 45.0° (should be close to 0°)
DEBUG: Are we looking toward cube? False
DEBUG: ==============================================
DEBUG: ===== SIMPLE MODE CUBE ROTATION =====
DEBUG: Simple mode applying cube rotation: [0.0°, 0.0°, 0.0°]
DEBUG: =========================================
DEBUG: Simple 2D screen rendered - reference objects disabled to prevent yellow box artifact
DEBUG: Using perspective projection - FOV: 60.0°
DEBUG: Canvas mode: 'simple', Sphere mode: 'simple'
DEBUG: Sphere screen render check - canvas_enabled: True, canvas_mode: simple, sphere_enabled: True, should_render: False
DEBUG: Sphere skipping screen render (canvas mode: simple)
DEBUG: ===== SIMPLE MODE CUBE ROTATION =====
DEBUG: Simple mode applying cube rotation: [0.0°, 0.0°, 0.0°]
DEBUG: =========================================
DEBUG: ===== CANVAS draw_unified_screen() CALLED =====
DEBUG: screen_enabled: True, screen_render_mode: simple
DEBUG: Canvas drawing simple 2D screen
DEBUG: Drew unified screen in simple mode
DEBUG: Simple mode active - screen shows original 2D framebuffer view
DEBUG: Rendering 2 screens
DEBUG: Rendering screen Original 2D Screen of type screen_2d
DEBUG: ===== SIMPLE MODE CUBE ROTATION =====
DEBUG: Simple mode applying cube rotation: [0.0°, 0.0°, 0.0°]
DEBUG: =========================================
DEBUG: ===== CANVAS draw_unified_screen() CALLED =====
DEBUG: screen_enabled: True, screen_render_mode: simple
DEBUG: Canvas drawing simple 2D screen
DEBUG: Drew unified screen in simple mode
DEBUG: Simple mode active - screen shows original 2D framebuffer view
DEBUG: Rendering MediaScreen Video Screen (istockphoto-482277170-640_adpp_is.mp4) with texture 3
DEBUG: Rendering screen Video Screen (istockphoto-482277170-640_adpp_is.mp4) of type screen_2d
DEBUG: Rendering MediaScreen Video Screen (istockphoto-482277170-640_adpp_is.mp4) with texture 3
DEBUG: ===== CANVAS update_sphere_view_vector() CALLED =====
DEBUG: Canvas syncing view_vector with sphere vector_direction: [1. 0. 0.]
DEBUG: Normalized view_vector: [1. 0. 0.]
DEBUG: Red vector direction: [1. 0. 0.]
DEBUG: Normalized view vector: [1.000, 0.000, 0.000]
DEBUG: Red cube position: [2. 0. 2.]
DEBUG: Expected direction to cube: [0.70710678 0.         0.70710678]
DEBUG: Actual view vector: [1. 0. 0.]
DEBUG: Dot product: 0.707
DEBUG: ⚠️ WARNING: View vector not pointing toward cube!
DEBUG: Consider setting vector direction to point toward cube
DEBUG: Suggested vector direction: [2.12132034 0.         2.12132034]
DEBUG: Angle to cube: 45.0° (should be < 30° to be visible)
DEBUG: Cube direction: [0.707, 0.000, 0.707]
DEBUG: 2D screen using perspective projection - FOV: 60.0°
DEBUG: ===== SIMPLE MODE CAMERA SETUP =====
DEBUG: Simple mode sphere_pos: [0. 0. 0.]
DEBUG: Simple mode view_dir: [1. 0. 0.]
DEBUG: Simple mode look_at: [10.  0.  0.]
DEBUG: Cube position: [2. 0. 2.]
DEBUG: Direction to cube: [0.70710678 0.         0.70710678]
DEBUG: View direction: [1. 0. 0.]
DEBUG: Angle between view and cube direction: 45.0° (should be close to 0°)
DEBUG: Are we looking toward cube? False
DEBUG: ==============================================
DEBUG: ===== SIMPLE MODE CUBE ROTATION =====
DEBUG: Simple mode applying cube rotation: [0.0°, 0.0°, 0.0°]
DEBUG: =========================================
DEBUG: Simple 2D screen rendered - reference objects disabled to prevent yellow box artifact
DEBUG: Using perspective projection - FOV: 60.0°
DEBUG: Canvas mode: 'simple', Sphere mode: 'simple'
DEBUG: Sphere screen render check - canvas_enabled: True, canvas_mode: simple, sphere_enabled: True, should_render: False
DEBUG: Sphere skipping screen render (canvas mode: simple)
DEBUG: ===== SIMPLE MODE CUBE ROTATION =====
DEBUG: Simple mode applying cube rotation: [0.0°, 0.0°, 0.0°]
DEBUG: =========================================
DEBUG: ===== CANVAS draw_unified_screen() CALLED =====
DEBUG: screen_enabled: True, screen_render_mode: simple
DEBUG: Canvas drawing simple 2D screen
DEBUG: Drew unified screen in simple mode
DEBUG: Simple mode active - screen shows original 2D framebuffer view
DEBUG: Rendering 2 screens
DEBUG: Rendering screen Original 2D Screen of type screen_2d
DEBUG: ===== SIMPLE MODE CUBE ROTATION =====
DEBUG: Simple mode applying cube rotation: [0.0°, 0.0°, 0.0°]
DEBUG: =========================================
DEBUG: ===== CANVAS draw_unified_screen() CALLED =====
DEBUG: screen_enabled: True, screen_render_mode: simple
DEBUG: Canvas drawing simple 2D screen
DEBUG: Drew unified screen in simple mode
DEBUG: Simple mode active - screen shows original 2D framebuffer view
DEBUG: Rendering MediaScreen Video Screen (istockphoto-482277170-640_adpp_is.mp4) with texture 3
DEBUG: Rendering screen Video Screen (istockphoto-482277170-640_adpp_is.mp4) of type screen_2d
DEBUG: Rendering MediaScreen Video Screen (istockphoto-482277170-640_adpp_is.mp4) with texture 3
DEBUG: ===== CANVAS update_sphere_view_vector() CALLED =====
DEBUG: Canvas syncing view_vector with sphere vector_direction: [1. 0. 0.]
DEBUG: Normalized view_vector: [1. 0. 0.]
DEBUG: Red vector direction: [1. 0. 0.]
DEBUG: Normalized view vector: [1.000, 0.000, 0.000]
DEBUG: Red cube position: [2. 0. 2.]
DEBUG: Expected direction to cube: [0.70710678 0.         0.70710678]
DEBUG: Actual view vector: [1. 0. 0.]
DEBUG: Dot product: 0.707
DEBUG: ⚠️ WARNING: View vector not pointing toward cube!
DEBUG: Consider setting vector direction to point toward cube
DEBUG: Suggested vector direction: [2.12132034 0.         2.12132034]
DEBUG: Angle to cube: 45.0° (should be < 30° to be visible)
DEBUG: Cube direction: [0.707, 0.000, 0.707]
DEBUG: 2D screen using perspective projection - FOV: 60.0°
DEBUG: ===== SIMPLE MODE CAMERA SETUP =====
DEBUG: Simple mode sphere_pos: [0. 0. 0.]
DEBUG: Simple mode view_dir: [1. 0. 0.]
DEBUG: Simple mode look_at: [10.  0.  0.]
DEBUG: Cube position: [2. 0. 2.]
DEBUG: Direction to cube: [0.70710678 0.         0.70710678]
DEBUG: View direction: [1. 0. 0.]
DEBUG: Angle between view and cube direction: 45.0° (should be close to 0°)
DEBUG: Are we looking toward cube? False
DEBUG: ==============================================
DEBUG: ===== SIMPLE MODE CUBE ROTATION =====
DEBUG: Simple mode applying cube rotation: [0.0°, 0.0°, 0.0°]
DEBUG: =========================================
DEBUG: Simple 2D screen rendered - reference objects disabled to prevent yellow box artifact
DEBUG: Using perspective projection - FOV: 60.0°
DEBUG: Canvas mode: 'simple', Sphere mode: 'simple'
DEBUG: Sphere screen render check - canvas_enabled: True, canvas_mode: simple, sphere_enabled: True, should_render: False
DEBUG: Sphere skipping screen render (canvas mode: simple)
DEBUG: ===== SIMPLE MODE CUBE ROTATION =====
DEBUG: Simple mode applying cube rotation: [0.0°, 0.0°, 0.0°]
DEBUG: =========================================
DEBUG: ===== CANVAS draw_unified_screen() CALLED =====
DEBUG: screen_enabled: True, screen_render_mode: simple
DEBUG: Canvas drawing simple 2D screen
DEBUG: Drew unified screen in simple mode
DEBUG: Simple mode active - screen shows original 2D framebuffer view
DEBUG: Rendering 2 screens
DEBUG: Rendering screen Original 2D Screen of type screen_2d
DEBUG: ===== SIMPLE MODE CUBE ROTATION =====
DEBUG: Simple mode applying cube rotation: [0.0°, 0.0°, 0.0°]
DEBUG: =========================================
DEBUG: ===== CANVAS draw_unified_screen() CALLED =====
DEBUG: screen_enabled: True, screen_render_mode: simple
DEBUG: Canvas drawing simple 2D screen
DEBUG: Drew unified screen in simple mode
DEBUG: Simple mode active - screen shows original 2D framebuffer view
DEBUG: Rendering MediaScreen Video Screen (istockphoto-482277170-640_adpp_is.mp4) with texture 3
DEBUG: Rendering screen Video Screen (istockphoto-482277170-640_adpp_is.mp4) of type screen_2d
DEBUG: Rendering MediaScreen Video Screen (istockphoto-482277170-640_adpp_is.mp4) with texture 3
DEBUG: ===== CANVAS update_sphere_view_vector() CALLED =====
DEBUG: Canvas syncing view_vector with sphere vector_direction: [1. 0. 0.]
DEBUG: Normalized view_vector: [1. 0. 0.]
DEBUG: Red vector direction: [1. 0. 0.]
DEBUG: Normalized view vector: [1.000, 0.000, 0.000]
DEBUG: Red cube position: [2. 0. 2.]
DEBUG: Expected direction to cube: [0.70710678 0.         0.70710678]
DEBUG: Actual view vector: [1. 0. 0.]
DEBUG: Dot product: 0.707
DEBUG: ⚠️ WARNING: View vector not pointing toward cube!
DEBUG: Consider setting vector direction to point toward cube
DEBUG: Suggested vector direction: [2.12132034 0.         2.12132034]
DEBUG: Angle to cube: 45.0° (should be < 30° to be visible)
DEBUG: Cube direction: [0.707, 0.000, 0.707]
DEBUG: 2D screen using perspective projection - FOV: 60.0°
DEBUG: ===== SIMPLE MODE CAMERA SETUP =====
DEBUG: Simple mode sphere_pos: [0. 0. 0.]
DEBUG: Simple mode view_dir: [1. 0. 0.]
DEBUG: Simple mode look_at: [10.  0.  0.]
DEBUG: Cube position: [2. 0. 2.]
DEBUG: Direction to cube: [0.70710678 0.         0.70710678]
DEBUG: View direction: [1. 0. 0.]
DEBUG: Angle between view and cube direction: 45.0° (should be close to 0°)
DEBUG: Are we looking toward cube? False
DEBUG: ==============================================
DEBUG: ===== SIMPLE MODE CUBE ROTATION =====
DEBUG: Simple mode applying cube rotation: [0.0°, 0.0°, 0.0°]
DEBUG: =========================================
DEBUG: Simple 2D screen rendered - reference objects disabled to prevent yellow box artifact
DEBUG: Using perspective projection - FOV: 60.0°
DEBUG: Canvas mode: 'simple', Sphere mode: 'simple'
DEBUG: Sphere screen render check - canvas_enabled: True, canvas_mode: simple, sphere_enabled: True, should_render: False
DEBUG: Sphere skipping screen render (canvas mode: simple)
DEBUG: ===== SIMPLE MODE CUBE ROTATION =====
DEBUG: Simple mode applying cube rotation: [0.0°, 0.0°, 0.0°]
DEBUG: =========================================
DEBUG: ===== CANVAS draw_unified_screen() CALLED =====
DEBUG: screen_enabled: True, screen_render_mode: simple
DEBUG: Canvas drawing simple 2D screen
DEBUG: Drew unified screen in simple mode
DEBUG: Simple mode active - screen shows original 2D framebuffer view
DEBUG: Rendering 2 screens
DEBUG: Rendering screen Original 2D Screen of type screen_2d
DEBUG: ===== SIMPLE MODE CUBE ROTATION =====
DEBUG: Simple mode applying cube rotation: [0.0°, 0.0°, 0.0°]
DEBUG: =========================================
DEBUG: ===== CANVAS draw_unified_screen() CALLED =====
DEBUG: screen_enabled: True, screen_render_mode: simple
DEBUG: Canvas drawing simple 2D screen
DEBUG: Drew unified screen in simple mode
DEBUG: Simple mode active - screen shows original 2D framebuffer view
DEBUG: Rendering MediaScreen Video Screen (istockphoto-482277170-640_adpp_is.mp4) with texture 3
DEBUG: Rendering screen Video Screen (istockphoto-482277170-640_adpp_is.mp4) of type screen_2d
DEBUG: Rendering MediaScreen Video Screen (istockphoto-482277170-640_adpp_is.mp4) with texture 3
DEBUG: ===== CANVAS update_sphere_view_vector() CALLED =====
DEBUG: Canvas syncing view_vector with sphere vector_direction: [1. 0. 0.]
DEBUG: Normalized view_vector: [1. 0. 0.]
DEBUG: Red vector direction: [1. 0. 0.]
DEBUG: Normalized view vector: [1.000, 0.000, 0.000]
DEBUG: Red cube position: [2. 0. 2.]
DEBUG: Expected direction to cube: [0.70710678 0.         0.70710678]
DEBUG: Actual view vector: [1. 0. 0.]
DEBUG: Dot product: 0.707
DEBUG: ⚠️ WARNING: View vector not pointing toward cube!
DEBUG: Consider setting vector direction to point toward cube
DEBUG: Suggested vector direction: [2.12132034 0.         2.12132034]
DEBUG: Angle to cube: 45.0° (should be < 30° to be visible)
DEBUG: Cube direction: [0.707, 0.000, 0.707]
DEBUG: 2D screen using perspective projection - FOV: 60.0°
DEBUG: ===== SIMPLE MODE CAMERA SETUP =====
DEBUG: Simple mode sphere_pos: [0. 0. 0.]
DEBUG: Simple mode view_dir: [1. 0. 0.]
DEBUG: Simple mode look_at: [10.  0.  0.]
DEBUG: Cube position: [2. 0. 2.]
DEBUG: Direction to cube: [0.70710678 0.         0.70710678]
DEBUG: View direction: [1. 0. 0.]
DEBUG: Angle between view and cube direction: 45.0° (should be close to 0°)
DEBUG: Are we looking toward cube? False
DEBUG: ==============================================
DEBUG: ===== SIMPLE MODE CUBE ROTATION =====
DEBUG: Simple mode applying cube rotation: [0.0°, 0.0°, 0.0°]
DEBUG: =========================================
DEBUG: Simple 2D screen rendered - reference objects disabled to prevent yellow box artifact
DEBUG: Using perspective projection - FOV: 60.0°
DEBUG: Canvas mode: 'simple', Sphere mode: 'simple'
DEBUG: Sphere screen render check - canvas_enabled: True, canvas_mode: simple, sphere_enabled: True, should_render: False
DEBUG: Sphere skipping screen render (canvas mode: simple)
DEBUG: ===== SIMPLE MODE CUBE ROTATION =====
DEBUG: Simple mode applying cube rotation: [0.0°, 0.0°, 0.0°]
DEBUG: =========================================
DEBUG: ===== CANVAS draw_unified_screen() CALLED =====
DEBUG: screen_enabled: True, screen_render_mode: simple
DEBUG: Canvas drawing simple 2D screen
DEBUG: Drew unified screen in simple mode
DEBUG: Simple mode active - screen shows original 2D framebuffer view
DEBUG: Rendering 2 screens
DEBUG: Rendering screen Original 2D Screen of type screen_2d
DEBUG: ===== SIMPLE MODE CUBE ROTATION =====
DEBUG: Simple mode applying cube rotation: [0.0°, 0.0°, 0.0°]
DEBUG: =========================================
DEBUG: ===== CANVAS draw_unified_screen() CALLED =====
DEBUG: screen_enabled: True, screen_render_mode: simple
DEBUG: Canvas drawing simple 2D screen
DEBUG: Drew unified screen in simple mode
DEBUG: Simple mode active - screen shows original 2D framebuffer view
DEBUG: Rendering MediaScreen Video Screen (istockphoto-482277170-640_adpp_is.mp4) with texture 3
DEBUG: Rendering screen Video Screen (istockphoto-482277170-640_adpp_is.mp4) of type screen_2d
DEBUG: Rendering MediaScreen Video Screen (istockphoto-482277170-640_adpp_is.mp4) with texture 3
DEBUG: ===== CANVAS update_sphere_view_vector() CALLED =====
DEBUG: Canvas syncing view_vector with sphere vector_direction: [1. 0. 0.]
DEBUG: Normalized view_vector: [1. 0. 0.]
DEBUG: Red vector direction: [1. 0. 0.]
DEBUG: Normalized view vector: [1.000, 0.000, 0.000]
DEBUG: Red cube position: [2. 0. 2.]
DEBUG: Expected direction to cube: [0.70710678 0.         0.70710678]
DEBUG: Actual view vector: [1. 0. 0.]
DEBUG: Dot product: 0.707
DEBUG: ⚠️ WARNING: View vector not pointing toward cube!
DEBUG: Consider setting vector direction to point toward cube
DEBUG: Suggested vector direction: [2.12132034 0.         2.12132034]
DEBUG: Angle to cube: 45.0° (should be < 30° to be visible)
DEBUG: Cube direction: [0.707, 0.000, 0.707]
DEBUG: 2D screen using perspective projection - FOV: 60.0°
DEBUG: ===== SIMPLE MODE CAMERA SETUP =====
DEBUG: Simple mode sphere_pos: [0. 0. 0.]
DEBUG: Simple mode view_dir: [1. 0. 0.]
DEBUG: Simple mode look_at: [10.  0.  0.]
DEBUG: Cube position: [2. 0. 2.]
DEBUG: Direction to cube: [0.70710678 0.         0.70710678]
DEBUG: View direction: [1. 0. 0.]
DEBUG: Angle between view and cube direction: 45.0° (should be close to 0°)
DEBUG: Are we looking toward cube? False
DEBUG: ==============================================
DEBUG: ===== SIMPLE MODE CUBE ROTATION =====
DEBUG: Simple mode applying cube rotation: [0.0°, 0.0°, 0.0°]
DEBUG: =========================================
DEBUG: Simple 2D screen rendered - reference objects disabled to prevent yellow box artifact
DEBUG: Using perspective projection - FOV: 60.0°
DEBUG: Canvas mode: 'simple', Sphere mode: 'simple'
DEBUG: Sphere screen render check - canvas_enabled: True, canvas_mode: simple, sphere_enabled: True, should_render: False
DEBUG: Sphere skipping screen render (canvas mode: simple)
DEBUG: ===== SIMPLE MODE CUBE ROTATION =====
DEBUG: Simple mode applying cube rotation: [0.0°, 0.0°, 0.0°]
DEBUG: =========================================
DEBUG: ===== CANVAS draw_unified_screen() CALLED =====
DEBUG: screen_enabled: True, screen_render_mode: simple
DEBUG: Canvas drawing simple 2D screen
DEBUG: Drew unified screen in simple mode
DEBUG: Simple mode active - screen shows original 2D framebuffer view
DEBUG: Rendering 2 screens
DEBUG: Rendering screen Original 2D Screen of type screen_2d
DEBUG: ===== SIMPLE MODE CUBE ROTATION =====
DEBUG: Simple mode applying cube rotation: [0.0°, 0.0°, 0.0°]
DEBUG: =========================================
DEBUG: ===== CANVAS draw_unified_screen() CALLED =====
DEBUG: screen_enabled: True, screen_render_mode: simple
DEBUG: Canvas drawing simple 2D screen
DEBUG: Drew unified screen in simple mode
DEBUG: Simple mode active - screen shows original 2D framebuffer view
DEBUG: Rendering MediaScreen Video Screen (istockphoto-482277170-640_adpp_is.mp4) with texture 3
DEBUG: Rendering screen Video Screen (istockphoto-482277170-640_adpp_is.mp4) of type screen_2d
DEBUG: Rendering MediaScreen Video Screen (istockphoto-482277170-640_adpp_is.mp4) with texture 3
DEBUG: ===== CANVAS update_sphere_view_vector() CALLED =====
DEBUG: Canvas syncing view_vector with sphere vector_direction: [1. 0. 0.]
DEBUG: Normalized view_vector: [1. 0. 0.]
DEBUG: Red vector direction: [1. 0. 0.]
DEBUG: Normalized view vector: [1.000, 0.000, 0.000]
DEBUG: Red cube position: [2. 0. 2.]
DEBUG: Expected direction to cube: [0.70710678 0.         0.70710678]
DEBUG: Actual view vector: [1. 0. 0.]
DEBUG: Dot product: 0.707
DEBUG: ⚠️ WARNING: View vector not pointing toward cube!
DEBUG: Consider setting vector direction to point toward cube
DEBUG: Suggested vector direction: [2.12132034 0.         2.12132034]
DEBUG: Angle to cube: 45.0° (should be < 30° to be visible)
DEBUG: Cube direction: [0.707, 0.000, 0.707]
DEBUG: 2D screen using perspective projection - FOV: 60.0°
DEBUG: ===== SIMPLE MODE CAMERA SETUP =====
DEBUG: Simple mode sphere_pos: [0. 0. 0.]
DEBUG: Simple mode view_dir: [1. 0. 0.]
DEBUG: Simple mode look_at: [10.  0.  0.]
DEBUG: Cube position: [2. 0. 2.]
DEBUG: Direction to cube: [0.70710678 0.         0.70710678]
DEBUG: View direction: [1. 0. 0.]
DEBUG: Angle between view and cube direction: 45.0° (should be close to 0°)
DEBUG: Are we looking toward cube? False
DEBUG: ==============================================
DEBUG: ===== SIMPLE MODE CUBE ROTATION =====
DEBUG: Simple mode applying cube rotation: [0.0°, 0.0°, 0.0°]
DEBUG: =========================================
DEBUG: Simple 2D screen rendered - reference objects disabled to prevent yellow box artifact
DEBUG: Using perspective projection - FOV: 60.0°
DEBUG: Canvas mode: 'simple', Sphere mode: 'simple'
DEBUG: Sphere screen render check - canvas_enabled: True, canvas_mode: simple, sphere_enabled: True, should_render: False
DEBUG: Sphere skipping screen render (canvas mode: simple)
DEBUG: ===== SIMPLE MODE CUBE ROTATION =====
DEBUG: Simple mode applying cube rotation: [0.0°, 0.0°, 0.0°]
DEBUG: =========================================
DEBUG: ===== CANVAS draw_unified_screen() CALLED =====
DEBUG: screen_enabled: True, screen_render_mode: simple
DEBUG: Canvas drawing simple 2D screen
DEBUG: Drew unified screen in simple mode
DEBUG: Simple mode active - screen shows original 2D framebuffer view
DEBUG: Rendering 2 screens
DEBUG: Rendering screen Original 2D Screen of type screen_2d
DEBUG: ===== SIMPLE MODE CUBE ROTATION =====
DEBUG: Simple mode applying cube rotation: [0.0°, 0.0°, 0.0°]
DEBUG: =========================================
DEBUG: ===== CANVAS draw_unified_screen() CALLED =====
DEBUG: screen_enabled: True, screen_render_mode: simple
DEBUG: Canvas drawing simple 2D screen
DEBUG: Drew unified screen in simple mode
DEBUG: Simple mode active - screen shows original 2D framebuffer view
DEBUG: Rendering MediaScreen Video Screen (istockphoto-482277170-640_adpp_is.mp4) with texture 3
DEBUG: Rendering screen Video Screen (istockphoto-482277170-640_adpp_is.mp4) of type screen_2d
DEBUG: Rendering MediaScreen Video Screen (istockphoto-482277170-640_adpp_is.mp4) with texture 3
DEBUG: ===== CANVAS update_sphere_view_vector() CALLED =====
DEBUG: Canvas syncing view_vector with sphere vector_direction: [1. 0. 0.]
DEBUG: Normalized view_vector: [1. 0. 0.]
DEBUG: Red vector direction: [1. 0. 0.]
DEBUG: Normalized view vector: [1.000, 0.000, 0.000]
DEBUG: Red cube position: [2. 0. 2.]
DEBUG: Expected direction to cube: [0.70710678 0.         0.70710678]
DEBUG: Actual view vector: [1. 0. 0.]
DEBUG: Dot product: 0.707
DEBUG: ⚠️ WARNING: View vector not pointing toward cube!
DEBUG: Consider setting vector direction to point toward cube
DEBUG: Suggested vector direction: [2.12132034 0.         2.12132034]
DEBUG: Angle to cube: 45.0° (should be < 30° to be visible)
DEBUG: Cube direction: [0.707, 0.000, 0.707]
DEBUG: 2D screen using perspective projection - FOV: 60.0°
DEBUG: ===== SIMPLE MODE CAMERA SETUP =====
DEBUG: Simple mode sphere_pos: [0. 0. 0.]
DEBUG: Simple mode view_dir: [1. 0. 0.]
DEBUG: Simple mode look_at: [10.  0.  0.]
DEBUG: Cube position: [2. 0. 2.]
DEBUG: Direction to cube: [0.70710678 0.         0.70710678]
DEBUG: View direction: [1. 0. 0.]
DEBUG: Angle between view and cube direction: 45.0° (should be close to 0°)
DEBUG: Are we looking toward cube? False
DEBUG: ==============================================
DEBUG: ===== SIMPLE MODE CUBE ROTATION =====
DEBUG: Simple mode applying cube rotation: [0.0°, 0.0°, 0.0°]
DEBUG: =========================================
DEBUG: Simple 2D screen rendered - reference objects disabled to prevent yellow box artifact
DEBUG: Using perspective projection - FOV: 60.0°
DEBUG: Canvas mode: 'simple', Sphere mode: 'simple'
DEBUG: Sphere screen render check - canvas_enabled: True, canvas_mode: simple, sphere_enabled: True, should_render: False
DEBUG: Sphere skipping screen render (canvas mode: simple)
DEBUG: ===== SIMPLE MODE CUBE ROTATION =====
DEBUG: Simple mode applying cube rotation: [0.0°, 0.0°, 0.0°]
DEBUG: =========================================
DEBUG: ===== CANVAS draw_unified_screen() CALLED =====
DEBUG: screen_enabled: True, screen_render_mode: simple
DEBUG: Canvas drawing simple 2D screen
DEBUG: Drew unified screen in simple mode
DEBUG: Simple mode active - screen shows original 2D framebuffer view
DEBUG: Rendering 2 screens
DEBUG: Rendering screen Original 2D Screen of type screen_2d
DEBUG: ===== SIMPLE MODE CUBE ROTATION =====
DEBUG: Simple mode applying cube rotation: [0.0°, 0.0°, 0.0°]
DEBUG: =========================================
DEBUG: ===== CANVAS draw_unified_screen() CALLED =====
DEBUG: screen_enabled: True, screen_render_mode: simple
DEBUG: Canvas drawing simple 2D screen
DEBUG: Drew unified screen in simple mode
DEBUG: Simple mode active - screen shows original 2D framebuffer view
DEBUG: Rendering MediaScreen Video Screen (istockphoto-482277170-640_adpp_is.mp4) with texture 3
DEBUG: Rendering screen Video Screen (istockphoto-482277170-640_adpp_is.mp4) of type screen_2d
DEBUG: Rendering MediaScreen Video Screen (istockphoto-482277170-640_adpp_is.mp4) with texture 3
DEBUG: ===== CANVAS update_sphere_view_vector() CALLED =====
DEBUG: Canvas syncing view_vector with sphere vector_direction: [1. 0. 0.]
DEBUG: Normalized view_vector: [1. 0. 0.]
DEBUG: Red vector direction: [1. 0. 0.]
DEBUG: Normalized view vector: [1.000, 0.000, 0.000]
DEBUG: Red cube position: [2. 0. 2.]
DEBUG: Expected direction to cube: [0.70710678 0.         0.70710678]
DEBUG: Actual view vector: [1. 0. 0.]
DEBUG: Dot product: 0.707
DEBUG: ⚠️ WARNING: View vector not pointing toward cube!
DEBUG: Consider setting vector direction to point toward cube
DEBUG: Suggested vector direction: [2.12132034 0.         2.12132034]
DEBUG: Angle to cube: 45.0° (should be < 30° to be visible)
DEBUG: Cube direction: [0.707, 0.000, 0.707]
DEBUG: 2D screen using perspective projection - FOV: 60.0°
DEBUG: ===== SIMPLE MODE CAMERA SETUP =====
DEBUG: Simple mode sphere_pos: [0. 0. 0.]
DEBUG: Simple mode view_dir: [1. 0. 0.]
DEBUG: Simple mode look_at: [10.  0.  0.]
DEBUG: Cube position: [2. 0. 2.]
DEBUG: Direction to cube: [0.70710678 0.         0.70710678]
DEBUG: View direction: [1. 0. 0.]
DEBUG: Angle between view and cube direction: 45.0° (should be close to 0°)
DEBUG: Are we looking toward cube? False
DEBUG: ==============================================
DEBUG: ===== SIMPLE MODE CUBE ROTATION =====
DEBUG: Simple mode applying cube rotation: [0.0°, 0.0°, 0.0°]
DEBUG: =========================================
DEBUG: Simple 2D screen rendered - reference objects disabled to prevent yellow box artifact
DEBUG: Using perspective projection - FOV: 60.0°
DEBUG: Canvas mode: 'simple', Sphere mode: 'simple'
DEBUG: Sphere screen render check - canvas_enabled: True, canvas_mode: simple, sphere_enabled: True, should_render: False
DEBUG: Sphere skipping screen render (canvas mode: simple)
DEBUG: ===== SIMPLE MODE CUBE ROTATION =====
DEBUG: Simple mode applying cube rotation: [0.0°, 0.0°, 0.0°]
DEBUG: =========================================
DEBUG: ===== CANVAS draw_unified_screen() CALLED =====
DEBUG: screen_enabled: True, screen_render_mode: simple
DEBUG: Canvas drawing simple 2D screen
DEBUG: Drew unified screen in simple mode
DEBUG: Simple mode active - screen shows original 2D framebuffer view
DEBUG: Rendering 2 screens
DEBUG: Rendering screen Original 2D Screen of type screen_2d
DEBUG: ===== SIMPLE MODE CUBE ROTATION =====
DEBUG: Simple mode applying cube rotation: [0.0°, 0.0°, 0.0°]
DEBUG: =========================================
DEBUG: ===== CANVAS draw_unified_screen() CALLED =====
DEBUG: screen_enabled: True, screen_render_mode: simple
DEBUG: Canvas drawing simple 2D screen
DEBUG: Drew unified screen in simple mode
DEBUG: Simple mode active - screen shows original 2D framebuffer view
DEBUG: Rendering MediaScreen Video Screen (istockphoto-482277170-640_adpp_is.mp4) with texture 3
DEBUG: Rendering screen Video Screen (istockphoto-482277170-640_adpp_is.mp4) of type screen_2d
DEBUG: Rendering MediaScreen Video Screen (istockphoto-482277170-640_adpp_is.mp4) with texture 3
DEBUG: ===== CANVAS update_sphere_view_vector() CALLED =====
DEBUG: Canvas syncing view_vector with sphere vector_direction: [1. 0. 0.]
DEBUG: Normalized view_vector: [1. 0. 0.]
DEBUG: Red vector direction: [1. 0. 0.]
DEBUG: Normalized view vector: [1.000, 0.000, 0.000]
DEBUG: Red cube position: [2. 0. 2.]
DEBUG: Expected direction to cube: [0.70710678 0.         0.70710678]
DEBUG: Actual view vector: [1. 0. 0.]
DEBUG: Dot product: 0.707
DEBUG: ⚠️ WARNING: View vector not pointing toward cube!
DEBUG: Consider setting vector direction to point toward cube
DEBUG: Suggested vector direction: [2.12132034 0.         2.12132034]
DEBUG: Angle to cube: 45.0° (should be < 30° to be visible)
DEBUG: Cube direction: [0.707, 0.000, 0.707]
DEBUG: 2D screen using perspective projection - FOV: 60.0°
DEBUG: ===== SIMPLE MODE CAMERA SETUP =====
DEBUG: Simple mode sphere_pos: [0. 0. 0.]
DEBUG: Simple mode view_dir: [1. 0. 0.]
DEBUG: Simple mode look_at: [10.  0.  0.]
DEBUG: Cube position: [2. 0. 2.]
DEBUG: Direction to cube: [0.70710678 0.         0.70710678]
DEBUG: View direction: [1. 0. 0.]
DEBUG: Angle between view and cube direction: 45.0° (should be close to 0°)
DEBUG: Are we looking toward cube? False
DEBUG: ==============================================
DEBUG: ===== SIMPLE MODE CUBE ROTATION =====
DEBUG: Simple mode applying cube rotation: [0.0°, 0.0°, 0.0°]
DEBUG: =========================================
DEBUG: Simple 2D screen rendered - reference objects disabled to prevent yellow box artifact
DEBUG: Using perspective projection - FOV: 60.0°
DEBUG: Canvas mode: 'simple', Sphere mode: 'simple'
DEBUG: Sphere screen render check - canvas_enabled: True, canvas_mode: simple, sphere_enabled: True, should_render: False
DEBUG: Sphere skipping screen render (canvas mode: simple)
DEBUG: ===== SIMPLE MODE CUBE ROTATION =====
DEBUG: Simple mode applying cube rotation: [0.0°, 0.0°, 0.0°]
DEBUG: =========================================
DEBUG: ===== CANVAS draw_unified_screen() CALLED =====
DEBUG: screen_enabled: True, screen_render_mode: simple
DEBUG: Canvas drawing simple 2D screen
DEBUG: Drew unified screen in simple mode
DEBUG: Simple mode active - screen shows original 2D framebuffer view
DEBUG: Rendering 2 screens
DEBUG: Rendering screen Original 2D Screen of type screen_2d
DEBUG: Frame 30, audio: 1.00s, video: 1.00s, sync diff: 0.001s
DEBUG: ===== SIMPLE MODE CUBE ROTATION =====
DEBUG: Simple mode applying cube rotation: [0.0°, 0.0°, 0.0°]
DEBUG: =========================================
DEBUG: ===== CANVAS draw_unified_screen() CALLED =====
DEBUG: screen_enabled: True, screen_render_mode: simple
DEBUG: Canvas drawing simple 2D screen
DEBUG: Drew unified screen in simple mode
DEBUG: Simple mode active - screen shows original 2D framebuffer view
DEBUG: Rendering MediaScreen Video Screen (istockphoto-482277170-640_adpp_is.mp4) with texture 3
DEBUG: Rendering screen Video Screen (istockphoto-482277170-640_adpp_is.mp4) of type screen_2d
DEBUG: Rendering MediaScreen Video Screen (istockphoto-482277170-640_adpp_is.mp4) with texture 3
DEBUG: ===== CANVAS update_sphere_view_vector() CALLED =====
DEBUG: Canvas syncing view_vector with sphere vector_direction: [1. 0. 0.]
DEBUG: Normalized view_vector: [1. 0. 0.]
DEBUG: Red vector direction: [1. 0. 0.]
DEBUG: Normalized view vector: [1.000, 0.000, 0.000]
DEBUG: Red cube position: [2. 0. 2.]
DEBUG: Expected direction to cube: [0.70710678 0.         0.70710678]
DEBUG: Actual view vector: [1. 0. 0.]
DEBUG: Dot product: 0.707
DEBUG: ⚠️ WARNING: View vector not pointing toward cube!
DEBUG: Consider setting vector direction to point toward cube
DEBUG: Suggested vector direction: [2.12132034 0.         2.12132034]
DEBUG: Angle to cube: 45.0° (should be < 30° to be visible)
DEBUG: Cube direction: [0.707, 0.000, 0.707]
DEBUG: 2D screen using perspective projection - FOV: 60.0°
DEBUG: ===== SIMPLE MODE CAMERA SETUP =====
DEBUG: Simple mode sphere_pos: [0. 0. 0.]
DEBUG: Simple mode view_dir: [1. 0. 0.]
DEBUG: Simple mode look_at: [10.  0.  0.]
DEBUG: Cube position: [2. 0. 2.]
DEBUG: Direction to cube: [0.70710678 0.         0.70710678]
DEBUG: View direction: [1. 0. 0.]
DEBUG: Angle between view and cube direction: 45.0° (should be close to 0°)
DEBUG: Are we looking toward cube? False
DEBUG: ==============================================
DEBUG: ===== SIMPLE MODE CUBE ROTATION =====
DEBUG: Simple mode applying cube rotation: [0.0°, 0.0°, 0.0°]
DEBUG: =========================================
DEBUG: Simple 2D screen rendered - reference objects disabled to prevent yellow box artifact
DEBUG: Using perspective projection - FOV: 60.0°
DEBUG: Canvas mode: 'simple', Sphere mode: 'simple'
DEBUG: Sphere screen render check - canvas_enabled: True, canvas_mode: simple, sphere_enabled: True, should_render: False
DEBUG: Sphere skipping screen render (canvas mode: simple)
DEBUG: ===== SIMPLE MODE CUBE ROTATION =====
DEBUG: Simple mode applying cube rotation: [0.0°, 0.0°, 0.0°]
DEBUG: =========================================
DEBUG: ===== CANVAS draw_unified_screen() CALLED =====
DEBUG: screen_enabled: True, screen_render_mode: simple
DEBUG: Canvas drawing simple 2D screen
DEBUG: Drew unified screen in simple mode
DEBUG: Simple mode active - screen shows original 2D framebuffer view
DEBUG: Rendering 2 screens
DEBUG: Rendering screen Original 2D Screen of type screen_2d
DEBUG: ===== SIMPLE MODE CUBE ROTATION =====
DEBUG: Simple mode applying cube rotation: [0.0°, 0.0°, 0.0°]
DEBUG: =========================================
DEBUG: ===== CANVAS draw_unified_screen() CALLED =====
DEBUG: screen_enabled: True, screen_render_mode: simple
DEBUG: Canvas drawing simple 2D screen
DEBUG: Drew unified screen in simple mode
DEBUG: Simple mode active - screen shows original 2D framebuffer view
DEBUG: Rendering MediaScreen Video Screen (istockphoto-482277170-640_adpp_is.mp4) with texture 3
DEBUG: Rendering screen Video Screen (istockphoto-482277170-640_adpp_is.mp4) of type screen_2d
DEBUG: Rendering MediaScreen Video Screen (istockphoto-482277170-640_adpp_is.mp4) with texture 3
DEBUG: ===== CANVAS update_sphere_view_vector() CALLED =====
DEBUG: Canvas syncing view_vector with sphere vector_direction: [1. 0. 0.]
DEBUG: Normalized view_vector: [1. 0. 0.]
DEBUG: Red vector direction: [1. 0. 0.]
DEBUG: Normalized view vector: [1.000, 0.000, 0.000]
DEBUG: Red cube position: [2. 0. 2.]
DEBUG: Expected direction to cube: [0.70710678 0.         0.70710678]
DEBUG: Actual view vector: [1. 0. 0.]
DEBUG: Dot product: 0.707
DEBUG: ⚠️ WARNING: View vector not pointing toward cube!
DEBUG: Consider setting vector direction to point toward cube
DEBUG: Suggested vector direction: [2.12132034 0.         2.12132034]
DEBUG: Angle to cube: 45.0° (should be < 30° to be visible)
DEBUG: Cube direction: [0.707, 0.000, 0.707]
DEBUG: 2D screen using perspective projection - FOV: 60.0°
DEBUG: ===== SIMPLE MODE CAMERA SETUP =====
DEBUG: Simple mode sphere_pos: [0. 0. 0.]
DEBUG: Simple mode view_dir: [1. 0. 0.]
DEBUG: Simple mode look_at: [10.  0.  0.]
DEBUG: Cube position: [2. 0. 2.]
DEBUG: Direction to cube: [0.70710678 0.         0.70710678]
DEBUG: View direction: [1. 0. 0.]
DEBUG: Angle between view and cube direction: 45.0° (should be close to 0°)
DEBUG: Are we looking toward cube? False
DEBUG: ==============================================
DEBUG: ===== SIMPLE MODE CUBE ROTATION =====
DEBUG: Simple mode applying cube rotation: [0.0°, 0.0°, 0.0°]
DEBUG: =========================================
DEBUG: Simple 2D screen rendered - reference objects disabled to prevent yellow box artifact
DEBUG: Using perspective projection - FOV: 60.0°
DEBUG: Canvas mode: 'simple', Sphere mode: 'simple'
DEBUG: Sphere screen render check - canvas_enabled: True, canvas_mode: simple, sphere_enabled: True, should_render: False
DEBUG: Sphere skipping screen render (canvas mode: simple)
DEBUG: ===== SIMPLE MODE CUBE ROTATION =====
DEBUG: Simple mode applying cube rotation: [0.0°, 0.0°, 0.0°]
DEBUG: =========================================
DEBUG: ===== CANVAS draw_unified_screen() CALLED =====
DEBUG: screen_enabled: True, screen_render_mode: simple
DEBUG: Canvas drawing simple 2D screen
DEBUG: Drew unified screen in simple mode
DEBUG: Simple mode active - screen shows original 2D framebuffer view
DEBUG: Rendering 2 screens
DEBUG: Rendering screen Original 2D Screen of type screen_2d
DEBUG: ===== SIMPLE MODE CUBE ROTATION =====
DEBUG: Simple mode applying cube rotation: [0.0°, 0.0°, 0.0°]
DEBUG: =========================================
DEBUG: ===== CANVAS draw_unified_screen() CALLED =====
DEBUG: screen_enabled: True, screen_render_mode: simple
DEBUG: Canvas drawing simple 2D screen
DEBUG: Drew unified screen in simple mode
DEBUG: Simple mode active - screen shows original 2D framebuffer view
DEBUG: Rendering MediaScreen Video Screen (istockphoto-482277170-640_adpp_is.mp4) with texture 3
DEBUG: Rendering screen Video Screen (istockphoto-482277170-640_adpp_is.mp4) of type screen_2d
DEBUG: Rendering MediaScreen Video Screen (istockphoto-482277170-640_adpp_is.mp4) with texture 3
DEBUG: ===== CANVAS update_sphere_view_vector() CALLED =====
DEBUG: Canvas syncing view_vector with sphere vector_direction: [1. 0. 0.]
DEBUG: Normalized view_vector: [1. 0. 0.]
DEBUG: Red vector direction: [1. 0. 0.]
DEBUG: Normalized view vector: [1.000, 0.000, 0.000]
DEBUG: Red cube position: [2. 0. 2.]
DEBUG: Expected direction to cube: [0.70710678 0.         0.70710678]
DEBUG: Actual view vector: [1. 0. 0.]
DEBUG: Dot product: 0.707
DEBUG: ⚠️ WARNING: View vector not pointing toward cube!
DEBUG: Consider setting vector direction to point toward cube
DEBUG: Suggested vector direction: [2.12132034 0.         2.12132034]
DEBUG: Angle to cube: 45.0° (should be < 30° to be visible)
DEBUG: Cube direction: [0.707, 0.000, 0.707]
DEBUG: 2D screen using perspective projection - FOV: 60.0°
DEBUG: ===== SIMPLE MODE CAMERA SETUP =====
DEBUG: Simple mode sphere_pos: [0. 0. 0.]
DEBUG: Simple mode view_dir: [1. 0. 0.]
DEBUG: Simple mode look_at: [10.  0.  0.]
DEBUG: Cube position: [2. 0. 2.]
DEBUG: Direction to cube: [0.70710678 0.         0.70710678]
DEBUG: View direction: [1. 0. 0.]
DEBUG: Angle between view and cube direction: 45.0° (should be close to 0°)
DEBUG: Are we looking toward cube? False
DEBUG: ==============================================
DEBUG: ===== SIMPLE MODE CUBE ROTATION =====
DEBUG: Simple mode applying cube rotation: [0.0°, 0.0°, 0.0°]
DEBUG: =========================================
DEBUG: Simple 2D screen rendered - reference objects disabled to prevent yellow box artifact
DEBUG: Using perspective projection - FOV: 60.0°
DEBUG: Canvas mode: 'simple', Sphere mode: 'simple'
DEBUG: Sphere screen render check - canvas_enabled: True, canvas_mode: simple, sphere_enabled: True, should_render: False
DEBUG: Sphere skipping screen render (canvas mode: simple)
DEBUG: ===== SIMPLE MODE CUBE ROTATION =====
DEBUG: Simple mode applying cube rotation: [0.0°, 0.0°, 0.0°]
DEBUG: =========================================
DEBUG: ===== CANVAS draw_unified_screen() CALLED =====
DEBUG: screen_enabled: True, screen_render_mode: simple
DEBUG: Canvas drawing simple 2D screen
DEBUG: Drew unified screen in simple mode
DEBUG: Simple mode active - screen shows original 2D framebuffer view
DEBUG: Rendering 2 screens
DEBUG: Rendering screen Original 2D Screen of type screen_2d
DEBUG: ===== SIMPLE MODE CUBE ROTATION =====
DEBUG: Simple mode applying cube rotation: [0.0°, 0.0°, 0.0°]
DEBUG: =========================================
DEBUG: ===== CANVAS draw_unified_screen() CALLED =====
DEBUG: screen_enabled: True, screen_render_mode: simple
DEBUG: Canvas drawing simple 2D screen
DEBUG: Drew unified screen in simple mode
DEBUG: Simple mode active - screen shows original 2D framebuffer view
DEBUG: Rendering MediaScreen Video Screen (istockphoto-482277170-640_adpp_is.mp4) with texture 3
DEBUG: Rendering screen Video Screen (istockphoto-482277170-640_adpp_is.mp4) of type screen_2d
DEBUG: Rendering MediaScreen Video Screen (istockphoto-482277170-640_adpp_is.mp4) with texture 3
DEBUG: ===== CANVAS update_sphere_view_vector() CALLED =====
DEBUG: Canvas syncing view_vector with sphere vector_direction: [1. 0. 0.]
DEBUG: Normalized view_vector: [1. 0. 0.]
DEBUG: Red vector direction: [1. 0. 0.]
DEBUG: Normalized view vector: [1.000, 0.000, 0.000]
DEBUG: Red cube position: [2. 0. 2.]
DEBUG: Expected direction to cube: [0.70710678 0.         0.70710678]
DEBUG: Actual view vector: [1. 0. 0.]
DEBUG: Dot product: 0.707
DEBUG: ⚠️ WARNING: View vector not pointing toward cube!
DEBUG: Consider setting vector direction to point toward cube
DEBUG: Suggested vector direction: [2.12132034 0.         2.12132034]
DEBUG: Angle to cube: 45.0° (should be < 30° to be visible)
DEBUG: Cube direction: [0.707, 0.000, 0.707]
DEBUG: 2D screen using perspective projection - FOV: 60.0°
DEBUG: ===== SIMPLE MODE CAMERA SETUP =====
DEBUG: Simple mode sphere_pos: [0. 0. 0.]
DEBUG: Simple mode view_dir: [1. 0. 0.]
DEBUG: Simple mode look_at: [10.  0.  0.]
DEBUG: Cube position: [2. 0. 2.]
DEBUG: Direction to cube: [0.70710678 0.         0.70710678]
DEBUG: View direction: [1. 0. 0.]
DEBUG: Angle between view and cube direction: 45.0° (should be close to 0°)
DEBUG: Are we looking toward cube? False
DEBUG: ==============================================
DEBUG: ===== SIMPLE MODE CUBE ROTATION =====
DEBUG: Simple mode applying cube rotation: [0.0°, 0.0°, 0.0°]
DEBUG: =========================================
DEBUG: Simple 2D screen rendered - reference objects disabled to prevent yellow box artifact
DEBUG: Using perspective projection - FOV: 60.0°
DEBUG: Canvas mode: 'simple', Sphere mode: 'simple'
DEBUG: Sphere screen render check - canvas_enabled: True, canvas_mode: simple, sphere_enabled: True, should_render: False
DEBUG: Sphere skipping screen render (canvas mode: simple)
DEBUG: ===== SIMPLE MODE CUBE ROTATION =====
DEBUG: Simple mode applying cube rotation: [0.0°, 0.0°, 0.0°]
DEBUG: =========================================
DEBUG: ===== CANVAS draw_unified_screen() CALLED =====
DEBUG: screen_enabled: True, screen_render_mode: simple
DEBUG: Canvas drawing simple 2D screen
DEBUG: Drew unified screen in simple mode
DEBUG: Simple mode active - screen shows original 2D framebuffer view
DEBUG: Rendering 2 screens
DEBUG: Rendering screen Original 2D Screen of type screen_2d
DEBUG: ===== SIMPLE MODE CUBE ROTATION =====
DEBUG: Simple mode applying cube rotation: [0.0°, 0.0°, 0.0°]
DEBUG: =========================================
DEBUG: ===== CANVAS draw_unified_screen() CALLED =====
DEBUG: screen_enabled: True, screen_render_mode: simple
DEBUG: Canvas drawing simple 2D screen
DEBUG: Drew unified screen in simple mode
DEBUG: Simple mode active - screen shows original 2D framebuffer view
DEBUG: Rendering MediaScreen Video Screen (istockphoto-482277170-640_adpp_is.mp4) with texture 3
DEBUG: Rendering screen Video Screen (istockphoto-482277170-640_adpp_is.mp4) of type screen_2d
DEBUG: Rendering MediaScreen Video Screen (istockphoto-482277170-640_adpp_is.mp4) with texture 3
DEBUG: ===== CANVAS update_sphere_view_vector() CALLED =====
DEBUG: Canvas syncing view_vector with sphere vector_direction: [1. 0. 0.]
DEBUG: Normalized view_vector: [1. 0. 0.]
DEBUG: Red vector direction: [1. 0. 0.]
DEBUG: Normalized view vector: [1.000, 0.000, 0.000]
DEBUG: Red cube position: [2. 0. 2.]
DEBUG: Expected direction to cube: [0.70710678 0.         0.70710678]
DEBUG: Actual view vector: [1. 0. 0.]
DEBUG: Dot product: 0.707
DEBUG: ⚠️ WARNING: View vector not pointing toward cube!
DEBUG: Consider setting vector direction to point toward cube
DEBUG: Suggested vector direction: [2.12132034 0.         2.12132034]
DEBUG: Angle to cube: 45.0° (should be < 30° to be visible)
DEBUG: Cube direction: [0.707, 0.000, 0.707]
DEBUG: 2D screen using perspective projection - FOV: 60.0°
DEBUG: ===== SIMPLE MODE CAMERA SETUP =====
DEBUG: Simple mode sphere_pos: [0. 0. 0.]
DEBUG: Simple mode view_dir: [1. 0. 0.]
DEBUG: Simple mode look_at: [10.  0.  0.]
DEBUG: Cube position: [2. 0. 2.]
DEBUG: Direction to cube: [0.70710678 0.         0.70710678]
DEBUG: View direction: [1. 0. 0.]
DEBUG: Angle between view and cube direction: 45.0° (should be close to 0°)
DEBUG: Are we looking toward cube? False
DEBUG: ==============================================
DEBUG: ===== SIMPLE MODE CUBE ROTATION =====
DEBUG: Simple mode applying cube rotation: [0.0°, 0.0°, 0.0°]
DEBUG: =========================================
DEBUG: Simple 2D screen rendered - reference objects disabled to prevent yellow box artifact
DEBUG: Using perspective projection - FOV: 60.0°
DEBUG: Canvas mode: 'simple', Sphere mode: 'simple'
DEBUG: Sphere screen render check - canvas_enabled: True, canvas_mode: simple, sphere_enabled: True, should_render: False
DEBUG: Sphere skipping screen render (canvas mode: simple)
DEBUG: ===== SIMPLE MODE CUBE ROTATION =====
DEBUG: Simple mode applying cube rotation: [0.0°, 0.0°, 0.0°]
DEBUG: =========================================
DEBUG: ===== CANVAS draw_unified_screen() CALLED =====
DEBUG: screen_enabled: True, screen_render_mode: simple
DEBUG: Canvas drawing simple 2D screen
DEBUG: Drew unified screen in simple mode
DEBUG: Simple mode active - screen shows original 2D framebuffer view
DEBUG: Rendering 2 screens
DEBUG: Rendering screen Original 2D Screen of type screen_2d
DEBUG: ===== SIMPLE MODE CUBE ROTATION =====
DEBUG: Simple mode applying cube rotation: [0.0°, 0.0°, 0.0°]
DEBUG: =========================================
DEBUG: ===== CANVAS draw_unified_screen() CALLED =====
DEBUG: screen_enabled: True, screen_render_mode: simple
DEBUG: Canvas drawing simple 2D screen
DEBUG: Drew unified screen in simple mode
DEBUG: Simple mode active - screen shows original 2D framebuffer view
DEBUG: Rendering MediaScreen Video Screen (istockphoto-482277170-640_adpp_is.mp4) with texture 3
DEBUG: Rendering screen Video Screen (istockphoto-482277170-640_adpp_is.mp4) of type screen_2d
DEBUG: Rendering MediaScreen Video Screen (istockphoto-482277170-640_adpp_is.mp4) with texture 3
DEBUG: ===== CANVAS update_sphere_view_vector() CALLED =====
DEBUG: Canvas syncing view_vector with sphere vector_direction: [1. 0. 0.]
DEBUG: Normalized view_vector: [1. 0. 0.]
DEBUG: Red vector direction: [1. 0. 0.]
DEBUG: Normalized view vector: [1.000, 0.000, 0.000]
DEBUG: Red cube position: [2. 0. 2.]
DEBUG: Expected direction to cube: [0.70710678 0.         0.70710678]
DEBUG: Actual view vector: [1. 0. 0.]
DEBUG: Dot product: 0.707
DEBUG: ⚠️ WARNING: View vector not pointing toward cube!
DEBUG: Consider setting vector direction to point toward cube
DEBUG: Suggested vector direction: [2.12132034 0.         2.12132034]
DEBUG: Angle to cube: 45.0° (should be < 30° to be visible)
DEBUG: Cube direction: [0.707, 0.000, 0.707]
DEBUG: 2D screen using perspective projection - FOV: 60.0°
DEBUG: ===== SIMPLE MODE CAMERA SETUP =====
DEBUG: Simple mode sphere_pos: [0. 0. 0.]
DEBUG: Simple mode view_dir: [1. 0. 0.]
DEBUG: Simple mode look_at: [10.  0.  0.]
DEBUG: Cube position: [2. 0. 2.]
DEBUG: Direction to cube: [0.70710678 0.         0.70710678]
DEBUG: View direction: [1. 0. 0.]
DEBUG: Angle between view and cube direction: 45.0° (should be close to 0°)
DEBUG: Are we looking toward cube? False
DEBUG: ==============================================
DEBUG: ===== SIMPLE MODE CUBE ROTATION =====
DEBUG: Simple mode applying cube rotation: [0.0°, 0.0°, 0.0°]
DEBUG: =========================================
DEBUG: Simple 2D screen rendered - reference objects disabled to prevent yellow box artifact
DEBUG: Using perspective projection - FOV: 60.0°
DEBUG: Canvas mode: 'simple', Sphere mode: 'simple'
DEBUG: Sphere screen render check - canvas_enabled: True, canvas_mode: simple, sphere_enabled: True, should_render: False
DEBUG: Sphere skipping screen render (canvas mode: simple)
DEBUG: ===== SIMPLE MODE CUBE ROTATION =====
DEBUG: Simple mode applying cube rotation: [0.0°, 0.0°, 0.0°]
DEBUG: =========================================
DEBUG: ===== CANVAS draw_unified_screen() CALLED =====
DEBUG: screen_enabled: True, screen_render_mode: simple
DEBUG: Canvas drawing simple 2D screen
DEBUG: Drew unified screen in simple mode
DEBUG: Simple mode active - screen shows original 2D framebuffer view
DEBUG: Rendering 2 screens
DEBUG: Rendering screen Original 2D Screen of type screen_2d
DEBUG: ===== SIMPLE MODE CUBE ROTATION =====
DEBUG: Simple mode applying cube rotation: [0.0°, 0.0°, 0.0°]
DEBUG: =========================================
DEBUG: ===== CANVAS draw_unified_screen() CALLED =====
DEBUG: screen_enabled: True, screen_render_mode: simple
DEBUG: Canvas drawing simple 2D screen
DEBUG: Drew unified screen in simple mode
DEBUG: Simple mode active - screen shows original 2D framebuffer view
DEBUG: Rendering MediaScreen Video Screen (istockphoto-482277170-640_adpp_is.mp4) with texture 3
DEBUG: Rendering screen Video Screen (istockphoto-482277170-640_adpp_is.mp4) of type screen_2d
DEBUG: Rendering MediaScreen Video Screen (istockphoto-482277170-640_adpp_is.mp4) with texture 3
DEBUG: ===== CANVAS update_sphere_view_vector() CALLED =====
DEBUG: Canvas syncing view_vector with sphere vector_direction: [1. 0. 0.]
DEBUG: Normalized view_vector: [1. 0. 0.]
DEBUG: Red vector direction: [1. 0. 0.]
DEBUG: Normalized view vector: [1.000, 0.000, 0.000]
DEBUG: Red cube position: [2. 0. 2.]
DEBUG: Expected direction to cube: [0.70710678 0.         0.70710678]
DEBUG: Actual view vector: [1. 0. 0.]
DEBUG: Dot product: 0.707
DEBUG: ⚠️ WARNING: View vector not pointing toward cube!
DEBUG: Consider setting vector direction to point toward cube
DEBUG: Suggested vector direction: [2.12132034 0.         2.12132034]
DEBUG: Angle to cube: 45.0° (should be < 30° to be visible)
DEBUG: Cube direction: [0.707, 0.000, 0.707]
DEBUG: 2D screen using perspective projection - FOV: 60.0°
DEBUG: ===== SIMPLE MODE CAMERA SETUP =====
DEBUG: Simple mode sphere_pos: [0. 0. 0.]
DEBUG: Simple mode view_dir: [1. 0. 0.]
DEBUG: Simple mode look_at: [10.  0.  0.]
DEBUG: Cube position: [2. 0. 2.]
DEBUG: Direction to cube: [0.70710678 0.         0.70710678]
DEBUG: View direction: [1. 0. 0.]
DEBUG: Angle between view and cube direction: 45.0° (should be close to 0°)
DEBUG: Are we looking toward cube? False
DEBUG: ==============================================
DEBUG: ===== SIMPLE MODE CUBE ROTATION =====
DEBUG: Simple mode applying cube rotation: [0.0°, 0.0°, 0.0°]
DEBUG: =========================================
DEBUG: Simple 2D screen rendered - reference objects disabled to prevent yellow box artifact
DEBUG: Using perspective projection - FOV: 60.0°
DEBUG: Canvas mode: 'simple', Sphere mode: 'simple'
DEBUG: Sphere screen render check - canvas_enabled: True, canvas_mode: simple, sphere_enabled: True, should_render: False
DEBUG: Sphere skipping screen render (canvas mode: simple)
DEBUG: ===== SIMPLE MODE CUBE ROTATION =====
DEBUG: Simple mode applying cube rotation: [0.0°, 0.0°, 0.0°]
DEBUG: =========================================
DEBUG: ===== CANVAS draw_unified_screen() CALLED =====
DEBUG: screen_enabled: True, screen_render_mode: simple
DEBUG: Canvas drawing simple 2D screen
DEBUG: Drew unified screen in simple mode
DEBUG: Simple mode active - screen shows original 2D framebuffer view
DEBUG: Rendering 2 screens
DEBUG: Rendering screen Original 2D Screen of type screen_2d
DEBUG: ===== SIMPLE MODE CUBE ROTATION =====
DEBUG: Simple mode applying cube rotation: [0.0°, 0.0°, 0.0°]
DEBUG: =========================================
DEBUG: ===== CANVAS draw_unified_screen() CALLED =====
DEBUG: screen_enabled: True, screen_render_mode: simple
DEBUG: Canvas drawing simple 2D screen
DEBUG: Drew unified screen in simple mode
DEBUG: Simple mode active - screen shows original 2D framebuffer view
DEBUG: Rendering MediaScreen Video Screen (istockphoto-482277170-640_adpp_is.mp4) with texture 3
DEBUG: Rendering screen Video Screen (istockphoto-482277170-640_adpp_is.mp4) of type screen_2d
DEBUG: Rendering MediaScreen Video Screen (istockphoto-482277170-640_adpp_is.mp4) with texture 3
DEBUG: ===== CANVAS update_sphere_view_vector() CALLED =====
DEBUG: Canvas syncing view_vector with sphere vector_direction: [1. 0. 0.]
DEBUG: Normalized view_vector: [1. 0. 0.]
DEBUG: Red vector direction: [1. 0. 0.]
DEBUG: Normalized view vector: [1.000, 0.000, 0.000]
DEBUG: Red cube position: [2. 0. 2.]
DEBUG: Expected direction to cube: [0.70710678 0.         0.70710678]
DEBUG: Actual view vector: [1. 0. 0.]
DEBUG: Dot product: 0.707
DEBUG: ⚠️ WARNING: View vector not pointing toward cube!
DEBUG: Consider setting vector direction to point toward cube
DEBUG: Suggested vector direction: [2.12132034 0.         2.12132034]
DEBUG: Angle to cube: 45.0° (should be < 30° to be visible)
DEBUG: Cube direction: [0.707, 0.000, 0.707]
DEBUG: 2D screen using perspective projection - FOV: 60.0°
DEBUG: ===== SIMPLE MODE CAMERA SETUP =====
DEBUG: Simple mode sphere_pos: [0. 0. 0.]
DEBUG: Simple mode view_dir: [1. 0. 0.]
DEBUG: Simple mode look_at: [10.  0.  0.]
DEBUG: Cube position: [2. 0. 2.]
DEBUG: Direction to cube: [0.70710678 0.         0.70710678]
DEBUG: View direction: [1. 0. 0.]
DEBUG: Angle between view and cube direction: 45.0° (should be close to 0°)
DEBUG: Are we looking toward cube? False
DEBUG: ==============================================
DEBUG: ===== SIMPLE MODE CUBE ROTATION =====
DEBUG: Simple mode applying cube rotation: [0.0°, 0.0°, 0.0°]
DEBUG: =========================================
DEBUG: Simple 2D screen rendered - reference objects disabled to prevent yellow box artifact
DEBUG: Using perspective projection - FOV: 60.0°
DEBUG: Canvas mode: 'simple', Sphere mode: 'simple'
DEBUG: Sphere screen render check - canvas_enabled: True, canvas_mode: simple, sphere_enabled: True, should_render: False
DEBUG: Sphere skipping screen render (canvas mode: simple)
DEBUG: ===== SIMPLE MODE CUBE ROTATION =====
DEBUG: Simple mode applying cube rotation: [0.0°, 0.0°, 0.0°]
DEBUG: =========================================
DEBUG: ===== CANVAS draw_unified_screen() CALLED =====
DEBUG: screen_enabled: True, screen_render_mode: simple
DEBUG: Canvas drawing simple 2D screen
DEBUG: Drew unified screen in simple mode
DEBUG: Simple mode active - screen shows original 2D framebuffer view
DEBUG: Rendering 2 screens
DEBUG: Rendering screen Original 2D Screen of type screen_2d
DEBUG: ===== SIMPLE MODE CUBE ROTATION =====
DEBUG: Simple mode applying cube rotation: [0.0°, 0.0°, 0.0°]
DEBUG: =========================================
DEBUG: ===== CANVAS draw_unified_screen() CALLED =====
DEBUG: screen_enabled: True, screen_render_mode: simple
DEBUG: Canvas drawing simple 2D screen
DEBUG: Drew unified screen in simple mode
DEBUG: Simple mode active - screen shows original 2D framebuffer view
DEBUG: Rendering MediaScreen Video Screen (istockphoto-482277170-640_adpp_is.mp4) with texture 3
DEBUG: Rendering screen Video Screen (istockphoto-482277170-640_adpp_is.mp4) of type screen_2d
DEBUG: Rendering MediaScreen Video Screen (istockphoto-482277170-640_adpp_is.mp4) with texture 3
DEBUG: ===== CANVAS update_sphere_view_vector() CALLED =====
DEBUG: Canvas syncing view_vector with sphere vector_direction: [1. 0. 0.]
DEBUG: Normalized view_vector: [1. 0. 0.]
DEBUG: Red vector direction: [1. 0. 0.]
DEBUG: Normalized view vector: [1.000, 0.000, 0.000]
DEBUG: Red cube position: [2. 0. 2.]
DEBUG: Expected direction to cube: [0.70710678 0.         0.70710678]
DEBUG: Actual view vector: [1. 0. 0.]
DEBUG: Dot product: 0.707
DEBUG: ⚠️ WARNING: View vector not pointing toward cube!
DEBUG: Consider setting vector direction to point toward cube
DEBUG: Suggested vector direction: [2.12132034 0.         2.12132034]
DEBUG: Angle to cube: 45.0° (should be < 30° to be visible)
DEBUG: Cube direction: [0.707, 0.000, 0.707]
DEBUG: 2D screen using perspective projection - FOV: 60.0°
DEBUG: ===== SIMPLE MODE CAMERA SETUP =====
DEBUG: Simple mode sphere_pos: [0. 0. 0.]
DEBUG: Simple mode view_dir: [1. 0. 0.]
DEBUG: Simple mode look_at: [10.  0.  0.]
DEBUG: Cube position: [2. 0. 2.]
DEBUG: Direction to cube: [0.70710678 0.         0.70710678]
DEBUG: View direction: [1. 0. 0.]
DEBUG: Angle between view and cube direction: 45.0° (should be close to 0°)
DEBUG: Are we looking toward cube? False
DEBUG: ==============================================
DEBUG: ===== SIMPLE MODE CUBE ROTATION =====
DEBUG: Simple mode applying cube rotation: [0.0°, 0.0°, 0.0°]
DEBUG: =========================================
DEBUG: Simple 2D screen rendered - reference objects disabled to prevent yellow box artifact
DEBUG: Using perspective projection - FOV: 60.0°
DEBUG: Canvas mode: 'simple', Sphere mode: 'simple'
DEBUG: Sphere screen render check - canvas_enabled: True, canvas_mode: simple, sphere_enabled: True, should_render: False
DEBUG: Sphere skipping screen render (canvas mode: simple)
DEBUG: ===== SIMPLE MODE CUBE ROTATION =====
DEBUG: Simple mode applying cube rotation: [0.0°, 0.0°, 0.0°]
DEBUG: =========================================
DEBUG: ===== CANVAS draw_unified_screen() CALLED =====
DEBUG: screen_enabled: True, screen_render_mode: simple
DEBUG: Canvas drawing simple 2D screen
DEBUG: Drew unified screen in simple mode
DEBUG: Simple mode active - screen shows original 2D framebuffer view
DEBUG: Rendering 2 screens
DEBUG: Rendering screen Original 2D Screen of type screen_2d
DEBUG: ===== SIMPLE MODE CUBE ROTATION =====
DEBUG: Simple mode applying cube rotation: [0.0°, 0.0°, 0.0°]
DEBUG: =========================================
DEBUG: ===== CANVAS draw_unified_screen() CALLED =====
DEBUG: screen_enabled: True, screen_render_mode: simple
DEBUG: Canvas drawing simple 2D screen
DEBUG: Drew unified screen in simple mode
DEBUG: Simple mode active - screen shows original 2D framebuffer view
DEBUG: Rendering MediaScreen Video Screen (istockphoto-482277170-640_adpp_is.mp4) with texture 3
DEBUG: Rendering screen Video Screen (istockphoto-482277170-640_adpp_is.mp4) of type screen_2d
DEBUG: Rendering MediaScreen Video Screen (istockphoto-482277170-640_adpp_is.mp4) with texture 3
DEBUG: ===== CANVAS update_sphere_view_vector() CALLED =====
DEBUG: Canvas syncing view_vector with sphere vector_direction: [1. 0. 0.]
DEBUG: Normalized view_vector: [1. 0. 0.]
DEBUG: Red vector direction: [1. 0. 0.]
DEBUG: Normalized view vector: [1.000, 0.000, 0.000]
DEBUG: Red cube position: [2. 0. 2.]
DEBUG: Expected direction to cube: [0.70710678 0.         0.70710678]
DEBUG: Actual view vector: [1. 0. 0.]
DEBUG: Dot product: 0.707
DEBUG: ⚠️ WARNING: View vector not pointing toward cube!
DEBUG: Consider setting vector direction to point toward cube
DEBUG: Suggested vector direction: [2.12132034 0.         2.12132034]
DEBUG: Angle to cube: 45.0° (should be < 30° to be visible)
DEBUG: Cube direction: [0.707, 0.000, 0.707]
DEBUG: 2D screen using perspective projection - FOV: 60.0°
DEBUG: ===== SIMPLE MODE CAMERA SETUP =====
DEBUG: Simple mode sphere_pos: [0. 0. 0.]
DEBUG: Simple mode view_dir: [1. 0. 0.]
DEBUG: Simple mode look_at: [10.  0.  0.]
DEBUG: Cube position: [2. 0. 2.]
DEBUG: Direction to cube: [0.70710678 0.         0.70710678]
DEBUG: View direction: [1. 0. 0.]
DEBUG: Angle between view and cube direction: 45.0° (should be close to 0°)
DEBUG: Are we looking toward cube? False
DEBUG: ==============================================
DEBUG: ===== SIMPLE MODE CUBE ROTATION =====
DEBUG: Simple mode applying cube rotation: [0.0°, 0.0°, 0.0°]
DEBUG: =========================================
DEBUG: Simple 2D screen rendered - reference objects disabled to prevent yellow box artifact
DEBUG: Using perspective projection - FOV: 60.0°
DEBUG: Canvas mode: 'simple', Sphere mode: 'simple'
DEBUG: Sphere screen render check - canvas_enabled: True, canvas_mode: simple, sphere_enabled: True, should_render: False
DEBUG: Sphere skipping screen render (canvas mode: simple)
DEBUG: ===== SIMPLE MODE CUBE ROTATION =====
DEBUG: Simple mode applying cube rotation: [0.0°, 0.0°, 0.0°]
DEBUG: =========================================
DEBUG: ===== CANVAS draw_unified_screen() CALLED =====
DEBUG: screen_enabled: True, screen_render_mode: simple
DEBUG: Canvas drawing simple 2D screen
DEBUG: Drew unified screen in simple mode
DEBUG: Simple mode active - screen shows original 2D framebuffer view
DEBUG: Rendering 2 screens
DEBUG: Rendering screen Original 2D Screen of type screen_2d
DEBUG: ===== SIMPLE MODE CUBE ROTATION =====
DEBUG: Simple mode applying cube rotation: [0.0°, 0.0°, 0.0°]
DEBUG: =========================================
DEBUG: ===== CANVAS draw_unified_screen() CALLED =====
DEBUG: screen_enabled: True, screen_render_mode: simple
DEBUG: Canvas drawing simple 2D screen
DEBUG: Drew unified screen in simple mode
DEBUG: Simple mode active - screen shows original 2D framebuffer view
DEBUG: Rendering MediaScreen Video Screen (istockphoto-482277170-640_adpp_is.mp4) with texture 3
DEBUG: Rendering screen Video Screen (istockphoto-482277170-640_adpp_is.mp4) of type screen_2d
DEBUG: Rendering MediaScreen Video Screen (istockphoto-482277170-640_adpp_is.mp4) with texture 3
DEBUG: ===== CANVAS update_sphere_view_vector() CALLED =====
DEBUG: Canvas syncing view_vector with sphere vector_direction: [1. 0. 0.]
DEBUG: Normalized view_vector: [1. 0. 0.]
DEBUG: Red vector direction: [1. 0. 0.]
DEBUG: Normalized view vector: [1.000, 0.000, 0.000]
DEBUG: Red cube position: [2. 0. 2.]
DEBUG: Expected direction to cube: [0.70710678 0.         0.70710678]
DEBUG: Actual view vector: [1. 0. 0.]
DEBUG: Dot product: 0.707
DEBUG: ⚠️ WARNING: View vector not pointing toward cube!
DEBUG: Consider setting vector direction to point toward cube
DEBUG: Suggested vector direction: [2.12132034 0.         2.12132034]
DEBUG: Angle to cube: 45.0° (should be < 30° to be visible)
DEBUG: Cube direction: [0.707, 0.000, 0.707]
DEBUG: 2D screen using perspective projection - FOV: 60.0°
DEBUG: ===== SIMPLE MODE CAMERA SETUP =====
DEBUG: Simple mode sphere_pos: [0. 0. 0.]
DEBUG: Simple mode view_dir: [1. 0. 0.]
DEBUG: Simple mode look_at: [10.  0.  0.]
DEBUG: Cube position: [2. 0. 2.]
DEBUG: Direction to cube: [0.70710678 0.         0.70710678]
DEBUG: View direction: [1. 0. 0.]
DEBUG: Angle between view and cube direction: 45.0° (should be close to 0°)
DEBUG: Are we looking toward cube? False
DEBUG: ==============================================
DEBUG: ===== SIMPLE MODE CUBE ROTATION =====
DEBUG: Simple mode applying cube rotation: [0.0°, 0.0°, 0.0°]
DEBUG: =========================================
DEBUG: Simple 2D screen rendered - reference objects disabled to prevent yellow box artifact
DEBUG: Using perspective projection - FOV: 60.0°
DEBUG: Canvas mode: 'simple', Sphere mode: 'simple'
DEBUG: Sphere screen render check - canvas_enabled: True, canvas_mode: simple, sphere_enabled: True, should_render: False
DEBUG: Sphere skipping screen render (canvas mode: simple)
DEBUG: ===== SIMPLE MODE CUBE ROTATION =====
DEBUG: Simple mode applying cube rotation: [0.0°, 0.0°, 0.0°]
DEBUG: =========================================
DEBUG: ===== CANVAS draw_unified_screen() CALLED =====
DEBUG: screen_enabled: True, screen_render_mode: simple
DEBUG: Canvas drawing simple 2D screen
DEBUG: Drew unified screen in simple mode
DEBUG: Simple mode active - screen shows original 2D framebuffer view
DEBUG: Rendering 2 screens
DEBUG: Rendering screen Original 2D Screen of type screen_2d
DEBUG: ===== SIMPLE MODE CUBE ROTATION =====
DEBUG: Simple mode applying cube rotation: [0.0°, 0.0°, 0.0°]
DEBUG: =========================================
DEBUG: ===== CANVAS draw_unified_screen() CALLED =====
DEBUG: screen_enabled: True, screen_render_mode: simple
DEBUG: Canvas drawing simple 2D screen
DEBUG: Drew unified screen in simple mode
DEBUG: Simple mode active - screen shows original 2D framebuffer view
DEBUG: Rendering MediaScreen Video Screen (istockphoto-482277170-640_adpp_is.mp4) with texture 3
DEBUG: Rendering screen Video Screen (istockphoto-482277170-640_adpp_is.mp4) of type screen_2d
DEBUG: Rendering MediaScreen Video Screen (istockphoto-482277170-640_adpp_is.mp4) with texture 3
DEBUG: ===== CANVAS update_sphere_view_vector() CALLED =====
DEBUG: Canvas syncing view_vector with sphere vector_direction: [1. 0. 0.]
DEBUG: Normalized view_vector: [1. 0. 0.]
DEBUG: Red vector direction: [1. 0. 0.]
DEBUG: Normalized view vector: [1.000, 0.000, 0.000]
DEBUG: Red cube position: [2. 0. 2.]
DEBUG: Expected direction to cube: [0.70710678 0.         0.70710678]
DEBUG: Actual view vector: [1. 0. 0.]
DEBUG: Dot product: 0.707
DEBUG: ⚠️ WARNING: View vector not pointing toward cube!
DEBUG: Consider setting vector direction to point toward cube
DEBUG: Suggested vector direction: [2.12132034 0.         2.12132034]
DEBUG: Angle to cube: 45.0° (should be < 30° to be visible)
DEBUG: Cube direction: [0.707, 0.000, 0.707]
DEBUG: 2D screen using perspective projection - FOV: 60.0°
DEBUG: ===== SIMPLE MODE CAMERA SETUP =====
DEBUG: Simple mode sphere_pos: [0. 0. 0.]
DEBUG: Simple mode view_dir: [1. 0. 0.]
DEBUG: Simple mode look_at: [10.  0.  0.]
DEBUG: Cube position: [2. 0. 2.]
DEBUG: Direction to cube: [0.70710678 0.         0.70710678]
DEBUG: View direction: [1. 0. 0.]
DEBUG: Angle between view and cube direction: 45.0° (should be close to 0°)
DEBUG: Are we looking toward cube? False
DEBUG: ==============================================
DEBUG: ===== SIMPLE MODE CUBE ROTATION =====
DEBUG: Simple mode applying cube rotation: [0.0°, 0.0°, 0.0°]
DEBUG: =========================================
DEBUG: Simple 2D screen rendered - reference objects disabled to prevent yellow box artifact
DEBUG: Using perspective projection - FOV: 60.0°
DEBUG: Canvas mode: 'simple', Sphere mode: 'simple'
DEBUG: Sphere screen render check - canvas_enabled: True, canvas_mode: simple, sphere_enabled: True, should_render: False
DEBUG: Sphere skipping screen render (canvas mode: simple)
DEBUG: ===== SIMPLE MODE CUBE ROTATION =====
DEBUG: Simple mode applying cube rotation: [0.0°, 0.0°, 0.0°]
DEBUG: =========================================
DEBUG: ===== CANVAS draw_unified_screen() CALLED =====
DEBUG: screen_enabled: True, screen_render_mode: simple
DEBUG: Canvas drawing simple 2D screen
DEBUG: Drew unified screen in simple mode
DEBUG: Simple mode active - screen shows original 2D framebuffer view
DEBUG: Rendering 2 screens
DEBUG: Rendering screen Original 2D Screen of type screen_2d
DEBUG: ===== SIMPLE MODE CUBE ROTATION =====
DEBUG: Simple mode applying cube rotation: [0.0°, 0.0°, 0.0°]
DEBUG: =========================================
DEBUG: ===== CANVAS draw_unified_screen() CALLED =====
DEBUG: screen_enabled: True, screen_render_mode: simple
DEBUG: Canvas drawing simple 2D screen
DEBUG: Drew unified screen in simple mode
DEBUG: Simple mode active - screen shows original 2D framebuffer view
DEBUG: Rendering MediaScreen Video Screen (istockphoto-482277170-640_adpp_is.mp4) with texture 3
DEBUG: Rendering screen Video Screen (istockphoto-482277170-640_adpp_is.mp4) of type screen_2d
DEBUG: Rendering MediaScreen Video Screen (istockphoto-482277170-640_adpp_is.mp4) with texture 3
DEBUG: ===== CANVAS update_sphere_view_vector() CALLED =====
DEBUG: Canvas syncing view_vector with sphere vector_direction: [1. 0. 0.]
DEBUG: Normalized view_vector: [1. 0. 0.]
DEBUG: Red vector direction: [1. 0. 0.]
DEBUG: Normalized view vector: [1.000, 0.000, 0.000]
DEBUG: Red cube position: [2. 0. 2.]
DEBUG: Expected direction to cube: [0.70710678 0.         0.70710678]
DEBUG: Actual view vector: [1. 0. 0.]
DEBUG: Dot product: 0.707
DEBUG: ⚠️ WARNING: View vector not pointing toward cube!
DEBUG: Consider setting vector direction to point toward cube
DEBUG: Suggested vector direction: [2.12132034 0.         2.12132034]
DEBUG: Angle to cube: 45.0° (should be < 30° to be visible)
DEBUG: Cube direction: [0.707, 0.000, 0.707]
DEBUG: 2D screen using perspective projection - FOV: 60.0°
DEBUG: ===== SIMPLE MODE CAMERA SETUP =====
DEBUG: Simple mode sphere_pos: [0. 0. 0.]
DEBUG: Simple mode view_dir: [1. 0. 0.]
DEBUG: Simple mode look_at: [10.  0.  0.]
DEBUG: Cube position: [2. 0. 2.]
DEBUG: Direction to cube: [0.70710678 0.         0.70710678]
DEBUG: View direction: [1. 0. 0.]
DEBUG: Angle between view and cube direction: 45.0° (should be close to 0°)
DEBUG: Are we looking toward cube? False
DEBUG: ==============================================
DEBUG: ===== SIMPLE MODE CUBE ROTATION =====
DEBUG: Simple mode applying cube rotation: [0.0°, 0.0°, 0.0°]
DEBUG: =========================================
DEBUG: Simple 2D screen rendered - reference objects disabled to prevent yellow box artifact
DEBUG: Using perspective projection - FOV: 60.0°
DEBUG: Canvas mode: 'simple', Sphere mode: 'simple'
DEBUG: Sphere screen render check - canvas_enabled: True, canvas_mode: simple, sphere_enabled: True, should_render: False
DEBUG: Sphere skipping screen render (canvas mode: simple)
DEBUG: ===== SIMPLE MODE CUBE ROTATION =====
DEBUG: Simple mode applying cube rotation: [0.0°, 0.0°, 0.0°]
DEBUG: =========================================
DEBUG: ===== CANVAS draw_unified_screen() CALLED =====
DEBUG: screen_enabled: True, screen_render_mode: simple
DEBUG: Canvas drawing simple 2D screen
DEBUG: Drew unified screen in simple mode
DEBUG: Simple mode active - screen shows original 2D framebuffer view
DEBUG: Rendering 2 screens
DEBUG: Rendering screen Original 2D Screen of type screen_2d
DEBUG: ===== SIMPLE MODE CUBE ROTATION =====
DEBUG: Simple mode applying cube rotation: [0.0°, 0.0°, 0.0°]
DEBUG: =========================================
DEBUG: ===== CANVAS draw_unified_screen() CALLED =====
DEBUG: screen_enabled: True, screen_render_mode: simple
DEBUG: Canvas drawing simple 2D screen
DEBUG: Drew unified screen in simple mode
DEBUG: Simple mode active - screen shows original 2D framebuffer view
DEBUG: Rendering MediaScreen Video Screen (istockphoto-482277170-640_adpp_is.mp4) with texture 3
DEBUG: Rendering screen Video Screen (istockphoto-482277170-640_adpp_is.mp4) of type screen_2d
DEBUG: Rendering MediaScreen Video Screen (istockphoto-482277170-640_adpp_is.mp4) with texture 3
DEBUG: ===== CANVAS update_sphere_view_vector() CALLED =====
DEBUG: Canvas syncing view_vector with sphere vector_direction: [1. 0. 0.]
DEBUG: Normalized view_vector: [1. 0. 0.]
DEBUG: Red vector direction: [1. 0. 0.]
DEBUG: Normalized view vector: [1.000, 0.000, 0.000]
DEBUG: Red cube position: [2. 0. 2.]
DEBUG: Expected direction to cube: [0.70710678 0.         0.70710678]
DEBUG: Actual view vector: [1. 0. 0.]
DEBUG: Dot product: 0.707
DEBUG: ⚠️ WARNING: View vector not pointing toward cube!
DEBUG: Consider setting vector direction to point toward cube
DEBUG: Suggested vector direction: [2.12132034 0.         2.12132034]
DEBUG: Angle to cube: 45.0° (should be < 30° to be visible)
DEBUG: Cube direction: [0.707, 0.000, 0.707]
DEBUG: 2D screen using perspective projection - FOV: 60.0°
DEBUG: ===== SIMPLE MODE CAMERA SETUP =====
DEBUG: Simple mode sphere_pos: [0. 0. 0.]
DEBUG: Simple mode view_dir: [1. 0. 0.]
DEBUG: Simple mode look_at: [10.  0.  0.]
DEBUG: Cube position: [2. 0. 2.]
DEBUG: Direction to cube: [0.70710678 0.         0.70710678]
DEBUG: View direction: [1. 0. 0.]
DEBUG: Angle between view and cube direction: 45.0° (should be close to 0°)
DEBUG: Are we looking toward cube? False
DEBUG: ==============================================
DEBUG: ===== SIMPLE MODE CUBE ROTATION =====
DEBUG: Simple mode applying cube rotation: [0.0°, 0.0°, 0.0°]
DEBUG: =========================================
DEBUG: Simple 2D screen rendered - reference objects disabled to prevent yellow box artifact
DEBUG: Using perspective projection - FOV: 60.0°
DEBUG: Canvas mode: 'simple', Sphere mode: 'simple'
DEBUG: Sphere screen render check - canvas_enabled: True, canvas_mode: simple, sphere_enabled: True, should_render: False
DEBUG: Sphere skipping screen render (canvas mode: simple)
DEBUG: ===== SIMPLE MODE CUBE ROTATION =====
DEBUG: Simple mode applying cube rotation: [0.0°, 0.0°, 0.0°]
DEBUG: =========================================
DEBUG: ===== CANVAS draw_unified_screen() CALLED =====
DEBUG: screen_enabled: True, screen_render_mode: simple
DEBUG: Canvas drawing simple 2D screen
DEBUG: Drew unified screen in simple mode
DEBUG: Simple mode active - screen shows original 2D framebuffer view
DEBUG: Rendering 2 screens
DEBUG: Rendering screen Original 2D Screen of type screen_2d
DEBUG: ===== SIMPLE MODE CUBE ROTATION =====
DEBUG: Simple mode applying cube rotation: [0.0°, 0.0°, 0.0°]
DEBUG: =========================================
DEBUG: ===== CANVAS draw_unified_screen() CALLED =====
DEBUG: screen_enabled: True, screen_render_mode: simple
DEBUG: Canvas drawing simple 2D screen
DEBUG: Drew unified screen in simple mode
DEBUG: Simple mode active - screen shows original 2D framebuffer view
DEBUG: Rendering MediaScreen Video Screen (istockphoto-482277170-640_adpp_is.mp4) with texture 3
DEBUG: Rendering screen Video Screen (istockphoto-482277170-640_adpp_is.mp4) of type screen_2d
DEBUG: Rendering MediaScreen Video Screen (istockphoto-482277170-640_adpp_is.mp4) with texture 3
DEBUG: Frame 60, audio: 2.00s, video: 2.00s, sync diff: 0.003s
DEBUG: ===== CANVAS update_sphere_view_vector() CALLED =====
DEBUG: Canvas syncing view_vector with sphere vector_direction: [1. 0. 0.]
DEBUG: Normalized view_vector: [1. 0. 0.]
DEBUG: Red vector direction: [1. 0. 0.]
DEBUG: Normalized view vector: [1.000, 0.000, 0.000]
DEBUG: Red cube position: [2. 0. 2.]
DEBUG: Expected direction to cube: [0.70710678 0.         0.70710678]
DEBUG: Actual view vector: [1. 0. 0.]
DEBUG: Dot product: 0.707
DEBUG: ⚠️ WARNING: View vector not pointing toward cube!
DEBUG: Consider setting vector direction to point toward cube
DEBUG: Suggested vector direction: [2.12132034 0.         2.12132034]
DEBUG: Angle to cube: 45.0° (should be < 30° to be visible)
DEBUG: Cube direction: [0.707, 0.000, 0.707]
DEBUG: 2D screen using perspective projection - FOV: 60.0°
DEBUG: ===== SIMPLE MODE CAMERA SETUP =====
DEBUG: Simple mode sphere_pos: [0. 0. 0.]
DEBUG: Simple mode view_dir: [1. 0. 0.]
DEBUG: Simple mode look_at: [10.  0.  0.]
DEBUG: Cube position: [2. 0. 2.]
DEBUG: Direction to cube: [0.70710678 0.         0.70710678]
DEBUG: View direction: [1. 0. 0.]
DEBUG: Angle between view and cube direction: 45.0° (should be close to 0°)
DEBUG: Are we looking toward cube? False
DEBUG: ==============================================
DEBUG: ===== SIMPLE MODE CUBE ROTATION =====
DEBUG: Simple mode applying cube rotation: [0.0°, 0.0°, 0.0°]
DEBUG: =========================================
DEBUG: Simple 2D screen rendered - reference objects disabled to prevent yellow box artifact
DEBUG: Using perspective projection - FOV: 60.0°
DEBUG: Canvas mode: 'simple', Sphere mode: 'simple'
DEBUG: Sphere screen render check - canvas_enabled: True, canvas_mode: simple, sphere_enabled: True, should_render: False
DEBUG: Sphere skipping screen render (canvas mode: simple)
DEBUG: ===== SIMPLE MODE CUBE ROTATION =====
DEBUG: Simple mode applying cube rotation: [0.0°, 0.0°, 0.0°]
DEBUG: =========================================
DEBUG: ===== CANVAS draw_unified_screen() CALLED =====
DEBUG: screen_enabled: True, screen_render_mode: simple
DEBUG: Canvas drawing simple 2D screen
DEBUG: Drew unified screen in simple mode
DEBUG: Simple mode active - screen shows original 2D framebuffer view
DEBUG: Rendering 2 screens
DEBUG: Rendering screen Original 2D Screen of type screen_2d
DEBUG: ===== SIMPLE MODE CUBE ROTATION =====
DEBUG: Simple mode applying cube rotation: [0.0°, 0.0°, 0.0°]
DEBUG: =========================================
DEBUG: ===== CANVAS draw_unified_screen() CALLED =====
DEBUG: screen_enabled: True, screen_render_mode: simple
DEBUG: Canvas drawing simple 2D screen
DEBUG: Drew unified screen in simple mode
DEBUG: Simple mode active - screen shows original 2D framebuffer view
DEBUG: Rendering MediaScreen Video Screen (istockphoto-482277170-640_adpp_is.mp4) with texture 3
DEBUG: Rendering screen Video Screen (istockphoto-482277170-640_adpp_is.mp4) of type screen_2d
DEBUG: Rendering MediaScreen Video Screen (istockphoto-482277170-640_adpp_is.mp4) with texture 3
DEBUG: ===== CANVAS update_sphere_view_vector() CALLED =====
DEBUG: Canvas syncing view_vector with sphere vector_direction: [1. 0. 0.]
DEBUG: Normalized view_vector: [1. 0. 0.]
DEBUG: Red vector direction: [1. 0. 0.]
DEBUG: Normalized view vector: [1.000, 0.000, 0.000]
DEBUG: Red cube position: [2. 0. 2.]
DEBUG: Expected direction to cube: [0.70710678 0.         0.70710678]
DEBUG: Actual view vector: [1. 0. 0.]
DEBUG: Dot product: 0.707
DEBUG: ⚠️ WARNING: View vector not pointing toward cube!
DEBUG: Consider setting vector direction to point toward cube
DEBUG: Suggested vector direction: [2.12132034 0.         2.12132034]
DEBUG: Angle to cube: 45.0° (should be < 30° to be visible)
DEBUG: Cube direction: [0.707, 0.000, 0.707]
DEBUG: 2D screen using perspective projection - FOV: 60.0°
DEBUG: ===== SIMPLE MODE CAMERA SETUP =====
DEBUG: Simple mode sphere_pos: [0. 0. 0.]
DEBUG: Simple mode view_dir: [1. 0. 0.]
DEBUG: Simple mode look_at: [10.  0.  0.]
DEBUG: Cube position: [2. 0. 2.]
DEBUG: Direction to cube: [0.70710678 0.         0.70710678]
DEBUG: View direction: [1. 0. 0.]
DEBUG: Angle between view and cube direction: 45.0° (should be close to 0°)
DEBUG: Are we looking toward cube? False
DEBUG: ==============================================
DEBUG: ===== SIMPLE MODE CUBE ROTATION =====
DEBUG: Simple mode applying cube rotation: [0.0°, 0.0°, 0.0°]
DEBUG: =========================================
DEBUG: Simple 2D screen rendered - reference objects disabled to prevent yellow box artifact
DEBUG: Using perspective projection - FOV: 60.0°
DEBUG: Canvas mode: 'simple', Sphere mode: 'simple'
DEBUG: Sphere screen render check - canvas_enabled: True, canvas_mode: simple, sphere_enabled: True, should_render: False
DEBUG: Sphere skipping screen render (canvas mode: simple)
DEBUG: ===== SIMPLE MODE CUBE ROTATION =====
DEBUG: Simple mode applying cube rotation: [0.0°, 0.0°, 0.0°]
DEBUG: =========================================
DEBUG: ===== CANVAS draw_unified_screen() CALLED =====
DEBUG: screen_enabled: True, screen_render_mode: simple
DEBUG: Canvas drawing simple 2D screen
DEBUG: Drew unified screen in simple mode
DEBUG: Simple mode active - screen shows original 2D framebuffer view
DEBUG: Rendering 2 screens
DEBUG: Rendering screen Original 2D Screen of type screen_2d
DEBUG: ===== SIMPLE MODE CUBE ROTATION =====
DEBUG: Simple mode applying cube rotation: [0.0°, 0.0°, 0.0°]
DEBUG: =========================================
DEBUG: ===== CANVAS draw_unified_screen() CALLED =====
DEBUG: screen_enabled: True, screen_render_mode: simple
DEBUG: Canvas drawing simple 2D screen
DEBUG: Drew unified screen in simple mode
DEBUG: Simple mode active - screen shows original 2D framebuffer view
DEBUG: Rendering MediaScreen Video Screen (istockphoto-482277170-640_adpp_is.mp4) with texture 3
DEBUG: Rendering screen Video Screen (istockphoto-482277170-640_adpp_is.mp4) of type screen_2d
DEBUG: Rendering MediaScreen Video Screen (istockphoto-482277170-640_adpp_is.mp4) with texture 3
DEBUG: ===== CANVAS update_sphere_view_vector() CALLED =====
DEBUG: Canvas syncing view_vector with sphere vector_direction: [1. 0. 0.]
DEBUG: Normalized view_vector: [1. 0. 0.]
DEBUG: Red vector direction: [1. 0. 0.]
DEBUG: Normalized view vector: [1.000, 0.000, 0.000]
DEBUG: Red cube position: [2. 0. 2.]
DEBUG: Expected direction to cube: [0.70710678 0.         0.70710678]
DEBUG: Actual view vector: [1. 0. 0.]
DEBUG: Dot product: 0.707
DEBUG: ⚠️ WARNING: View vector not pointing toward cube!
DEBUG: Consider setting vector direction to point toward cube
DEBUG: Suggested vector direction: [2.12132034 0.         2.12132034]
DEBUG: Angle to cube: 45.0° (should be < 30° to be visible)
DEBUG: Cube direction: [0.707, 0.000, 0.707]
DEBUG: 2D screen using perspective projection - FOV: 60.0°
DEBUG: ===== SIMPLE MODE CAMERA SETUP =====
DEBUG: Simple mode sphere_pos: [0. 0. 0.]
DEBUG: Simple mode view_dir: [1. 0. 0.]
DEBUG: Simple mode look_at: [10.  0.  0.]
DEBUG: Cube position: [2. 0. 2.]
DEBUG: Direction to cube: [0.70710678 0.         0.70710678]
DEBUG: View direction: [1. 0. 0.]
DEBUG: Angle between view and cube direction: 45.0° (should be close to 0°)
DEBUG: Are we looking toward cube? False
DEBUG: ==============================================
DEBUG: ===== SIMPLE MODE CUBE ROTATION =====
DEBUG: Simple mode applying cube rotation: [0.0°, 0.0°, 0.0°]
DEBUG: =========================================
DEBUG: Simple 2D screen rendered - reference objects disabled to prevent yellow box artifact
DEBUG: Using perspective projection - FOV: 60.0°
DEBUG: Canvas mode: 'simple', Sphere mode: 'simple'
DEBUG: Sphere screen render check - canvas_enabled: True, canvas_mode: simple, sphere_enabled: True, should_render: False
DEBUG: Sphere skipping screen render (canvas mode: simple)
DEBUG: ===== SIMPLE MODE CUBE ROTATION =====
DEBUG: Simple mode applying cube rotation: [0.0°, 0.0°, 0.0°]
DEBUG: =========================================
DEBUG: ===== CANVAS draw_unified_screen() CALLED =====
DEBUG: screen_enabled: True, screen_render_mode: simple
DEBUG: Canvas drawing simple 2D screen
DEBUG: Drew unified screen in simple mode
DEBUG: Simple mode active - screen shows original 2D framebuffer view
DEBUG: Rendering 2 screens
DEBUG: Rendering screen Original 2D Screen of type screen_2d
DEBUG: ===== SIMPLE MODE CUBE ROTATION =====
DEBUG: Simple mode applying cube rotation: [0.0°, 0.0°, 0.0°]
DEBUG: =========================================
DEBUG: ===== CANVAS draw_unified_screen() CALLED =====
DEBUG: screen_enabled: True, screen_render_mode: simple
DEBUG: Canvas drawing simple 2D screen
DEBUG: Drew unified screen in simple mode
DEBUG: Simple mode active - screen shows original 2D framebuffer view
DEBUG: Rendering MediaScreen Video Screen (istockphoto-482277170-640_adpp_is.mp4) with texture 3
DEBUG: Rendering screen Video Screen (istockphoto-482277170-640_adpp_is.mp4) of type screen_2d
DEBUG: Rendering MediaScreen Video Screen (istockphoto-482277170-640_adpp_is.mp4) with texture 3
DEBUG: ===== CANVAS update_sphere_view_vector() CALLED =====
DEBUG: Canvas syncing view_vector with sphere vector_direction: [1. 0. 0.]
DEBUG: Normalized view_vector: [1. 0. 0.]
DEBUG: Red vector direction: [1. 0. 0.]
DEBUG: Normalized view vector: [1.000, 0.000, 0.000]
DEBUG: Red cube position: [2. 0. 2.]
DEBUG: Expected direction to cube: [0.70710678 0.         0.70710678]
DEBUG: Actual view vector: [1. 0. 0.]
DEBUG: Dot product: 0.707
DEBUG: ⚠️ WARNING: View vector not pointing toward cube!
DEBUG: Consider setting vector direction to point toward cube
DEBUG: Suggested vector direction: [2.12132034 0.         2.12132034]
DEBUG: Angle to cube: 45.0° (should be < 30° to be visible)
DEBUG: Cube direction: [0.707, 0.000, 0.707]
DEBUG: 2D screen using perspective projection - FOV: 60.0°
DEBUG: ===== SIMPLE MODE CAMERA SETUP =====
DEBUG: Simple mode sphere_pos: [0. 0. 0.]
DEBUG: Simple mode view_dir: [1. 0. 0.]
DEBUG: Simple mode look_at: [10.  0.  0.]
DEBUG: Cube position: [2. 0. 2.]
DEBUG: Direction to cube: [0.70710678 0.         0.70710678]
DEBUG: View direction: [1. 0. 0.]
DEBUG: Angle between view and cube direction: 45.0° (should be close to 0°)
DEBUG: Are we looking toward cube? False
DEBUG: ==============================================
DEBUG: ===== SIMPLE MODE CUBE ROTATION =====
DEBUG: Simple mode applying cube rotation: [0.0°, 0.0°, 0.0°]
DEBUG: =========================================
DEBUG: Simple 2D screen rendered - reference objects disabled to prevent yellow box artifact
DEBUG: Using perspective projection - FOV: 60.0°
DEBUG: Canvas mode: 'simple', Sphere mode: 'simple'
DEBUG: Sphere screen render check - canvas_enabled: True, canvas_mode: simple, sphere_enabled: True, should_render: False
DEBUG: Sphere skipping screen render (canvas mode: simple)
DEBUG: ===== SIMPLE MODE CUBE ROTATION =====
DEBUG: Simple mode applying cube rotation: [0.0°, 0.0°, 0.0°]
DEBUG: =========================================
DEBUG: ===== CANVAS draw_unified_screen() CALLED =====
DEBUG: screen_enabled: True, screen_render_mode: simple
DEBUG: Canvas drawing simple 2D screen
DEBUG: Drew unified screen in simple mode
DEBUG: Simple mode active - screen shows original 2D framebuffer view
DEBUG: Rendering 2 screens
DEBUG: Rendering screen Original 2D Screen of type screen_2d
DEBUG: ===== SIMPLE MODE CUBE ROTATION =====
DEBUG: Simple mode applying cube rotation: [0.0°, 0.0°, 0.0°]
DEBUG: =========================================
DEBUG: ===== CANVAS draw_unified_screen() CALLED =====
DEBUG: screen_enabled: True, screen_render_mode: simple
DEBUG: Canvas drawing simple 2D screen
DEBUG: Drew unified screen in simple mode
DEBUG: Simple mode active - screen shows original 2D framebuffer view
DEBUG: Rendering MediaScreen Video Screen (istockphoto-482277170-640_adpp_is.mp4) with texture 3
DEBUG: Rendering screen Video Screen (istockphoto-482277170-640_adpp_is.mp4) of type screen_2d
DEBUG: Rendering MediaScreen Video Screen (istockphoto-482277170-640_adpp_is.mp4) with texture 3
DEBUG: ===== CANVAS update_sphere_view_vector() CALLED =====
DEBUG: Canvas syncing view_vector with sphere vector_direction: [1. 0. 0.]
DEBUG: Normalized view_vector: [1. 0. 0.]
DEBUG: Red vector direction: [1. 0. 0.]
DEBUG: Normalized view vector: [1.000, 0.000, 0.000]
DEBUG: Red cube position: [2. 0. 2.]
DEBUG: Expected direction to cube: [0.70710678 0.         0.70710678]
DEBUG: Actual view vector: [1. 0. 0.]
DEBUG: Dot product: 0.707
DEBUG: ⚠️ WARNING: View vector not pointing toward cube!
DEBUG: Consider setting vector direction to point toward cube
DEBUG: Suggested vector direction: [2.12132034 0.         2.12132034]
DEBUG: Angle to cube: 45.0° (should be < 30° to be visible)
DEBUG: Cube direction: [0.707, 0.000, 0.707]
DEBUG: 2D screen using perspective projection - FOV: 60.0°
DEBUG: ===== SIMPLE MODE CAMERA SETUP =====
DEBUG: Simple mode sphere_pos: [0. 0. 0.]
DEBUG: Simple mode view_dir: [1. 0. 0.]
DEBUG: Simple mode look_at: [10.  0.  0.]
DEBUG: Cube position: [2. 0. 2.]
DEBUG: Direction to cube: [0.70710678 0.         0.70710678]
DEBUG: View direction: [1. 0. 0.]
DEBUG: Angle between view and cube direction: 45.0° (should be close to 0°)
DEBUG: Are we looking toward cube? False
DEBUG: ==============================================
DEBUG: ===== SIMPLE MODE CUBE ROTATION =====
DEBUG: Simple mode applying cube rotation: [0.0°, 0.0°, 0.0°]
DEBUG: =========================================
DEBUG: Simple 2D screen rendered - reference objects disabled to prevent yellow box artifact
DEBUG: Using perspective projection - FOV: 60.0°
DEBUG: Canvas mode: 'simple', Sphere mode: 'simple'
DEBUG: Sphere screen render check - canvas_enabled: True, canvas_mode: simple, sphere_enabled: True, should_render: False
DEBUG: Sphere skipping screen render (canvas mode: simple)
DEBUG: ===== SIMPLE MODE CUBE ROTATION =====
DEBUG: Simple mode applying cube rotation: [0.0°, 0.0°, 0.0°]
DEBUG: =========================================
DEBUG: ===== CANVAS draw_unified_screen() CALLED =====
DEBUG: screen_enabled: True, screen_render_mode: simple
DEBUG: Canvas drawing simple 2D screen
DEBUG: Drew unified screen in simple mode
DEBUG: Simple mode active - screen shows original 2D framebuffer view
DEBUG: Rendering 2 screens
DEBUG: Rendering screen Original 2D Screen of type screen_2d
DEBUG: ===== SIMPLE MODE CUBE ROTATION =====
DEBUG: Simple mode applying cube rotation: [0.0°, 0.0°, 0.0°]
DEBUG: =========================================
DEBUG: ===== CANVAS draw_unified_screen() CALLED =====
DEBUG: screen_enabled: True, screen_render_mode: simple
DEBUG: Canvas drawing simple 2D screen
DEBUG: Drew unified screen in simple mode
DEBUG: Simple mode active - screen shows original 2D framebuffer view
DEBUG: Rendering MediaScreen Video Screen (istockphoto-482277170-640_adpp_is.mp4) with texture 3
DEBUG: Rendering screen Video Screen (istockphoto-482277170-640_adpp_is.mp4) of type screen_2d
DEBUG: Rendering MediaScreen Video Screen (istockphoto-482277170-640_adpp_is.mp4) with texture 3
DEBUG: ===== CANVAS update_sphere_view_vector() CALLED =====
DEBUG: Canvas syncing view_vector with sphere vector_direction: [1. 0. 0.]
DEBUG: Normalized view_vector: [1. 0. 0.]
DEBUG: Red vector direction: [1. 0. 0.]
DEBUG: Normalized view vector: [1.000, 0.000, 0.000]
DEBUG: Red cube position: [2. 0. 2.]
DEBUG: Expected direction to cube: [0.70710678 0.         0.70710678]
DEBUG: Actual view vector: [1. 0. 0.]
DEBUG: Dot product: 0.707
DEBUG: ⚠️ WARNING: View vector not pointing toward cube!
DEBUG: Consider setting vector direction to point toward cube
DEBUG: Suggested vector direction: [2.12132034 0.         2.12132034]
DEBUG: Angle to cube: 45.0° (should be < 30° to be visible)
DEBUG: Cube direction: [0.707, 0.000, 0.707]
DEBUG: 2D screen using perspective projection - FOV: 60.0°
DEBUG: ===== SIMPLE MODE CAMERA SETUP =====
DEBUG: Simple mode sphere_pos: [0. 0. 0.]
DEBUG: Simple mode view_dir: [1. 0. 0.]
DEBUG: Simple mode look_at: [10.  0.  0.]
DEBUG: Cube position: [2. 0. 2.]
DEBUG: Direction to cube: [0.70710678 0.         0.70710678]
DEBUG: View direction: [1. 0. 0.]
DEBUG: Angle between view and cube direction: 45.0° (should be close to 0°)
DEBUG: Are we looking toward cube? False
DEBUG: ==============================================
DEBUG: ===== SIMPLE MODE CUBE ROTATION =====
DEBUG: Simple mode applying cube rotation: [0.0°, 0.0°, 0.0°]
DEBUG: =========================================
DEBUG: Simple 2D screen rendered - reference objects disabled to prevent yellow box artifact
DEBUG: Using perspective projection - FOV: 60.0°
DEBUG: Canvas mode: 'simple', Sphere mode: 'simple'
DEBUG: Sphere screen render check - canvas_enabled: True, canvas_mode: simple, sphere_enabled: True, should_render: False
DEBUG: Sphere skipping screen render (canvas mode: simple)
DEBUG: ===== SIMPLE MODE CUBE ROTATION =====
DEBUG: Simple mode applying cube rotation: [0.0°, 0.0°, 0.0°]
DEBUG: =========================================
DEBUG: ===== CANVAS draw_unified_screen() CALLED =====
DEBUG: screen_enabled: True, screen_render_mode: simple
DEBUG: Canvas drawing simple 2D screen
DEBUG: Drew unified screen in simple mode
DEBUG: Simple mode active - screen shows original 2D framebuffer view
DEBUG: Rendering 2 screens
DEBUG: Rendering screen Original 2D Screen of type screen_2d
DEBUG: ===== SIMPLE MODE CUBE ROTATION =====
DEBUG: Simple mode applying cube rotation: [0.0°, 0.0°, 0.0°]
DEBUG: =========================================
DEBUG: ===== CANVAS draw_unified_screen() CALLED =====
DEBUG: screen_enabled: True, screen_render_mode: simple
DEBUG: Canvas drawing simple 2D screen
DEBUG: Drew unified screen in simple mode
DEBUG: Simple mode active - screen shows original 2D framebuffer view
DEBUG: Rendering MediaScreen Video Screen (istockphoto-482277170-640_adpp_is.mp4) with texture 3
DEBUG: Rendering screen Video Screen (istockphoto-482277170-640_adpp_is.mp4) of type screen_2d
DEBUG: Rendering MediaScreen Video Screen (istockphoto-482277170-640_adpp_is.mp4) with texture 3
DEBUG: ===== CANVAS update_sphere_view_vector() CALLED =====
DEBUG: Canvas syncing view_vector with sphere vector_direction: [1. 0. 0.]
DEBUG: Normalized view_vector: [1. 0. 0.]
DEBUG: Red vector direction: [1. 0. 0.]
DEBUG: Normalized view vector: [1.000, 0.000, 0.000]
DEBUG: Red cube position: [2. 0. 2.]
DEBUG: Expected direction to cube: [0.70710678 0.         0.70710678]
DEBUG: Actual view vector: [1. 0. 0.]
DEBUG: Dot product: 0.707
DEBUG: ⚠️ WARNING: View vector not pointing toward cube!
DEBUG: Consider setting vector direction to point toward cube
DEBUG: Suggested vector direction: [2.12132034 0.         2.12132034]
DEBUG: Angle to cube: 45.0° (should be < 30° to be visible)
DEBUG: Cube direction: [0.707, 0.000, 0.707]
DEBUG: 2D screen using perspective projection - FOV: 60.0°
DEBUG: ===== SIMPLE MODE CAMERA SETUP =====
DEBUG: Simple mode sphere_pos: [0. 0. 0.]
DEBUG: Simple mode view_dir: [1. 0. 0.]
DEBUG: Simple mode look_at: [10.  0.  0.]
DEBUG: Cube position: [2. 0. 2.]
DEBUG: Direction to cube: [0.70710678 0.         0.70710678]
DEBUG: View direction: [1. 0. 0.]
DEBUG: Angle between view and cube direction: 45.0° (should be close to 0°)
DEBUG: Are we looking toward cube? False
DEBUG: ==============================================
DEBUG: ===== SIMPLE MODE CUBE ROTATION =====
DEBUG: Simple mode applying cube rotation: [0.0°, 0.0°, 0.0°]
DEBUG: =========================================
DEBUG: Simple 2D screen rendered - reference objects disabled to prevent yellow box artifact
DEBUG: Using perspective projection - FOV: 60.0°
DEBUG: Canvas mode: 'simple', Sphere mode: 'simple'
DEBUG: Sphere screen render check - canvas_enabled: True, canvas_mode: simple, sphere_enabled: True, should_render: False
DEBUG: Sphere skipping screen render (canvas mode: simple)
DEBUG: ===== SIMPLE MODE CUBE ROTATION =====
DEBUG: Simple mode applying cube rotation: [0.0°, 0.0°, 0.0°]
DEBUG: =========================================
DEBUG: ===== CANVAS draw_unified_screen() CALLED =====
DEBUG: screen_enabled: True, screen_render_mode: simple
DEBUG: Canvas drawing simple 2D screen
DEBUG: Drew unified screen in simple mode
DEBUG: Simple mode active - screen shows original 2D framebuffer view
DEBUG: Rendering 2 screens
DEBUG: Rendering screen Original 2D Screen of type screen_2d
DEBUG: ===== SIMPLE MODE CUBE ROTATION =====
DEBUG: Simple mode applying cube rotation: [0.0°, 0.0°, 0.0°]
DEBUG: =========================================
DEBUG: ===== CANVAS draw_unified_screen() CALLED =====
DEBUG: screen_enabled: True, screen_render_mode: simple
DEBUG: Canvas drawing simple 2D screen
DEBUG: Drew unified screen in simple mode
DEBUG: Simple mode active - screen shows original 2D framebuffer view
DEBUG: Rendering MediaScreen Video Screen (istockphoto-482277170-640_adpp_is.mp4) with texture 3
DEBUG: Rendering screen Video Screen (istockphoto-482277170-640_adpp_is.mp4) of type screen_2d
DEBUG: Rendering MediaScreen Video Screen (istockphoto-482277170-640_adpp_is.mp4) with texture 3
DEBUG: ===== CANVAS update_sphere_view_vector() CALLED =====
DEBUG: Canvas syncing view_vector with sphere vector_direction: [1. 0. 0.]
DEBUG: Normalized view_vector: [1. 0. 0.]
DEBUG: Red vector direction: [1. 0. 0.]
DEBUG: Normalized view vector: [1.000, 0.000, 0.000]
DEBUG: Red cube position: [2. 0. 2.]
DEBUG: Expected direction to cube: [0.70710678 0.         0.70710678]
DEBUG: Actual view vector: [1. 0. 0.]
DEBUG: Dot product: 0.707
DEBUG: ⚠️ WARNING: View vector not pointing toward cube!
DEBUG: Consider setting vector direction to point toward cube
DEBUG: Suggested vector direction: [2.12132034 0.         2.12132034]
DEBUG: Angle to cube: 45.0° (should be < 30° to be visible)
DEBUG: Cube direction: [0.707, 0.000, 0.707]
DEBUG: 2D screen using perspective projection - FOV: 60.0°
DEBUG: ===== SIMPLE MODE CAMERA SETUP =====
DEBUG: Simple mode sphere_pos: [0. 0. 0.]
DEBUG: Simple mode view_dir: [1. 0. 0.]
DEBUG: Simple mode look_at: [10.  0.  0.]
DEBUG: Cube position: [2. 0. 2.]
DEBUG: Direction to cube: [0.70710678 0.         0.70710678]
DEBUG: View direction: [1. 0. 0.]
DEBUG: Angle between view and cube direction: 45.0° (should be close to 0°)
DEBUG: Are we looking toward cube? False
DEBUG: ==============================================
DEBUG: ===== SIMPLE MODE CUBE ROTATION =====
DEBUG: Simple mode applying cube rotation: [0.0°, 0.0°, 0.0°]
DEBUG: =========================================
DEBUG: Simple 2D screen rendered - reference objects disabled to prevent yellow box artifact
DEBUG: Using perspective projection - FOV: 60.0°
DEBUG: Canvas mode: 'simple', Sphere mode: 'simple'
DEBUG: Sphere screen render check - canvas_enabled: True, canvas_mode: simple, sphere_enabled: True, should_render: False
DEBUG: Sphere skipping screen render (canvas mode: simple)
DEBUG: ===== SIMPLE MODE CUBE ROTATION =====
DEBUG: Simple mode applying cube rotation: [0.0°, 0.0°, 0.0°]
DEBUG: =========================================
DEBUG: ===== CANVAS draw_unified_screen() CALLED =====
DEBUG: screen_enabled: True, screen_render_mode: simple
DEBUG: Canvas drawing simple 2D screen
DEBUG: Drew unified screen in simple mode
DEBUG: Simple mode active - screen shows original 2D framebuffer view
DEBUG: Rendering 2 screens
DEBUG: Rendering screen Original 2D Screen of type screen_2d
DEBUG: ===== SIMPLE MODE CUBE ROTATION =====
DEBUG: Simple mode applying cube rotation: [0.0°, 0.0°, 0.0°]
DEBUG: =========================================
DEBUG: ===== CANVAS draw_unified_screen() CALLED =====
DEBUG: screen_enabled: True, screen_render_mode: simple
DEBUG: Canvas drawing simple 2D screen
DEBUG: Drew unified screen in simple mode
DEBUG: Simple mode active - screen shows original 2D framebuffer view
DEBUG: Rendering MediaScreen Video Screen (istockphoto-482277170-640_adpp_is.mp4) with texture 3
DEBUG: Rendering screen Video Screen (istockphoto-482277170-640_adpp_is.mp4) of type screen_2d
DEBUG: Rendering MediaScreen Video Screen (istockphoto-482277170-640_adpp_is.mp4) with texture 3
DEBUG: ===== CANVAS update_sphere_view_vector() CALLED =====
DEBUG: Canvas syncing view_vector with sphere vector_direction: [1. 0. 0.]
DEBUG: Normalized view_vector: [1. 0. 0.]
DEBUG: Red vector direction: [1. 0. 0.]
DEBUG: Normalized view vector: [1.000, 0.000, 0.000]
DEBUG: Red cube position: [2. 0. 2.]
DEBUG: Expected direction to cube: [0.70710678 0.         0.70710678]
DEBUG: Actual view vector: [1. 0. 0.]
DEBUG: Dot product: 0.707
DEBUG: ⚠️ WARNING: View vector not pointing toward cube!
DEBUG: Consider setting vector direction to point toward cube
DEBUG: Suggested vector direction: [2.12132034 0.         2.12132034]
DEBUG: Angle to cube: 45.0° (should be < 30° to be visible)
DEBUG: Cube direction: [0.707, 0.000, 0.707]
DEBUG: 2D screen using perspective projection - FOV: 60.0°
DEBUG: ===== SIMPLE MODE CAMERA SETUP =====
DEBUG: Simple mode sphere_pos: [0. 0. 0.]
DEBUG: Simple mode view_dir: [1. 0. 0.]
DEBUG: Simple mode look_at: [10.  0.  0.]
DEBUG: Cube position: [2. 0. 2.]
DEBUG: Direction to cube: [0.70710678 0.         0.70710678]
DEBUG: View direction: [1. 0. 0.]
DEBUG: Angle between view and cube direction: 45.0° (should be close to 0°)
DEBUG: Are we looking toward cube? False
DEBUG: ==============================================
DEBUG: ===== SIMPLE MODE CUBE ROTATION =====
DEBUG: Simple mode applying cube rotation: [0.0°, 0.0°, 0.0°]
DEBUG: =========================================
DEBUG: Simple 2D screen rendered - reference objects disabled to prevent yellow box artifact
DEBUG: Using perspective projection - FOV: 60.0°
DEBUG: Canvas mode: 'simple', Sphere mode: 'simple'
DEBUG: Sphere screen render check - canvas_enabled: True, canvas_mode: simple, sphere_enabled: True, should_render: False
DEBUG: Sphere skipping screen render (canvas mode: simple)
DEBUG: ===== SIMPLE MODE CUBE ROTATION =====
DEBUG: Simple mode applying cube rotation: [0.0°, 0.0°, 0.0°]
DEBUG: =========================================
DEBUG: ===== CANVAS draw_unified_screen() CALLED =====
DEBUG: screen_enabled: True, screen_render_mode: simple
DEBUG: Canvas drawing simple 2D screen
DEBUG: Drew unified screen in simple mode
DEBUG: Simple mode active - screen shows original 2D framebuffer view
DEBUG: Rendering 2 screens
DEBUG: Rendering screen Original 2D Screen of type screen_2d
DEBUG: ===== SIMPLE MODE CUBE ROTATION =====
DEBUG: Simple mode applying cube rotation: [0.0°, 0.0°, 0.0°]
DEBUG: =========================================
DEBUG: ===== CANVAS draw_unified_screen() CALLED =====
DEBUG: screen_enabled: True, screen_render_mode: simple
DEBUG: Canvas drawing simple 2D screen
DEBUG: Drew unified screen in simple mode
DEBUG: Simple mode active - screen shows original 2D framebuffer view
DEBUG: Rendering MediaScreen Video Screen (istockphoto-482277170-640_adpp_is.mp4) with texture 3
DEBUG: Rendering screen Video Screen (istockphoto-482277170-640_adpp_is.mp4) of type screen_2d
DEBUG: Rendering MediaScreen Video Screen (istockphoto-482277170-640_adpp_is.mp4) with texture 3
DEBUG: ===== CANVAS update_sphere_view_vector() CALLED =====
DEBUG: Canvas syncing view_vector with sphere vector_direction: [1. 0. 0.]
DEBUG: Normalized view_vector: [1. 0. 0.]
DEBUG: Red vector direction: [1. 0. 0.]
DEBUG: Normalized view vector: [1.000, 0.000, 0.000]
DEBUG: Red cube position: [2. 0. 2.]
DEBUG: Expected direction to cube: [0.70710678 0.         0.70710678]
DEBUG: Actual view vector: [1. 0. 0.]
DEBUG: Dot product: 0.707
DEBUG: ⚠️ WARNING: View vector not pointing toward cube!
DEBUG: Consider setting vector direction to point toward cube
DEBUG: Suggested vector direction: [2.12132034 0.         2.12132034]
DEBUG: Angle to cube: 45.0° (should be < 30° to be visible)
DEBUG: Cube direction: [0.707, 0.000, 0.707]
DEBUG: 2D screen using perspective projection - FOV: 60.0°
DEBUG: ===== SIMPLE MODE CAMERA SETUP =====
DEBUG: Simple mode sphere_pos: [0. 0. 0.]
DEBUG: Simple mode view_dir: [1. 0. 0.]
DEBUG: Simple mode look_at: [10.  0.  0.]
DEBUG: Cube position: [2. 0. 2.]
DEBUG: Direction to cube: [0.70710678 0.         0.70710678]
DEBUG: View direction: [1. 0. 0.]
DEBUG: Angle between view and cube direction: 45.0° (should be close to 0°)
DEBUG: Are we looking toward cube? False
DEBUG: ==============================================
DEBUG: ===== SIMPLE MODE CUBE ROTATION =====
DEBUG: Simple mode applying cube rotation: [0.0°, 0.0°, 0.0°]
DEBUG: =========================================
DEBUG: Simple 2D screen rendered - reference objects disabled to prevent yellow box artifact
DEBUG: Using perspective projection - FOV: 60.0°
DEBUG: Canvas mode: 'simple', Sphere mode: 'simple'
DEBUG: Sphere screen render check - canvas_enabled: True, canvas_mode: simple, sphere_enabled: True, should_render: False
DEBUG: Sphere skipping screen render (canvas mode: simple)
DEBUG: ===== SIMPLE MODE CUBE ROTATION =====
DEBUG: Simple mode applying cube rotation: [0.0°, 0.0°, 0.0°]
DEBUG: =========================================
DEBUG: ===== CANVAS draw_unified_screen() CALLED =====
DEBUG: screen_enabled: True, screen_render_mode: simple
DEBUG: Canvas drawing simple 2D screen
DEBUG: Drew unified screen in simple mode
DEBUG: Simple mode active - screen shows original 2D framebuffer view
DEBUG: Rendering 2 screens
DEBUG: Rendering screen Original 2D Screen of type screen_2d
DEBUG: ===== SIMPLE MODE CUBE ROTATION =====
DEBUG: Simple mode applying cube rotation: [0.0°, 0.0°, 0.0°]
DEBUG: =========================================
DEBUG: ===== CANVAS draw_unified_screen() CALLED =====
DEBUG: screen_enabled: True, screen_render_mode: simple
DEBUG: Canvas drawing simple 2D screen
DEBUG: Drew unified screen in simple mode
DEBUG: Simple mode active - screen shows original 2D framebuffer view
DEBUG: Rendering MediaScreen Video Screen (istockphoto-482277170-640_adpp_is.mp4) with texture 3
DEBUG: Rendering screen Video Screen (istockphoto-482277170-640_adpp_is.mp4) of type screen_2d
DEBUG: Rendering MediaScreen Video Screen (istockphoto-482277170-640_adpp_is.mp4) with texture 3
DEBUG: ===== CANVAS update_sphere_view_vector() CALLED =====
DEBUG: Canvas syncing view_vector with sphere vector_direction: [1. 0. 0.]
DEBUG: Normalized view_vector: [1. 0. 0.]
DEBUG: Red vector direction: [1. 0. 0.]
DEBUG: Normalized view vector: [1.000, 0.000, 0.000]
DEBUG: Red cube position: [2. 0. 2.]
DEBUG: Expected direction to cube: [0.70710678 0.         0.70710678]
DEBUG: Actual view vector: [1. 0. 0.]
DEBUG: Dot product: 0.707
DEBUG: ⚠️ WARNING: View vector not pointing toward cube!
DEBUG: Consider setting vector direction to point toward cube
DEBUG: Suggested vector direction: [2.12132034 0.         2.12132034]
DEBUG: Angle to cube: 45.0° (should be < 30° to be visible)
DEBUG: Cube direction: [0.707, 0.000, 0.707]
DEBUG: 2D screen using perspective projection - FOV: 60.0°
DEBUG: ===== SIMPLE MODE CAMERA SETUP =====
DEBUG: Simple mode sphere_pos: [0. 0. 0.]
DEBUG: Simple mode view_dir: [1. 0. 0.]
DEBUG: Simple mode look_at: [10.  0.  0.]
DEBUG: Cube position: [2. 0. 2.]
DEBUG: Direction to cube: [0.70710678 0.         0.70710678]
DEBUG: View direction: [1. 0. 0.]
DEBUG: Angle between view and cube direction: 45.0° (should be close to 0°)
DEBUG: Are we looking toward cube? False
DEBUG: ==============================================
DEBUG: ===== SIMPLE MODE CUBE ROTATION =====
DEBUG: Simple mode applying cube rotation: [0.0°, 0.0°, 0.0°]
DEBUG: =========================================
DEBUG: Simple 2D screen rendered - reference objects disabled to prevent yellow box artifact
DEBUG: Using perspective projection - FOV: 60.0°
DEBUG: Canvas mode: 'simple', Sphere mode: 'simple'
DEBUG: Sphere screen render check - canvas_enabled: True, canvas_mode: simple, sphere_enabled: True, should_render: False
DEBUG: Sphere skipping screen render (canvas mode: simple)
DEBUG: ===== SIMPLE MODE CUBE ROTATION =====
DEBUG: Simple mode applying cube rotation: [0.0°, 0.0°, 0.0°]
DEBUG: =========================================
DEBUG: ===== CANVAS draw_unified_screen() CALLED =====
DEBUG: screen_enabled: True, screen_render_mode: simple
DEBUG: Canvas drawing simple 2D screen
DEBUG: Drew unified screen in simple mode
DEBUG: Simple mode active - screen shows original 2D framebuffer view
DEBUG: Rendering 2 screens
DEBUG: Rendering screen Original 2D Screen of type screen_2d
DEBUG: ===== SIMPLE MODE CUBE ROTATION =====
DEBUG: Simple mode applying cube rotation: [0.0°, 0.0°, 0.0°]
DEBUG: =========================================
DEBUG: ===== CANVAS draw_unified_screen() CALLED =====
DEBUG: screen_enabled: True, screen_render_mode: simple
DEBUG: Canvas drawing simple 2D screen
DEBUG: Drew unified screen in simple mode
DEBUG: Simple mode active - screen shows original 2D framebuffer view
DEBUG: Rendering MediaScreen Video Screen (istockphoto-482277170-640_adpp_is.mp4) with texture 3
DEBUG: Rendering screen Video Screen (istockphoto-482277170-640_adpp_is.mp4) of type screen_2d
DEBUG: Rendering MediaScreen Video Screen (istockphoto-482277170-640_adpp_is.mp4) with texture 3
DEBUG: ===== CANVAS update_sphere_view_vector() CALLED =====
DEBUG: Canvas syncing view_vector with sphere vector_direction: [1. 0. 0.]
DEBUG: Normalized view_vector: [1. 0. 0.]
DEBUG: Red vector direction: [1. 0. 0.]
DEBUG: Normalized view vector: [1.000, 0.000, 0.000]
DEBUG: Red cube position: [2. 0. 2.]
DEBUG: Expected direction to cube: [0.70710678 0.         0.70710678]
DEBUG: Actual view vector: [1. 0. 0.]
DEBUG: Dot product: 0.707
DEBUG: ⚠️ WARNING: View vector not pointing toward cube!
DEBUG: Consider setting vector direction to point toward cube
DEBUG: Suggested vector direction: [2.12132034 0.         2.12132034]
DEBUG: Angle to cube: 45.0° (should be < 30° to be visible)
DEBUG: Cube direction: [0.707, 0.000, 0.707]
DEBUG: 2D screen using perspective projection - FOV: 60.0°
DEBUG: ===== SIMPLE MODE CAMERA SETUP =====
DEBUG: Simple mode sphere_pos: [0. 0. 0.]
DEBUG: Simple mode view_dir: [1. 0. 0.]
DEBUG: Simple mode look_at: [10.  0.  0.]
DEBUG: Cube position: [2. 0. 2.]
DEBUG: Direction to cube: [0.70710678 0.         0.70710678]
DEBUG: View direction: [1. 0. 0.]
DEBUG: Angle between view and cube direction: 45.0° (should be close to 0°)
DEBUG: Are we looking toward cube? False
DEBUG: ==============================================
DEBUG: ===== SIMPLE MODE CUBE ROTATION =====
DEBUG: Simple mode applying cube rotation: [0.0°, 0.0°, 0.0°]
DEBUG: =========================================
DEBUG: Simple 2D screen rendered - reference objects disabled to prevent yellow box artifact
DEBUG: Using perspective projection - FOV: 60.0°
DEBUG: Canvas mode: 'simple', Sphere mode: 'simple'
DEBUG: Sphere screen render check - canvas_enabled: True, canvas_mode: simple, sphere_enabled: True, should_render: False
DEBUG: Sphere skipping screen render (canvas mode: simple)
DEBUG: ===== SIMPLE MODE CUBE ROTATION =====
DEBUG: Simple mode applying cube rotation: [0.0°, 0.0°, 0.0°]
DEBUG: =========================================
DEBUG: ===== CANVAS draw_unified_screen() CALLED =====
DEBUG: screen_enabled: True, screen_render_mode: simple
DEBUG: Canvas drawing simple 2D screen
DEBUG: Drew unified screen in simple mode
DEBUG: Simple mode active - screen shows original 2D framebuffer view
DEBUG: Rendering 2 screens
DEBUG: Rendering screen Original 2D Screen of type screen_2d
DEBUG: ===== SIMPLE MODE CUBE ROTATION =====
DEBUG: Simple mode applying cube rotation: [0.0°, 0.0°, 0.0°]
DEBUG: =========================================
DEBUG: ===== CANVAS draw_unified_screen() CALLED =====
DEBUG: screen_enabled: True, screen_render_mode: simple
DEBUG: Canvas drawing simple 2D screen
DEBUG: Drew unified screen in simple mode
DEBUG: Simple mode active - screen shows original 2D framebuffer view
DEBUG: Rendering MediaScreen Video Screen (istockphoto-482277170-640_adpp_is.mp4) with texture 3
DEBUG: Rendering screen Video Screen (istockphoto-482277170-640_adpp_is.mp4) of type screen_2d
DEBUG: Rendering MediaScreen Video Screen (istockphoto-482277170-640_adpp_is.mp4) with texture 3
DEBUG: ===== CANVAS update_sphere_view_vector() CALLED =====
DEBUG: Canvas syncing view_vector with sphere vector_direction: [1. 0. 0.]
DEBUG: Normalized view_vector: [1. 0. 0.]
DEBUG: Red vector direction: [1. 0. 0.]
DEBUG: Normalized view vector: [1.000, 0.000, 0.000]
DEBUG: Red cube position: [2. 0. 2.]
DEBUG: Expected direction to cube: [0.70710678 0.         0.70710678]
DEBUG: Actual view vector: [1. 0. 0.]
DEBUG: Dot product: 0.707
DEBUG: ⚠️ WARNING: View vector not pointing toward cube!
DEBUG: Consider setting vector direction to point toward cube
DEBUG: Suggested vector direction: [2.12132034 0.         2.12132034]
DEBUG: Angle to cube: 45.0° (should be < 30° to be visible)
DEBUG: Cube direction: [0.707, 0.000, 0.707]
DEBUG: 2D screen using perspective projection - FOV: 60.0°
DEBUG: ===== SIMPLE MODE CAMERA SETUP =====
DEBUG: Simple mode sphere_pos: [0. 0. 0.]
DEBUG: Simple mode view_dir: [1. 0. 0.]
DEBUG: Simple mode look_at: [10.  0.  0.]
DEBUG: Cube position: [2. 0. 2.]
DEBUG: Direction to cube: [0.70710678 0.         0.70710678]
DEBUG: View direction: [1. 0. 0.]
DEBUG: Angle between view and cube direction: 45.0° (should be close to 0°)
DEBUG: Are we looking toward cube? False
DEBUG: ==============================================
DEBUG: ===== SIMPLE MODE CUBE ROTATION =====
DEBUG: Simple mode applying cube rotation: [0.0°, 0.0°, 0.0°]
DEBUG: =========================================
DEBUG: Simple 2D screen rendered - reference objects disabled to prevent yellow box artifact
DEBUG: Using perspective projection - FOV: 60.0°
DEBUG: Canvas mode: 'simple', Sphere mode: 'simple'
DEBUG: Sphere screen render check - canvas_enabled: True, canvas_mode: simple, sphere_enabled: True, should_render: False
DEBUG: Sphere skipping screen render (canvas mode: simple)
DEBUG: ===== SIMPLE MODE CUBE ROTATION =====
DEBUG: Simple mode applying cube rotation: [0.0°, 0.0°, 0.0°]
DEBUG: =========================================
DEBUG: ===== CANVAS draw_unified_screen() CALLED =====
DEBUG: screen_enabled: True, screen_render_mode: simple
DEBUG: Canvas drawing simple 2D screen
DEBUG: Drew unified screen in simple mode
DEBUG: Simple mode active - screen shows original 2D framebuffer view
DEBUG: Rendering 2 screens
DEBUG: Rendering screen Original 2D Screen of type screen_2d
DEBUG: ===== SIMPLE MODE CUBE ROTATION =====
DEBUG: Simple mode applying cube rotation: [0.0°, 0.0°, 0.0°]
DEBUG: =========================================
DEBUG: ===== CANVAS draw_unified_screen() CALLED =====
DEBUG: screen_enabled: True, screen_render_mode: simple
DEBUG: Canvas drawing simple 2D screen
DEBUG: Drew unified screen in simple mode
DEBUG: Simple mode active - screen shows original 2D framebuffer view
DEBUG: Rendering MediaScreen Video Screen (istockphoto-482277170-640_adpp_is.mp4) with texture 3
DEBUG: Rendering screen Video Screen (istockphoto-482277170-640_adpp_is.mp4) of type screen_2d
DEBUG: Rendering MediaScreen Video Screen (istockphoto-482277170-640_adpp_is.mp4) with texture 3
DEBUG: ===== CANVAS update_sphere_view_vector() CALLED =====
DEBUG: Canvas syncing view_vector with sphere vector_direction: [1. 0. 0.]
DEBUG: Normalized view_vector: [1. 0. 0.]
DEBUG: Red vector direction: [1. 0. 0.]
DEBUG: Normalized view vector: [1.000, 0.000, 0.000]
DEBUG: Red cube position: [2. 0. 2.]
DEBUG: Expected direction to cube: [0.70710678 0.         0.70710678]
DEBUG: Actual view vector: [1. 0. 0.]
DEBUG: Dot product: 0.707
DEBUG: ⚠️ WARNING: View vector not pointing toward cube!
DEBUG: Consider setting vector direction to point toward cube
DEBUG: Suggested vector direction: [2.12132034 0.         2.12132034]
DEBUG: Angle to cube: 45.0° (should be < 30° to be visible)
DEBUG: Cube direction: [0.707, 0.000, 0.707]
DEBUG: 2D screen using perspective projection - FOV: 60.0°
DEBUG: ===== SIMPLE MODE CAMERA SETUP =====
DEBUG: Simple mode sphere_pos: [0. 0. 0.]
DEBUG: Simple mode view_dir: [1. 0. 0.]
DEBUG: Simple mode look_at: [10.  0.  0.]
DEBUG: Cube position: [2. 0. 2.]
DEBUG: Direction to cube: [0.70710678 0.         0.70710678]
DEBUG: View direction: [1. 0. 0.]
DEBUG: Angle between view and cube direction: 45.0° (should be close to 0°)
DEBUG: Are we looking toward cube? False
DEBUG: ==============================================
DEBUG: ===== SIMPLE MODE CUBE ROTATION =====
DEBUG: Simple mode applying cube rotation: [0.0°, 0.0°, 0.0°]
DEBUG: =========================================
DEBUG: Simple 2D screen rendered - reference objects disabled to prevent yellow box artifact
DEBUG: Using perspective projection - FOV: 60.0°
DEBUG: Canvas mode: 'simple', Sphere mode: 'simple'
DEBUG: Sphere screen render check - canvas_enabled: True, canvas_mode: simple, sphere_enabled: True, should_render: False
DEBUG: Sphere skipping screen render (canvas mode: simple)
DEBUG: ===== SIMPLE MODE CUBE ROTATION =====
DEBUG: Simple mode applying cube rotation: [0.0°, 0.0°, 0.0°]
DEBUG: =========================================
DEBUG: ===== CANVAS draw_unified_screen() CALLED =====
DEBUG: screen_enabled: True, screen_render_mode: simple
DEBUG: Canvas drawing simple 2D screen
DEBUG: Drew unified screen in simple mode
DEBUG: Simple mode active - screen shows original 2D framebuffer view
DEBUG: Rendering 2 screens
DEBUG: Rendering screen Original 2D Screen of type screen_2d
DEBUG: ===== SIMPLE MODE CUBE ROTATION =====
DEBUG: Simple mode applying cube rotation: [0.0°, 0.0°, 0.0°]
DEBUG: =========================================
DEBUG: ===== CANVAS draw_unified_screen() CALLED =====
DEBUG: screen_enabled: True, screen_render_mode: simple
DEBUG: Canvas drawing simple 2D screen
DEBUG: Drew unified screen in simple mode
DEBUG: Simple mode active - screen shows original 2D framebuffer view
DEBUG: Rendering MediaScreen Video Screen (istockphoto-482277170-640_adpp_is.mp4) with texture 3
DEBUG: Rendering screen Video Screen (istockphoto-482277170-640_adpp_is.mp4) of type screen_2d
DEBUG: Rendering MediaScreen Video Screen (istockphoto-482277170-640_adpp_is.mp4) with texture 3
DEBUG: ===== CANVAS update_sphere_view_vector() CALLED =====
DEBUG: Canvas syncing view_vector with sphere vector_direction: [1. 0. 0.]
DEBUG: Normalized view_vector: [1. 0. 0.]
DEBUG: Red vector direction: [1. 0. 0.]
DEBUG: Normalized view vector: [1.000, 0.000, 0.000]
DEBUG: Red cube position: [2. 0. 2.]
DEBUG: Expected direction to cube: [0.70710678 0.         0.70710678]
DEBUG: Actual view vector: [1. 0. 0.]
DEBUG: Dot product: 0.707
DEBUG: ⚠️ WARNING: View vector not pointing toward cube!
DEBUG: Consider setting vector direction to point toward cube
DEBUG: Suggested vector direction: [2.12132034 0.         2.12132034]
DEBUG: Angle to cube: 45.0° (should be < 30° to be visible)
DEBUG: Cube direction: [0.707, 0.000, 0.707]
DEBUG: 2D screen using perspective projection - FOV: 60.0°
DEBUG: ===== SIMPLE MODE CAMERA SETUP =====
DEBUG: Simple mode sphere_pos: [0. 0. 0.]
DEBUG: Simple mode view_dir: [1. 0. 0.]
DEBUG: Simple mode look_at: [10.  0.  0.]
DEBUG: Cube position: [2. 0. 2.]
DEBUG: Direction to cube: [0.70710678 0.         0.70710678]
DEBUG: View direction: [1. 0. 0.]
DEBUG: Angle between view and cube direction: 45.0° (should be close to 0°)
DEBUG: Are we looking toward cube? False
DEBUG: ==============================================
DEBUG: ===== SIMPLE MODE CUBE ROTATION =====
DEBUG: Simple mode applying cube rotation: [0.0°, 0.0°, 0.0°]
DEBUG: =========================================
DEBUG: Simple 2D screen rendered - reference objects disabled to prevent yellow box artifact
DEBUG: Using perspective projection - FOV: 60.0°
DEBUG: Canvas mode: 'simple', Sphere mode: 'simple'
DEBUG: Sphere screen render check - canvas_enabled: True, canvas_mode: simple, sphere_enabled: True, should_render: False
DEBUG: Sphere skipping screen render (canvas mode: simple)
DEBUG: ===== SIMPLE MODE CUBE ROTATION =====
DEBUG: Simple mode applying cube rotation: [0.0°, 0.0°, 0.0°]
DEBUG: =========================================
DEBUG: ===== CANVAS draw_unified_screen() CALLED =====
DEBUG: screen_enabled: True, screen_render_mode: simple
DEBUG: Canvas drawing simple 2D screen
DEBUG: Drew unified screen in simple mode
DEBUG: Simple mode active - screen shows original 2D framebuffer view
DEBUG: Rendering 2 screens
DEBUG: Rendering screen Original 2D Screen of type screen_2d
DEBUG: ===== SIMPLE MODE CUBE ROTATION =====
DEBUG: Simple mode applying cube rotation: [0.0°, 0.0°, 0.0°]
DEBUG: =========================================
DEBUG: ===== CANVAS draw_unified_screen() CALLED =====
DEBUG: screen_enabled: True, screen_render_mode: simple
DEBUG: Canvas drawing simple 2D screen
DEBUG: Drew unified screen in simple mode
DEBUG: Simple mode active - screen shows original 2D framebuffer view
DEBUG: Rendering MediaScreen Video Screen (istockphoto-482277170-640_adpp_is.mp4) with texture 3
DEBUG: Rendering screen Video Screen (istockphoto-482277170-640_adpp_is.mp4) of type screen_2d
DEBUG: Rendering MediaScreen Video Screen (istockphoto-482277170-640_adpp_is.mp4) with texture 3
DEBUG: Frame 90, audio: 3.00s, video: 3.00s, sync diff: 0.002s
DEBUG: ===== CANVAS update_sphere_view_vector() CALLED =====
DEBUG: Canvas syncing view_vector with sphere vector_direction: [1. 0. 0.]
DEBUG: Normalized view_vector: [1. 0. 0.]
DEBUG: Red vector direction: [1. 0. 0.]
DEBUG: Normalized view vector: [1.000, 0.000, 0.000]
DEBUG: Red cube position: [2. 0. 2.]
DEBUG: Expected direction to cube: [0.70710678 0.         0.70710678]
DEBUG: Actual view vector: [1. 0. 0.]
DEBUG: Dot product: 0.707
DEBUG: ⚠️ WARNING: View vector not pointing toward cube!
DEBUG: Consider setting vector direction to point toward cube
DEBUG: Suggested vector direction: [2.12132034 0.         2.12132034]
DEBUG: Angle to cube: 45.0° (should be < 30° to be visible)
DEBUG: Cube direction: [0.707, 0.000, 0.707]
DEBUG: 2D screen using perspective projection - FOV: 60.0°
DEBUG: ===== SIMPLE MODE CAMERA SETUP =====
DEBUG: Simple mode sphere_pos: [0. 0. 0.]
DEBUG: Simple mode view_dir: [1. 0. 0.]
DEBUG: Simple mode look_at: [10.  0.  0.]
DEBUG: Cube position: [2. 0. 2.]
DEBUG: Direction to cube: [0.70710678 0.         0.70710678]
DEBUG: View direction: [1. 0. 0.]
DEBUG: Angle between view and cube direction: 45.0° (should be close to 0°)
DEBUG: Are we looking toward cube? False
DEBUG: ==============================================
DEBUG: ===== SIMPLE MODE CUBE ROTATION =====
DEBUG: Simple mode applying cube rotation: [0.0°, 0.0°, 0.0°]
DEBUG: =========================================
DEBUG: Simple 2D screen rendered - reference objects disabled to prevent yellow box artifact
DEBUG: Using perspective projection - FOV: 60.0°
DEBUG: Canvas mode: 'simple', Sphere mode: 'simple'
DEBUG: Sphere screen render check - canvas_enabled: True, canvas_mode: simple, sphere_enabled: True, should_render: False
DEBUG: Sphere skipping screen render (canvas mode: simple)
DEBUG: ===== SIMPLE MODE CUBE ROTATION =====
DEBUG: Simple mode applying cube rotation: [0.0°, 0.0°, 0.0°]
DEBUG: =========================================
DEBUG: ===== CANVAS draw_unified_screen() CALLED =====
DEBUG: screen_enabled: True, screen_render_mode: simple
DEBUG: Canvas drawing simple 2D screen
DEBUG: Drew unified screen in simple mode
DEBUG: Simple mode active - screen shows original 2D framebuffer view
DEBUG: Rendering 2 screens
DEBUG: Rendering screen Original 2D Screen of type screen_2d
DEBUG: ===== SIMPLE MODE CUBE ROTATION =====
DEBUG: Simple mode applying cube rotation: [0.0°, 0.0°, 0.0°]
DEBUG: =========================================
DEBUG: ===== CANVAS draw_unified_screen() CALLED =====
DEBUG: screen_enabled: True, screen_render_mode: simple
DEBUG: Canvas drawing simple 2D screen
DEBUG: Drew unified screen in simple mode
DEBUG: Simple mode active - screen shows original 2D framebuffer view
DEBUG: Rendering MediaScreen Video Screen (istockphoto-482277170-640_adpp_is.mp4) with texture 3
DEBUG: Rendering screen Video Screen (istockphoto-482277170-640_adpp_is.mp4) of type screen_2d
DEBUG: Rendering MediaScreen Video Screen (istockphoto-482277170-640_adpp_is.mp4) with texture 3
DEBUG: ===== CANVAS update_sphere_view_vector() CALLED =====
DEBUG: Canvas syncing view_vector with sphere vector_direction: [1. 0. 0.]
DEBUG: Normalized view_vector: [1. 0. 0.]
DEBUG: Red vector direction: [1. 0. 0.]
DEBUG: Normalized view vector: [1.000, 0.000, 0.000]
DEBUG: Red cube position: [2. 0. 2.]
DEBUG: Expected direction to cube: [0.70710678 0.         0.70710678]
DEBUG: Actual view vector: [1. 0. 0.]
DEBUG: Dot product: 0.707
DEBUG: ⚠️ WARNING: View vector not pointing toward cube!
DEBUG: Consider setting vector direction to point toward cube
DEBUG: Suggested vector direction: [2.12132034 0.         2.12132034]
DEBUG: Angle to cube: 45.0° (should be < 30° to be visible)
DEBUG: Cube direction: [0.707, 0.000, 0.707]
DEBUG: 2D screen using perspective projection - FOV: 60.0°
DEBUG: ===== SIMPLE MODE CAMERA SETUP =====
DEBUG: Simple mode sphere_pos: [0. 0. 0.]
DEBUG: Simple mode view_dir: [1. 0. 0.]
DEBUG: Simple mode look_at: [10.  0.  0.]
DEBUG: Cube position: [2. 0. 2.]
DEBUG: Direction to cube: [0.70710678 0.         0.70710678]
DEBUG: View direction: [1. 0. 0.]
DEBUG: Angle between view and cube direction: 45.0° (should be close to 0°)
DEBUG: Are we looking toward cube? False
DEBUG: ==============================================
DEBUG: ===== SIMPLE MODE CUBE ROTATION =====
DEBUG: Simple mode applying cube rotation: [0.0°, 0.0°, 0.0°]
DEBUG: =========================================
DEBUG: Simple 2D screen rendered - reference objects disabled to prevent yellow box artifact
DEBUG: Using perspective projection - FOV: 60.0°
DEBUG: Canvas mode: 'simple', Sphere mode: 'simple'
DEBUG: Sphere screen render check - canvas_enabled: True, canvas_mode: simple, sphere_enabled: True, should_render: False
DEBUG: Sphere skipping screen render (canvas mode: simple)
DEBUG: ===== SIMPLE MODE CUBE ROTATION =====
DEBUG: Simple mode applying cube rotation: [0.0°, 0.0°, 0.0°]
DEBUG: =========================================
DEBUG: ===== CANVAS draw_unified_screen() CALLED =====
DEBUG: screen_enabled: True, screen_render_mode: simple
DEBUG: Canvas drawing simple 2D screen
DEBUG: Drew unified screen in simple mode
DEBUG: Simple mode active - screen shows original 2D framebuffer view
DEBUG: Rendering 2 screens
DEBUG: Rendering screen Original 2D Screen of type screen_2d
DEBUG: ===== SIMPLE MODE CUBE ROTATION =====
DEBUG: Simple mode applying cube rotation: [0.0°, 0.0°, 0.0°]
DEBUG: =========================================
DEBUG: ===== CANVAS draw_unified_screen() CALLED =====
DEBUG: screen_enabled: True, screen_render_mode: simple
DEBUG: Canvas drawing simple 2D screen
DEBUG: Drew unified screen in simple mode
DEBUG: Simple mode active - screen shows original 2D framebuffer view
DEBUG: Rendering MediaScreen Video Screen (istockphoto-482277170-640_adpp_is.mp4) with texture 3
DEBUG: Rendering screen Video Screen (istockphoto-482277170-640_adpp_is.mp4) of type screen_2d
DEBUG: Rendering MediaScreen Video Screen (istockphoto-482277170-640_adpp_is.mp4) with texture 3
DEBUG: ===== CANVAS update_sphere_view_vector() CALLED =====
DEBUG: Canvas syncing view_vector with sphere vector_direction: [1. 0. 0.]
DEBUG: Normalized view_vector: [1. 0. 0.]
DEBUG: Red vector direction: [1. 0. 0.]
DEBUG: Normalized view vector: [1.000, 0.000, 0.000]
DEBUG: Red cube position: [2. 0. 2.]
DEBUG: Expected direction to cube: [0.70710678 0.         0.70710678]
DEBUG: Actual view vector: [1. 0. 0.]
DEBUG: Dot product: 0.707
DEBUG: ⚠️ WARNING: View vector not pointing toward cube!
DEBUG: Consider setting vector direction to point toward cube
DEBUG: Suggested vector direction: [2.12132034 0.         2.12132034]
DEBUG: Angle to cube: 45.0° (should be < 30° to be visible)
DEBUG: Cube direction: [0.707, 0.000, 0.707]
DEBUG: 2D screen using perspective projection - FOV: 60.0°
DEBUG: ===== SIMPLE MODE CAMERA SETUP =====
DEBUG: Simple mode sphere_pos: [0. 0. 0.]
DEBUG: Simple mode view_dir: [1. 0. 0.]
DEBUG: Simple mode look_at: [10.  0.  0.]
DEBUG: Cube position: [2. 0. 2.]
DEBUG: Direction to cube: [0.70710678 0.         0.70710678]
DEBUG: View direction: [1. 0. 0.]
DEBUG: Angle between view and cube direction: 45.0° (should be close to 0°)
DEBUG: Are we looking toward cube? False
DEBUG: ==============================================
DEBUG: ===== SIMPLE MODE CUBE ROTATION =====
DEBUG: Simple mode applying cube rotation: [0.0°, 0.0°, 0.0°]
DEBUG: =========================================
DEBUG: Simple 2D screen rendered - reference objects disabled to prevent yellow box artifact
DEBUG: Using perspective projection - FOV: 60.0°
DEBUG: Canvas mode: 'simple', Sphere mode: 'simple'
DEBUG: Sphere screen render check - canvas_enabled: True, canvas_mode: simple, sphere_enabled: True, should_render: False
DEBUG: Sphere skipping screen render (canvas mode: simple)
DEBUG: ===== SIMPLE MODE CUBE ROTATION =====
DEBUG: Simple mode applying cube rotation: [0.0°, 0.0°, 0.0°]
DEBUG: =========================================
DEBUG: ===== CANVAS draw_unified_screen() CALLED =====
DEBUG: screen_enabled: True, screen_render_mode: simple
DEBUG: Canvas drawing simple 2D screen
DEBUG: Drew unified screen in simple mode
DEBUG: Simple mode active - screen shows original 2D framebuffer view
DEBUG: Rendering 2 screens
DEBUG: Rendering screen Original 2D Screen of type screen_2d
DEBUG: ===== SIMPLE MODE CUBE ROTATION =====
DEBUG: Simple mode applying cube rotation: [0.0°, 0.0°, 0.0°]
DEBUG: =========================================
DEBUG: ===== CANVAS draw_unified_screen() CALLED =====
DEBUG: screen_enabled: True, screen_render_mode: simple
DEBUG: Canvas drawing simple 2D screen
DEBUG: Drew unified screen in simple mode
DEBUG: Simple mode active - screen shows original 2D framebuffer view
DEBUG: Rendering MediaScreen Video Screen (istockphoto-482277170-640_adpp_is.mp4) with texture 3
DEBUG: Rendering screen Video Screen (istockphoto-482277170-640_adpp_is.mp4) of type screen_2d
DEBUG: Rendering MediaScreen Video Screen (istockphoto-482277170-640_adpp_is.mp4) with texture 3
DEBUG: ===== CANVAS update_sphere_view_vector() CALLED =====
DEBUG: Canvas syncing view_vector with sphere vector_direction: [1. 0. 0.]
DEBUG: Normalized view_vector: [1. 0. 0.]
DEBUG: Red vector direction: [1. 0. 0.]
DEBUG: Normalized view vector: [1.000, 0.000, 0.000]
DEBUG: Red cube position: [2. 0. 2.]
DEBUG: Expected direction to cube: [0.70710678 0.         0.70710678]
DEBUG: Actual view vector: [1. 0. 0.]
DEBUG: Dot product: 0.707
DEBUG: ⚠️ WARNING: View vector not pointing toward cube!
DEBUG: Consider setting vector direction to point toward cube
DEBUG: Suggested vector direction: [2.12132034 0.         2.12132034]
DEBUG: Angle to cube: 45.0° (should be < 30° to be visible)
DEBUG: Cube direction: [0.707, 0.000, 0.707]
DEBUG: 2D screen using perspective projection - FOV: 60.0°
DEBUG: ===== SIMPLE MODE CAMERA SETUP =====
DEBUG: Simple mode sphere_pos: [0. 0. 0.]
DEBUG: Simple mode view_dir: [1. 0. 0.]
DEBUG: Simple mode look_at: [10.  0.  0.]
DEBUG: Cube position: [2. 0. 2.]
DEBUG: Direction to cube: [0.70710678 0.         0.70710678]
DEBUG: View direction: [1. 0. 0.]
DEBUG: Angle between view and cube direction: 45.0° (should be close to 0°)
DEBUG: Are we looking toward cube? False
DEBUG: ==============================================
DEBUG: ===== SIMPLE MODE CUBE ROTATION =====
DEBUG: Simple mode applying cube rotation: [0.0°, 0.0°, 0.0°]
DEBUG: =========================================
DEBUG: Simple 2D screen rendered - reference objects disabled to prevent yellow box artifact
DEBUG: Using perspective projection - FOV: 60.0°
DEBUG: Canvas mode: 'simple', Sphere mode: 'simple'
DEBUG: Sphere screen render check - canvas_enabled: True, canvas_mode: simple, sphere_enabled: True, should_render: False
DEBUG: Sphere skipping screen render (canvas mode: simple)
DEBUG: ===== SIMPLE MODE CUBE ROTATION =====
DEBUG: Simple mode applying cube rotation: [0.0°, 0.0°, 0.0°]
DEBUG: =========================================
DEBUG: ===== CANVAS draw_unified_screen() CALLED =====
DEBUG: screen_enabled: True, screen_render_mode: simple
DEBUG: Canvas drawing simple 2D screen
DEBUG: Drew unified screen in simple mode
DEBUG: Simple mode active - screen shows original 2D framebuffer view
DEBUG: Rendering 2 screens
DEBUG: Rendering screen Original 2D Screen of type screen_2d
DEBUG: ===== SIMPLE MODE CUBE ROTATION =====
DEBUG: Simple mode applying cube rotation: [0.0°, 0.0°, 0.0°]
DEBUG: =========================================
DEBUG: ===== CANVAS draw_unified_screen() CALLED =====
DEBUG: screen_enabled: True, screen_render_mode: simple
DEBUG: Canvas drawing simple 2D screen
DEBUG: Drew unified screen in simple mode
DEBUG: Simple mode active - screen shows original 2D framebuffer view
DEBUG: Rendering MediaScreen Video Screen (istockphoto-482277170-640_adpp_is.mp4) with texture 3
DEBUG: Rendering screen Video Screen (istockphoto-482277170-640_adpp_is.mp4) of type screen_2d
DEBUG: Rendering MediaScreen Video Screen (istockphoto-482277170-640_adpp_is.mp4) with texture 3
DEBUG: ===== CANVAS update_sphere_view_vector() CALLED =====
DEBUG: Canvas syncing view_vector with sphere vector_direction: [1. 0. 0.]
DEBUG: Normalized view_vector: [1. 0. 0.]
DEBUG: Red vector direction: [1. 0. 0.]
DEBUG: Normalized view vector: [1.000, 0.000, 0.000]
DEBUG: Red cube position: [2. 0. 2.]
DEBUG: Expected direction to cube: [0.70710678 0.         0.70710678]
DEBUG: Actual view vector: [1. 0. 0.]
DEBUG: Dot product: 0.707
DEBUG: ⚠️ WARNING: View vector not pointing toward cube!
DEBUG: Consider setting vector direction to point toward cube
DEBUG: Suggested vector direction: [2.12132034 0.         2.12132034]
DEBUG: Angle to cube: 45.0° (should be < 30° to be visible)
DEBUG: Cube direction: [0.707, 0.000, 0.707]
DEBUG: 2D screen using perspective projection - FOV: 60.0°
DEBUG: ===== SIMPLE MODE CAMERA SETUP =====
DEBUG: Simple mode sphere_pos: [0. 0. 0.]
DEBUG: Simple mode view_dir: [1. 0. 0.]
DEBUG: Simple mode look_at: [10.  0.  0.]
DEBUG: Cube position: [2. 0. 2.]
DEBUG: Direction to cube: [0.70710678 0.         0.70710678]
DEBUG: View direction: [1. 0. 0.]
DEBUG: Angle between view and cube direction: 45.0° (should be close to 0°)
DEBUG: Are we looking toward cube? False
DEBUG: ==============================================
DEBUG: ===== SIMPLE MODE CUBE ROTATION =====
DEBUG: Simple mode applying cube rotation: [0.0°, 0.0°, 0.0°]
DEBUG: =========================================
DEBUG: Simple 2D screen rendered - reference objects disabled to prevent yellow box artifact
DEBUG: Using perspective projection - FOV: 60.0°
DEBUG: Canvas mode: 'simple', Sphere mode: 'simple'
DEBUG: Sphere screen render check - canvas_enabled: True, canvas_mode: simple, sphere_enabled: True, should_render: False
DEBUG: Sphere skipping screen render (canvas mode: simple)
DEBUG: ===== SIMPLE MODE CUBE ROTATION =====
DEBUG: Simple mode applying cube rotation: [0.0°, 0.0°, 0.0°]
DEBUG: =========================================
DEBUG: ===== CANVAS draw_unified_screen() CALLED =====
DEBUG: screen_enabled: True, screen_render_mode: simple
DEBUG: Canvas drawing simple 2D screen
DEBUG: Drew unified screen in simple mode
DEBUG: Simple mode active - screen shows original 2D framebuffer view
DEBUG: Rendering 2 screens
DEBUG: Rendering screen Original 2D Screen of type screen_2d
DEBUG: ===== SIMPLE MODE CUBE ROTATION =====
DEBUG: Simple mode applying cube rotation: [0.0°, 0.0°, 0.0°]
DEBUG: =========================================
DEBUG: ===== CANVAS draw_unified_screen() CALLED =====
DEBUG: screen_enabled: True, screen_render_mode: simple
DEBUG: Canvas drawing simple 2D screen
DEBUG: Drew unified screen in simple mode
DEBUG: Simple mode active - screen shows original 2D framebuffer view
DEBUG: Rendering MediaScreen Video Screen (istockphoto-482277170-640_adpp_is.mp4) with texture 3
DEBUG: Rendering screen Video Screen (istockphoto-482277170-640_adpp_is.mp4) of type screen_2d
DEBUG: Rendering MediaScreen Video Screen (istockphoto-482277170-640_adpp_is.mp4) with texture 3
DEBUG: ===== CANVAS update_sphere_view_vector() CALLED =====
DEBUG: Canvas syncing view_vector with sphere vector_direction: [1. 0. 0.]
DEBUG: Normalized view_vector: [1. 0. 0.]
DEBUG: Red vector direction: [1. 0. 0.]
DEBUG: Normalized view vector: [1.000, 0.000, 0.000]
DEBUG: Red cube position: [2. 0. 2.]
DEBUG: Expected direction to cube: [0.70710678 0.         0.70710678]
DEBUG: Actual view vector: [1. 0. 0.]
DEBUG: Dot product: 0.707
DEBUG: ⚠️ WARNING: View vector not pointing toward cube!
DEBUG: Consider setting vector direction to point toward cube
DEBUG: Suggested vector direction: [2.12132034 0.         2.12132034]
DEBUG: Angle to cube: 45.0° (should be < 30° to be visible)
DEBUG: Cube direction: [0.707, 0.000, 0.707]
DEBUG: 2D screen using perspective projection - FOV: 60.0°
DEBUG: ===== SIMPLE MODE CAMERA SETUP =====
DEBUG: Simple mode sphere_pos: [0. 0. 0.]
DEBUG: Simple mode view_dir: [1. 0. 0.]
DEBUG: Simple mode look_at: [10.  0.  0.]
DEBUG: Cube position: [2. 0. 2.]
DEBUG: Direction to cube: [0.70710678 0.         0.70710678]
DEBUG: View direction: [1. 0. 0.]
DEBUG: Angle between view and cube direction: 45.0° (should be close to 0°)
DEBUG: Are we looking toward cube? False
DEBUG: ==============================================
DEBUG: ===== SIMPLE MODE CUBE ROTATION =====
DEBUG: Simple mode applying cube rotation: [0.0°, 0.0°, 0.0°]
DEBUG: =========================================
DEBUG: Simple 2D screen rendered - reference objects disabled to prevent yellow box artifact
DEBUG: Using perspective projection - FOV: 60.0°
DEBUG: Canvas mode: 'simple', Sphere mode: 'simple'
DEBUG: Sphere screen render check - canvas_enabled: True, canvas_mode: simple, sphere_enabled: True, should_render: False
DEBUG: Sphere skipping screen render (canvas mode: simple)
DEBUG: ===== SIMPLE MODE CUBE ROTATION =====
DEBUG: Simple mode applying cube rotation: [0.0°, 0.0°, 0.0°]
DEBUG: =========================================
DEBUG: ===== CANVAS draw_unified_screen() CALLED =====
DEBUG: screen_enabled: True, screen_render_mode: simple
DEBUG: Canvas drawing simple 2D screen
DEBUG: Drew unified screen in simple mode
DEBUG: Simple mode active - screen shows original 2D framebuffer view
DEBUG: Rendering 2 screens
DEBUG: Rendering screen Original 2D Screen of type screen_2d
DEBUG: ===== SIMPLE MODE CUBE ROTATION =====
DEBUG: Simple mode applying cube rotation: [0.0°, 0.0°, 0.0°]
DEBUG: =========================================
DEBUG: ===== CANVAS draw_unified_screen() CALLED =====
DEBUG: screen_enabled: True, screen_render_mode: simple
DEBUG: Canvas drawing simple 2D screen
DEBUG: Drew unified screen in simple mode
DEBUG: Simple mode active - screen shows original 2D framebuffer view
DEBUG: Rendering MediaScreen Video Screen (istockphoto-482277170-640_adpp_is.mp4) with texture 3
DEBUG: Rendering screen Video Screen (istockphoto-482277170-640_adpp_is.mp4) of type screen_2d
DEBUG: Rendering MediaScreen Video Screen (istockphoto-482277170-640_adpp_is.mp4) with texture 3
DEBUG: ===== CANVAS update_sphere_view_vector() CALLED =====
DEBUG: Canvas syncing view_vector with sphere vector_direction: [1. 0. 0.]
DEBUG: Normalized view_vector: [1. 0. 0.]
DEBUG: Red vector direction: [1. 0. 0.]
DEBUG: Normalized view vector: [1.000, 0.000, 0.000]
DEBUG: Red cube position: [2. 0. 2.]
DEBUG: Expected direction to cube: [0.70710678 0.         0.70710678]
DEBUG: Actual view vector: [1. 0. 0.]
DEBUG: Dot product: 0.707
DEBUG: ⚠️ WARNING: View vector not pointing toward cube!
DEBUG: Consider setting vector direction to point toward cube
DEBUG: Suggested vector direction: [2.12132034 0.         2.12132034]
DEBUG: Angle to cube: 45.0° (should be < 30° to be visible)
DEBUG: Cube direction: [0.707, 0.000, 0.707]
DEBUG: 2D screen using perspective projection - FOV: 60.0°
DEBUG: ===== SIMPLE MODE CAMERA SETUP =====
DEBUG: Simple mode sphere_pos: [0. 0. 0.]
DEBUG: Simple mode view_dir: [1. 0. 0.]
DEBUG: Simple mode look_at: [10.  0.  0.]
DEBUG: Cube position: [2. 0. 2.]
DEBUG: Direction to cube: [0.70710678 0.         0.70710678]
DEBUG: View direction: [1. 0. 0.]
DEBUG: Angle between view and cube direction: 45.0° (should be close to 0°)
DEBUG: Are we looking toward cube? False
DEBUG: ==============================================
DEBUG: ===== SIMPLE MODE CUBE ROTATION =====
DEBUG: Simple mode applying cube rotation: [0.0°, 0.0°, 0.0°]
DEBUG: =========================================
DEBUG: Simple 2D screen rendered - reference objects disabled to prevent yellow box artifact
DEBUG: Using perspective projection - FOV: 60.0°
DEBUG: Canvas mode: 'simple', Sphere mode: 'simple'
DEBUG: Sphere screen render check - canvas_enabled: True, canvas_mode: simple, sphere_enabled: True, should_render: False
DEBUG: Sphere skipping screen render (canvas mode: simple)
DEBUG: ===== SIMPLE MODE CUBE ROTATION =====
DEBUG: Simple mode applying cube rotation: [0.0°, 0.0°, 0.0°]
DEBUG: =========================================
DEBUG: ===== CANVAS draw_unified_screen() CALLED =====
DEBUG: screen_enabled: True, screen_render_mode: simple
DEBUG: Canvas drawing simple 2D screen
DEBUG: Drew unified screen in simple mode
DEBUG: Simple mode active - screen shows original 2D framebuffer view
DEBUG: Rendering 2 screens
DEBUG: Rendering screen Original 2D Screen of type screen_2d
DEBUG: ===== SIMPLE MODE CUBE ROTATION =====
DEBUG: Simple mode applying cube rotation: [0.0°, 0.0°, 0.0°]
DEBUG: =========================================
DEBUG: ===== CANVAS draw_unified_screen() CALLED =====
DEBUG: screen_enabled: True, screen_render_mode: simple
DEBUG: Canvas drawing simple 2D screen
DEBUG: Drew unified screen in simple mode
DEBUG: Simple mode active - screen shows original 2D framebuffer view
DEBUG: Rendering MediaScreen Video Screen (istockphoto-482277170-640_adpp_is.mp4) with texture 3
DEBUG: Rendering screen Video Screen (istockphoto-482277170-640_adpp_is.mp4) of type screen_2d
DEBUG: Rendering MediaScreen Video Screen (istockphoto-482277170-640_adpp_is.mp4) with texture 3
DEBUG: ===== CANVAS update_sphere_view_vector() CALLED =====
DEBUG: Canvas syncing view_vector with sphere vector_direction: [1. 0. 0.]
DEBUG: Normalized view_vector: [1. 0. 0.]
DEBUG: Red vector direction: [1. 0. 0.]
DEBUG: Normalized view vector: [1.000, 0.000, 0.000]
DEBUG: Red cube position: [2. 0. 2.]
DEBUG: Expected direction to cube: [0.70710678 0.         0.70710678]
DEBUG: Actual view vector: [1. 0. 0.]
DEBUG: Dot product: 0.707
DEBUG: ⚠️ WARNING: View vector not pointing toward cube!
DEBUG: Consider setting vector direction to point toward cube
DEBUG: Suggested vector direction: [2.12132034 0.         2.12132034]
DEBUG: Angle to cube: 45.0° (should be < 30° to be visible)
DEBUG: Cube direction: [0.707, 0.000, 0.707]
DEBUG: 2D screen using perspective projection - FOV: 60.0°
DEBUG: ===== SIMPLE MODE CAMERA SETUP =====
DEBUG: Simple mode sphere_pos: [0. 0. 0.]
DEBUG: Simple mode view_dir: [1. 0. 0.]
DEBUG: Simple mode look_at: [10.  0.  0.]
DEBUG: Cube position: [2. 0. 2.]
DEBUG: Direction to cube: [0.70710678 0.         0.70710678]
DEBUG: View direction: [1. 0. 0.]
DEBUG: Angle between view and cube direction: 45.0° (should be close to 0°)
DEBUG: Are we looking toward cube? False
DEBUG: ==============================================
DEBUG: ===== SIMPLE MODE CUBE ROTATION =====
DEBUG: Simple mode applying cube rotation: [0.0°, 0.0°, 0.0°]
DEBUG: =========================================
DEBUG: Simple 2D screen rendered - reference objects disabled to prevent yellow box artifact
DEBUG: Using perspective projection - FOV: 60.0°
DEBUG: Canvas mode: 'simple', Sphere mode: 'simple'
DEBUG: Sphere screen render check - canvas_enabled: True, canvas_mode: simple, sphere_enabled: True, should_render: False
DEBUG: Sphere skipping screen render (canvas mode: simple)
DEBUG: ===== SIMPLE MODE CUBE ROTATION =====
DEBUG: Simple mode applying cube rotation: [0.0°, 0.0°, 0.0°]
DEBUG: =========================================
DEBUG: ===== CANVAS draw_unified_screen() CALLED =====
DEBUG: screen_enabled: True, screen_render_mode: simple
DEBUG: Canvas drawing simple 2D screen
DEBUG: Drew unified screen in simple mode
DEBUG: Simple mode active - screen shows original 2D framebuffer view
DEBUG: Rendering 2 screens
DEBUG: Rendering screen Original 2D Screen of type screen_2d
DEBUG: ===== SIMPLE MODE CUBE ROTATION =====
DEBUG: Simple mode applying cube rotation: [0.0°, 0.0°, 0.0°]
DEBUG: =========================================
DEBUG: ===== CANVAS draw_unified_screen() CALLED =====
DEBUG: screen_enabled: True, screen_render_mode: simple
DEBUG: Canvas drawing simple 2D screen
DEBUG: Drew unified screen in simple mode
DEBUG: Simple mode active - screen shows original 2D framebuffer view
DEBUG: Rendering MediaScreen Video Screen (istockphoto-482277170-640_adpp_is.mp4) with texture 3
DEBUG: Rendering screen Video Screen (istockphoto-482277170-640_adpp_is.mp4) of type screen_2d
DEBUG: Rendering MediaScreen Video Screen (istockphoto-482277170-640_adpp_is.mp4) with texture 3
DEBUG: ===== CANVAS update_sphere_view_vector() CALLED =====
DEBUG: Canvas syncing view_vector with sphere vector_direction: [1. 0. 0.]
DEBUG: Normalized view_vector: [1. 0. 0.]
DEBUG: Red vector direction: [1. 0. 0.]
DEBUG: Normalized view vector: [1.000, 0.000, 0.000]
DEBUG: Red cube position: [2. 0. 2.]
DEBUG: Expected direction to cube: [0.70710678 0.         0.70710678]
DEBUG: Actual view vector: [1. 0. 0.]
DEBUG: Dot product: 0.707
DEBUG: ⚠️ WARNING: View vector not pointing toward cube!
DEBUG: Consider setting vector direction to point toward cube
DEBUG: Suggested vector direction: [2.12132034 0.         2.12132034]
DEBUG: Angle to cube: 45.0° (should be < 30° to be visible)
DEBUG: Cube direction: [0.707, 0.000, 0.707]
DEBUG: 2D screen using perspective projection - FOV: 60.0°
DEBUG: ===== SIMPLE MODE CAMERA SETUP =====
DEBUG: Simple mode sphere_pos: [0. 0. 0.]
DEBUG: Simple mode view_dir: [1. 0. 0.]
DEBUG: Simple mode look_at: [10.  0.  0.]
DEBUG: Cube position: [2. 0. 2.]
DEBUG: Direction to cube: [0.70710678 0.         0.70710678]
DEBUG: View direction: [1. 0. 0.]
DEBUG: Angle between view and cube direction: 45.0° (should be close to 0°)
DEBUG: Are we looking toward cube? False
DEBUG: ==============================================
DEBUG: ===== SIMPLE MODE CUBE ROTATION =====
DEBUG: Simple mode applying cube rotation: [0.0°, 0.0°, 0.0°]
DEBUG: =========================================
DEBUG: Simple 2D screen rendered - reference objects disabled to prevent yellow box artifact
DEBUG: Using perspective projection - FOV: 60.0°
DEBUG: Canvas mode: 'simple', Sphere mode: 'simple'
DEBUG: Sphere screen render check - canvas_enabled: True, canvas_mode: simple, sphere_enabled: True, should_render: False
DEBUG: Sphere skipping screen render (canvas mode: simple)
DEBUG: ===== SIMPLE MODE CUBE ROTATION =====
DEBUG: Simple mode applying cube rotation: [0.0°, 0.0°, 0.0°]
DEBUG: =========================================
DEBUG: ===== CANVAS draw_unified_screen() CALLED =====
DEBUG: screen_enabled: True, screen_render_mode: simple
DEBUG: Canvas drawing simple 2D screen
DEBUG: Drew unified screen in simple mode
DEBUG: Simple mode active - screen shows original 2D framebuffer view
DEBUG: Rendering 2 screens
DEBUG: Rendering screen Original 2D Screen of type screen_2d
DEBUG: ===== SIMPLE MODE CUBE ROTATION =====
DEBUG: Simple mode applying cube rotation: [0.0°, 0.0°, 0.0°]
DEBUG: =========================================
DEBUG: ===== CANVAS draw_unified_screen() CALLED =====
DEBUG: screen_enabled: True, screen_render_mode: simple
DEBUG: Canvas drawing simple 2D screen
DEBUG: Drew unified screen in simple mode
DEBUG: Simple mode active - screen shows original 2D framebuffer view
DEBUG: Rendering MediaScreen Video Screen (istockphoto-482277170-640_adpp_is.mp4) with texture 3
DEBUG: Rendering screen Video Screen (istockphoto-482277170-640_adpp_is.mp4) of type screen_2d
DEBUG: Rendering MediaScreen Video Screen (istockphoto-482277170-640_adpp_is.mp4) with texture 3
DEBUG: ===== CANVAS update_sphere_view_vector() CALLED =====
DEBUG: Canvas syncing view_vector with sphere vector_direction: [1. 0. 0.]
DEBUG: Normalized view_vector: [1. 0. 0.]
DEBUG: Red vector direction: [1. 0. 0.]
DEBUG: Normalized view vector: [1.000, 0.000, 0.000]
DEBUG: Red cube position: [2. 0. 2.]
DEBUG: Expected direction to cube: [0.70710678 0.         0.70710678]
DEBUG: Actual view vector: [1. 0. 0.]
DEBUG: Dot product: 0.707
DEBUG: ⚠️ WARNING: View vector not pointing toward cube!
DEBUG: Consider setting vector direction to point toward cube
DEBUG: Suggested vector direction: [2.12132034 0.         2.12132034]
DEBUG: Angle to cube: 45.0° (should be < 30° to be visible)
DEBUG: Cube direction: [0.707, 0.000, 0.707]
DEBUG: 2D screen using perspective projection - FOV: 60.0°
DEBUG: ===== SIMPLE MODE CAMERA SETUP =====
DEBUG: Simple mode sphere_pos: [0. 0. 0.]
DEBUG: Simple mode view_dir: [1. 0. 0.]
DEBUG: Simple mode look_at: [10.  0.  0.]
DEBUG: Cube position: [2. 0. 2.]
DEBUG: Direction to cube: [0.70710678 0.         0.70710678]
DEBUG: View direction: [1. 0. 0.]
DEBUG: Angle between view and cube direction: 45.0° (should be close to 0°)
DEBUG: Are we looking toward cube? False
DEBUG: ==============================================
DEBUG: ===== SIMPLE MODE CUBE ROTATION =====
DEBUG: Simple mode applying cube rotation: [0.0°, 0.0°, 0.0°]
DEBUG: =========================================
DEBUG: Simple 2D screen rendered - reference objects disabled to prevent yellow box artifact
DEBUG: Using perspective projection - FOV: 60.0°
DEBUG: Canvas mode: 'simple', Sphere mode: 'simple'
DEBUG: Sphere screen render check - canvas_enabled: True, canvas_mode: simple, sphere_enabled: True, should_render: False
DEBUG: Sphere skipping screen render (canvas mode: simple)
DEBUG: ===== SIMPLE MODE CUBE ROTATION =====
DEBUG: Simple mode applying cube rotation: [0.0°, 0.0°, 0.0°]
DEBUG: =========================================
DEBUG: ===== CANVAS draw_unified_screen() CALLED =====
DEBUG: screen_enabled: True, screen_render_mode: simple
DEBUG: Canvas drawing simple 2D screen
DEBUG: Drew unified screen in simple mode
DEBUG: Simple mode active - screen shows original 2D framebuffer view
DEBUG: Rendering 2 screens
DEBUG: Rendering screen Original 2D Screen of type screen_2d
DEBUG: ===== SIMPLE MODE CUBE ROTATION =====
DEBUG: Simple mode applying cube rotation: [0.0°, 0.0°, 0.0°]
DEBUG: =========================================
DEBUG: ===== CANVAS draw_unified_screen() CALLED =====
DEBUG: screen_enabled: True, screen_render_mode: simple
DEBUG: Canvas drawing simple 2D screen
DEBUG: Drew unified screen in simple mode
DEBUG: Simple mode active - screen shows original 2D framebuffer view
DEBUG: Rendering MediaScreen Video Screen (istockphoto-482277170-640_adpp_is.mp4) with texture 3
DEBUG: Rendering screen Video Screen (istockphoto-482277170-640_adpp_is.mp4) of type screen_2d
DEBUG: Rendering MediaScreen Video Screen (istockphoto-482277170-640_adpp_is.mp4) with texture 3
DEBUG: ===== CANVAS update_sphere_view_vector() CALLED =====
DEBUG: Canvas syncing view_vector with sphere vector_direction: [1. 0. 0.]
DEBUG: Normalized view_vector: [1. 0. 0.]
DEBUG: Red vector direction: [1. 0. 0.]
DEBUG: Normalized view vector: [1.000, 0.000, 0.000]
DEBUG: Red cube position: [2. 0. 2.]
DEBUG: Expected direction to cube: [0.70710678 0.         0.70710678]
DEBUG: Actual view vector: [1. 0. 0.]
DEBUG: Dot product: 0.707
DEBUG: ⚠️ WARNING: View vector not pointing toward cube!
DEBUG: Consider setting vector direction to point toward cube
DEBUG: Suggested vector direction: [2.12132034 0.         2.12132034]
DEBUG: Angle to cube: 45.0° (should be < 30° to be visible)
DEBUG: Cube direction: [0.707, 0.000, 0.707]
DEBUG: 2D screen using perspective projection - FOV: 60.0°
DEBUG: ===== SIMPLE MODE CAMERA SETUP =====
DEBUG: Simple mode sphere_pos: [0. 0. 0.]
DEBUG: Simple mode view_dir: [1. 0. 0.]
DEBUG: Simple mode look_at: [10.  0.  0.]
DEBUG: Cube position: [2. 0. 2.]
DEBUG: Direction to cube: [0.70710678 0.         0.70710678]
DEBUG: View direction: [1. 0. 0.]
DEBUG: Angle between view and cube direction: 45.0° (should be close to 0°)
DEBUG: Are we looking toward cube? False
DEBUG: ==============================================
DEBUG: ===== SIMPLE MODE CUBE ROTATION =====
DEBUG: Simple mode applying cube rotation: [0.0°, 0.0°, 0.0°]
DEBUG: =========================================
DEBUG: Simple 2D screen rendered - reference objects disabled to prevent yellow box artifact
DEBUG: Using perspective projection - FOV: 60.0°
DEBUG: Canvas mode: 'simple', Sphere mode: 'simple'
DEBUG: Sphere screen render check - canvas_enabled: True, canvas_mode: simple, sphere_enabled: True, should_render: False
DEBUG: Sphere skipping screen render (canvas mode: simple)
DEBUG: ===== SIMPLE MODE CUBE ROTATION =====
DEBUG: Simple mode applying cube rotation: [0.0°, 0.0°, 0.0°]
DEBUG: =========================================
DEBUG: ===== CANVAS draw_unified_screen() CALLED =====
DEBUG: screen_enabled: True, screen_render_mode: simple
DEBUG: Canvas drawing simple 2D screen
DEBUG: Drew unified screen in simple mode
DEBUG: Simple mode active - screen shows original 2D framebuffer view
DEBUG: Rendering 2 screens
DEBUG: Rendering screen Original 2D Screen of type screen_2d
DEBUG: ===== SIMPLE MODE CUBE ROTATION =====
DEBUG: Simple mode applying cube rotation: [0.0°, 0.0°, 0.0°]
DEBUG: =========================================
DEBUG: ===== CANVAS draw_unified_screen() CALLED =====
DEBUG: screen_enabled: True, screen_render_mode: simple
DEBUG: Canvas drawing simple 2D screen
DEBUG: Drew unified screen in simple mode
DEBUG: Simple mode active - screen shows original 2D framebuffer view
DEBUG: Rendering MediaScreen Video Screen (istockphoto-482277170-640_adpp_is.mp4) with texture 3
DEBUG: Rendering screen Video Screen (istockphoto-482277170-640_adpp_is.mp4) of type screen_2d
DEBUG: Rendering MediaScreen Video Screen (istockphoto-482277170-640_adpp_is.mp4) with texture 3
DEBUG: ===== CANVAS update_sphere_view_vector() CALLED =====
DEBUG: Canvas syncing view_vector with sphere vector_direction: [1. 0. 0.]
DEBUG: Normalized view_vector: [1. 0. 0.]
DEBUG: Red vector direction: [1. 0. 0.]
DEBUG: Normalized view vector: [1.000, 0.000, 0.000]
DEBUG: Red cube position: [2. 0. 2.]
DEBUG: Expected direction to cube: [0.70710678 0.         0.70710678]
DEBUG: Actual view vector: [1. 0. 0.]
DEBUG: Dot product: 0.707
DEBUG: ⚠️ WARNING: View vector not pointing toward cube!
DEBUG: Consider setting vector direction to point toward cube
DEBUG: Suggested vector direction: [2.12132034 0.         2.12132034]
DEBUG: Angle to cube: 45.0° (should be < 30° to be visible)
DEBUG: Cube direction: [0.707, 0.000, 0.707]
DEBUG: 2D screen using perspective projection - FOV: 60.0°
DEBUG: ===== SIMPLE MODE CAMERA SETUP =====
DEBUG: Simple mode sphere_pos: [0. 0. 0.]
DEBUG: Simple mode view_dir: [1. 0. 0.]
DEBUG: Simple mode look_at: [10.  0.  0.]
DEBUG: Cube position: [2. 0. 2.]
DEBUG: Direction to cube: [0.70710678 0.         0.70710678]
DEBUG: View direction: [1. 0. 0.]
DEBUG: Angle between view and cube direction: 45.0° (should be close to 0°)
DEBUG: Are we looking toward cube? False
DEBUG: ==============================================
DEBUG: ===== SIMPLE MODE CUBE ROTATION =====
DEBUG: Simple mode applying cube rotation: [0.0°, 0.0°, 0.0°]
DEBUG: =========================================
DEBUG: Simple 2D screen rendered - reference objects disabled to prevent yellow box artifact
DEBUG: Using perspective projection - FOV: 60.0°
DEBUG: Canvas mode: 'simple', Sphere mode: 'simple'
DEBUG: Sphere screen render check - canvas_enabled: True, canvas_mode: simple, sphere_enabled: True, should_render: False
DEBUG: Sphere skipping screen render (canvas mode: simple)
DEBUG: ===== SIMPLE MODE CUBE ROTATION =====
DEBUG: Simple mode applying cube rotation: [0.0°, 0.0°, 0.0°]
DEBUG: =========================================
DEBUG: ===== CANVAS draw_unified_screen() CALLED =====
DEBUG: screen_enabled: True, screen_render_mode: simple
DEBUG: Canvas drawing simple 2D screen
DEBUG: Drew unified screen in simple mode
DEBUG: Simple mode active - screen shows original 2D framebuffer view
DEBUG: Rendering 2 screens
DEBUG: Rendering screen Original 2D Screen of type screen_2d
DEBUG: ===== SIMPLE MODE CUBE ROTATION =====
DEBUG: Simple mode applying cube rotation: [0.0°, 0.0°, 0.0°]
DEBUG: =========================================
DEBUG: ===== CANVAS draw_unified_screen() CALLED =====
DEBUG: screen_enabled: True, screen_render_mode: simple
DEBUG: Canvas drawing simple 2D screen
DEBUG: Drew unified screen in simple mode
DEBUG: Simple mode active - screen shows original 2D framebuffer view
DEBUG: Rendering MediaScreen Video Screen (istockphoto-482277170-640_adpp_is.mp4) with texture 3
DEBUG: Rendering screen Video Screen (istockphoto-482277170-640_adpp_is.mp4) of type screen_2d
DEBUG: Rendering MediaScreen Video Screen (istockphoto-482277170-640_adpp_is.mp4) with texture 3
DEBUG: ===== CANVAS update_sphere_view_vector() CALLED =====
DEBUG: Canvas syncing view_vector with sphere vector_direction: [1. 0. 0.]
DEBUG: Normalized view_vector: [1. 0. 0.]
DEBUG: Red vector direction: [1. 0. 0.]
DEBUG: Normalized view vector: [1.000, 0.000, 0.000]
DEBUG: Red cube position: [2. 0. 2.]
DEBUG: Expected direction to cube: [0.70710678 0.         0.70710678]
DEBUG: Actual view vector: [1. 0. 0.]
DEBUG: Dot product: 0.707
DEBUG: ⚠️ WARNING: View vector not pointing toward cube!
DEBUG: Consider setting vector direction to point toward cube
DEBUG: Suggested vector direction: [2.12132034 0.         2.12132034]
DEBUG: Angle to cube: 45.0° (should be < 30° to be visible)
DEBUG: Cube direction: [0.707, 0.000, 0.707]
DEBUG: 2D screen using perspective projection - FOV: 60.0°
DEBUG: ===== SIMPLE MODE CAMERA SETUP =====
DEBUG: Simple mode sphere_pos: [0. 0. 0.]
DEBUG: Simple mode view_dir: [1. 0. 0.]
DEBUG: Simple mode look_at: [10.  0.  0.]
DEBUG: Cube position: [2. 0. 2.]
DEBUG: Direction to cube: [0.70710678 0.         0.70710678]
DEBUG: View direction: [1. 0. 0.]
DEBUG: Angle between view and cube direction: 45.0° (should be close to 0°)
DEBUG: Are we looking toward cube? False
DEBUG: ==============================================
DEBUG: ===== SIMPLE MODE CUBE ROTATION =====
DEBUG: Simple mode applying cube rotation: [0.0°, 0.0°, 0.0°]
DEBUG: =========================================
DEBUG: Simple 2D screen rendered - reference objects disabled to prevent yellow box artifact
DEBUG: Using perspective projection - FOV: 60.0°
DEBUG: Canvas mode: 'simple', Sphere mode: 'simple'
DEBUG: Sphere screen render check - canvas_enabled: True, canvas_mode: simple, sphere_enabled: True, should_render: False
DEBUG: Sphere skipping screen render (canvas mode: simple)
DEBUG: ===== SIMPLE MODE CUBE ROTATION =====
DEBUG: Simple mode applying cube rotation: [0.0°, 0.0°, 0.0°]
DEBUG: =========================================
DEBUG: ===== CANVAS draw_unified_screen() CALLED =====
DEBUG: screen_enabled: True, screen_render_mode: simple
DEBUG: Canvas drawing simple 2D screen
DEBUG: Drew unified screen in simple mode
DEBUG: Simple mode active - screen shows original 2D framebuffer view
DEBUG: Rendering 2 screens
DEBUG: Rendering screen Original 2D Screen of type screen_2d
DEBUG: ===== SIMPLE MODE CUBE ROTATION =====
DEBUG: Simple mode applying cube rotation: [0.0°, 0.0°, 0.0°]
DEBUG: =========================================
DEBUG: ===== CANVAS draw_unified_screen() CALLED =====
DEBUG: screen_enabled: True, screen_render_mode: simple
DEBUG: Canvas drawing simple 2D screen
DEBUG: Drew unified screen in simple mode
DEBUG: Simple mode active - screen shows original 2D framebuffer view
DEBUG: Rendering MediaScreen Video Screen (istockphoto-482277170-640_adpp_is.mp4) with texture 3
DEBUG: Rendering screen Video Screen (istockphoto-482277170-640_adpp_is.mp4) of type screen_2d
DEBUG: Rendering MediaScreen Video Screen (istockphoto-482277170-640_adpp_is.mp4) with texture 3
DEBUG: ===== CANVAS update_sphere_view_vector() CALLED =====
DEBUG: Canvas syncing view_vector with sphere vector_direction: [1. 0. 0.]
DEBUG: Normalized view_vector: [1. 0. 0.]
DEBUG: Red vector direction: [1. 0. 0.]
DEBUG: Normalized view vector: [1.000, 0.000, 0.000]
DEBUG: Red cube position: [2. 0. 2.]
DEBUG: Expected direction to cube: [0.70710678 0.         0.70710678]
DEBUG: Actual view vector: [1. 0. 0.]
DEBUG: Dot product: 0.707
DEBUG: ⚠️ WARNING: View vector not pointing toward cube!
DEBUG: Consider setting vector direction to point toward cube
DEBUG: Suggested vector direction: [2.12132034 0.         2.12132034]
DEBUG: Angle to cube: 45.0° (should be < 30° to be visible)
DEBUG: Cube direction: [0.707, 0.000, 0.707]
DEBUG: 2D screen using perspective projection - FOV: 60.0°
DEBUG: ===== SIMPLE MODE CAMERA SETUP =====
DEBUG: Simple mode sphere_pos: [0. 0. 0.]
DEBUG: Simple mode view_dir: [1. 0. 0.]
DEBUG: Simple mode look_at: [10.  0.  0.]
DEBUG: Cube position: [2. 0. 2.]
DEBUG: Direction to cube: [0.70710678 0.         0.70710678]
DEBUG: View direction: [1. 0. 0.]
DEBUG: Angle between view and cube direction: 45.0° (should be close to 0°)
DEBUG: Are we looking toward cube? False
DEBUG: ==============================================
DEBUG: ===== SIMPLE MODE CUBE ROTATION =====
DEBUG: Simple mode applying cube rotation: [0.0°, 0.0°, 0.0°]
DEBUG: =========================================
DEBUG: Simple 2D screen rendered - reference objects disabled to prevent yellow box artifact
DEBUG: Using perspective projection - FOV: 60.0°
DEBUG: Canvas mode: 'simple', Sphere mode: 'simple'
DEBUG: Sphere screen render check - canvas_enabled: True, canvas_mode: simple, sphere_enabled: True, should_render: False
DEBUG: Sphere skipping screen render (canvas mode: simple)
DEBUG: ===== SIMPLE MODE CUBE ROTATION =====
DEBUG: Simple mode applying cube rotation: [0.0°, 0.0°, 0.0°]
DEBUG: =========================================
DEBUG: ===== CANVAS draw_unified_screen() CALLED =====
DEBUG: screen_enabled: True, screen_render_mode: simple
DEBUG: Canvas drawing simple 2D screen
DEBUG: Drew unified screen in simple mode
DEBUG: Simple mode active - screen shows original 2D framebuffer view
DEBUG: Rendering 2 screens
DEBUG: Rendering screen Original 2D Screen of type screen_2d
DEBUG: ===== SIMPLE MODE CUBE ROTATION =====
DEBUG: Simple mode applying cube rotation: [0.0°, 0.0°, 0.0°]
DEBUG: =========================================
DEBUG: ===== CANVAS draw_unified_screen() CALLED =====
DEBUG: screen_enabled: True, screen_render_mode: simple
DEBUG: Canvas drawing simple 2D screen
DEBUG: Drew unified screen in simple mode
DEBUG: Simple mode active - screen shows original 2D framebuffer view
DEBUG: Rendering MediaScreen Video Screen (istockphoto-482277170-640_adpp_is.mp4) with texture 3
DEBUG: Rendering screen Video Screen (istockphoto-482277170-640_adpp_is.mp4) of type screen_2d
DEBUG: Rendering MediaScreen Video Screen (istockphoto-482277170-640_adpp_is.mp4) with texture 3
DEBUG: ===== CANVAS update_sphere_view_vector() CALLED =====
DEBUG: Canvas syncing view_vector with sphere vector_direction: [1. 0. 0.]
DEBUG: Normalized view_vector: [1. 0. 0.]
DEBUG: Red vector direction: [1. 0. 0.]
DEBUG: Normalized view vector: [1.000, 0.000, 0.000]
DEBUG: Red cube position: [2. 0. 2.]
DEBUG: Expected direction to cube: [0.70710678 0.         0.70710678]
DEBUG: Actual view vector: [1. 0. 0.]
DEBUG: Dot product: 0.707
DEBUG: ⚠️ WARNING: View vector not pointing toward cube!
DEBUG: Consider setting vector direction to point toward cube
DEBUG: Suggested vector direction: [2.12132034 0.         2.12132034]
DEBUG: Angle to cube: 45.0° (should be < 30° to be visible)
DEBUG: Cube direction: [0.707, 0.000, 0.707]
DEBUG: 2D screen using perspective projection - FOV: 60.0°
DEBUG: ===== SIMPLE MODE CAMERA SETUP =====
DEBUG: Simple mode sphere_pos: [0. 0. 0.]
DEBUG: Simple mode view_dir: [1. 0. 0.]
DEBUG: Simple mode look_at: [10.  0.  0.]
DEBUG: Cube position: [2. 0. 2.]
DEBUG: Direction to cube: [0.70710678 0.         0.70710678]
DEBUG: View direction: [1. 0. 0.]
DEBUG: Angle between view and cube direction: 45.0° (should be close to 0°)
DEBUG: Are we looking toward cube? False
DEBUG: ==============================================
DEBUG: ===== SIMPLE MODE CUBE ROTATION =====
DEBUG: Simple mode applying cube rotation: [0.0°, 0.0°, 0.0°]
DEBUG: =========================================
DEBUG: Simple 2D screen rendered - reference objects disabled to prevent yellow box artifact
DEBUG: Using perspective projection - FOV: 60.0°
DEBUG: Canvas mode: 'simple', Sphere mode: 'simple'
DEBUG: Sphere screen render check - canvas_enabled: True, canvas_mode: simple, sphere_enabled: True, should_render: False
DEBUG: Sphere skipping screen render (canvas mode: simple)
DEBUG: ===== SIMPLE MODE CUBE ROTATION =====
DEBUG: Simple mode applying cube rotation: [0.0°, 0.0°, 0.0°]
DEBUG: =========================================
DEBUG: ===== CANVAS draw_unified_screen() CALLED =====
DEBUG: screen_enabled: True, screen_render_mode: simple
DEBUG: Canvas drawing simple 2D screen
DEBUG: Drew unified screen in simple mode
DEBUG: Simple mode active - screen shows original 2D framebuffer view
DEBUG: Rendering 2 screens
DEBUG: Rendering screen Original 2D Screen of type screen_2d
DEBUG: ===== SIMPLE MODE CUBE ROTATION =====
DEBUG: Simple mode applying cube rotation: [0.0°, 0.0°, 0.0°]
DEBUG: =========================================
DEBUG: ===== CANVAS draw_unified_screen() CALLED =====
DEBUG: screen_enabled: True, screen_render_mode: simple
DEBUG: Canvas drawing simple 2D screen
DEBUG: Drew unified screen in simple mode
DEBUG: Simple mode active - screen shows original 2D framebuffer view
DEBUG: Rendering MediaScreen Video Screen (istockphoto-482277170-640_adpp_is.mp4) with texture 3
DEBUG: Rendering screen Video Screen (istockphoto-482277170-640_adpp_is.mp4) of type screen_2d
DEBUG: Rendering MediaScreen Video Screen (istockphoto-482277170-640_adpp_is.mp4) with texture 3
DEBUG: Frame 120, audio: 4.00s, video: 4.00s, sync diff: 0.003s
DEBUG: ===== CANVAS update_sphere_view_vector() CALLED =====
DEBUG: Canvas syncing view_vector with sphere vector_direction: [1. 0. 0.]
DEBUG: Normalized view_vector: [1. 0. 0.]
DEBUG: Red vector direction: [1. 0. 0.]
DEBUG: Normalized view vector: [1.000, 0.000, 0.000]
DEBUG: Red cube position: [2. 0. 2.]
DEBUG: Expected direction to cube: [0.70710678 0.         0.70710678]
DEBUG: Actual view vector: [1. 0. 0.]
DEBUG: Dot product: 0.707
DEBUG: ⚠️ WARNING: View vector not pointing toward cube!
DEBUG: Consider setting vector direction to point toward cube
DEBUG: Suggested vector direction: [2.12132034 0.         2.12132034]
DEBUG: Angle to cube: 45.0° (should be < 30° to be visible)
DEBUG: Cube direction: [0.707, 0.000, 0.707]
DEBUG: 2D screen using perspective projection - FOV: 60.0°
DEBUG: ===== SIMPLE MODE CAMERA SETUP =====
DEBUG: Simple mode sphere_pos: [0. 0. 0.]
DEBUG: Simple mode view_dir: [1. 0. 0.]
DEBUG: Simple mode look_at: [10.  0.  0.]
DEBUG: Cube position: [2. 0. 2.]
DEBUG: Direction to cube: [0.70710678 0.         0.70710678]
DEBUG: View direction: [1. 0. 0.]
DEBUG: Angle between view and cube direction: 45.0° (should be close to 0°)
DEBUG: Are we looking toward cube? False
DEBUG: ==============================================
DEBUG: ===== SIMPLE MODE CUBE ROTATION =====
DEBUG: Simple mode applying cube rotation: [0.0°, 0.0°, 0.0°]
DEBUG: =========================================
DEBUG: Simple 2D screen rendered - reference objects disabled to prevent yellow box artifact
DEBUG: Using perspective projection - FOV: 60.0°
DEBUG: Canvas mode: 'simple', Sphere mode: 'simple'
DEBUG: Sphere screen render check - canvas_enabled: True, canvas_mode: simple, sphere_enabled: True, should_render: False
DEBUG: Sphere skipping screen render (canvas mode: simple)
DEBUG: ===== SIMPLE MODE CUBE ROTATION =====
DEBUG: Simple mode applying cube rotation: [0.0°, 0.0°, 0.0°]
DEBUG: =========================================
DEBUG: ===== CANVAS draw_unified_screen() CALLED =====
DEBUG: screen_enabled: True, screen_render_mode: simple
DEBUG: Canvas drawing simple 2D screen
DEBUG: Drew unified screen in simple mode
DEBUG: Simple mode active - screen shows original 2D framebuffer view
DEBUG: Rendering 2 screens
DEBUG: Rendering screen Original 2D Screen of type screen_2d
DEBUG: ===== SIMPLE MODE CUBE ROTATION =====
DEBUG: Simple mode applying cube rotation: [0.0°, 0.0°, 0.0°]
DEBUG: =========================================
DEBUG: ===== CANVAS draw_unified_screen() CALLED =====
DEBUG: screen_enabled: True, screen_render_mode: simple
DEBUG: Canvas drawing simple 2D screen
DEBUG: Drew unified screen in simple mode
DEBUG: Simple mode active - screen shows original 2D framebuffer view
DEBUG: Rendering MediaScreen Video Screen (istockphoto-482277170-640_adpp_is.mp4) with texture 3
DEBUG: Rendering screen Video Screen (istockphoto-482277170-640_adpp_is.mp4) of type screen_2d
DEBUG: Rendering MediaScreen Video Screen (istockphoto-482277170-640_adpp_is.mp4) with texture 3
DEBUG: ===== CANVAS update_sphere_view_vector() CALLED =====
DEBUG: Canvas syncing view_vector with sphere vector_direction: [1. 0. 0.]
DEBUG: Normalized view_vector: [1. 0. 0.]
DEBUG: Red vector direction: [1. 0. 0.]
DEBUG: Normalized view vector: [1.000, 0.000, 0.000]
DEBUG: Red cube position: [2. 0. 2.]
DEBUG: Expected direction to cube: [0.70710678 0.         0.70710678]
DEBUG: Actual view vector: [1. 0. 0.]
DEBUG: Dot product: 0.707
DEBUG: ⚠️ WARNING: View vector not pointing toward cube!
DEBUG: Consider setting vector direction to point toward cube
DEBUG: Suggested vector direction: [2.12132034 0.         2.12132034]
DEBUG: Angle to cube: 45.0° (should be < 30° to be visible)
DEBUG: Cube direction: [0.707, 0.000, 0.707]
DEBUG: 2D screen using perspective projection - FOV: 60.0°
DEBUG: ===== SIMPLE MODE CAMERA SETUP =====
DEBUG: Simple mode sphere_pos: [0. 0. 0.]
DEBUG: Simple mode view_dir: [1. 0. 0.]
DEBUG: Simple mode look_at: [10.  0.  0.]
DEBUG: Cube position: [2. 0. 2.]
DEBUG: Direction to cube: [0.70710678 0.         0.70710678]
DEBUG: View direction: [1. 0. 0.]
DEBUG: Angle between view and cube direction: 45.0° (should be close to 0°)
DEBUG: Are we looking toward cube? False
DEBUG: ==============================================
DEBUG: ===== SIMPLE MODE CUBE ROTATION =====
DEBUG: Simple mode applying cube rotation: [0.0°, 0.0°, 0.0°]
DEBUG: =========================================
DEBUG: Simple 2D screen rendered - reference objects disabled to prevent yellow box artifact
DEBUG: Using perspective projection - FOV: 60.0°
DEBUG: Canvas mode: 'simple', Sphere mode: 'simple'
DEBUG: Sphere screen render check - canvas_enabled: True, canvas_mode: simple, sphere_enabled: True, should_render: False
DEBUG: Sphere skipping screen render (canvas mode: simple)
DEBUG: ===== SIMPLE MODE CUBE ROTATION =====
DEBUG: Simple mode applying cube rotation: [0.0°, 0.0°, 0.0°]
DEBUG: =========================================
DEBUG: ===== CANVAS draw_unified_screen() CALLED =====
DEBUG: screen_enabled: True, screen_render_mode: simple
DEBUG: Canvas drawing simple 2D screen
DEBUG: Drew unified screen in simple mode
DEBUG: Simple mode active - screen shows original 2D framebuffer view
DEBUG: Rendering 2 screens
DEBUG: Rendering screen Original 2D Screen of type screen_2d
DEBUG: ===== SIMPLE MODE CUBE ROTATION =====
DEBUG: Simple mode applying cube rotation: [0.0°, 0.0°, 0.0°]
DEBUG: =========================================
DEBUG: ===== CANVAS draw_unified_screen() CALLED =====
DEBUG: screen_enabled: True, screen_render_mode: simple
DEBUG: Canvas drawing simple 2D screen
DEBUG: Drew unified screen in simple mode
DEBUG: Simple mode active - screen shows original 2D framebuffer view
DEBUG: Rendering MediaScreen Video Screen (istockphoto-482277170-640_adpp_is.mp4) with texture 3
DEBUG: Rendering screen Video Screen (istockphoto-482277170-640_adpp_is.mp4) of type screen_2d
DEBUG: Rendering MediaScreen Video Screen (istockphoto-482277170-640_adpp_is.mp4) with texture 3
DEBUG: ===== CANVAS update_sphere_view_vector() CALLED =====
DEBUG: Canvas syncing view_vector with sphere vector_direction: [1. 0. 0.]
DEBUG: Normalized view_vector: [1. 0. 0.]
DEBUG: Red vector direction: [1. 0. 0.]
DEBUG: Normalized view vector: [1.000, 0.000, 0.000]
DEBUG: Red cube position: [2. 0. 2.]
DEBUG: Expected direction to cube: [0.70710678 0.         0.70710678]
DEBUG: Actual view vector: [1. 0. 0.]
DEBUG: Dot product: 0.707
DEBUG: ⚠️ WARNING: View vector not pointing toward cube!
DEBUG: Consider setting vector direction to point toward cube
DEBUG: Suggested vector direction: [2.12132034 0.         2.12132034]
DEBUG: Angle to cube: 45.0° (should be < 30° to be visible)
DEBUG: Cube direction: [0.707, 0.000, 0.707]
DEBUG: 2D screen using perspective projection - FOV: 60.0°
DEBUG: ===== SIMPLE MODE CAMERA SETUP =====
DEBUG: Simple mode sphere_pos: [0. 0. 0.]
DEBUG: Simple mode view_dir: [1. 0. 0.]
DEBUG: Simple mode look_at: [10.  0.  0.]
DEBUG: Cube position: [2. 0. 2.]
DEBUG: Direction to cube: [0.70710678 0.         0.70710678]
DEBUG: View direction: [1. 0. 0.]
DEBUG: Angle between view and cube direction: 45.0° (should be close to 0°)
DEBUG: Are we looking toward cube? False
DEBUG: ==============================================
DEBUG: ===== SIMPLE MODE CUBE ROTATION =====
DEBUG: Simple mode applying cube rotation: [0.0°, 0.0°, 0.0°]
DEBUG: =========================================
DEBUG: Simple 2D screen rendered - reference objects disabled to prevent yellow box artifact
DEBUG: Using perspective projection - FOV: 60.0°
DEBUG: Canvas mode: 'simple', Sphere mode: 'simple'
DEBUG: Sphere screen render check - canvas_enabled: True, canvas_mode: simple, sphere_enabled: True, should_render: False
DEBUG: Sphere skipping screen render (canvas mode: simple)
DEBUG: ===== SIMPLE MODE CUBE ROTATION =====
DEBUG: Simple mode applying cube rotation: [0.0°, 0.0°, 0.0°]
DEBUG: =========================================
DEBUG: ===== CANVAS draw_unified_screen() CALLED =====
DEBUG: screen_enabled: True, screen_render_mode: simple
DEBUG: Canvas drawing simple 2D screen
DEBUG: Drew unified screen in simple mode
DEBUG: Simple mode active - screen shows original 2D framebuffer view
DEBUG: Rendering 2 screens
DEBUG: Rendering screen Original 2D Screen of type screen_2d
DEBUG: ===== SIMPLE MODE CUBE ROTATION =====
DEBUG: Simple mode applying cube rotation: [0.0°, 0.0°, 0.0°]
DEBUG: =========================================
DEBUG: ===== CANVAS draw_unified_screen() CALLED =====
DEBUG: screen_enabled: True, screen_render_mode: simple
DEBUG: Canvas drawing simple 2D screen
DEBUG: Drew unified screen in simple mode
DEBUG: Simple mode active - screen shows original 2D framebuffer view
DEBUG: Rendering MediaScreen Video Screen (istockphoto-482277170-640_adpp_is.mp4) with texture 3
DEBUG: Rendering screen Video Screen (istockphoto-482277170-640_adpp_is.mp4) of type screen_2d
DEBUG: Rendering MediaScreen Video Screen (istockphoto-482277170-640_adpp_is.mp4) with texture 3
DEBUG: ===== CANVAS update_sphere_view_vector() CALLED =====
DEBUG: Canvas syncing view_vector with sphere vector_direction: [1. 0. 0.]
DEBUG: Normalized view_vector: [1. 0. 0.]
DEBUG: Red vector direction: [1. 0. 0.]
DEBUG: Normalized view vector: [1.000, 0.000, 0.000]
DEBUG: Red cube position: [2. 0. 2.]
DEBUG: Expected direction to cube: [0.70710678 0.         0.70710678]
DEBUG: Actual view vector: [1. 0. 0.]
DEBUG: Dot product: 0.707
DEBUG: ⚠️ WARNING: View vector not pointing toward cube!
DEBUG: Consider setting vector direction to point toward cube
DEBUG: Suggested vector direction: [2.12132034 0.         2.12132034]
DEBUG: Angle to cube: 45.0° (should be < 30° to be visible)
DEBUG: Cube direction: [0.707, 0.000, 0.707]
DEBUG: 2D screen using perspective projection - FOV: 60.0°
DEBUG: ===== SIMPLE MODE CAMERA SETUP =====
DEBUG: Simple mode sphere_pos: [0. 0. 0.]
DEBUG: Simple mode view_dir: [1. 0. 0.]
DEBUG: Simple mode look_at: [10.  0.  0.]
DEBUG: Cube position: [2. 0. 2.]
DEBUG: Direction to cube: [0.70710678 0.         0.70710678]
DEBUG: View direction: [1. 0. 0.]
DEBUG: Angle between view and cube direction: 45.0° (should be close to 0°)
DEBUG: Are we looking toward cube? False
DEBUG: ==============================================
DEBUG: ===== SIMPLE MODE CUBE ROTATION =====
DEBUG: Simple mode applying cube rotation: [0.0°, 0.0°, 0.0°]
DEBUG: =========================================
DEBUG: Simple 2D screen rendered - reference objects disabled to prevent yellow box artifact
DEBUG: Using perspective projection - FOV: 60.0°
DEBUG: Canvas mode: 'simple', Sphere mode: 'simple'
DEBUG: Sphere screen render check - canvas_enabled: True, canvas_mode: simple, sphere_enabled: True, should_render: False
DEBUG: Sphere skipping screen render (canvas mode: simple)
DEBUG: ===== SIMPLE MODE CUBE ROTATION =====
DEBUG: Simple mode applying cube rotation: [0.0°, 0.0°, 0.0°]
DEBUG: =========================================
DEBUG: ===== CANVAS draw_unified_screen() CALLED =====
DEBUG: screen_enabled: True, screen_render_mode: simple
DEBUG: Canvas drawing simple 2D screen
DEBUG: Drew unified screen in simple mode
DEBUG: Simple mode active - screen shows original 2D framebuffer view
DEBUG: Rendering 2 screens
DEBUG: Rendering screen Original 2D Screen of type screen_2d
DEBUG: ===== SIMPLE MODE CUBE ROTATION =====
DEBUG: Simple mode applying cube rotation: [0.0°, 0.0°, 0.0°]
DEBUG: =========================================
DEBUG: ===== CANVAS draw_unified_screen() CALLED =====
DEBUG: screen_enabled: True, screen_render_mode: simple
DEBUG: Canvas drawing simple 2D screen
DEBUG: Drew unified screen in simple mode
DEBUG: Simple mode active - screen shows original 2D framebuffer view
DEBUG: Rendering MediaScreen Video Screen (istockphoto-482277170-640_adpp_is.mp4) with texture 3
DEBUG: Rendering screen Video Screen (istockphoto-482277170-640_adpp_is.mp4) of type screen_2d
DEBUG: Rendering MediaScreen Video Screen (istockphoto-482277170-640_adpp_is.mp4) with texture 3
DEBUG: ===== CANVAS update_sphere_view_vector() CALLED =====
DEBUG: Canvas syncing view_vector with sphere vector_direction: [1. 0. 0.]
DEBUG: Normalized view_vector: [1. 0. 0.]
DEBUG: Red vector direction: [1. 0. 0.]
DEBUG: Normalized view vector: [1.000, 0.000, 0.000]
DEBUG: Red cube position: [2. 0. 2.]
DEBUG: Expected direction to cube: [0.70710678 0.         0.70710678]
DEBUG: Actual view vector: [1. 0. 0.]
DEBUG: Dot product: 0.707
DEBUG: ⚠️ WARNING: View vector not pointing toward cube!
DEBUG: Consider setting vector direction to point toward cube
DEBUG: Suggested vector direction: [2.12132034 0.         2.12132034]
DEBUG: Angle to cube: 45.0° (should be < 30° to be visible)
DEBUG: Cube direction: [0.707, 0.000, 0.707]
DEBUG: 2D screen using perspective projection - FOV: 60.0°
DEBUG: ===== SIMPLE MODE CAMERA SETUP =====
DEBUG: Simple mode sphere_pos: [0. 0. 0.]
DEBUG: Simple mode view_dir: [1. 0. 0.]
DEBUG: Simple mode look_at: [10.  0.  0.]
DEBUG: Cube position: [2. 0. 2.]
DEBUG: Direction to cube: [0.70710678 0.         0.70710678]
DEBUG: View direction: [1. 0. 0.]
DEBUG: Angle between view and cube direction: 45.0° (should be close to 0°)
DEBUG: Are we looking toward cube? False
DEBUG: ==============================================
DEBUG: ===== SIMPLE MODE CUBE ROTATION =====
DEBUG: Simple mode applying cube rotation: [0.0°, 0.0°, 0.0°]
DEBUG: =========================================
DEBUG: Simple 2D screen rendered - reference objects disabled to prevent yellow box artifact
DEBUG: Using perspective projection - FOV: 60.0°
DEBUG: Canvas mode: 'simple', Sphere mode: 'simple'
DEBUG: Sphere screen render check - canvas_enabled: True, canvas_mode: simple, sphere_enabled: True, should_render: False
DEBUG: Sphere skipping screen render (canvas mode: simple)
DEBUG: ===== SIMPLE MODE CUBE ROTATION =====
DEBUG: Simple mode applying cube rotation: [0.0°, 0.0°, 0.0°]
DEBUG: =========================================
DEBUG: ===== CANVAS draw_unified_screen() CALLED =====
DEBUG: screen_enabled: True, screen_render_mode: simple
DEBUG: Canvas drawing simple 2D screen
DEBUG: Drew unified screen in simple mode
DEBUG: Simple mode active - screen shows original 2D framebuffer view
DEBUG: Rendering 2 screens
DEBUG: Rendering screen Original 2D Screen of type screen_2d
DEBUG: ===== SIMPLE MODE CUBE ROTATION =====
DEBUG: Simple mode applying cube rotation: [0.0°, 0.0°, 0.0°]
DEBUG: =========================================
DEBUG: ===== CANVAS draw_unified_screen() CALLED =====
DEBUG: screen_enabled: True, screen_render_mode: simple
DEBUG: Canvas drawing simple 2D screen
DEBUG: Drew unified screen in simple mode
DEBUG: Simple mode active - screen shows original 2D framebuffer view
DEBUG: Rendering MediaScreen Video Screen (istockphoto-482277170-640_adpp_is.mp4) with texture 3
DEBUG: Rendering screen Video Screen (istockphoto-482277170-640_adpp_is.mp4) of type screen_2d
DEBUG: Rendering MediaScreen Video Screen (istockphoto-482277170-640_adpp_is.mp4) with texture 3
DEBUG: ===== CANVAS update_sphere_view_vector() CALLED =====
DEBUG: Canvas syncing view_vector with sphere vector_direction: [1. 0. 0.]
DEBUG: Normalized view_vector: [1. 0. 0.]
DEBUG: Red vector direction: [1. 0. 0.]
DEBUG: Normalized view vector: [1.000, 0.000, 0.000]
DEBUG: Red cube position: [2. 0. 2.]
DEBUG: Expected direction to cube: [0.70710678 0.         0.70710678]
DEBUG: Actual view vector: [1. 0. 0.]
DEBUG: Dot product: 0.707
DEBUG: ⚠️ WARNING: View vector not pointing toward cube!
DEBUG: Consider setting vector direction to point toward cube
DEBUG: Suggested vector direction: [2.12132034 0.         2.12132034]
DEBUG: Angle to cube: 45.0° (should be < 30° to be visible)
DEBUG: Cube direction: [0.707, 0.000, 0.707]
DEBUG: 2D screen using perspective projection - FOV: 60.0°
DEBUG: ===== SIMPLE MODE CAMERA SETUP =====
DEBUG: Simple mode sphere_pos: [0. 0. 0.]
DEBUG: Simple mode view_dir: [1. 0. 0.]
DEBUG: Simple mode look_at: [10.  0.  0.]
DEBUG: Cube position: [2. 0. 2.]
DEBUG: Direction to cube: [0.70710678 0.         0.70710678]
DEBUG: View direction: [1. 0. 0.]
DEBUG: Angle between view and cube direction: 45.0° (should be close to 0°)
DEBUG: Are we looking toward cube? False
DEBUG: ==============================================
DEBUG: ===== SIMPLE MODE CUBE ROTATION =====
DEBUG: Simple mode applying cube rotation: [0.0°, 0.0°, 0.0°]
DEBUG: =========================================
DEBUG: Simple 2D screen rendered - reference objects disabled to prevent yellow box artifact
DEBUG: Using perspective projection - FOV: 60.0°
DEBUG: Canvas mode: 'simple', Sphere mode: 'simple'
DEBUG: Sphere screen render check - canvas_enabled: True, canvas_mode: simple, sphere_enabled: True, should_render: False
DEBUG: Sphere skipping screen render (canvas mode: simple)
DEBUG: ===== SIMPLE MODE CUBE ROTATION =====
DEBUG: Simple mode applying cube rotation: [0.0°, 0.0°, 0.0°]
DEBUG: =========================================
DEBUG: ===== CANVAS draw_unified_screen() CALLED =====
DEBUG: screen_enabled: True, screen_render_mode: simple
DEBUG: Canvas drawing simple 2D screen
DEBUG: Drew unified screen in simple mode
DEBUG: Simple mode active - screen shows original 2D framebuffer view
DEBUG: Rendering 2 screens
DEBUG: Rendering screen Original 2D Screen of type screen_2d
DEBUG: ===== SIMPLE MODE CUBE ROTATION =====
DEBUG: Simple mode applying cube rotation: [0.0°, 0.0°, 0.0°]
DEBUG: =========================================
DEBUG: ===== CANVAS draw_unified_screen() CALLED =====
DEBUG: screen_enabled: True, screen_render_mode: simple
DEBUG: Canvas drawing simple 2D screen
DEBUG: Drew unified screen in simple mode
DEBUG: Simple mode active - screen shows original 2D framebuffer view
DEBUG: Rendering MediaScreen Video Screen (istockphoto-482277170-640_adpp_is.mp4) with texture 3
DEBUG: Rendering screen Video Screen (istockphoto-482277170-640_adpp_is.mp4) of type screen_2d
DEBUG: Rendering MediaScreen Video Screen (istockphoto-482277170-640_adpp_is.mp4) with texture 3
DEBUG: ===== CANVAS update_sphere_view_vector() CALLED =====
DEBUG: Canvas syncing view_vector with sphere vector_direction: [1. 0. 0.]
DEBUG: Normalized view_vector: [1. 0. 0.]
DEBUG: Red vector direction: [1. 0. 0.]
DEBUG: Normalized view vector: [1.000, 0.000, 0.000]
DEBUG: Red cube position: [2. 0. 2.]
DEBUG: Expected direction to cube: [0.70710678 0.         0.70710678]
DEBUG: Actual view vector: [1. 0. 0.]
DEBUG: Dot product: 0.707
DEBUG: ⚠️ WARNING: View vector not pointing toward cube!
DEBUG: Consider setting vector direction to point toward cube
DEBUG: Suggested vector direction: [2.12132034 0.         2.12132034]
DEBUG: Angle to cube: 45.0° (should be < 30° to be visible)
DEBUG: Cube direction: [0.707, 0.000, 0.707]
DEBUG: 2D screen using perspective projection - FOV: 60.0°
DEBUG: ===== SIMPLE MODE CAMERA SETUP =====
DEBUG: Simple mode sphere_pos: [0. 0. 0.]
DEBUG: Simple mode view_dir: [1. 0. 0.]
DEBUG: Simple mode look_at: [10.  0.  0.]
DEBUG: Cube position: [2. 0. 2.]
DEBUG: Direction to cube: [0.70710678 0.         0.70710678]
DEBUG: View direction: [1. 0. 0.]
DEBUG: Angle between view and cube direction: 45.0° (should be close to 0°)
DEBUG: Are we looking toward cube? False
DEBUG: ==============================================
DEBUG: ===== SIMPLE MODE CUBE ROTATION =====
DEBUG: Simple mode applying cube rotation: [0.0°, 0.0°, 0.0°]
DEBUG: =========================================
DEBUG: Simple 2D screen rendered - reference objects disabled to prevent yellow box artifact
DEBUG: Using perspective projection - FOV: 60.0°
DEBUG: Canvas mode: 'simple', Sphere mode: 'simple'
DEBUG: Sphere screen render check - canvas_enabled: True, canvas_mode: simple, sphere_enabled: True, should_render: False
DEBUG: Sphere skipping screen render (canvas mode: simple)
DEBUG: ===== SIMPLE MODE CUBE ROTATION =====
DEBUG: Simple mode applying cube rotation: [0.0°, 0.0°, 0.0°]
DEBUG: =========================================
DEBUG: ===== CANVAS draw_unified_screen() CALLED =====
DEBUG: screen_enabled: True, screen_render_mode: simple
DEBUG: Canvas drawing simple 2D screen
DEBUG: Drew unified screen in simple mode
DEBUG: Simple mode active - screen shows original 2D framebuffer view
DEBUG: Rendering 2 screens
DEBUG: Rendering screen Original 2D Screen of type screen_2d
DEBUG: ===== SIMPLE MODE CUBE ROTATION =====
DEBUG: Simple mode applying cube rotation: [0.0°, 0.0°, 0.0°]
DEBUG: =========================================
DEBUG: ===== CANVAS draw_unified_screen() CALLED =====
DEBUG: screen_enabled: True, screen_render_mode: simple
DEBUG: Canvas drawing simple 2D screen
DEBUG: Drew unified screen in simple mode
DEBUG: Simple mode active - screen shows original 2D framebuffer view
DEBUG: Rendering MediaScreen Video Screen (istockphoto-482277170-640_adpp_is.mp4) with texture 3
DEBUG: Rendering screen Video Screen (istockphoto-482277170-640_adpp_is.mp4) of type screen_2d
DEBUG: Rendering MediaScreen Video Screen (istockphoto-482277170-640_adpp_is.mp4) with texture 3
DEBUG: ===== CANVAS update_sphere_view_vector() CALLED =====
DEBUG: Canvas syncing view_vector with sphere vector_direction: [1. 0. 0.]
DEBUG: Normalized view_vector: [1. 0. 0.]
DEBUG: Red vector direction: [1. 0. 0.]
DEBUG: Normalized view vector: [1.000, 0.000, 0.000]
DEBUG: Red cube position: [2. 0. 2.]
DEBUG: Expected direction to cube: [0.70710678 0.         0.70710678]
DEBUG: Actual view vector: [1. 0. 0.]
DEBUG: Dot product: 0.707
DEBUG: ⚠️ WARNING: View vector not pointing toward cube!
DEBUG: Consider setting vector direction to point toward cube
DEBUG: Suggested vector direction: [2.12132034 0.         2.12132034]
DEBUG: Angle to cube: 45.0° (should be < 30° to be visible)
DEBUG: Cube direction: [0.707, 0.000, 0.707]
DEBUG: 2D screen using perspective projection - FOV: 60.0°
DEBUG: ===== SIMPLE MODE CAMERA SETUP =====
DEBUG: Simple mode sphere_pos: [0. 0. 0.]
DEBUG: Simple mode view_dir: [1. 0. 0.]
DEBUG: Simple mode look_at: [10.  0.  0.]
DEBUG: Cube position: [2. 0. 2.]
DEBUG: Direction to cube: [0.70710678 0.         0.70710678]
DEBUG: View direction: [1. 0. 0.]
DEBUG: Angle between view and cube direction: 45.0° (should be close to 0°)
DEBUG: Are we looking toward cube? False
DEBUG: ==============================================
DEBUG: ===== SIMPLE MODE CUBE ROTATION =====
DEBUG: Simple mode applying cube rotation: [0.0°, 0.0°, 0.0°]
DEBUG: =========================================
DEBUG: Simple 2D screen rendered - reference objects disabled to prevent yellow box artifact
DEBUG: Using perspective projection - FOV: 60.0°
DEBUG: Canvas mode: 'simple', Sphere mode: 'simple'
DEBUG: Sphere screen render check - canvas_enabled: True, canvas_mode: simple, sphere_enabled: True, should_render: False
DEBUG: Sphere skipping screen render (canvas mode: simple)
DEBUG: ===== SIMPLE MODE CUBE ROTATION =====
DEBUG: Simple mode applying cube rotation: [0.0°, 0.0°, 0.0°]
DEBUG: =========================================
DEBUG: ===== CANVAS draw_unified_screen() CALLED =====
DEBUG: screen_enabled: True, screen_render_mode: simple
DEBUG: Canvas drawing simple 2D screen
DEBUG: Drew unified screen in simple mode
DEBUG: Simple mode active - screen shows original 2D framebuffer view
DEBUG: Rendering 2 screens
DEBUG: Rendering screen Original 2D Screen of type screen_2d
DEBUG: ===== SIMPLE MODE CUBE ROTATION =====
DEBUG: Simple mode applying cube rotation: [0.0°, 0.0°, 0.0°]
DEBUG: =========================================
DEBUG: ===== CANVAS draw_unified_screen() CALLED =====
DEBUG: screen_enabled: True, screen_render_mode: simple
DEBUG: Canvas drawing simple 2D screen
DEBUG: Drew unified screen in simple mode
DEBUG: Simple mode active - screen shows original 2D framebuffer view
DEBUG: Rendering MediaScreen Video Screen (istockphoto-482277170-640_adpp_is.mp4) with texture 3
DEBUG: Rendering screen Video Screen (istockphoto-482277170-640_adpp_is.mp4) of type screen_2d
DEBUG: Rendering MediaScreen Video Screen (istockphoto-482277170-640_adpp_is.mp4) with texture 3
DEBUG: ===== CANVAS update_sphere_view_vector() CALLED =====
DEBUG: Canvas syncing view_vector with sphere vector_direction: [1. 0. 0.]
DEBUG: Normalized view_vector: [1. 0. 0.]
DEBUG: Red vector direction: [1. 0. 0.]
DEBUG: Normalized view vector: [1.000, 0.000, 0.000]
DEBUG: Red cube position: [2. 0. 2.]
DEBUG: Expected direction to cube: [0.70710678 0.         0.70710678]
DEBUG: Actual view vector: [1. 0. 0.]
DEBUG: Dot product: 0.707
DEBUG: ⚠️ WARNING: View vector not pointing toward cube!
DEBUG: Consider setting vector direction to point toward cube
DEBUG: Suggested vector direction: [2.12132034 0.         2.12132034]
DEBUG: Angle to cube: 45.0° (should be < 30° to be visible)
DEBUG: Cube direction: [0.707, 0.000, 0.707]
DEBUG: 2D screen using perspective projection - FOV: 60.0°
DEBUG: ===== SIMPLE MODE CAMERA SETUP =====
DEBUG: Simple mode sphere_pos: [0. 0. 0.]
DEBUG: Simple mode view_dir: [1. 0. 0.]
DEBUG: Simple mode look_at: [10.  0.  0.]
DEBUG: Cube position: [2. 0. 2.]
DEBUG: Direction to cube: [0.70710678 0.         0.70710678]
DEBUG: View direction: [1. 0. 0.]
DEBUG: Angle between view and cube direction: 45.0° (should be close to 0°)
DEBUG: Are we looking toward cube? False
DEBUG: ==============================================
DEBUG: ===== SIMPLE MODE CUBE ROTATION =====
DEBUG: Simple mode applying cube rotation: [0.0°, 0.0°, 0.0°]
DEBUG: =========================================
DEBUG: Simple 2D screen rendered - reference objects disabled to prevent yellow box artifact
DEBUG: Using perspective projection - FOV: 60.0°
DEBUG: Canvas mode: 'simple', Sphere mode: 'simple'
DEBUG: Sphere screen render check - canvas_enabled: True, canvas_mode: simple, sphere_enabled: True, should_render: False
DEBUG: Sphere skipping screen render (canvas mode: simple)
DEBUG: ===== SIMPLE MODE CUBE ROTATION =====
DEBUG: Simple mode applying cube rotation: [0.0°, 0.0°, 0.0°]
DEBUG: =========================================
DEBUG: ===== CANVAS draw_unified_screen() CALLED =====
DEBUG: screen_enabled: True, screen_render_mode: simple
DEBUG: Canvas drawing simple 2D screen
DEBUG: Drew unified screen in simple mode
DEBUG: Simple mode active - screen shows original 2D framebuffer view
DEBUG: Rendering 2 screens
DEBUG: Rendering screen Original 2D Screen of type screen_2d
DEBUG: ===== SIMPLE MODE CUBE ROTATION =====
DEBUG: Simple mode applying cube rotation: [0.0°, 0.0°, 0.0°]
DEBUG: =========================================
DEBUG: ===== CANVAS draw_unified_screen() CALLED =====
DEBUG: screen_enabled: True, screen_render_mode: simple
DEBUG: Canvas drawing simple 2D screen
DEBUG: Drew unified screen in simple mode
DEBUG: Simple mode active - screen shows original 2D framebuffer view
DEBUG: Rendering MediaScreen Video Screen (istockphoto-482277170-640_adpp_is.mp4) with texture 3
DEBUG: Rendering screen Video Screen (istockphoto-482277170-640_adpp_is.mp4) of type screen_2d
DEBUG: Rendering MediaScreen Video Screen (istockphoto-482277170-640_adpp_is.mp4) with texture 3
DEBUG: ===== CANVAS update_sphere_view_vector() CALLED =====
DEBUG: Canvas syncing view_vector with sphere vector_direction: [1. 0. 0.]
DEBUG: Normalized view_vector: [1. 0. 0.]
DEBUG: Red vector direction: [1. 0. 0.]
DEBUG: Normalized view vector: [1.000, 0.000, 0.000]
DEBUG: Red cube position: [2. 0. 2.]
DEBUG: Expected direction to cube: [0.70710678 0.         0.70710678]
DEBUG: Actual view vector: [1. 0. 0.]
DEBUG: Dot product: 0.707
DEBUG: ⚠️ WARNING: View vector not pointing toward cube!
DEBUG: Consider setting vector direction to point toward cube
DEBUG: Suggested vector direction: [2.12132034 0.         2.12132034]
DEBUG: Angle to cube: 45.0° (should be < 30° to be visible)
DEBUG: Cube direction: [0.707, 0.000, 0.707]
DEBUG: 2D screen using perspective projection - FOV: 60.0°
DEBUG: ===== SIMPLE MODE CAMERA SETUP =====
DEBUG: Simple mode sphere_pos: [0. 0. 0.]
DEBUG: Simple mode view_dir: [1. 0. 0.]
DEBUG: Simple mode look_at: [10.  0.  0.]
DEBUG: Cube position: [2. 0. 2.]
DEBUG: Direction to cube: [0.70710678 0.         0.70710678]
DEBUG: View direction: [1. 0. 0.]
DEBUG: Angle between view and cube direction: 45.0° (should be close to 0°)
DEBUG: Are we looking toward cube? False
DEBUG: ==============================================
DEBUG: ===== SIMPLE MODE CUBE ROTATION =====
DEBUG: Simple mode applying cube rotation: [0.0°, 0.0°, 0.0°]
DEBUG: =========================================
DEBUG: Simple 2D screen rendered - reference objects disabled to prevent yellow box artifact
DEBUG: Using perspective projection - FOV: 60.0°
DEBUG: Canvas mode: 'simple', Sphere mode: 'simple'
DEBUG: Sphere screen render check - canvas_enabled: True, canvas_mode: simple, sphere_enabled: True, should_render: False
DEBUG: Sphere skipping screen render (canvas mode: simple)
DEBUG: ===== SIMPLE MODE CUBE ROTATION =====
DEBUG: Simple mode applying cube rotation: [0.0°, 0.0°, 0.0°]
DEBUG: =========================================
DEBUG: ===== CANVAS draw_unified_screen() CALLED =====
DEBUG: screen_enabled: True, screen_render_mode: simple
DEBUG: Canvas drawing simple 2D screen
DEBUG: Drew unified screen in simple mode
DEBUG: Simple mode active - screen shows original 2D framebuffer view
DEBUG: Rendering 2 screens
DEBUG: Rendering screen Original 2D Screen of type screen_2d
DEBUG: ===== SIMPLE MODE CUBE ROTATION =====
DEBUG: Simple mode applying cube rotation: [0.0°, 0.0°, 0.0°]
DEBUG: =========================================
DEBUG: ===== CANVAS draw_unified_screen() CALLED =====
DEBUG: screen_enabled: True, screen_render_mode: simple
DEBUG: Canvas drawing simple 2D screen
DEBUG: Drew unified screen in simple mode
DEBUG: Simple mode active - screen shows original 2D framebuffer view
DEBUG: Rendering MediaScreen Video Screen (istockphoto-482277170-640_adpp_is.mp4) with texture 3
DEBUG: Rendering screen Video Screen (istockphoto-482277170-640_adpp_is.mp4) of type screen_2d
DEBUG: Rendering MediaScreen Video Screen (istockphoto-482277170-640_adpp_is.mp4) with texture 3
DEBUG: ===== CANVAS update_sphere_view_vector() CALLED =====
DEBUG: Canvas syncing view_vector with sphere vector_direction: [1. 0. 0.]
DEBUG: Normalized view_vector: [1. 0. 0.]
DEBUG: Red vector direction: [1. 0. 0.]
DEBUG: Normalized view vector: [1.000, 0.000, 0.000]
DEBUG: Red cube position: [2. 0. 2.]
DEBUG: Expected direction to cube: [0.70710678 0.         0.70710678]
DEBUG: Actual view vector: [1. 0. 0.]
DEBUG: Dot product: 0.707
DEBUG: ⚠️ WARNING: View vector not pointing toward cube!
DEBUG: Consider setting vector direction to point toward cube
DEBUG: Suggested vector direction: [2.12132034 0.         2.12132034]
DEBUG: Angle to cube: 45.0° (should be < 30° to be visible)
DEBUG: Cube direction: [0.707, 0.000, 0.707]
DEBUG: 2D screen using perspective projection - FOV: 60.0°
DEBUG: ===== SIMPLE MODE CAMERA SETUP =====
DEBUG: Simple mode sphere_pos: [0. 0. 0.]
DEBUG: Simple mode view_dir: [1. 0. 0.]
DEBUG: Simple mode look_at: [10.  0.  0.]
DEBUG: Cube position: [2. 0. 2.]
DEBUG: Direction to cube: [0.70710678 0.         0.70710678]
DEBUG: View direction: [1. 0. 0.]
DEBUG: Angle between view and cube direction: 45.0° (should be close to 0°)
DEBUG: Are we looking toward cube? False
DEBUG: ==============================================
DEBUG: ===== SIMPLE MODE CUBE ROTATION =====
DEBUG: Simple mode applying cube rotation: [0.0°, 0.0°, 0.0°]
DEBUG: =========================================
DEBUG: Simple 2D screen rendered - reference objects disabled to prevent yellow box artifact
DEBUG: Using perspective projection - FOV: 60.0°
DEBUG: Canvas mode: 'simple', Sphere mode: 'simple'
DEBUG: Sphere screen render check - canvas_enabled: True, canvas_mode: simple, sphere_enabled: True, should_render: False
DEBUG: Sphere skipping screen render (canvas mode: simple)
DEBUG: ===== SIMPLE MODE CUBE ROTATION =====
DEBUG: Simple mode applying cube rotation: [0.0°, 0.0°, 0.0°]
DEBUG: =========================================
DEBUG: ===== CANVAS draw_unified_screen() CALLED =====
DEBUG: screen_enabled: True, screen_render_mode: simple
DEBUG: Canvas drawing simple 2D screen
DEBUG: Drew unified screen in simple mode
DEBUG: Simple mode active - screen shows original 2D framebuffer view
DEBUG: Rendering 2 screens
DEBUG: Rendering screen Original 2D Screen of type screen_2d
DEBUG: ===== SIMPLE MODE CUBE ROTATION =====
DEBUG: Simple mode applying cube rotation: [0.0°, 0.0°, 0.0°]
DEBUG: =========================================
DEBUG: ===== CANVAS draw_unified_screen() CALLED =====
DEBUG: screen_enabled: True, screen_render_mode: simple
DEBUG: Canvas drawing simple 2D screen
DEBUG: Drew unified screen in simple mode
DEBUG: Simple mode active - screen shows original 2D framebuffer view
DEBUG: Rendering MediaScreen Video Screen (istockphoto-482277170-640_adpp_is.mp4) with texture 3
DEBUG: Rendering screen Video Screen (istockphoto-482277170-640_adpp_is.mp4) of type screen_2d
DEBUG: Rendering MediaScreen Video Screen (istockphoto-482277170-640_adpp_is.mp4) with texture 3
DEBUG: ===== CANVAS update_sphere_view_vector() CALLED =====
DEBUG: Canvas syncing view_vector with sphere vector_direction: [1. 0. 0.]
DEBUG: Normalized view_vector: [1. 0. 0.]
DEBUG: Red vector direction: [1. 0. 0.]
DEBUG: Normalized view vector: [1.000, 0.000, 0.000]
DEBUG: Red cube position: [2. 0. 2.]
DEBUG: Expected direction to cube: [0.70710678 0.         0.70710678]
DEBUG: Actual view vector: [1. 0. 0.]
DEBUG: Dot product: 0.707
DEBUG: ⚠️ WARNING: View vector not pointing toward cube!
DEBUG: Consider setting vector direction to point toward cube
DEBUG: Suggested vector direction: [2.12132034 0.         2.12132034]
DEBUG: Angle to cube: 45.0° (should be < 30° to be visible)
DEBUG: Cube direction: [0.707, 0.000, 0.707]
DEBUG: 2D screen using perspective projection - FOV: 60.0°
DEBUG: ===== SIMPLE MODE CAMERA SETUP =====
DEBUG: Simple mode sphere_pos: [0. 0. 0.]
DEBUG: Simple mode view_dir: [1. 0. 0.]
DEBUG: Simple mode look_at: [10.  0.  0.]
DEBUG: Cube position: [2. 0. 2.]
DEBUG: Direction to cube: [0.70710678 0.         0.70710678]
DEBUG: View direction: [1. 0. 0.]
DEBUG: Angle between view and cube direction: 45.0° (should be close to 0°)
DEBUG: Are we looking toward cube? False
DEBUG: ==============================================
DEBUG: ===== SIMPLE MODE CUBE ROTATION =====
DEBUG: Simple mode applying cube rotation: [0.0°, 0.0°, 0.0°]
DEBUG: =========================================
DEBUG: Simple 2D screen rendered - reference objects disabled to prevent yellow box artifact
DEBUG: Using perspective projection - FOV: 60.0°
DEBUG: Canvas mode: 'simple', Sphere mode: 'simple'
DEBUG: Sphere screen render check - canvas_enabled: True, canvas_mode: simple, sphere_enabled: True, should_render: False
DEBUG: Sphere skipping screen render (canvas mode: simple)
DEBUG: ===== SIMPLE MODE CUBE ROTATION =====
DEBUG: Simple mode applying cube rotation: [0.0°, 0.0°, 0.0°]
DEBUG: =========================================
DEBUG: ===== CANVAS draw_unified_screen() CALLED =====
DEBUG: screen_enabled: True, screen_render_mode: simple
DEBUG: Canvas drawing simple 2D screen
DEBUG: Drew unified screen in simple mode
DEBUG: Simple mode active - screen shows original 2D framebuffer view
DEBUG: Rendering 2 screens
DEBUG: Rendering screen Original 2D Screen of type screen_2d
DEBUG: ===== SIMPLE MODE CUBE ROTATION =====
DEBUG: Simple mode applying cube rotation: [0.0°, 0.0°, 0.0°]
DEBUG: =========================================
DEBUG: ===== CANVAS draw_unified_screen() CALLED =====
DEBUG: screen_enabled: True, screen_render_mode: simple
DEBUG: Canvas drawing simple 2D screen
DEBUG: Drew unified screen in simple mode
DEBUG: Simple mode active - screen shows original 2D framebuffer view
DEBUG: Rendering MediaScreen Video Screen (istockphoto-482277170-640_adpp_is.mp4) with texture 3
DEBUG: Rendering screen Video Screen (istockphoto-482277170-640_adpp_is.mp4) of type screen_2d
DEBUG: Rendering MediaScreen Video Screen (istockphoto-482277170-640_adpp_is.mp4) with texture 3
DEBUG: ===== CANVAS update_sphere_view_vector() CALLED =====
DEBUG: Canvas syncing view_vector with sphere vector_direction: [1. 0. 0.]
DEBUG: Normalized view_vector: [1. 0. 0.]
DEBUG: Red vector direction: [1. 0. 0.]
DEBUG: Normalized view vector: [1.000, 0.000, 0.000]
DEBUG: Red cube position: [2. 0. 2.]
DEBUG: Expected direction to cube: [0.70710678 0.         0.70710678]
DEBUG: Actual view vector: [1. 0. 0.]
DEBUG: Dot product: 0.707
DEBUG: ⚠️ WARNING: View vector not pointing toward cube!
DEBUG: Consider setting vector direction to point toward cube
DEBUG: Suggested vector direction: [2.12132034 0.         2.12132034]
DEBUG: Angle to cube: 45.0° (should be < 30° to be visible)
DEBUG: Cube direction: [0.707, 0.000, 0.707]
DEBUG: 2D screen using perspective projection - FOV: 60.0°
DEBUG: ===== SIMPLE MODE CAMERA SETUP =====
DEBUG: Simple mode sphere_pos: [0. 0. 0.]
DEBUG: Simple mode view_dir: [1. 0. 0.]
DEBUG: Simple mode look_at: [10.  0.  0.]
DEBUG: Cube position: [2. 0. 2.]
DEBUG: Direction to cube: [0.70710678 0.         0.70710678]
DEBUG: View direction: [1. 0. 0.]
DEBUG: Angle between view and cube direction: 45.0° (should be close to 0°)
DEBUG: Are we looking toward cube? False
DEBUG: ==============================================
DEBUG: ===== SIMPLE MODE CUBE ROTATION =====
DEBUG: Simple mode applying cube rotation: [0.0°, 0.0°, 0.0°]
DEBUG: =========================================
DEBUG: Simple 2D screen rendered - reference objects disabled to prevent yellow box artifact
DEBUG: Using perspective projection - FOV: 60.0°
DEBUG: Canvas mode: 'simple', Sphere mode: 'simple'
DEBUG: Sphere screen render check - canvas_enabled: True, canvas_mode: simple, sphere_enabled: True, should_render: False
DEBUG: Sphere skipping screen render (canvas mode: simple)
DEBUG: ===== SIMPLE MODE CUBE ROTATION =====
DEBUG: Simple mode applying cube rotation: [0.0°, 0.0°, 0.0°]
DEBUG: =========================================
DEBUG: ===== CANVAS draw_unified_screen() CALLED =====
DEBUG: screen_enabled: True, screen_render_mode: simple
DEBUG: Canvas drawing simple 2D screen
DEBUG: Drew unified screen in simple mode
DEBUG: Simple mode active - screen shows original 2D framebuffer view
DEBUG: Rendering 2 screens
DEBUG: Rendering screen Original 2D Screen of type screen_2d
DEBUG: ===== SIMPLE MODE CUBE ROTATION =====
DEBUG: Simple mode applying cube rotation: [0.0°, 0.0°, 0.0°]
DEBUG: =========================================
DEBUG: ===== CANVAS draw_unified_screen() CALLED =====
DEBUG: screen_enabled: True, screen_render_mode: simple
DEBUG: Canvas drawing simple 2D screen
DEBUG: Drew unified screen in simple mode
DEBUG: Simple mode active - screen shows original 2D framebuffer view
DEBUG: Rendering MediaScreen Video Screen (istockphoto-482277170-640_adpp_is.mp4) with texture 3
DEBUG: Rendering screen Video Screen (istockphoto-482277170-640_adpp_is.mp4) of type screen_2d
DEBUG: Rendering MediaScreen Video Screen (istockphoto-482277170-640_adpp_is.mp4) with texture 3
DEBUG: ===== CANVAS update_sphere_view_vector() CALLED =====
DEBUG: Canvas syncing view_vector with sphere vector_direction: [1. 0. 0.]
DEBUG: Normalized view_vector: [1. 0. 0.]
DEBUG: Red vector direction: [1. 0. 0.]
DEBUG: Normalized view vector: [1.000, 0.000, 0.000]
DEBUG: Red cube position: [2. 0. 2.]
DEBUG: Expected direction to cube: [0.70710678 0.         0.70710678]
DEBUG: Actual view vector: [1. 0. 0.]
DEBUG: Dot product: 0.707
DEBUG: ⚠️ WARNING: View vector not pointing toward cube!
DEBUG: Consider setting vector direction to point toward cube
DEBUG: Suggested vector direction: [2.12132034 0.         2.12132034]
DEBUG: Angle to cube: 45.0° (should be < 30° to be visible)
DEBUG: Cube direction: [0.707, 0.000, 0.707]
DEBUG: 2D screen using perspective projection - FOV: 60.0°
DEBUG: ===== SIMPLE MODE CAMERA SETUP =====
DEBUG: Simple mode sphere_pos: [0. 0. 0.]
DEBUG: Simple mode view_dir: [1. 0. 0.]
DEBUG: Simple mode look_at: [10.  0.  0.]
DEBUG: Cube position: [2. 0. 2.]
DEBUG: Direction to cube: [0.70710678 0.         0.70710678]
DEBUG: View direction: [1. 0. 0.]
DEBUG: Angle between view and cube direction: 45.0° (should be close to 0°)
DEBUG: Are we looking toward cube? False
DEBUG: ==============================================
DEBUG: ===== SIMPLE MODE CUBE ROTATION =====
DEBUG: Simple mode applying cube rotation: [0.0°, 0.0°, 0.0°]
DEBUG: =========================================
DEBUG: Simple 2D screen rendered - reference objects disabled to prevent yellow box artifact
DEBUG: Using perspective projection - FOV: 60.0°
DEBUG: Canvas mode: 'simple', Sphere mode: 'simple'
DEBUG: Sphere screen render check - canvas_enabled: True, canvas_mode: simple, sphere_enabled: True, should_render: False
DEBUG: Sphere skipping screen render (canvas mode: simple)
DEBUG: ===== SIMPLE MODE CUBE ROTATION =====
DEBUG: Simple mode applying cube rotation: [0.0°, 0.0°, 0.0°]
DEBUG: =========================================
DEBUG: ===== CANVAS draw_unified_screen() CALLED =====
DEBUG: screen_enabled: True, screen_render_mode: simple
DEBUG: Canvas drawing simple 2D screen
DEBUG: Drew unified screen in simple mode
DEBUG: Simple mode active - screen shows original 2D framebuffer view
DEBUG: Rendering 2 screens
DEBUG: Rendering screen Original 2D Screen of type screen_2d
DEBUG: ===== SIMPLE MODE CUBE ROTATION =====
DEBUG: Simple mode applying cube rotation: [0.0°, 0.0°, 0.0°]
DEBUG: =========================================
DEBUG: ===== CANVAS draw_unified_screen() CALLED =====
DEBUG: screen_enabled: True, screen_render_mode: simple
DEBUG: Canvas drawing simple 2D screen
DEBUG: Drew unified screen in simple mode
DEBUG: Simple mode active - screen shows original 2D framebuffer view
DEBUG: Rendering MediaScreen Video Screen (istockphoto-482277170-640_adpp_is.mp4) with texture 3
DEBUG: Rendering screen Video Screen (istockphoto-482277170-640_adpp_is.mp4) of type screen_2d
DEBUG: Rendering MediaScreen Video Screen (istockphoto-482277170-640_adpp_is.mp4) with texture 3
DEBUG: ===== CANVAS update_sphere_view_vector() CALLED =====
DEBUG: Canvas syncing view_vector with sphere vector_direction: [1. 0. 0.]
DEBUG: Normalized view_vector: [1. 0. 0.]
DEBUG: Red vector direction: [1. 0. 0.]
DEBUG: Normalized view vector: [1.000, 0.000, 0.000]
DEBUG: Red cube position: [2. 0. 2.]
DEBUG: Expected direction to cube: [0.70710678 0.         0.70710678]
DEBUG: Actual view vector: [1. 0. 0.]
DEBUG: Dot product: 0.707
DEBUG: ⚠️ WARNING: View vector not pointing toward cube!
DEBUG: Consider setting vector direction to point toward cube
DEBUG: Suggested vector direction: [2.12132034 0.         2.12132034]
DEBUG: Angle to cube: 45.0° (should be < 30° to be visible)
DEBUG: Cube direction: [0.707, 0.000, 0.707]
DEBUG: 2D screen using perspective projection - FOV: 60.0°
DEBUG: ===== SIMPLE MODE CAMERA SETUP =====
DEBUG: Simple mode sphere_pos: [0. 0. 0.]
DEBUG: Simple mode view_dir: [1. 0. 0.]
DEBUG: Simple mode look_at: [10.  0.  0.]
DEBUG: Cube position: [2. 0. 2.]
DEBUG: Direction to cube: [0.70710678 0.         0.70710678]
DEBUG: View direction: [1. 0. 0.]
DEBUG: Angle between view and cube direction: 45.0° (should be close to 0°)
DEBUG: Are we looking toward cube? False
DEBUG: ==============================================
DEBUG: ===== SIMPLE MODE CUBE ROTATION =====
DEBUG: Simple mode applying cube rotation: [0.0°, 0.0°, 0.0°]
DEBUG: =========================================
DEBUG: Simple 2D screen rendered - reference objects disabled to prevent yellow box artifact
DEBUG: Using perspective projection - FOV: 60.0°
DEBUG: Canvas mode: 'simple', Sphere mode: 'simple'
DEBUG: Sphere screen render check - canvas_enabled: True, canvas_mode: simple, sphere_enabled: True, should_render: False
DEBUG: Sphere skipping screen render (canvas mode: simple)
DEBUG: ===== SIMPLE MODE CUBE ROTATION =====
DEBUG: Simple mode applying cube rotation: [0.0°, 0.0°, 0.0°]
DEBUG: =========================================
DEBUG: ===== CANVAS draw_unified_screen() CALLED =====
DEBUG: screen_enabled: True, screen_render_mode: simple
DEBUG: Canvas drawing simple 2D screen
DEBUG: Drew unified screen in simple mode
DEBUG: Simple mode active - screen shows original 2D framebuffer view
DEBUG: Rendering 2 screens
DEBUG: Rendering screen Original 2D Screen of type screen_2d
DEBUG: ===== SIMPLE MODE CUBE ROTATION =====
DEBUG: Simple mode applying cube rotation: [0.0°, 0.0°, 0.0°]
DEBUG: =========================================
DEBUG: ===== CANVAS draw_unified_screen() CALLED =====
DEBUG: screen_enabled: True, screen_render_mode: simple
DEBUG: Canvas drawing simple 2D screen
DEBUG: Drew unified screen in simple mode
DEBUG: Simple mode active - screen shows original 2D framebuffer view
DEBUG: Rendering MediaScreen Video Screen (istockphoto-482277170-640_adpp_is.mp4) with texture 3
DEBUG: Rendering screen Video Screen (istockphoto-482277170-640_adpp_is.mp4) of type screen_2d
DEBUG: Rendering MediaScreen Video Screen (istockphoto-482277170-640_adpp_is.mp4) with texture 3
DEBUG: Frame 150, audio: 5.00s, video: 5.00s, sync diff: 0.000s
DEBUG: ===== CANVAS update_sphere_view_vector() CALLED =====
DEBUG: Canvas syncing view_vector with sphere vector_direction: [1. 0. 0.]
DEBUG: Normalized view_vector: [1. 0. 0.]
DEBUG: Red vector direction: [1. 0. 0.]
DEBUG: Normalized view vector: [1.000, 0.000, 0.000]
DEBUG: Red cube position: [2. 0. 2.]
DEBUG: Expected direction to cube: [0.70710678 0.         0.70710678]
DEBUG: Actual view vector: [1. 0. 0.]
DEBUG: Dot product: 0.707
DEBUG: ⚠️ WARNING: View vector not pointing toward cube!
DEBUG: Consider setting vector direction to point toward cube
DEBUG: Suggested vector direction: [2.12132034 0.         2.12132034]
DEBUG: Angle to cube: 45.0° (should be < 30° to be visible)
DEBUG: Cube direction: [0.707, 0.000, 0.707]
DEBUG: 2D screen using perspective projection - FOV: 60.0°
DEBUG: ===== SIMPLE MODE CAMERA SETUP =====
DEBUG: Simple mode sphere_pos: [0. 0. 0.]
DEBUG: Simple mode view_dir: [1. 0. 0.]
DEBUG: Simple mode look_at: [10.  0.  0.]
DEBUG: Cube position: [2. 0. 2.]
DEBUG: Direction to cube: [0.70710678 0.         0.70710678]
DEBUG: View direction: [1. 0. 0.]
DEBUG: Angle between view and cube direction: 45.0° (should be close to 0°)
DEBUG: Are we looking toward cube? False
DEBUG: ==============================================
DEBUG: ===== SIMPLE MODE CUBE ROTATION =====
DEBUG: Simple mode applying cube rotation: [0.0°, 0.0°, 0.0°]
DEBUG: =========================================
DEBUG: Simple 2D screen rendered - reference objects disabled to prevent yellow box artifact
DEBUG: Using perspective projection - FOV: 60.0°
DEBUG: Canvas mode: 'simple', Sphere mode: 'simple'
DEBUG: Sphere screen render check - canvas_enabled: True, canvas_mode: simple, sphere_enabled: True, should_render: False
DEBUG: Sphere skipping screen render (canvas mode: simple)
DEBUG: ===== SIMPLE MODE CUBE ROTATION =====
DEBUG: Simple mode applying cube rotation: [0.0°, 0.0°, 0.0°]
DEBUG: =========================================
DEBUG: ===== CANVAS draw_unified_screen() CALLED =====
DEBUG: screen_enabled: True, screen_render_mode: simple
DEBUG: Canvas drawing simple 2D screen
DEBUG: Drew unified screen in simple mode
DEBUG: Simple mode active - screen shows original 2D framebuffer view
DEBUG: Rendering 2 screens
DEBUG: Rendering screen Original 2D Screen of type screen_2d
DEBUG: ===== SIMPLE MODE CUBE ROTATION =====
DEBUG: Simple mode applying cube rotation: [0.0°, 0.0°, 0.0°]
DEBUG: =========================================
DEBUG: ===== CANVAS draw_unified_screen() CALLED =====
DEBUG: screen_enabled: True, screen_render_mode: simple
DEBUG: Canvas drawing simple 2D screen
DEBUG: Drew unified screen in simple mode
DEBUG: Simple mode active - screen shows original 2D framebuffer view
DEBUG: Rendering MediaScreen Video Screen (istockphoto-482277170-640_adpp_is.mp4) with texture 3
DEBUG: Rendering screen Video Screen (istockphoto-482277170-640_adpp_is.mp4) of type screen_2d
DEBUG: Rendering MediaScreen Video Screen (istockphoto-482277170-640_adpp_is.mp4) with texture 3
DEBUG: ===== CANVAS update_sphere_view_vector() CALLED =====
DEBUG: Canvas syncing view_vector with sphere vector_direction: [1. 0. 0.]
DEBUG: Normalized view_vector: [1. 0. 0.]
DEBUG: Red vector direction: [1. 0. 0.]
DEBUG: Normalized view vector: [1.000, 0.000, 0.000]
DEBUG: Red cube position: [2. 0. 2.]
DEBUG: Expected direction to cube: [0.70710678 0.         0.70710678]
DEBUG: Actual view vector: [1. 0. 0.]
DEBUG: Dot product: 0.707
DEBUG: ⚠️ WARNING: View vector not pointing toward cube!
DEBUG: Consider setting vector direction to point toward cube
DEBUG: Suggested vector direction: [2.12132034 0.         2.12132034]
DEBUG: Angle to cube: 45.0° (should be < 30° to be visible)
DEBUG: Cube direction: [0.707, 0.000, 0.707]
DEBUG: 2D screen using perspective projection - FOV: 60.0°
DEBUG: ===== SIMPLE MODE CAMERA SETUP =====
DEBUG: Simple mode sphere_pos: [0. 0. 0.]
DEBUG: Simple mode view_dir: [1. 0. 0.]
DEBUG: Simple mode look_at: [10.  0.  0.]
DEBUG: Cube position: [2. 0. 2.]
DEBUG: Direction to cube: [0.70710678 0.         0.70710678]
DEBUG: View direction: [1. 0. 0.]
DEBUG: Angle between view and cube direction: 45.0° (should be close to 0°)
DEBUG: Are we looking toward cube? False
DEBUG: ==============================================
DEBUG: ===== SIMPLE MODE CUBE ROTATION =====
DEBUG: Simple mode applying cube rotation: [0.0°, 0.0°, 0.0°]
DEBUG: =========================================
DEBUG: Simple 2D screen rendered - reference objects disabled to prevent yellow box artifact
DEBUG: Using perspective projection - FOV: 60.0°
DEBUG: Canvas mode: 'simple', Sphere mode: 'simple'
DEBUG: Sphere screen render check - canvas_enabled: True, canvas_mode: simple, sphere_enabled: True, should_render: False
DEBUG: Sphere skipping screen render (canvas mode: simple)
DEBUG: ===== SIMPLE MODE CUBE ROTATION =====
DEBUG: Simple mode applying cube rotation: [0.0°, 0.0°, 0.0°]
DEBUG: =========================================
DEBUG: ===== CANVAS draw_unified_screen() CALLED =====
DEBUG: screen_enabled: True, screen_render_mode: simple
DEBUG: Canvas drawing simple 2D screen
DEBUG: Drew unified screen in simple mode
DEBUG: Simple mode active - screen shows original 2D framebuffer view
DEBUG: Rendering 2 screens
DEBUG: Rendering screen Original 2D Screen of type screen_2d
DEBUG: ===== SIMPLE MODE CUBE ROTATION =====
DEBUG: Simple mode applying cube rotation: [0.0°, 0.0°, 0.0°]
DEBUG: =========================================
DEBUG: ===== CANVAS draw_unified_screen() CALLED =====
DEBUG: screen_enabled: True, screen_render_mode: simple
DEBUG: Canvas drawing simple 2D screen
DEBUG: Drew unified screen in simple mode
DEBUG: Simple mode active - screen shows original 2D framebuffer view
DEBUG: Rendering MediaScreen Video Screen (istockphoto-482277170-640_adpp_is.mp4) with texture 3
DEBUG: Rendering screen Video Screen (istockphoto-482277170-640_adpp_is.mp4) of type screen_2d
DEBUG: Rendering MediaScreen Video Screen (istockphoto-482277170-640_adpp_is.mp4) with texture 3
DEBUG: ===== CANVAS update_sphere_view_vector() CALLED =====
DEBUG: Canvas syncing view_vector with sphere vector_direction: [1. 0. 0.]
DEBUG: Normalized view_vector: [1. 0. 0.]
DEBUG: Red vector direction: [1. 0. 0.]
DEBUG: Normalized view vector: [1.000, 0.000, 0.000]
DEBUG: Red cube position: [2. 0. 2.]
DEBUG: Expected direction to cube: [0.70710678 0.         0.70710678]
DEBUG: Actual view vector: [1. 0. 0.]
DEBUG: Dot product: 0.707
DEBUG: ⚠️ WARNING: View vector not pointing toward cube!
DEBUG: Consider setting vector direction to point toward cube
DEBUG: Suggested vector direction: [2.12132034 0.         2.12132034]
DEBUG: Angle to cube: 45.0° (should be < 30° to be visible)
DEBUG: Cube direction: [0.707, 0.000, 0.707]
DEBUG: 2D screen using perspective projection - FOV: 60.0°
DEBUG: ===== SIMPLE MODE CAMERA SETUP =====
DEBUG: Simple mode sphere_pos: [0. 0. 0.]
DEBUG: Simple mode view_dir: [1. 0. 0.]
DEBUG: Simple mode look_at: [10.  0.  0.]
DEBUG: Cube position: [2. 0. 2.]
DEBUG: Direction to cube: [0.70710678 0.         0.70710678]
DEBUG: View direction: [1. 0. 0.]
DEBUG: Angle between view and cube direction: 45.0° (should be close to 0°)
DEBUG: Are we looking toward cube? False
DEBUG: ==============================================
DEBUG: ===== SIMPLE MODE CUBE ROTATION =====
DEBUG: Simple mode applying cube rotation: [0.0°, 0.0°, 0.0°]
DEBUG: =========================================
DEBUG: Simple 2D screen rendered - reference objects disabled to prevent yellow box artifact
DEBUG: Using perspective projection - FOV: 60.0°
DEBUG: Canvas mode: 'simple', Sphere mode: 'simple'
DEBUG: Sphere screen render check - canvas_enabled: True, canvas_mode: simple, sphere_enabled: True, should_render: False
DEBUG: Sphere skipping screen render (canvas mode: simple)
DEBUG: ===== SIMPLE MODE CUBE ROTATION =====
DEBUG: Simple mode applying cube rotation: [0.0°, 0.0°, 0.0°]
DEBUG: =========================================
DEBUG: ===== CANVAS draw_unified_screen() CALLED =====
DEBUG: screen_enabled: True, screen_render_mode: simple
DEBUG: Canvas drawing simple 2D screen
DEBUG: Drew unified screen in simple mode
DEBUG: Simple mode active - screen shows original 2D framebuffer view
DEBUG: Rendering 2 screens
DEBUG: Rendering screen Original 2D Screen of type screen_2d
DEBUG: ===== SIMPLE MODE CUBE ROTATION =====
DEBUG: Simple mode applying cube rotation: [0.0°, 0.0°, 0.0°]
DEBUG: =========================================
DEBUG: ===== CANVAS draw_unified_screen() CALLED =====
DEBUG: screen_enabled: True, screen_render_mode: simple
DEBUG: Canvas drawing simple 2D screen
DEBUG: Drew unified screen in simple mode
DEBUG: Simple mode active - screen shows original 2D framebuffer view
DEBUG: Rendering MediaScreen Video Screen (istockphoto-482277170-640_adpp_is.mp4) with texture 3
DEBUG: Rendering screen Video Screen (istockphoto-482277170-640_adpp_is.mp4) of type screen_2d
DEBUG: Rendering MediaScreen Video Screen (istockphoto-482277170-640_adpp_is.mp4) with texture 3
DEBUG: ===== CANVAS update_sphere_view_vector() CALLED =====
DEBUG: Canvas syncing view_vector with sphere vector_direction: [1. 0. 0.]
DEBUG: Normalized view_vector: [1. 0. 0.]
DEBUG: Red vector direction: [1. 0. 0.]
DEBUG: Normalized view vector: [1.000, 0.000, 0.000]
DEBUG: Red cube position: [2. 0. 2.]
DEBUG: Expected direction to cube: [0.70710678 0.         0.70710678]
DEBUG: Actual view vector: [1. 0. 0.]
DEBUG: Dot product: 0.707
DEBUG: ⚠️ WARNING: View vector not pointing toward cube!
DEBUG: Consider setting vector direction to point toward cube
DEBUG: Suggested vector direction: [2.12132034 0.         2.12132034]
DEBUG: Angle to cube: 45.0° (should be < 30° to be visible)
DEBUG: Cube direction: [0.707, 0.000, 0.707]
DEBUG: 2D screen using perspective projection - FOV: 60.0°
DEBUG: ===== SIMPLE MODE CAMERA SETUP =====
DEBUG: Simple mode sphere_pos: [0. 0. 0.]
DEBUG: Simple mode view_dir: [1. 0. 0.]
DEBUG: Simple mode look_at: [10.  0.  0.]
DEBUG: Cube position: [2. 0. 2.]
DEBUG: Direction to cube: [0.70710678 0.         0.70710678]
DEBUG: View direction: [1. 0. 0.]
DEBUG: Angle between view and cube direction: 45.0° (should be close to 0°)
DEBUG: Are we looking toward cube? False
DEBUG: ==============================================
DEBUG: ===== SIMPLE MODE CUBE ROTATION =====
DEBUG: Simple mode applying cube rotation: [0.0°, 0.0°, 0.0°]
DEBUG: =========================================
DEBUG: Simple 2D screen rendered - reference objects disabled to prevent yellow box artifact
DEBUG: Using perspective projection - FOV: 60.0°
DEBUG: Canvas mode: 'simple', Sphere mode: 'simple'
DEBUG: Sphere screen render check - canvas_enabled: True, canvas_mode: simple, sphere_enabled: True, should_render: False
DEBUG: Sphere skipping screen render (canvas mode: simple)
DEBUG: ===== SIMPLE MODE CUBE ROTATION =====
DEBUG: Simple mode applying cube rotation: [0.0°, 0.0°, 0.0°]
DEBUG: =========================================
DEBUG: ===== CANVAS draw_unified_screen() CALLED =====
DEBUG: screen_enabled: True, screen_render_mode: simple
DEBUG: Canvas drawing simple 2D screen
DEBUG: Drew unified screen in simple mode
DEBUG: Simple mode active - screen shows original 2D framebuffer view
DEBUG: Rendering 2 screens
DEBUG: Rendering screen Original 2D Screen of type screen_2d
DEBUG: ===== SIMPLE MODE CUBE ROTATION =====
DEBUG: Simple mode applying cube rotation: [0.0°, 0.0°, 0.0°]
DEBUG: =========================================
DEBUG: ===== CANVAS draw_unified_screen() CALLED =====
DEBUG: screen_enabled: True, screen_render_mode: simple
DEBUG: Canvas drawing simple 2D screen
DEBUG: Drew unified screen in simple mode
DEBUG: Simple mode active - screen shows original 2D framebuffer view
DEBUG: Rendering MediaScreen Video Screen (istockphoto-482277170-640_adpp_is.mp4) with texture 3
DEBUG: Rendering screen Video Screen (istockphoto-482277170-640_adpp_is.mp4) of type screen_2d
DEBUG: Rendering MediaScreen Video Screen (istockphoto-482277170-640_adpp_is.mp4) with texture 3
DEBUG: ===== CANVAS update_sphere_view_vector() CALLED =====
DEBUG: Canvas syncing view_vector with sphere vector_direction: [1. 0. 0.]
DEBUG: Normalized view_vector: [1. 0. 0.]
DEBUG: Red vector direction: [1. 0. 0.]
DEBUG: Normalized view vector: [1.000, 0.000, 0.000]
DEBUG: Red cube position: [2. 0. 2.]
DEBUG: Expected direction to cube: [0.70710678 0.         0.70710678]
DEBUG: Actual view vector: [1. 0. 0.]
DEBUG: Dot product: 0.707
DEBUG: ⚠️ WARNING: View vector not pointing toward cube!
DEBUG: Consider setting vector direction to point toward cube
DEBUG: Suggested vector direction: [2.12132034 0.         2.12132034]
DEBUG: Angle to cube: 45.0° (should be < 30° to be visible)
DEBUG: Cube direction: [0.707, 0.000, 0.707]
DEBUG: 2D screen using perspective projection - FOV: 60.0°
DEBUG: ===== SIMPLE MODE CAMERA SETUP =====
DEBUG: Simple mode sphere_pos: [0. 0. 0.]
DEBUG: Simple mode view_dir: [1. 0. 0.]
DEBUG: Simple mode look_at: [10.  0.  0.]
DEBUG: Cube position: [2. 0. 2.]
DEBUG: Direction to cube: [0.70710678 0.         0.70710678]
DEBUG: View direction: [1. 0. 0.]
DEBUG: Angle between view and cube direction: 45.0° (should be close to 0°)
DEBUG: Are we looking toward cube? False
DEBUG: ==============================================
DEBUG: ===== SIMPLE MODE CUBE ROTATION =====
DEBUG: Simple mode applying cube rotation: [0.0°, 0.0°, 0.0°]
DEBUG: =========================================
DEBUG: Simple 2D screen rendered - reference objects disabled to prevent yellow box artifact
DEBUG: Using perspective projection - FOV: 60.0°
DEBUG: Canvas mode: 'simple', Sphere mode: 'simple'
DEBUG: Sphere screen render check - canvas_enabled: True, canvas_mode: simple, sphere_enabled: True, should_render: False
DEBUG: Sphere skipping screen render (canvas mode: simple)
DEBUG: ===== SIMPLE MODE CUBE ROTATION =====
DEBUG: Simple mode applying cube rotation: [0.0°, 0.0°, 0.0°]
DEBUG: =========================================
DEBUG: ===== CANVAS draw_unified_screen() CALLED =====
DEBUG: screen_enabled: True, screen_render_mode: simple
DEBUG: Canvas drawing simple 2D screen
DEBUG: Drew unified screen in simple mode
DEBUG: Simple mode active - screen shows original 2D framebuffer view
DEBUG: Rendering 2 screens
DEBUG: Rendering screen Original 2D Screen of type screen_2d
DEBUG: ===== SIMPLE MODE CUBE ROTATION =====
DEBUG: Simple mode applying cube rotation: [0.0°, 0.0°, 0.0°]
DEBUG: =========================================
DEBUG: ===== CANVAS draw_unified_screen() CALLED =====
DEBUG: screen_enabled: True, screen_render_mode: simple
DEBUG: Canvas drawing simple 2D screen
DEBUG: Drew unified screen in simple mode
DEBUG: Simple mode active - screen shows original 2D framebuffer view
DEBUG: Rendering MediaScreen Video Screen (istockphoto-482277170-640_adpp_is.mp4) with texture 3
DEBUG: Rendering screen Video Screen (istockphoto-482277170-640_adpp_is.mp4) of type screen_2d
DEBUG: Rendering MediaScreen Video Screen (istockphoto-482277170-640_adpp_is.mp4) with texture 3
DEBUG: ===== CANVAS update_sphere_view_vector() CALLED =====
DEBUG: Canvas syncing view_vector with sphere vector_direction: [1. 0. 0.]
DEBUG: Normalized view_vector: [1. 0. 0.]
DEBUG: Red vector direction: [1. 0. 0.]
DEBUG: Normalized view vector: [1.000, 0.000, 0.000]
DEBUG: Red cube position: [2. 0. 2.]
DEBUG: Expected direction to cube: [0.70710678 0.         0.70710678]
DEBUG: Actual view vector: [1. 0. 0.]
DEBUG: Dot product: 0.707
DEBUG: ⚠️ WARNING: View vector not pointing toward cube!
DEBUG: Consider setting vector direction to point toward cube
DEBUG: Suggested vector direction: [2.12132034 0.         2.12132034]
DEBUG: Angle to cube: 45.0° (should be < 30° to be visible)
DEBUG: Cube direction: [0.707, 0.000, 0.707]
DEBUG: 2D screen using perspective projection - FOV: 60.0°
DEBUG: ===== SIMPLE MODE CAMERA SETUP =====
DEBUG: Simple mode sphere_pos: [0. 0. 0.]
DEBUG: Simple mode view_dir: [1. 0. 0.]
DEBUG: Simple mode look_at: [10.  0.  0.]
DEBUG: Cube position: [2. 0. 2.]
DEBUG: Direction to cube: [0.70710678 0.         0.70710678]
DEBUG: View direction: [1. 0. 0.]
DEBUG: Angle between view and cube direction: 45.0° (should be close to 0°)
DEBUG: Are we looking toward cube? False
DEBUG: ==============================================
DEBUG: ===== SIMPLE MODE CUBE ROTATION =====
DEBUG: Simple mode applying cube rotation: [0.0°, 0.0°, 0.0°]
DEBUG: =========================================
DEBUG: Simple 2D screen rendered - reference objects disabled to prevent yellow box artifact
DEBUG: Using perspective projection - FOV: 60.0°
DEBUG: Canvas mode: 'simple', Sphere mode: 'simple'
DEBUG: Sphere screen render check - canvas_enabled: True, canvas_mode: simple, sphere_enabled: True, should_render: False
DEBUG: Sphere skipping screen render (canvas mode: simple)
DEBUG: ===== SIMPLE MODE CUBE ROTATION =====
DEBUG: Simple mode applying cube rotation: [0.0°, 0.0°, 0.0°]
DEBUG: =========================================
DEBUG: ===== CANVAS draw_unified_screen() CALLED =====
DEBUG: screen_enabled: True, screen_render_mode: simple
DEBUG: Canvas drawing simple 2D screen
DEBUG: Drew unified screen in simple mode
DEBUG: Simple mode active - screen shows original 2D framebuffer view
DEBUG: Rendering 2 screens
DEBUG: Rendering screen Original 2D Screen of type screen_2d
DEBUG: ===== SIMPLE MODE CUBE ROTATION =====
DEBUG: Simple mode applying cube rotation: [0.0°, 0.0°, 0.0°]
DEBUG: =========================================
DEBUG: ===== CANVAS draw_unified_screen() CALLED =====
DEBUG: screen_enabled: True, screen_render_mode: simple
DEBUG: Canvas drawing simple 2D screen
DEBUG: Drew unified screen in simple mode
DEBUG: Simple mode active - screen shows original 2D framebuffer view
DEBUG: Rendering MediaScreen Video Screen (istockphoto-482277170-640_adpp_is.mp4) with texture 3
DEBUG: Rendering screen Video Screen (istockphoto-482277170-640_adpp_is.mp4) of type screen_2d
DEBUG: Rendering MediaScreen Video Screen (istockphoto-482277170-640_adpp_is.mp4) with texture 3
DEBUG: ===== CANVAS update_sphere_view_vector() CALLED =====
DEBUG: Canvas syncing view_vector with sphere vector_direction: [1. 0. 0.]
DEBUG: Normalized view_vector: [1. 0. 0.]
DEBUG: Red vector direction: [1. 0. 0.]
DEBUG: Normalized view vector: [1.000, 0.000, 0.000]
DEBUG: Red cube position: [2. 0. 2.]
DEBUG: Expected direction to cube: [0.70710678 0.         0.70710678]
DEBUG: Actual view vector: [1. 0. 0.]
DEBUG: Dot product: 0.707
DEBUG: ⚠️ WARNING: View vector not pointing toward cube!
DEBUG: Consider setting vector direction to point toward cube
DEBUG: Suggested vector direction: [2.12132034 0.         2.12132034]
DEBUG: Angle to cube: 45.0° (should be < 30° to be visible)
DEBUG: Cube direction: [0.707, 0.000, 0.707]
DEBUG: 2D screen using perspective projection - FOV: 60.0°
DEBUG: ===== SIMPLE MODE CAMERA SETUP =====
DEBUG: Simple mode sphere_pos: [0. 0. 0.]
DEBUG: Simple mode view_dir: [1. 0. 0.]
DEBUG: Simple mode look_at: [10.  0.  0.]
DEBUG: Cube position: [2. 0. 2.]
DEBUG: Direction to cube: [0.70710678 0.         0.70710678]
DEBUG: View direction: [1. 0. 0.]
DEBUG: Angle between view and cube direction: 45.0° (should be close to 0°)
DEBUG: Are we looking toward cube? False
DEBUG: ==============================================
DEBUG: ===== SIMPLE MODE CUBE ROTATION =====
DEBUG: Simple mode applying cube rotation: [0.0°, 0.0°, 0.0°]
DEBUG: =========================================
DEBUG: Simple 2D screen rendered - reference objects disabled to prevent yellow box artifact
DEBUG: Using perspective projection - FOV: 60.0°
DEBUG: Canvas mode: 'simple', Sphere mode: 'simple'
DEBUG: Sphere screen render check - canvas_enabled: True, canvas_mode: simple, sphere_enabled: True, should_render: False
DEBUG: Sphere skipping screen render (canvas mode: simple)
DEBUG: ===== SIMPLE MODE CUBE ROTATION =====
DEBUG: Simple mode applying cube rotation: [0.0°, 0.0°, 0.0°]
DEBUG: =========================================
DEBUG: ===== CANVAS draw_unified_screen() CALLED =====
DEBUG: screen_enabled: True, screen_render_mode: simple
DEBUG: Canvas drawing simple 2D screen
DEBUG: Drew unified screen in simple mode
DEBUG: Simple mode active - screen shows original 2D framebuffer view
DEBUG: Rendering 2 screens
DEBUG: Rendering screen Original 2D Screen of type screen_2d
DEBUG: ===== SIMPLE MODE CUBE ROTATION =====
DEBUG: Simple mode applying cube rotation: [0.0°, 0.0°, 0.0°]
DEBUG: =========================================
DEBUG: ===== CANVAS draw_unified_screen() CALLED =====
DEBUG: screen_enabled: True, screen_render_mode: simple
DEBUG: Canvas drawing simple 2D screen
DEBUG: Drew unified screen in simple mode
DEBUG: Simple mode active - screen shows original 2D framebuffer view
DEBUG: Rendering MediaScreen Video Screen (istockphoto-482277170-640_adpp_is.mp4) with texture 3
DEBUG: Rendering screen Video Screen (istockphoto-482277170-640_adpp_is.mp4) of type screen_2d
DEBUG: Rendering MediaScreen Video Screen (istockphoto-482277170-640_adpp_is.mp4) with texture 3
DEBUG: ===== CANVAS update_sphere_view_vector() CALLED =====
DEBUG: Canvas syncing view_vector with sphere vector_direction: [1. 0. 0.]
DEBUG: Normalized view_vector: [1. 0. 0.]
DEBUG: Red vector direction: [1. 0. 0.]
DEBUG: Normalized view vector: [1.000, 0.000, 0.000]
DEBUG: Red cube position: [2. 0. 2.]
DEBUG: Expected direction to cube: [0.70710678 0.         0.70710678]
DEBUG: Actual view vector: [1. 0. 0.]
DEBUG: Dot product: 0.707
DEBUG: ⚠️ WARNING: View vector not pointing toward cube!
DEBUG: Consider setting vector direction to point toward cube
DEBUG: Suggested vector direction: [2.12132034 0.         2.12132034]
DEBUG: Angle to cube: 45.0° (should be < 30° to be visible)
DEBUG: Cube direction: [0.707, 0.000, 0.707]
DEBUG: 2D screen using perspective projection - FOV: 60.0°
DEBUG: ===== SIMPLE MODE CAMERA SETUP =====
DEBUG: Simple mode sphere_pos: [0. 0. 0.]
DEBUG: Simple mode view_dir: [1. 0. 0.]
DEBUG: Simple mode look_at: [10.  0.  0.]
DEBUG: Cube position: [2. 0. 2.]
DEBUG: Direction to cube: [0.70710678 0.         0.70710678]
DEBUG: View direction: [1. 0. 0.]
DEBUG: Angle between view and cube direction: 45.0° (should be close to 0°)
DEBUG: Are we looking toward cube? False
DEBUG: ==============================================
DEBUG: ===== SIMPLE MODE CUBE ROTATION =====
DEBUG: Simple mode applying cube rotation: [0.0°, 0.0°, 0.0°]
DEBUG: =========================================
DEBUG: Simple 2D screen rendered - reference objects disabled to prevent yellow box artifact
DEBUG: Using perspective projection - FOV: 60.0°
DEBUG: Canvas mode: 'simple', Sphere mode: 'simple'
DEBUG: Sphere screen render check - canvas_enabled: True, canvas_mode: simple, sphere_enabled: True, should_render: False
DEBUG: Sphere skipping screen render (canvas mode: simple)
DEBUG: ===== SIMPLE MODE CUBE ROTATION =====
DEBUG: Simple mode applying cube rotation: [0.0°, 0.0°, 0.0°]
DEBUG: =========================================
DEBUG: ===== CANVAS draw_unified_screen() CALLED =====
DEBUG: screen_enabled: True, screen_render_mode: simple
DEBUG: Canvas drawing simple 2D screen
DEBUG: Drew unified screen in simple mode
DEBUG: Simple mode active - screen shows original 2D framebuffer view
DEBUG: Rendering 2 screens
DEBUG: Rendering screen Original 2D Screen of type screen_2d
DEBUG: ===== SIMPLE MODE CUBE ROTATION =====
DEBUG: Simple mode applying cube rotation: [0.0°, 0.0°, 0.0°]
DEBUG: =========================================
DEBUG: ===== CANVAS draw_unified_screen() CALLED =====
DEBUG: screen_enabled: True, screen_render_mode: simple
DEBUG: Canvas drawing simple 2D screen
DEBUG: Drew unified screen in simple mode
DEBUG: Simple mode active - screen shows original 2D framebuffer view
DEBUG: Rendering MediaScreen Video Screen (istockphoto-482277170-640_adpp_is.mp4) with texture 3
DEBUG: Rendering screen Video Screen (istockphoto-482277170-640_adpp_is.mp4) of type screen_2d
DEBUG: Rendering MediaScreen Video Screen (istockphoto-482277170-640_adpp_is.mp4) with texture 3
DEBUG: ===== CANVAS update_sphere_view_vector() CALLED =====
DEBUG: Canvas syncing view_vector with sphere vector_direction: [1. 0. 0.]
DEBUG: Normalized view_vector: [1. 0. 0.]
DEBUG: Red vector direction: [1. 0. 0.]
DEBUG: Normalized view vector: [1.000, 0.000, 0.000]
DEBUG: Red cube position: [2. 0. 2.]
DEBUG: Expected direction to cube: [0.70710678 0.         0.70710678]
DEBUG: Actual view vector: [1. 0. 0.]
DEBUG: Dot product: 0.707
DEBUG: ⚠️ WARNING: View vector not pointing toward cube!
DEBUG: Consider setting vector direction to point toward cube
DEBUG: Suggested vector direction: [2.12132034 0.         2.12132034]
DEBUG: Angle to cube: 45.0° (should be < 30° to be visible)
DEBUG: Cube direction: [0.707, 0.000, 0.707]
DEBUG: 2D screen using perspective projection - FOV: 60.0°
DEBUG: ===== SIMPLE MODE CAMERA SETUP =====
DEBUG: Simple mode sphere_pos: [0. 0. 0.]
DEBUG: Simple mode view_dir: [1. 0. 0.]
DEBUG: Simple mode look_at: [10.  0.  0.]
DEBUG: Cube position: [2. 0. 2.]
DEBUG: Direction to cube: [0.70710678 0.         0.70710678]
DEBUG: View direction: [1. 0. 0.]
DEBUG: Angle between view and cube direction: 45.0° (should be close to 0°)
DEBUG: Are we looking toward cube? False
DEBUG: ==============================================
DEBUG: ===== SIMPLE MODE CUBE ROTATION =====
DEBUG: Simple mode applying cube rotation: [0.0°, 0.0°, 0.0°]
DEBUG: =========================================
DEBUG: Simple 2D screen rendered - reference objects disabled to prevent yellow box artifact
DEBUG: Using perspective projection - FOV: 60.0°
DEBUG: Canvas mode: 'simple', Sphere mode: 'simple'
DEBUG: Sphere screen render check - canvas_enabled: True, canvas_mode: simple, sphere_enabled: True, should_render: False
DEBUG: Sphere skipping screen render (canvas mode: simple)
DEBUG: ===== SIMPLE MODE CUBE ROTATION =====
DEBUG: Simple mode applying cube rotation: [0.0°, 0.0°, 0.0°]
DEBUG: =========================================
DEBUG: ===== CANVAS draw_unified_screen() CALLED =====
DEBUG: screen_enabled: True, screen_render_mode: simple
DEBUG: Canvas drawing simple 2D screen
DEBUG: Drew unified screen in simple mode
DEBUG: Simple mode active - screen shows original 2D framebuffer view
DEBUG: Rendering 2 screens
DEBUG: Rendering screen Original 2D Screen of type screen_2d
DEBUG: ===== SIMPLE MODE CUBE ROTATION =====
DEBUG: Simple mode applying cube rotation: [0.0°, 0.0°, 0.0°]
DEBUG: =========================================
DEBUG: ===== CANVAS draw_unified_screen() CALLED =====
DEBUG: screen_enabled: True, screen_render_mode: simple
DEBUG: Canvas drawing simple 2D screen
DEBUG: Drew unified screen in simple mode
DEBUG: Simple mode active - screen shows original 2D framebuffer view
DEBUG: Rendering MediaScreen Video Screen (istockphoto-482277170-640_adpp_is.mp4) with texture 3
DEBUG: Rendering screen Video Screen (istockphoto-482277170-640_adpp_is.mp4) of type screen_2d
DEBUG: Rendering MediaScreen Video Screen (istockphoto-482277170-640_adpp_is.mp4) with texture 3
DEBUG: ===== CANVAS update_sphere_view_vector() CALLED =====
DEBUG: Canvas syncing view_vector with sphere vector_direction: [1. 0. 0.]
DEBUG: Normalized view_vector: [1. 0. 0.]
DEBUG: Red vector direction: [1. 0. 0.]
DEBUG: Normalized view vector: [1.000, 0.000, 0.000]
DEBUG: Red cube position: [2. 0. 2.]
DEBUG: Expected direction to cube: [0.70710678 0.         0.70710678]
DEBUG: Actual view vector: [1. 0. 0.]
DEBUG: Dot product: 0.707
DEBUG: ⚠️ WARNING: View vector not pointing toward cube!
DEBUG: Consider setting vector direction to point toward cube
DEBUG: Suggested vector direction: [2.12132034 0.         2.12132034]
DEBUG: Angle to cube: 45.0° (should be < 30° to be visible)
DEBUG: Cube direction: [0.707, 0.000, 0.707]
DEBUG: 2D screen using perspective projection - FOV: 60.0°
DEBUG: ===== SIMPLE MODE CAMERA SETUP =====
DEBUG: Simple mode sphere_pos: [0. 0. 0.]
DEBUG: Simple mode view_dir: [1. 0. 0.]
DEBUG: Simple mode look_at: [10.  0.  0.]
DEBUG: Cube position: [2. 0. 2.]
DEBUG: Direction to cube: [0.70710678 0.         0.70710678]
DEBUG: View direction: [1. 0. 0.]
DEBUG: Angle between view and cube direction: 45.0° (should be close to 0°)
DEBUG: Are we looking toward cube? False
DEBUG: ==============================================
DEBUG: ===== SIMPLE MODE CUBE ROTATION =====
DEBUG: Simple mode applying cube rotation: [0.0°, 0.0°, 0.0°]
DEBUG: =========================================
DEBUG: Simple 2D screen rendered - reference objects disabled to prevent yellow box artifact
DEBUG: Using perspective projection - FOV: 60.0°
DEBUG: Canvas mode: 'simple', Sphere mode: 'simple'
DEBUG: Sphere screen render check - canvas_enabled: True, canvas_mode: simple, sphere_enabled: True, should_render: False
DEBUG: Sphere skipping screen render (canvas mode: simple)
DEBUG: ===== SIMPLE MODE CUBE ROTATION =====
DEBUG: Simple mode applying cube rotation: [0.0°, 0.0°, 0.0°]
DEBUG: =========================================
DEBUG: ===== CANVAS draw_unified_screen() CALLED =====
DEBUG: screen_enabled: True, screen_render_mode: simple
DEBUG: Canvas drawing simple 2D screen
DEBUG: Drew unified screen in simple mode
DEBUG: Simple mode active - screen shows original 2D framebuffer view
DEBUG: Rendering 2 screens
DEBUG: Rendering screen Original 2D Screen of type screen_2d
DEBUG: ===== SIMPLE MODE CUBE ROTATION =====
DEBUG: Simple mode applying cube rotation: [0.0°, 0.0°, 0.0°]
DEBUG: =========================================
DEBUG: ===== CANVAS draw_unified_screen() CALLED =====
DEBUG: screen_enabled: True, screen_render_mode: simple
DEBUG: Canvas drawing simple 2D screen
DEBUG: Drew unified screen in simple mode
DEBUG: Simple mode active - screen shows original 2D framebuffer view
DEBUG: Rendering MediaScreen Video Screen (istockphoto-482277170-640_adpp_is.mp4) with texture 3
DEBUG: Rendering screen Video Screen (istockphoto-482277170-640_adpp_is.mp4) of type screen_2d
DEBUG: Rendering MediaScreen Video Screen (istockphoto-482277170-640_adpp_is.mp4) with texture 3
DEBUG: ===== CANVAS update_sphere_view_vector() CALLED =====
DEBUG: Canvas syncing view_vector with sphere vector_direction: [1. 0. 0.]
DEBUG: Normalized view_vector: [1. 0. 0.]
DEBUG: Red vector direction: [1. 0. 0.]
DEBUG: Normalized view vector: [1.000, 0.000, 0.000]
DEBUG: Red cube position: [2. 0. 2.]
DEBUG: Expected direction to cube: [0.70710678 0.         0.70710678]
DEBUG: Actual view vector: [1. 0. 0.]
DEBUG: Dot product: 0.707
DEBUG: ⚠️ WARNING: View vector not pointing toward cube!
DEBUG: Consider setting vector direction to point toward cube
DEBUG: Suggested vector direction: [2.12132034 0.         2.12132034]
DEBUG: Angle to cube: 45.0° (should be < 30° to be visible)
DEBUG: Cube direction: [0.707, 0.000, 0.707]
DEBUG: 2D screen using perspective projection - FOV: 60.0°
DEBUG: ===== SIMPLE MODE CAMERA SETUP =====
DEBUG: Simple mode sphere_pos: [0. 0. 0.]
DEBUG: Simple mode view_dir: [1. 0. 0.]
DEBUG: Simple mode look_at: [10.  0.  0.]
DEBUG: Cube position: [2. 0. 2.]
DEBUG: Direction to cube: [0.70710678 0.         0.70710678]
DEBUG: View direction: [1. 0. 0.]
DEBUG: Angle between view and cube direction: 45.0° (should be close to 0°)
DEBUG: Are we looking toward cube? False
DEBUG: ==============================================
DEBUG: ===== SIMPLE MODE CUBE ROTATION =====
DEBUG: Simple mode applying cube rotation: [0.0°, 0.0°, 0.0°]
DEBUG: =========================================
DEBUG: Simple 2D screen rendered - reference objects disabled to prevent yellow box artifact
DEBUG: Using perspective projection - FOV: 60.0°
DEBUG: Canvas mode: 'simple', Sphere mode: 'simple'
DEBUG: Sphere screen render check - canvas_enabled: True, canvas_mode: simple, sphere_enabled: True, should_render: False
DEBUG: Sphere skipping screen render (canvas mode: simple)
DEBUG: ===== SIMPLE MODE CUBE ROTATION =====
DEBUG: Simple mode applying cube rotation: [0.0°, 0.0°, 0.0°]
DEBUG: =========================================
DEBUG: ===== CANVAS draw_unified_screen() CALLED =====
DEBUG: screen_enabled: True, screen_render_mode: simple
DEBUG: Canvas drawing simple 2D screen
DEBUG: Drew unified screen in simple mode
DEBUG: Simple mode active - screen shows original 2D framebuffer view
DEBUG: Rendering 2 screens
DEBUG: Rendering screen Original 2D Screen of type screen_2d
DEBUG: ===== SIMPLE MODE CUBE ROTATION =====
DEBUG: Simple mode applying cube rotation: [0.0°, 0.0°, 0.0°]
DEBUG: =========================================
DEBUG: ===== CANVAS draw_unified_screen() CALLED =====
DEBUG: screen_enabled: True, screen_render_mode: simple
DEBUG: Canvas drawing simple 2D screen
DEBUG: Drew unified screen in simple mode
DEBUG: Simple mode active - screen shows original 2D framebuffer view
DEBUG: Rendering MediaScreen Video Screen (istockphoto-482277170-640_adpp_is.mp4) with texture 3
DEBUG: Rendering screen Video Screen (istockphoto-482277170-640_adpp_is.mp4) of type screen_2d
DEBUG: Rendering MediaScreen Video Screen (istockphoto-482277170-640_adpp_is.mp4) with texture 3
DEBUG: ===== CANVAS update_sphere_view_vector() CALLED =====
DEBUG: Canvas syncing view_vector with sphere vector_direction: [1. 0. 0.]
DEBUG: Normalized view_vector: [1. 0. 0.]
DEBUG: Red vector direction: [1. 0. 0.]
DEBUG: Normalized view vector: [1.000, 0.000, 0.000]
DEBUG: Red cube position: [2. 0. 2.]
DEBUG: Expected direction to cube: [0.70710678 0.         0.70710678]
DEBUG: Actual view vector: [1. 0. 0.]
DEBUG: Dot product: 0.707
DEBUG: ⚠️ WARNING: View vector not pointing toward cube!
DEBUG: Consider setting vector direction to point toward cube
DEBUG: Suggested vector direction: [2.12132034 0.         2.12132034]
DEBUG: Angle to cube: 45.0° (should be < 30° to be visible)
DEBUG: Cube direction: [0.707, 0.000, 0.707]
DEBUG: 2D screen using perspective projection - FOV: 60.0°
DEBUG: ===== SIMPLE MODE CAMERA SETUP =====
DEBUG: Simple mode sphere_pos: [0. 0. 0.]
DEBUG: Simple mode view_dir: [1. 0. 0.]
DEBUG: Simple mode look_at: [10.  0.  0.]
DEBUG: Cube position: [2. 0. 2.]
DEBUG: Direction to cube: [0.70710678 0.         0.70710678]
DEBUG: View direction: [1. 0. 0.]
DEBUG: Angle between view and cube direction: 45.0° (should be close to 0°)
DEBUG: Are we looking toward cube? False
DEBUG: ==============================================
DEBUG: ===== SIMPLE MODE CUBE ROTATION =====
DEBUG: Simple mode applying cube rotation: [0.0°, 0.0°, 0.0°]
DEBUG: =========================================
DEBUG: Simple 2D screen rendered - reference objects disabled to prevent yellow box artifact
DEBUG: Using perspective projection - FOV: 60.0°
DEBUG: Canvas mode: 'simple', Sphere mode: 'simple'
DEBUG: Sphere screen render check - canvas_enabled: True, canvas_mode: simple, sphere_enabled: True, should_render: False
DEBUG: Sphere skipping screen render (canvas mode: simple)
DEBUG: ===== SIMPLE MODE CUBE ROTATION =====
DEBUG: Simple mode applying cube rotation: [0.0°, 0.0°, 0.0°]
DEBUG: =========================================
DEBUG: ===== CANVAS draw_unified_screen() CALLED =====
DEBUG: screen_enabled: True, screen_render_mode: simple
DEBUG: Canvas drawing simple 2D screen
DEBUG: Drew unified screen in simple mode
DEBUG: Simple mode active - screen shows original 2D framebuffer view
DEBUG: Rendering 2 screens
DEBUG: Rendering screen Original 2D Screen of type screen_2d
DEBUG: ===== SIMPLE MODE CUBE ROTATION =====
DEBUG: Simple mode applying cube rotation: [0.0°, 0.0°, 0.0°]
DEBUG: =========================================
DEBUG: ===== CANVAS draw_unified_screen() CALLED =====
DEBUG: screen_enabled: True, screen_render_mode: simple
DEBUG: Canvas drawing simple 2D screen
DEBUG: Drew unified screen in simple mode
DEBUG: Simple mode active - screen shows original 2D framebuffer view
DEBUG: Rendering MediaScreen Video Screen (istockphoto-482277170-640_adpp_is.mp4) with texture 3
DEBUG: Rendering screen Video Screen (istockphoto-482277170-640_adpp_is.mp4) of type screen_2d
DEBUG: Rendering MediaScreen Video Screen (istockphoto-482277170-640_adpp_is.mp4) with texture 3
DEBUG: ===== CANVAS update_sphere_view_vector() CALLED =====
DEBUG: Canvas syncing view_vector with sphere vector_direction: [1. 0. 0.]
DEBUG: Normalized view_vector: [1. 0. 0.]
DEBUG: Red vector direction: [1. 0. 0.]
DEBUG: Normalized view vector: [1.000, 0.000, 0.000]
DEBUG: Red cube position: [2. 0. 2.]
DEBUG: Expected direction to cube: [0.70710678 0.         0.70710678]
DEBUG: Actual view vector: [1. 0. 0.]
DEBUG: Dot product: 0.707
DEBUG: ⚠️ WARNING: View vector not pointing toward cube!
DEBUG: Consider setting vector direction to point toward cube
DEBUG: Suggested vector direction: [2.12132034 0.         2.12132034]
DEBUG: Angle to cube: 45.0° (should be < 30° to be visible)
DEBUG: Cube direction: [0.707, 0.000, 0.707]
DEBUG: 2D screen using perspective projection - FOV: 60.0°
DEBUG: ===== SIMPLE MODE CAMERA SETUP =====
DEBUG: Simple mode sphere_pos: [0. 0. 0.]
DEBUG: Simple mode view_dir: [1. 0. 0.]
DEBUG: Simple mode look_at: [10.  0.  0.]
DEBUG: Cube position: [2. 0. 2.]
DEBUG: Direction to cube: [0.70710678 0.         0.70710678]
DEBUG: View direction: [1. 0. 0.]
DEBUG: Angle between view and cube direction: 45.0° (should be close to 0°)
DEBUG: Are we looking toward cube? False
DEBUG: ==============================================
DEBUG: ===== SIMPLE MODE CUBE ROTATION =====
DEBUG: Simple mode applying cube rotation: [0.0°, 0.0°, 0.0°]
DEBUG: =========================================
DEBUG: Simple 2D screen rendered - reference objects disabled to prevent yellow box artifact
DEBUG: Using perspective projection - FOV: 60.0°
DEBUG: Canvas mode: 'simple', Sphere mode: 'simple'
DEBUG: Sphere screen render check - canvas_enabled: True, canvas_mode: simple, sphere_enabled: True, should_render: False
DEBUG: Sphere skipping screen render (canvas mode: simple)
DEBUG: ===== SIMPLE MODE CUBE ROTATION =====
DEBUG: Simple mode applying cube rotation: [0.0°, 0.0°, 0.0°]
DEBUG: =========================================
DEBUG: ===== CANVAS draw_unified_screen() CALLED =====
DEBUG: screen_enabled: True, screen_render_mode: simple
DEBUG: Canvas drawing simple 2D screen
DEBUG: Drew unified screen in simple mode
DEBUG: Simple mode active - screen shows original 2D framebuffer view
DEBUG: Rendering 2 screens
DEBUG: Rendering screen Original 2D Screen of type screen_2d
DEBUG: ===== SIMPLE MODE CUBE ROTATION =====
DEBUG: Simple mode applying cube rotation: [0.0°, 0.0°, 0.0°]
DEBUG: =========================================
DEBUG: ===== CANVAS draw_unified_screen() CALLED =====
DEBUG: screen_enabled: True, screen_render_mode: simple
DEBUG: Canvas drawing simple 2D screen
DEBUG: Drew unified screen in simple mode
DEBUG: Simple mode active - screen shows original 2D framebuffer view
DEBUG: Rendering MediaScreen Video Screen (istockphoto-482277170-640_adpp_is.mp4) with texture 3
DEBUG: Rendering screen Video Screen (istockphoto-482277170-640_adpp_is.mp4) of type screen_2d
DEBUG: Rendering MediaScreen Video Screen (istockphoto-482277170-640_adpp_is.mp4) with texture 3
DEBUG: ===== CANVAS update_sphere_view_vector() CALLED =====
DEBUG: Canvas syncing view_vector with sphere vector_direction: [1. 0. 0.]
DEBUG: Normalized view_vector: [1. 0. 0.]
DEBUG: Red vector direction: [1. 0. 0.]
DEBUG: Normalized view vector: [1.000, 0.000, 0.000]
DEBUG: Red cube position: [2. 0. 2.]
DEBUG: Expected direction to cube: [0.70710678 0.         0.70710678]
DEBUG: Actual view vector: [1. 0. 0.]
DEBUG: Dot product: 0.707
DEBUG: ⚠️ WARNING: View vector not pointing toward cube!
DEBUG: Consider setting vector direction to point toward cube
DEBUG: Suggested vector direction: [2.12132034 0.         2.12132034]
DEBUG: Angle to cube: 45.0° (should be < 30° to be visible)
DEBUG: Cube direction: [0.707, 0.000, 0.707]
DEBUG: 2D screen using perspective projection - FOV: 60.0°
DEBUG: ===== SIMPLE MODE CAMERA SETUP =====
DEBUG: Simple mode sphere_pos: [0. 0. 0.]
DEBUG: Simple mode view_dir: [1. 0. 0.]
DEBUG: Simple mode look_at: [10.  0.  0.]
DEBUG: Cube position: [2. 0. 2.]
DEBUG: Direction to cube: [0.70710678 0.         0.70710678]
DEBUG: View direction: [1. 0. 0.]
DEBUG: Angle between view and cube direction: 45.0° (should be close to 0°)
DEBUG: Are we looking toward cube? False
DEBUG: ==============================================
DEBUG: ===== SIMPLE MODE CUBE ROTATION =====
DEBUG: Simple mode applying cube rotation: [0.0°, 0.0°, 0.0°]
DEBUG: =========================================
DEBUG: Simple 2D screen rendered - reference objects disabled to prevent yellow box artifact
DEBUG: Using perspective projection - FOV: 60.0°
DEBUG: Canvas mode: 'simple', Sphere mode: 'simple'
DEBUG: Sphere screen render check - canvas_enabled: True, canvas_mode: simple, sphere_enabled: True, should_render: False
DEBUG: Sphere skipping screen render (canvas mode: simple)
DEBUG: ===== SIMPLE MODE CUBE ROTATION =====
DEBUG: Simple mode applying cube rotation: [0.0°, 0.0°, 0.0°]
DEBUG: =========================================
DEBUG: ===== CANVAS draw_unified_screen() CALLED =====
DEBUG: screen_enabled: True, screen_render_mode: simple
DEBUG: Canvas drawing simple 2D screen
DEBUG: Drew unified screen in simple mode
DEBUG: Simple mode active - screen shows original 2D framebuffer view
DEBUG: Rendering 2 screens
DEBUG: Rendering screen Original 2D Screen of type screen_2d
DEBUG: ===== SIMPLE MODE CUBE ROTATION =====
DEBUG: Simple mode applying cube rotation: [0.0°, 0.0°, 0.0°]
DEBUG: =========================================
DEBUG: ===== CANVAS draw_unified_screen() CALLED =====
DEBUG: screen_enabled: True, screen_render_mode: simple
DEBUG: Canvas drawing simple 2D screen
DEBUG: Drew unified screen in simple mode
DEBUG: Simple mode active - screen shows original 2D framebuffer view
DEBUG: Rendering MediaScreen Video Screen (istockphoto-482277170-640_adpp_is.mp4) with texture 3
DEBUG: Rendering screen Video Screen (istockphoto-482277170-640_adpp_is.mp4) of type screen_2d
DEBUG: Rendering MediaScreen Video Screen (istockphoto-482277170-640_adpp_is.mp4) with texture 3
DEBUG: ===== CANVAS update_sphere_view_vector() CALLED =====
DEBUG: Canvas syncing view_vector with sphere vector_direction: [1. 0. 0.]
DEBUG: Normalized view_vector: [1. 0. 0.]
DEBUG: Red vector direction: [1. 0. 0.]
DEBUG: Normalized view vector: [1.000, 0.000, 0.000]
DEBUG: Red cube position: [2. 0. 2.]
DEBUG: Expected direction to cube: [0.70710678 0.         0.70710678]
DEBUG: Actual view vector: [1. 0. 0.]
DEBUG: Dot product: 0.707
DEBUG: ⚠️ WARNING: View vector not pointing toward cube!
DEBUG: Consider setting vector direction to point toward cube
DEBUG: Suggested vector direction: [2.12132034 0.         2.12132034]
DEBUG: Angle to cube: 45.0° (should be < 30° to be visible)
DEBUG: Cube direction: [0.707, 0.000, 0.707]
DEBUG: 2D screen using perspective projection - FOV: 60.0°
DEBUG: ===== SIMPLE MODE CAMERA SETUP =====
DEBUG: Simple mode sphere_pos: [0. 0. 0.]
DEBUG: Simple mode view_dir: [1. 0. 0.]
DEBUG: Simple mode look_at: [10.  0.  0.]
DEBUG: Cube position: [2. 0. 2.]
DEBUG: Direction to cube: [0.70710678 0.         0.70710678]
DEBUG: View direction: [1. 0. 0.]
DEBUG: Angle between view and cube direction: 45.0° (should be close to 0°)
DEBUG: Are we looking toward cube? False
DEBUG: ==============================================
DEBUG: ===== SIMPLE MODE CUBE ROTATION =====
DEBUG: Simple mode applying cube rotation: [0.0°, 0.0°, 0.0°]
DEBUG: =========================================
DEBUG: Simple 2D screen rendered - reference objects disabled to prevent yellow box artifact
DEBUG: Using perspective projection - FOV: 60.0°
DEBUG: Canvas mode: 'simple', Sphere mode: 'simple'
DEBUG: Sphere screen render check - canvas_enabled: True, canvas_mode: simple, sphere_enabled: True, should_render: False
DEBUG: Sphere skipping screen render (canvas mode: simple)
DEBUG: ===== SIMPLE MODE CUBE ROTATION =====
DEBUG: Simple mode applying cube rotation: [0.0°, 0.0°, 0.0°]
DEBUG: =========================================
DEBUG: ===== CANVAS draw_unified_screen() CALLED =====
DEBUG: screen_enabled: True, screen_render_mode: simple
DEBUG: Canvas drawing simple 2D screen
DEBUG: Drew unified screen in simple mode
DEBUG: Simple mode active - screen shows original 2D framebuffer view
DEBUG: Rendering 2 screens
DEBUG: Rendering screen Original 2D Screen of type screen_2d
DEBUG: ===== SIMPLE MODE CUBE ROTATION =====
DEBUG: Simple mode applying cube rotation: [0.0°, 0.0°, 0.0°]
DEBUG: =========================================
DEBUG: ===== CANVAS draw_unified_screen() CALLED =====
DEBUG: screen_enabled: True, screen_render_mode: simple
DEBUG: Canvas drawing simple 2D screen
DEBUG: Drew unified screen in simple mode
DEBUG: Simple mode active - screen shows original 2D framebuffer view
DEBUG: Rendering MediaScreen Video Screen (istockphoto-482277170-640_adpp_is.mp4) with texture 3
DEBUG: Rendering screen Video Screen (istockphoto-482277170-640_adpp_is.mp4) of type screen_2d
DEBUG: Rendering MediaScreen Video Screen (istockphoto-482277170-640_adpp_is.mp4) with texture 3
DEBUG: Frame 180, audio: 6.00s, video: 6.00s, sync diff: 0.000s
DEBUG: ===== CANVAS update_sphere_view_vector() CALLED =====
DEBUG: Canvas syncing view_vector with sphere vector_direction: [1. 0. 0.]
DEBUG: Normalized view_vector: [1. 0. 0.]
DEBUG: Red vector direction: [1. 0. 0.]
DEBUG: Normalized view vector: [1.000, 0.000, 0.000]
DEBUG: Red cube position: [2. 0. 2.]
DEBUG: Expected direction to cube: [0.70710678 0.         0.70710678]
DEBUG: Actual view vector: [1. 0. 0.]
DEBUG: Dot product: 0.707
DEBUG: ⚠️ WARNING: View vector not pointing toward cube!
DEBUG: Consider setting vector direction to point toward cube
DEBUG: Suggested vector direction: [2.12132034 0.         2.12132034]
DEBUG: Angle to cube: 45.0° (should be < 30° to be visible)
DEBUG: Cube direction: [0.707, 0.000, 0.707]
DEBUG: 2D screen using perspective projection - FOV: 60.0°
DEBUG: ===== SIMPLE MODE CAMERA SETUP =====
DEBUG: Simple mode sphere_pos: [0. 0. 0.]
DEBUG: Simple mode view_dir: [1. 0. 0.]
DEBUG: Simple mode look_at: [10.  0.  0.]
DEBUG: Cube position: [2. 0. 2.]
DEBUG: Direction to cube: [0.70710678 0.         0.70710678]
DEBUG: View direction: [1. 0. 0.]
DEBUG: Angle between view and cube direction: 45.0° (should be close to 0°)
DEBUG: Are we looking toward cube? False
DEBUG: ==============================================
DEBUG: ===== SIMPLE MODE CUBE ROTATION =====
DEBUG: Simple mode applying cube rotation: [0.0°, 0.0°, 0.0°]
DEBUG: =========================================
DEBUG: Simple 2D screen rendered - reference objects disabled to prevent yellow box artifact
DEBUG: Using perspective projection - FOV: 60.0°
DEBUG: Canvas mode: 'simple', Sphere mode: 'simple'
DEBUG: Sphere screen render check - canvas_enabled: True, canvas_mode: simple, sphere_enabled: True, should_render: False
DEBUG: Sphere skipping screen render (canvas mode: simple)
DEBUG: ===== SIMPLE MODE CUBE ROTATION =====
DEBUG: Simple mode applying cube rotation: [0.0°, 0.0°, 0.0°]
DEBUG: =========================================
DEBUG: ===== CANVAS draw_unified_screen() CALLED =====
DEBUG: screen_enabled: True, screen_render_mode: simple
DEBUG: Canvas drawing simple 2D screen
DEBUG: Drew unified screen in simple mode
DEBUG: Simple mode active - screen shows original 2D framebuffer view
DEBUG: Rendering 2 screens
DEBUG: Rendering screen Original 2D Screen of type screen_2d
DEBUG: ===== SIMPLE MODE CUBE ROTATION =====
DEBUG: Simple mode applying cube rotation: [0.0°, 0.0°, 0.0°]
DEBUG: =========================================
DEBUG: ===== CANVAS draw_unified_screen() CALLED =====
DEBUG: screen_enabled: True, screen_render_mode: simple
DEBUG: Canvas drawing simple 2D screen
DEBUG: Drew unified screen in simple mode
DEBUG: Simple mode active - screen shows original 2D framebuffer view
DEBUG: Rendering MediaScreen Video Screen (istockphoto-482277170-640_adpp_is.mp4) with texture 3
DEBUG: Rendering screen Video Screen (istockphoto-482277170-640_adpp_is.mp4) of type screen_2d
DEBUG: Rendering MediaScreen Video Screen (istockphoto-482277170-640_adpp_is.mp4) with texture 3
DEBUG: ===== CANVAS update_sphere_view_vector() CALLED =====
DEBUG: Canvas syncing view_vector with sphere vector_direction: [1. 0. 0.]
DEBUG: Normalized view_vector: [1. 0. 0.]
DEBUG: Red vector direction: [1. 0. 0.]
DEBUG: Normalized view vector: [1.000, 0.000, 0.000]
DEBUG: Red cube position: [2. 0. 2.]
DEBUG: Expected direction to cube: [0.70710678 0.         0.70710678]
DEBUG: Actual view vector: [1. 0. 0.]
DEBUG: Dot product: 0.707
DEBUG: ⚠️ WARNING: View vector not pointing toward cube!
DEBUG: Consider setting vector direction to point toward cube
DEBUG: Suggested vector direction: [2.12132034 0.         2.12132034]
DEBUG: Angle to cube: 45.0° (should be < 30° to be visible)
DEBUG: Cube direction: [0.707, 0.000, 0.707]
DEBUG: 2D screen using perspective projection - FOV: 60.0°
DEBUG: ===== SIMPLE MODE CAMERA SETUP =====
DEBUG: Simple mode sphere_pos: [0. 0. 0.]
DEBUG: Simple mode view_dir: [1. 0. 0.]
DEBUG: Simple mode look_at: [10.  0.  0.]
DEBUG: Cube position: [2. 0. 2.]
DEBUG: Direction to cube: [0.70710678 0.         0.70710678]
DEBUG: View direction: [1. 0. 0.]
DEBUG: Angle between view and cube direction: 45.0° (should be close to 0°)
DEBUG: Are we looking toward cube? False
DEBUG: ==============================================
DEBUG: ===== SIMPLE MODE CUBE ROTATION =====
DEBUG: Simple mode applying cube rotation: [0.0°, 0.0°, 0.0°]
DEBUG: =========================================
DEBUG: Simple 2D screen rendered - reference objects disabled to prevent yellow box artifact
DEBUG: Using perspective projection - FOV: 60.0°
DEBUG: Canvas mode: 'simple', Sphere mode: 'simple'
DEBUG: Sphere screen render check - canvas_enabled: True, canvas_mode: simple, sphere_enabled: True, should_render: False
DEBUG: Sphere skipping screen render (canvas mode: simple)
DEBUG: ===== SIMPLE MODE CUBE ROTATION =====
DEBUG: Simple mode applying cube rotation: [0.0°, 0.0°, 0.0°]
DEBUG: =========================================
DEBUG: ===== CANVAS draw_unified_screen() CALLED =====
DEBUG: screen_enabled: True, screen_render_mode: simple
DEBUG: Canvas drawing simple 2D screen
DEBUG: Drew unified screen in simple mode
DEBUG: Simple mode active - screen shows original 2D framebuffer view
DEBUG: Rendering 2 screens
DEBUG: Rendering screen Original 2D Screen of type screen_2d
DEBUG: ===== SIMPLE MODE CUBE ROTATION =====
DEBUG: Simple mode applying cube rotation: [0.0°, 0.0°, 0.0°]
DEBUG: =========================================
DEBUG: ===== CANVAS draw_unified_screen() CALLED =====
DEBUG: screen_enabled: True, screen_render_mode: simple
DEBUG: Canvas drawing simple 2D screen
DEBUG: Drew unified screen in simple mode
DEBUG: Simple mode active - screen shows original 2D framebuffer view
DEBUG: Rendering MediaScreen Video Screen (istockphoto-482277170-640_adpp_is.mp4) with texture 3
DEBUG: Rendering screen Video Screen (istockphoto-482277170-640_adpp_is.mp4) of type screen_2d
DEBUG: Rendering MediaScreen Video Screen (istockphoto-482277170-640_adpp_is.mp4) with texture 3
DEBUG: ===== CANVAS update_sphere_view_vector() CALLED =====
DEBUG: Canvas syncing view_vector with sphere vector_direction: [1. 0. 0.]
DEBUG: Normalized view_vector: [1. 0. 0.]
DEBUG: Red vector direction: [1. 0. 0.]
DEBUG: Normalized view vector: [1.000, 0.000, 0.000]
DEBUG: Red cube position: [2. 0. 2.]
DEBUG: Expected direction to cube: [0.70710678 0.         0.70710678]
DEBUG: Actual view vector: [1. 0. 0.]
DEBUG: Dot product: 0.707
DEBUG: ⚠️ WARNING: View vector not pointing toward cube!
DEBUG: Consider setting vector direction to point toward cube
DEBUG: Suggested vector direction: [2.12132034 0.         2.12132034]
DEBUG: Angle to cube: 45.0° (should be < 30° to be visible)
DEBUG: Cube direction: [0.707, 0.000, 0.707]
DEBUG: 2D screen using perspective projection - FOV: 60.0°
DEBUG: ===== SIMPLE MODE CAMERA SETUP =====
DEBUG: Simple mode sphere_pos: [0. 0. 0.]
DEBUG: Simple mode view_dir: [1. 0. 0.]
DEBUG: Simple mode look_at: [10.  0.  0.]
DEBUG: Cube position: [2. 0. 2.]
DEBUG: Direction to cube: [0.70710678 0.         0.70710678]
DEBUG: View direction: [1. 0. 0.]
DEBUG: Angle between view and cube direction: 45.0° (should be close to 0°)
DEBUG: Are we looking toward cube? False
DEBUG: ==============================================
DEBUG: ===== SIMPLE MODE CUBE ROTATION =====
DEBUG: Simple mode applying cube rotation: [0.0°, 0.0°, 0.0°]
DEBUG: =========================================
DEBUG: Simple 2D screen rendered - reference objects disabled to prevent yellow box artifact
DEBUG: Using perspective projection - FOV: 60.0°
DEBUG: Canvas mode: 'simple', Sphere mode: 'simple'
DEBUG: Sphere screen render check - canvas_enabled: True, canvas_mode: simple, sphere_enabled: True, should_render: False
DEBUG: Sphere skipping screen render (canvas mode: simple)
DEBUG: ===== SIMPLE MODE CUBE ROTATION =====
DEBUG: Simple mode applying cube rotation: [0.0°, 0.0°, 0.0°]
DEBUG: =========================================
DEBUG: ===== CANVAS draw_unified_screen() CALLED =====
DEBUG: screen_enabled: True, screen_render_mode: simple
DEBUG: Canvas drawing simple 2D screen
DEBUG: Drew unified screen in simple mode
DEBUG: Simple mode active - screen shows original 2D framebuffer view
DEBUG: Rendering 2 screens
DEBUG: Rendering screen Original 2D Screen of type screen_2d
DEBUG: ===== SIMPLE MODE CUBE ROTATION =====
DEBUG: Simple mode applying cube rotation: [0.0°, 0.0°, 0.0°]
DEBUG: =========================================
DEBUG: ===== CANVAS draw_unified_screen() CALLED =====
DEBUG: screen_enabled: True, screen_render_mode: simple
DEBUG: Canvas drawing simple 2D screen
DEBUG: Drew unified screen in simple mode
DEBUG: Simple mode active - screen shows original 2D framebuffer view
DEBUG: Rendering MediaScreen Video Screen (istockphoto-482277170-640_adpp_is.mp4) with texture 3
DEBUG: Rendering screen Video Screen (istockphoto-482277170-640_adpp_is.mp4) of type screen_2d
DEBUG: Rendering MediaScreen Video Screen (istockphoto-482277170-640_adpp_is.mp4) with texture 3
DEBUG: ===== CANVAS update_sphere_view_vector() CALLED =====
DEBUG: Canvas syncing view_vector with sphere vector_direction: [1. 0. 0.]
DEBUG: Normalized view_vector: [1. 0. 0.]
DEBUG: Red vector direction: [1. 0. 0.]
DEBUG: Normalized view vector: [1.000, 0.000, 0.000]
DEBUG: Red cube position: [2. 0. 2.]
DEBUG: Expected direction to cube: [0.70710678 0.         0.70710678]
DEBUG: Actual view vector: [1. 0. 0.]
DEBUG: Dot product: 0.707
DEBUG: ⚠️ WARNING: View vector not pointing toward cube!
DEBUG: Consider setting vector direction to point toward cube
DEBUG: Suggested vector direction: [2.12132034 0.         2.12132034]
DEBUG: Angle to cube: 45.0° (should be < 30° to be visible)
DEBUG: Cube direction: [0.707, 0.000, 0.707]
DEBUG: 2D screen using perspective projection - FOV: 60.0°
DEBUG: ===== SIMPLE MODE CAMERA SETUP =====
DEBUG: Simple mode sphere_pos: [0. 0. 0.]
DEBUG: Simple mode view_dir: [1. 0. 0.]
DEBUG: Simple mode look_at: [10.  0.  0.]
DEBUG: Cube position: [2. 0. 2.]
DEBUG: Direction to cube: [0.70710678 0.         0.70710678]
DEBUG: View direction: [1. 0. 0.]
DEBUG: Angle between view and cube direction: 45.0° (should be close to 0°)
DEBUG: Are we looking toward cube? False
DEBUG: ==============================================
DEBUG: ===== SIMPLE MODE CUBE ROTATION =====
DEBUG: Simple mode applying cube rotation: [0.0°, 0.0°, 0.0°]
DEBUG: =========================================
DEBUG: Simple 2D screen rendered - reference objects disabled to prevent yellow box artifact
DEBUG: Using perspective projection - FOV: 60.0°
DEBUG: Canvas mode: 'simple', Sphere mode: 'simple'
DEBUG: Sphere screen render check - canvas_enabled: True, canvas_mode: simple, sphere_enabled: True, should_render: False
DEBUG: Sphere skipping screen render (canvas mode: simple)
DEBUG: ===== SIMPLE MODE CUBE ROTATION =====
DEBUG: Simple mode applying cube rotation: [0.0°, 0.0°, 0.0°]
DEBUG: =========================================
DEBUG: ===== CANVAS draw_unified_screen() CALLED =====
DEBUG: screen_enabled: True, screen_render_mode: simple
DEBUG: Canvas drawing simple 2D screen
DEBUG: Drew unified screen in simple mode
DEBUG: Simple mode active - screen shows original 2D framebuffer view
DEBUG: Rendering 2 screens
DEBUG: Rendering screen Original 2D Screen of type screen_2d
DEBUG: ===== SIMPLE MODE CUBE ROTATION =====
DEBUG: Simple mode applying cube rotation: [0.0°, 0.0°, 0.0°]
DEBUG: =========================================
DEBUG: ===== CANVAS draw_unified_screen() CALLED =====
DEBUG: screen_enabled: True, screen_render_mode: simple
DEBUG: Canvas drawing simple 2D screen
DEBUG: Drew unified screen in simple mode
DEBUG: Simple mode active - screen shows original 2D framebuffer view
DEBUG: Rendering MediaScreen Video Screen (istockphoto-482277170-640_adpp_is.mp4) with texture 3
DEBUG: Rendering screen Video Screen (istockphoto-482277170-640_adpp_is.mp4) of type screen_2d
DEBUG: Rendering MediaScreen Video Screen (istockphoto-482277170-640_adpp_is.mp4) with texture 3
DEBUG: ===== CANVAS update_sphere_view_vector() CALLED =====
DEBUG: Canvas syncing view_vector with sphere vector_direction: [1. 0. 0.]
DEBUG: Normalized view_vector: [1. 0. 0.]
DEBUG: Red vector direction: [1. 0. 0.]
DEBUG: Normalized view vector: [1.000, 0.000, 0.000]
DEBUG: Red cube position: [2. 0. 2.]
DEBUG: Expected direction to cube: [0.70710678 0.         0.70710678]
DEBUG: Actual view vector: [1. 0. 0.]
DEBUG: Dot product: 0.707
DEBUG: ⚠️ WARNING: View vector not pointing toward cube!
DEBUG: Consider setting vector direction to point toward cube
DEBUG: Suggested vector direction: [2.12132034 0.         2.12132034]
DEBUG: Angle to cube: 45.0° (should be < 30° to be visible)
DEBUG: Cube direction: [0.707, 0.000, 0.707]
DEBUG: 2D screen using perspective projection - FOV: 60.0°
DEBUG: ===== SIMPLE MODE CAMERA SETUP =====
DEBUG: Simple mode sphere_pos: [0. 0. 0.]
DEBUG: Simple mode view_dir: [1. 0. 0.]
DEBUG: Simple mode look_at: [10.  0.  0.]
DEBUG: Cube position: [2. 0. 2.]
DEBUG: Direction to cube: [0.70710678 0.         0.70710678]
DEBUG: View direction: [1. 0. 0.]
DEBUG: Angle between view and cube direction: 45.0° (should be close to 0°)
DEBUG: Are we looking toward cube? False
DEBUG: ==============================================
DEBUG: ===== SIMPLE MODE CUBE ROTATION =====
DEBUG: Simple mode applying cube rotation: [0.0°, 0.0°, 0.0°]
DEBUG: =========================================
DEBUG: Simple 2D screen rendered - reference objects disabled to prevent yellow box artifact
DEBUG: Using perspective projection - FOV: 60.0°
DEBUG: Canvas mode: 'simple', Sphere mode: 'simple'
DEBUG: Sphere screen render check - canvas_enabled: True, canvas_mode: simple, sphere_enabled: True, should_render: False
DEBUG: Sphere skipping screen render (canvas mode: simple)
DEBUG: ===== SIMPLE MODE CUBE ROTATION =====
DEBUG: Simple mode applying cube rotation: [0.0°, 0.0°, 0.0°]
DEBUG: =========================================
DEBUG: ===== CANVAS draw_unified_screen() CALLED =====
DEBUG: screen_enabled: True, screen_render_mode: simple
DEBUG: Canvas drawing simple 2D screen
DEBUG: Drew unified screen in simple mode
DEBUG: Simple mode active - screen shows original 2D framebuffer view
DEBUG: Rendering 2 screens
DEBUG: Rendering screen Original 2D Screen of type screen_2d
DEBUG: ===== SIMPLE MODE CUBE ROTATION =====
DEBUG: Simple mode applying cube rotation: [0.0°, 0.0°, 0.0°]
DEBUG: =========================================
DEBUG: ===== CANVAS draw_unified_screen() CALLED =====
DEBUG: screen_enabled: True, screen_render_mode: simple
DEBUG: Canvas drawing simple 2D screen
DEBUG: Drew unified screen in simple mode
DEBUG: Simple mode active - screen shows original 2D framebuffer view
DEBUG: Rendering MediaScreen Video Screen (istockphoto-482277170-640_adpp_is.mp4) with texture 3
DEBUG: Rendering screen Video Screen (istockphoto-482277170-640_adpp_is.mp4) of type screen_2d
DEBUG: Rendering MediaScreen Video Screen (istockphoto-482277170-640_adpp_is.mp4) with texture 3
DEBUG: ===== CANVAS update_sphere_view_vector() CALLED =====
DEBUG: Canvas syncing view_vector with sphere vector_direction: [1. 0. 0.]
DEBUG: Normalized view_vector: [1. 0. 0.]
DEBUG: Red vector direction: [1. 0. 0.]
DEBUG: Normalized view vector: [1.000, 0.000, 0.000]
DEBUG: Red cube position: [2. 0. 2.]
DEBUG: Expected direction to cube: [0.70710678 0.         0.70710678]
DEBUG: Actual view vector: [1. 0. 0.]
DEBUG: Dot product: 0.707
DEBUG: ⚠️ WARNING: View vector not pointing toward cube!
DEBUG: Consider setting vector direction to point toward cube
DEBUG: Suggested vector direction: [2.12132034 0.         2.12132034]
DEBUG: Angle to cube: 45.0° (should be < 30° to be visible)
DEBUG: Cube direction: [0.707, 0.000, 0.707]
DEBUG: 2D screen using perspective projection - FOV: 60.0°
DEBUG: ===== SIMPLE MODE CAMERA SETUP =====
DEBUG: Simple mode sphere_pos: [0. 0. 0.]
DEBUG: Simple mode view_dir: [1. 0. 0.]
DEBUG: Simple mode look_at: [10.  0.  0.]
DEBUG: Cube position: [2. 0. 2.]
DEBUG: Direction to cube: [0.70710678 0.         0.70710678]
DEBUG: View direction: [1. 0. 0.]
DEBUG: Angle between view and cube direction: 45.0° (should be close to 0°)
DEBUG: Are we looking toward cube? False
DEBUG: ==============================================
DEBUG: ===== SIMPLE MODE CUBE ROTATION =====
DEBUG: Simple mode applying cube rotation: [0.0°, 0.0°, 0.0°]
DEBUG: =========================================
DEBUG: Simple 2D screen rendered - reference objects disabled to prevent yellow box artifact
DEBUG: Using perspective projection - FOV: 60.0°
DEBUG: Canvas mode: 'simple', Sphere mode: 'simple'
DEBUG: Sphere screen render check - canvas_enabled: True, canvas_mode: simple, sphere_enabled: True, should_render: False
DEBUG: Sphere skipping screen render (canvas mode: simple)
DEBUG: ===== SIMPLE MODE CUBE ROTATION =====
DEBUG: Simple mode applying cube rotation: [0.0°, 0.0°, 0.0°]
DEBUG: =========================================
DEBUG: ===== CANVAS draw_unified_screen() CALLED =====
DEBUG: screen_enabled: True, screen_render_mode: simple
DEBUG: Canvas drawing simple 2D screen
DEBUG: Drew unified screen in simple mode
DEBUG: Simple mode active - screen shows original 2D framebuffer view
DEBUG: Rendering 2 screens
DEBUG: Rendering screen Original 2D Screen of type screen_2d
DEBUG: ===== SIMPLE MODE CUBE ROTATION =====
DEBUG: Simple mode applying cube rotation: [0.0°, 0.0°, 0.0°]
DEBUG: =========================================
DEBUG: ===== CANVAS draw_unified_screen() CALLED =====
DEBUG: screen_enabled: True, screen_render_mode: simple
DEBUG: Canvas drawing simple 2D screen
DEBUG: Drew unified screen in simple mode
DEBUG: Simple mode active - screen shows original 2D framebuffer view
DEBUG: Rendering MediaScreen Video Screen (istockphoto-482277170-640_adpp_is.mp4) with texture 3
DEBUG: Rendering screen Video Screen (istockphoto-482277170-640_adpp_is.mp4) of type screen_2d
DEBUG: Rendering MediaScreen Video Screen (istockphoto-482277170-640_adpp_is.mp4) with texture 3
DEBUG: ===== CANVAS update_sphere_view_vector() CALLED =====
DEBUG: Canvas syncing view_vector with sphere vector_direction: [1. 0. 0.]
DEBUG: Normalized view_vector: [1. 0. 0.]
DEBUG: Red vector direction: [1. 0. 0.]
DEBUG: Normalized view vector: [1.000, 0.000, 0.000]
DEBUG: Red cube position: [2. 0. 2.]
DEBUG: Expected direction to cube: [0.70710678 0.         0.70710678]
DEBUG: Actual view vector: [1. 0. 0.]
DEBUG: Dot product: 0.707
DEBUG: ⚠️ WARNING: View vector not pointing toward cube!
DEBUG: Consider setting vector direction to point toward cube
DEBUG: Suggested vector direction: [2.12132034 0.         2.12132034]
DEBUG: Angle to cube: 45.0° (should be < 30° to be visible)
DEBUG: Cube direction: [0.707, 0.000, 0.707]
DEBUG: 2D screen using perspective projection - FOV: 60.0°
DEBUG: ===== SIMPLE MODE CAMERA SETUP =====
DEBUG: Simple mode sphere_pos: [0. 0. 0.]
DEBUG: Simple mode view_dir: [1. 0. 0.]
DEBUG: Simple mode look_at: [10.  0.  0.]
DEBUG: Cube position: [2. 0. 2.]
DEBUG: Direction to cube: [0.70710678 0.         0.70710678]
DEBUG: View direction: [1. 0. 0.]
DEBUG: Angle between view and cube direction: 45.0° (should be close to 0°)
DEBUG: Are we looking toward cube? False
DEBUG: ==============================================
DEBUG: ===== SIMPLE MODE CUBE ROTATION =====
DEBUG: Simple mode applying cube rotation: [0.0°, 0.0°, 0.0°]
DEBUG: =========================================
DEBUG: Simple 2D screen rendered - reference objects disabled to prevent yellow box artifact
DEBUG: Using perspective projection - FOV: 60.0°
DEBUG: Canvas mode: 'simple', Sphere mode: 'simple'
DEBUG: Sphere screen render check - canvas_enabled: True, canvas_mode: simple, sphere_enabled: True, should_render: False
DEBUG: Sphere skipping screen render (canvas mode: simple)
DEBUG: ===== SIMPLE MODE CUBE ROTATION =====
DEBUG: Simple mode applying cube rotation: [0.0°, 0.0°, 0.0°]
DEBUG: =========================================
DEBUG: ===== CANVAS draw_unified_screen() CALLED =====
DEBUG: screen_enabled: True, screen_render_mode: simple
DEBUG: Canvas drawing simple 2D screen
DEBUG: Drew unified screen in simple mode
DEBUG: Simple mode active - screen shows original 2D framebuffer view
DEBUG: Rendering 2 screens
DEBUG: Rendering screen Original 2D Screen of type screen_2d
DEBUG: ===== SIMPLE MODE CUBE ROTATION =====
DEBUG: Simple mode applying cube rotation: [0.0°, 0.0°, 0.0°]
DEBUG: =========================================
DEBUG: ===== CANVAS draw_unified_screen() CALLED =====
DEBUG: screen_enabled: True, screen_render_mode: simple
DEBUG: Canvas drawing simple 2D screen
DEBUG: Drew unified screen in simple mode
DEBUG: Simple mode active - screen shows original 2D framebuffer view
DEBUG: Rendering MediaScreen Video Screen (istockphoto-482277170-640_adpp_is.mp4) with texture 3
DEBUG: Rendering screen Video Screen (istockphoto-482277170-640_adpp_is.mp4) of type screen_2d
DEBUG: Rendering MediaScreen Video Screen (istockphoto-482277170-640_adpp_is.mp4) with texture 3
DEBUG: ===== CANVAS update_sphere_view_vector() CALLED =====
DEBUG: Canvas syncing view_vector with sphere vector_direction: [1. 0. 0.]
DEBUG: Normalized view_vector: [1. 0. 0.]
DEBUG: Red vector direction: [1. 0. 0.]
DEBUG: Normalized view vector: [1.000, 0.000, 0.000]
DEBUG: Red cube position: [2. 0. 2.]
DEBUG: Expected direction to cube: [0.70710678 0.         0.70710678]
DEBUG: Actual view vector: [1. 0. 0.]
DEBUG: Dot product: 0.707
DEBUG: ⚠️ WARNING: View vector not pointing toward cube!
DEBUG: Consider setting vector direction to point toward cube
DEBUG: Suggested vector direction: [2.12132034 0.         2.12132034]
DEBUG: Angle to cube: 45.0° (should be < 30° to be visible)
DEBUG: Cube direction: [0.707, 0.000, 0.707]
DEBUG: 2D screen using perspective projection - FOV: 60.0°
DEBUG: ===== SIMPLE MODE CAMERA SETUP =====
DEBUG: Simple mode sphere_pos: [0. 0. 0.]
DEBUG: Simple mode view_dir: [1. 0. 0.]
DEBUG: Simple mode look_at: [10.  0.  0.]
DEBUG: Cube position: [2. 0. 2.]
DEBUG: Direction to cube: [0.70710678 0.         0.70710678]
DEBUG: View direction: [1. 0. 0.]
DEBUG: Angle between view and cube direction: 45.0° (should be close to 0°)
DEBUG: Are we looking toward cube? False
DEBUG: ==============================================
DEBUG: ===== SIMPLE MODE CUBE ROTATION =====
DEBUG: Simple mode applying cube rotation: [0.0°, 0.0°, 0.0°]
DEBUG: =========================================
DEBUG: Simple 2D screen rendered - reference objects disabled to prevent yellow box artifact
DEBUG: Using perspective projection - FOV: 60.0°
DEBUG: Canvas mode: 'simple', Sphere mode: 'simple'
DEBUG: Sphere screen render check - canvas_enabled: True, canvas_mode: simple, sphere_enabled: True, should_render: False
DEBUG: Sphere skipping screen render (canvas mode: simple)
DEBUG: ===== SIMPLE MODE CUBE ROTATION =====
DEBUG: Simple mode applying cube rotation: [0.0°, 0.0°, 0.0°]
DEBUG: =========================================
DEBUG: ===== CANVAS draw_unified_screen() CALLED =====
DEBUG: screen_enabled: True, screen_render_mode: simple
DEBUG: Canvas drawing simple 2D screen
DEBUG: Drew unified screen in simple mode
DEBUG: Simple mode active - screen shows original 2D framebuffer view
DEBUG: Rendering 2 screens
DEBUG: Rendering screen Original 2D Screen of type screen_2d
DEBUG: ===== SIMPLE MODE CUBE ROTATION =====
DEBUG: Simple mode applying cube rotation: [0.0°, 0.0°, 0.0°]
DEBUG: =========================================
DEBUG: ===== CANVAS draw_unified_screen() CALLED =====
DEBUG: screen_enabled: True, screen_render_mode: simple
DEBUG: Canvas drawing simple 2D screen
DEBUG: Drew unified screen in simple mode
DEBUG: Simple mode active - screen shows original 2D framebuffer view
DEBUG: Rendering MediaScreen Video Screen (istockphoto-482277170-640_adpp_is.mp4) with texture 3
DEBUG: Rendering screen Video Screen (istockphoto-482277170-640_adpp_is.mp4) of type screen_2d
DEBUG: Rendering MediaScreen Video Screen (istockphoto-482277170-640_adpp_is.mp4) with texture 3
DEBUG: ===== CANVAS update_sphere_view_vector() CALLED =====
DEBUG: Canvas syncing view_vector with sphere vector_direction: [1. 0. 0.]
DEBUG: Normalized view_vector: [1. 0. 0.]
DEBUG: Red vector direction: [1. 0. 0.]
DEBUG: Normalized view vector: [1.000, 0.000, 0.000]
DEBUG: Red cube position: [2. 0. 2.]
DEBUG: Expected direction to cube: [0.70710678 0.         0.70710678]
DEBUG: Actual view vector: [1. 0. 0.]
DEBUG: Dot product: 0.707
DEBUG: ⚠️ WARNING: View vector not pointing toward cube!
DEBUG: Consider setting vector direction to point toward cube
DEBUG: Suggested vector direction: [2.12132034 0.         2.12132034]
DEBUG: Angle to cube: 45.0° (should be < 30° to be visible)
DEBUG: Cube direction: [0.707, 0.000, 0.707]
DEBUG: 2D screen using perspective projection - FOV: 60.0°
DEBUG: ===== SIMPLE MODE CAMERA SETUP =====
DEBUG: Simple mode sphere_pos: [0. 0. 0.]
DEBUG: Simple mode view_dir: [1. 0. 0.]
DEBUG: Simple mode look_at: [10.  0.  0.]
DEBUG: Cube position: [2. 0. 2.]
DEBUG: Direction to cube: [0.70710678 0.         0.70710678]
DEBUG: View direction: [1. 0. 0.]
DEBUG: Angle between view and cube direction: 45.0° (should be close to 0°)
DEBUG: Are we looking toward cube? False
DEBUG: ==============================================
DEBUG: ===== SIMPLE MODE CUBE ROTATION =====
DEBUG: Simple mode applying cube rotation: [0.0°, 0.0°, 0.0°]
DEBUG: =========================================
DEBUG: Simple 2D screen rendered - reference objects disabled to prevent yellow box artifact
DEBUG: Using perspective projection - FOV: 60.0°
DEBUG: Canvas mode: 'simple', Sphere mode: 'simple'
DEBUG: Sphere screen render check - canvas_enabled: True, canvas_mode: simple, sphere_enabled: True, should_render: False
DEBUG: Sphere skipping screen render (canvas mode: simple)
DEBUG: ===== SIMPLE MODE CUBE ROTATION =====
DEBUG: Simple mode applying cube rotation: [0.0°, 0.0°, 0.0°]
DEBUG: =========================================
DEBUG: ===== CANVAS draw_unified_screen() CALLED =====
DEBUG: screen_enabled: True, screen_render_mode: simple
DEBUG: Canvas drawing simple 2D screen
DEBUG: Drew unified screen in simple mode
DEBUG: Simple mode active - screen shows original 2D framebuffer view
DEBUG: Rendering 2 screens
DEBUG: Rendering screen Original 2D Screen of type screen_2d
DEBUG: ===== SIMPLE MODE CUBE ROTATION =====
DEBUG: Simple mode applying cube rotation: [0.0°, 0.0°, 0.0°]
DEBUG: =========================================
DEBUG: ===== CANVAS draw_unified_screen() CALLED =====
DEBUG: screen_enabled: True, screen_render_mode: simple
DEBUG: Canvas drawing simple 2D screen
DEBUG: Drew unified screen in simple mode
DEBUG: Simple mode active - screen shows original 2D framebuffer view
DEBUG: Rendering MediaScreen Video Screen (istockphoto-482277170-640_adpp_is.mp4) with texture 3
DEBUG: Rendering screen Video Screen (istockphoto-482277170-640_adpp_is.mp4) of type screen_2d
DEBUG: Rendering MediaScreen Video Screen (istockphoto-482277170-640_adpp_is.mp4) with texture 3
DEBUG: ===== CANVAS update_sphere_view_vector() CALLED =====
DEBUG: Canvas syncing view_vector with sphere vector_direction: [1. 0. 0.]
DEBUG: Normalized view_vector: [1. 0. 0.]
DEBUG: Red vector direction: [1. 0. 0.]
DEBUG: Normalized view vector: [1.000, 0.000, 0.000]
DEBUG: Red cube position: [2. 0. 2.]
DEBUG: Expected direction to cube: [0.70710678 0.         0.70710678]
DEBUG: Actual view vector: [1. 0. 0.]
DEBUG: Dot product: 0.707
DEBUG: ⚠️ WARNING: View vector not pointing toward cube!
DEBUG: Consider setting vector direction to point toward cube
DEBUG: Suggested vector direction: [2.12132034 0.         2.12132034]
DEBUG: Angle to cube: 45.0° (should be < 30° to be visible)
DEBUG: Cube direction: [0.707, 0.000, 0.707]
DEBUG: 2D screen using perspective projection - FOV: 60.0°
DEBUG: ===== SIMPLE MODE CAMERA SETUP =====
DEBUG: Simple mode sphere_pos: [0. 0. 0.]
DEBUG: Simple mode view_dir: [1. 0. 0.]
DEBUG: Simple mode look_at: [10.  0.  0.]
DEBUG: Cube position: [2. 0. 2.]
DEBUG: Direction to cube: [0.70710678 0.         0.70710678]
DEBUG: View direction: [1. 0. 0.]
DEBUG: Angle between view and cube direction: 45.0° (should be close to 0°)
DEBUG: Are we looking toward cube? False
DEBUG: ==============================================
DEBUG: ===== SIMPLE MODE CUBE ROTATION =====
DEBUG: Simple mode applying cube rotation: [0.0°, 0.0°, 0.0°]
DEBUG: =========================================
DEBUG: Simple 2D screen rendered - reference objects disabled to prevent yellow box artifact
DEBUG: Using perspective projection - FOV: 60.0°
DEBUG: Canvas mode: 'simple', Sphere mode: 'simple'
DEBUG: Sphere screen render check - canvas_enabled: True, canvas_mode: simple, sphere_enabled: True, should_render: False
DEBUG: Sphere skipping screen render (canvas mode: simple)
DEBUG: ===== SIMPLE MODE CUBE ROTATION =====
DEBUG: Simple mode applying cube rotation: [0.0°, 0.0°, 0.0°]
DEBUG: =========================================
DEBUG: ===== CANVAS draw_unified_screen() CALLED =====
DEBUG: screen_enabled: True, screen_render_mode: simple
DEBUG: Canvas drawing simple 2D screen
DEBUG: Drew unified screen in simple mode
DEBUG: Simple mode active - screen shows original 2D framebuffer view
DEBUG: Rendering 2 screens
DEBUG: Rendering screen Original 2D Screen of type screen_2d
DEBUG: ===== SIMPLE MODE CUBE ROTATION =====
DEBUG: Simple mode applying cube rotation: [0.0°, 0.0°, 0.0°]
DEBUG: =========================================
DEBUG: ===== CANVAS draw_unified_screen() CALLED =====
DEBUG: screen_enabled: True, screen_render_mode: simple
DEBUG: Canvas drawing simple 2D screen
DEBUG: Drew unified screen in simple mode
DEBUG: Simple mode active - screen shows original 2D framebuffer view
DEBUG: Rendering MediaScreen Video Screen (istockphoto-482277170-640_adpp_is.mp4) with texture 3
DEBUG: Rendering screen Video Screen (istockphoto-482277170-640_adpp_is.mp4) of type screen_2d
DEBUG: Rendering MediaScreen Video Screen (istockphoto-482277170-640_adpp_is.mp4) with texture 3
DEBUG: ===== CANVAS update_sphere_view_vector() CALLED =====
DEBUG: Canvas syncing view_vector with sphere vector_direction: [1. 0. 0.]
DEBUG: Normalized view_vector: [1. 0. 0.]
DEBUG: Red vector direction: [1. 0. 0.]
DEBUG: Normalized view vector: [1.000, 0.000, 0.000]
DEBUG: Red cube position: [2. 0. 2.]
DEBUG: Expected direction to cube: [0.70710678 0.         0.70710678]
DEBUG: Actual view vector: [1. 0. 0.]
DEBUG: Dot product: 0.707
DEBUG: ⚠️ WARNING: View vector not pointing toward cube!
DEBUG: Consider setting vector direction to point toward cube
DEBUG: Suggested vector direction: [2.12132034 0.         2.12132034]
DEBUG: Angle to cube: 45.0° (should be < 30° to be visible)
DEBUG: Cube direction: [0.707, 0.000, 0.707]
DEBUG: 2D screen using perspective projection - FOV: 60.0°
DEBUG: ===== SIMPLE MODE CAMERA SETUP =====
DEBUG: Simple mode sphere_pos: [0. 0. 0.]
DEBUG: Simple mode view_dir: [1. 0. 0.]
DEBUG: Simple mode look_at: [10.  0.  0.]
DEBUG: Cube position: [2. 0. 2.]
DEBUG: Direction to cube: [0.70710678 0.         0.70710678]
DEBUG: View direction: [1. 0. 0.]
DEBUG: Angle between view and cube direction: 45.0° (should be close to 0°)
DEBUG: Are we looking toward cube? False
DEBUG: ==============================================
DEBUG: ===== SIMPLE MODE CUBE ROTATION =====
DEBUG: Simple mode applying cube rotation: [0.0°, 0.0°, 0.0°]
DEBUG: =========================================
DEBUG: Simple 2D screen rendered - reference objects disabled to prevent yellow box artifact
DEBUG: Using perspective projection - FOV: 60.0°
DEBUG: Canvas mode: 'simple', Sphere mode: 'simple'
DEBUG: Sphere screen render check - canvas_enabled: True, canvas_mode: simple, sphere_enabled: True, should_render: False
DEBUG: Sphere skipping screen render (canvas mode: simple)
DEBUG: ===== SIMPLE MODE CUBE ROTATION =====
DEBUG: Simple mode applying cube rotation: [0.0°, 0.0°, 0.0°]
DEBUG: =========================================
DEBUG: ===== CANVAS draw_unified_screen() CALLED =====
DEBUG: screen_enabled: True, screen_render_mode: simple
DEBUG: Canvas drawing simple 2D screen
DEBUG: Drew unified screen in simple mode
DEBUG: Simple mode active - screen shows original 2D framebuffer view
DEBUG: Rendering 2 screens
DEBUG: Rendering screen Original 2D Screen of type screen_2d
DEBUG: ===== SIMPLE MODE CUBE ROTATION =====
DEBUG: Simple mode applying cube rotation: [0.0°, 0.0°, 0.0°]
DEBUG: =========================================
DEBUG: ===== CANVAS draw_unified_screen() CALLED =====
DEBUG: screen_enabled: True, screen_render_mode: simple
DEBUG: Canvas drawing simple 2D screen
DEBUG: Drew unified screen in simple mode
DEBUG: Simple mode active - screen shows original 2D framebuffer view
DEBUG: Rendering MediaScreen Video Screen (istockphoto-482277170-640_adpp_is.mp4) with texture 3
DEBUG: Rendering screen Video Screen (istockphoto-482277170-640_adpp_is.mp4) of type screen_2d
DEBUG: Rendering MediaScreen Video Screen (istockphoto-482277170-640_adpp_is.mp4) with texture 3
DEBUG: ===== CANVAS update_sphere_view_vector() CALLED =====
DEBUG: Canvas syncing view_vector with sphere vector_direction: [1. 0. 0.]
DEBUG: Normalized view_vector: [1. 0. 0.]
DEBUG: Red vector direction: [1. 0. 0.]
DEBUG: Normalized view vector: [1.000, 0.000, 0.000]
DEBUG: Red cube position: [2. 0. 2.]
DEBUG: Expected direction to cube: [0.70710678 0.         0.70710678]
DEBUG: Actual view vector: [1. 0. 0.]
DEBUG: Dot product: 0.707
DEBUG: ⚠️ WARNING: View vector not pointing toward cube!
DEBUG: Consider setting vector direction to point toward cube
DEBUG: Suggested vector direction: [2.12132034 0.         2.12132034]
DEBUG: Angle to cube: 45.0° (should be < 30° to be visible)
DEBUG: Cube direction: [0.707, 0.000, 0.707]
DEBUG: 2D screen using perspective projection - FOV: 60.0°
DEBUG: ===== SIMPLE MODE CAMERA SETUP =====
DEBUG: Simple mode sphere_pos: [0. 0. 0.]
DEBUG: Simple mode view_dir: [1. 0. 0.]
DEBUG: Simple mode look_at: [10.  0.  0.]
DEBUG: Cube position: [2. 0. 2.]
DEBUG: Direction to cube: [0.70710678 0.         0.70710678]
DEBUG: View direction: [1. 0. 0.]
DEBUG: Angle between view and cube direction: 45.0° (should be close to 0°)
DEBUG: Are we looking toward cube? False
DEBUG: ==============================================
DEBUG: ===== SIMPLE MODE CUBE ROTATION =====
DEBUG: Simple mode applying cube rotation: [0.0°, 0.0°, 0.0°]
DEBUG: =========================================
DEBUG: Simple 2D screen rendered - reference objects disabled to prevent yellow box artifact
DEBUG: Using perspective projection - FOV: 60.0°
DEBUG: Canvas mode: 'simple', Sphere mode: 'simple'
DEBUG: Sphere screen render check - canvas_enabled: True, canvas_mode: simple, sphere_enabled: True, should_render: False
DEBUG: Sphere skipping screen render (canvas mode: simple)
DEBUG: ===== SIMPLE MODE CUBE ROTATION =====
DEBUG: Simple mode applying cube rotation: [0.0°, 0.0°, 0.0°]
DEBUG: =========================================
DEBUG: ===== CANVAS draw_unified_screen() CALLED =====
DEBUG: screen_enabled: True, screen_render_mode: simple
DEBUG: Canvas drawing simple 2D screen
DEBUG: Drew unified screen in simple mode
DEBUG: Simple mode active - screen shows original 2D framebuffer view
DEBUG: Rendering 2 screens
DEBUG: Rendering screen Original 2D Screen of type screen_2d
DEBUG: ===== SIMPLE MODE CUBE ROTATION =====
DEBUG: Simple mode applying cube rotation: [0.0°, 0.0°, 0.0°]
DEBUG: =========================================
DEBUG: ===== CANVAS draw_unified_screen() CALLED =====
DEBUG: screen_enabled: True, screen_render_mode: simple
DEBUG: Canvas drawing simple 2D screen
DEBUG: Drew unified screen in simple mode
DEBUG: Simple mode active - screen shows original 2D framebuffer view
DEBUG: Rendering MediaScreen Video Screen (istockphoto-482277170-640_adpp_is.mp4) with texture 3
DEBUG: Rendering screen Video Screen (istockphoto-482277170-640_adpp_is.mp4) of type screen_2d
DEBUG: Rendering MediaScreen Video Screen (istockphoto-482277170-640_adpp_is.mp4) with texture 3
DEBUG: ===== CANVAS update_sphere_view_vector() CALLED =====
DEBUG: Canvas syncing view_vector with sphere vector_direction: [1. 0. 0.]
DEBUG: Normalized view_vector: [1. 0. 0.]
DEBUG: Red vector direction: [1. 0. 0.]
DEBUG: Normalized view vector: [1.000, 0.000, 0.000]
DEBUG: Red cube position: [2. 0. 2.]
DEBUG: Expected direction to cube: [0.70710678 0.         0.70710678]
DEBUG: Actual view vector: [1. 0. 0.]
DEBUG: Dot product: 0.707
DEBUG: ⚠️ WARNING: View vector not pointing toward cube!
DEBUG: Consider setting vector direction to point toward cube
DEBUG: Suggested vector direction: [2.12132034 0.         2.12132034]
DEBUG: Angle to cube: 45.0° (should be < 30° to be visible)
DEBUG: Cube direction: [0.707, 0.000, 0.707]
DEBUG: 2D screen using perspective projection - FOV: 60.0°
DEBUG: ===== SIMPLE MODE CAMERA SETUP =====
DEBUG: Simple mode sphere_pos: [0. 0. 0.]
DEBUG: Simple mode view_dir: [1. 0. 0.]
DEBUG: Simple mode look_at: [10.  0.  0.]
DEBUG: Cube position: [2. 0. 2.]
DEBUG: Direction to cube: [0.70710678 0.         0.70710678]
DEBUG: View direction: [1. 0. 0.]
DEBUG: Angle between view and cube direction: 45.0° (should be close to 0°)
DEBUG: Are we looking toward cube? False
DEBUG: ==============================================
DEBUG: ===== SIMPLE MODE CUBE ROTATION =====
DEBUG: Simple mode applying cube rotation: [0.0°, 0.0°, 0.0°]
DEBUG: =========================================
DEBUG: Simple 2D screen rendered - reference objects disabled to prevent yellow box artifact
DEBUG: Using perspective projection - FOV: 60.0°
DEBUG: Canvas mode: 'simple', Sphere mode: 'simple'
DEBUG: Sphere screen render check - canvas_enabled: True, canvas_mode: simple, sphere_enabled: True, should_render: False
DEBUG: Sphere skipping screen render (canvas mode: simple)
DEBUG: ===== SIMPLE MODE CUBE ROTATION =====
DEBUG: Simple mode applying cube rotation: [0.0°, 0.0°, 0.0°]
DEBUG: =========================================
DEBUG: ===== CANVAS draw_unified_screen() CALLED =====
DEBUG: screen_enabled: True, screen_render_mode: simple
DEBUG: Canvas drawing simple 2D screen
DEBUG: Drew unified screen in simple mode
DEBUG: Simple mode active - screen shows original 2D framebuffer view
DEBUG: Rendering 2 screens
DEBUG: Rendering screen Original 2D Screen of type screen_2d
DEBUG: ===== SIMPLE MODE CUBE ROTATION =====
DEBUG: Simple mode applying cube rotation: [0.0°, 0.0°, 0.0°]
DEBUG: =========================================
DEBUG: ===== CANVAS draw_unified_screen() CALLED =====
DEBUG: screen_enabled: True, screen_render_mode: simple
DEBUG: Canvas drawing simple 2D screen
DEBUG: Drew unified screen in simple mode
DEBUG: Simple mode active - screen shows original 2D framebuffer view
DEBUG: Rendering MediaScreen Video Screen (istockphoto-482277170-640_adpp_is.mp4) with texture 3
DEBUG: Rendering screen Video Screen (istockphoto-482277170-640_adpp_is.mp4) of type screen_2d
DEBUG: Rendering MediaScreen Video Screen (istockphoto-482277170-640_adpp_is.mp4) with texture 3
DEBUG: ===== CANVAS update_sphere_view_vector() CALLED =====
DEBUG: Canvas syncing view_vector with sphere vector_direction: [1. 0. 0.]
DEBUG: Normalized view_vector: [1. 0. 0.]
DEBUG: Red vector direction: [1. 0. 0.]
DEBUG: Normalized view vector: [1.000, 0.000, 0.000]
DEBUG: Red cube position: [2. 0. 2.]
DEBUG: Expected direction to cube: [0.70710678 0.         0.70710678]
DEBUG: Actual view vector: [1. 0. 0.]
DEBUG: Dot product: 0.707
DEBUG: ⚠️ WARNING: View vector not pointing toward cube!
DEBUG: Consider setting vector direction to point toward cube
DEBUG: Suggested vector direction: [2.12132034 0.         2.12132034]
DEBUG: Angle to cube: 45.0° (should be < 30° to be visible)
DEBUG: Cube direction: [0.707, 0.000, 0.707]
DEBUG: 2D screen using perspective projection - FOV: 60.0°
DEBUG: ===== SIMPLE MODE CAMERA SETUP =====
DEBUG: Simple mode sphere_pos: [0. 0. 0.]
DEBUG: Simple mode view_dir: [1. 0. 0.]
DEBUG: Simple mode look_at: [10.  0.  0.]
DEBUG: Cube position: [2. 0. 2.]
DEBUG: Direction to cube: [0.70710678 0.         0.70710678]
DEBUG: View direction: [1. 0. 0.]
DEBUG: Angle between view and cube direction: 45.0° (should be close to 0°)
DEBUG: Are we looking toward cube? False
DEBUG: ==============================================
DEBUG: ===== SIMPLE MODE CUBE ROTATION =====
DEBUG: Simple mode applying cube rotation: [0.0°, 0.0°, 0.0°]
DEBUG: =========================================
DEBUG: Simple 2D screen rendered - reference objects disabled to prevent yellow box artifact
DEBUG: Using perspective projection - FOV: 60.0°
DEBUG: Canvas mode: 'simple', Sphere mode: 'simple'
DEBUG: Sphere screen render check - canvas_enabled: True, canvas_mode: simple, sphere_enabled: True, should_render: False
DEBUG: Sphere skipping screen render (canvas mode: simple)
DEBUG: ===== SIMPLE MODE CUBE ROTATION =====
DEBUG: Simple mode applying cube rotation: [0.0°, 0.0°, 0.0°]
DEBUG: =========================================
DEBUG: ===== CANVAS draw_unified_screen() CALLED =====
DEBUG: screen_enabled: True, screen_render_mode: simple
DEBUG: Canvas drawing simple 2D screen
DEBUG: Drew unified screen in simple mode
DEBUG: Simple mode active - screen shows original 2D framebuffer view
DEBUG: Rendering 2 screens
DEBUG: Rendering screen Original 2D Screen of type screen_2d
DEBUG: ===== SIMPLE MODE CUBE ROTATION =====
DEBUG: Simple mode applying cube rotation: [0.0°, 0.0°, 0.0°]
DEBUG: =========================================
DEBUG: ===== CANVAS draw_unified_screen() CALLED =====
DEBUG: screen_enabled: True, screen_render_mode: simple
DEBUG: Canvas drawing simple 2D screen
DEBUG: Drew unified screen in simple mode
DEBUG: Simple mode active - screen shows original 2D framebuffer view
DEBUG: Rendering MediaScreen Video Screen (istockphoto-482277170-640_adpp_is.mp4) with texture 3
DEBUG: Rendering screen Video Screen (istockphoto-482277170-640_adpp_is.mp4) of type screen_2d
DEBUG: Frame 210, audio: 7.00s, video: 7.00s, sync diff: 0.000s
DEBUG: Rendering MediaScreen Video Screen (istockphoto-482277170-640_adpp_is.mp4) with texture 3
DEBUG: ===== CANVAS update_sphere_view_vector() CALLED =====
DEBUG: Canvas syncing view_vector with sphere vector_direction: [1. 0. 0.]
DEBUG: Normalized view_vector: [1. 0. 0.]
DEBUG: Red vector direction: [1. 0. 0.]
DEBUG: Normalized view vector: [1.000, 0.000, 0.000]
DEBUG: Red cube position: [2. 0. 2.]
DEBUG: Expected direction to cube: [0.70710678 0.         0.70710678]
DEBUG: Actual view vector: [1. 0. 0.]
DEBUG: Dot product: 0.707
DEBUG: ⚠️ WARNING: View vector not pointing toward cube!
DEBUG: Consider setting vector direction to point toward cube
DEBUG: Suggested vector direction: [2.12132034 0.         2.12132034]
DEBUG: Angle to cube: 45.0° (should be < 30° to be visible)
DEBUG: Cube direction: [0.707, 0.000, 0.707]
DEBUG: 2D screen using perspective projection - FOV: 60.0°
DEBUG: ===== SIMPLE MODE CAMERA SETUP =====
DEBUG: Simple mode sphere_pos: [0. 0. 0.]
DEBUG: Simple mode view_dir: [1. 0. 0.]
DEBUG: Simple mode look_at: [10.  0.  0.]
DEBUG: Cube position: [2. 0. 2.]
DEBUG: Direction to cube: [0.70710678 0.         0.70710678]
DEBUG: View direction: [1. 0. 0.]
DEBUG: Angle between view and cube direction: 45.0° (should be close to 0°)
DEBUG: Are we looking toward cube? False
DEBUG: ==============================================
DEBUG: ===== SIMPLE MODE CUBE ROTATION =====
DEBUG: Simple mode applying cube rotation: [0.0°, 0.0°, 0.0°]
DEBUG: =========================================
DEBUG: Simple 2D screen rendered - reference objects disabled to prevent yellow box artifact
DEBUG: Using perspective projection - FOV: 60.0°
DEBUG: Canvas mode: 'simple', Sphere mode: 'simple'
DEBUG: Sphere screen render check - canvas_enabled: True, canvas_mode: simple, sphere_enabled: True, should_render: False
DEBUG: Sphere skipping screen render (canvas mode: simple)
DEBUG: ===== SIMPLE MODE CUBE ROTATION =====
DEBUG: Simple mode applying cube rotation: [0.0°, 0.0°, 0.0°]
DEBUG: =========================================
DEBUG: ===== CANVAS draw_unified_screen() CALLED =====
DEBUG: screen_enabled: True, screen_render_mode: simple
DEBUG: Canvas drawing simple 2D screen
DEBUG: Drew unified screen in simple mode
DEBUG: Simple mode active - screen shows original 2D framebuffer view
DEBUG: Rendering 2 screens
DEBUG: Rendering screen Original 2D Screen of type screen_2d
DEBUG: ===== SIMPLE MODE CUBE ROTATION =====
DEBUG: Simple mode applying cube rotation: [0.0°, 0.0°, 0.0°]
DEBUG: =========================================
DEBUG: ===== CANVAS draw_unified_screen() CALLED =====
DEBUG: screen_enabled: True, screen_render_mode: simple
DEBUG: Canvas drawing simple 2D screen
DEBUG: Drew unified screen in simple mode
DEBUG: Simple mode active - screen shows original 2D framebuffer view
DEBUG: Rendering MediaScreen Video Screen (istockphoto-482277170-640_adpp_is.mp4) with texture 3
DEBUG: Rendering screen Video Screen (istockphoto-482277170-640_adpp_is.mp4) of type screen_2d
DEBUG: Rendering MediaScreen Video Screen (istockphoto-482277170-640_adpp_is.mp4) with texture 3
DEBUG: ===== CANVAS update_sphere_view_vector() CALLED =====
DEBUG: Canvas syncing view_vector with sphere vector_direction: [1. 0. 0.]
DEBUG: Normalized view_vector: [1. 0. 0.]
DEBUG: Red vector direction: [1. 0. 0.]
DEBUG: Normalized view vector: [1.000, 0.000, 0.000]
DEBUG: Red cube position: [2. 0. 2.]
DEBUG: Expected direction to cube: [0.70710678 0.         0.70710678]
DEBUG: Actual view vector: [1. 0. 0.]
DEBUG: Dot product: 0.707
DEBUG: ⚠️ WARNING: View vector not pointing toward cube!
DEBUG: Consider setting vector direction to point toward cube
DEBUG: Suggested vector direction: [2.12132034 0.         2.12132034]
DEBUG: Angle to cube: 45.0° (should be < 30° to be visible)
DEBUG: Cube direction: [0.707, 0.000, 0.707]
DEBUG: 2D screen using perspective projection - FOV: 60.0°
DEBUG: ===== SIMPLE MODE CAMERA SETUP =====
DEBUG: Simple mode sphere_pos: [0. 0. 0.]
DEBUG: Simple mode view_dir: [1. 0. 0.]
DEBUG: Simple mode look_at: [10.  0.  0.]
DEBUG: Cube position: [2. 0. 2.]
DEBUG: Direction to cube: [0.70710678 0.         0.70710678]
DEBUG: View direction: [1. 0. 0.]
DEBUG: Angle between view and cube direction: 45.0° (should be close to 0°)
DEBUG: Are we looking toward cube? False
DEBUG: ==============================================
DEBUG: ===== SIMPLE MODE CUBE ROTATION =====
DEBUG: Simple mode applying cube rotation: [0.0°, 0.0°, 0.0°]
DEBUG: =========================================
DEBUG: Simple 2D screen rendered - reference objects disabled to prevent yellow box artifact
DEBUG: Using perspective projection - FOV: 60.0°
DEBUG: Canvas mode: 'simple', Sphere mode: 'simple'
DEBUG: Sphere screen render check - canvas_enabled: True, canvas_mode: simple, sphere_enabled: True, should_render: False
DEBUG: Sphere skipping screen render (canvas mode: simple)
DEBUG: ===== SIMPLE MODE CUBE ROTATION =====
DEBUG: Simple mode applying cube rotation: [0.0°, 0.0°, 0.0°]
DEBUG: =========================================
DEBUG: ===== CANVAS draw_unified_screen() CALLED =====
DEBUG: screen_enabled: True, screen_render_mode: simple
DEBUG: Canvas drawing simple 2D screen
DEBUG: Drew unified screen in simple mode
DEBUG: Simple mode active - screen shows original 2D framebuffer view
DEBUG: Rendering 2 screens
DEBUG: Rendering screen Original 2D Screen of type screen_2d
DEBUG: ===== SIMPLE MODE CUBE ROTATION =====
DEBUG: Simple mode applying cube rotation: [0.0°, 0.0°, 0.0°]
DEBUG: =========================================
DEBUG: ===== CANVAS draw_unified_screen() CALLED =====
DEBUG: screen_enabled: True, screen_render_mode: simple
DEBUG: Canvas drawing simple 2D screen
DEBUG: Drew unified screen in simple mode
DEBUG: Simple mode active - screen shows original 2D framebuffer view
DEBUG: Rendering MediaScreen Video Screen (istockphoto-482277170-640_adpp_is.mp4) with texture 3
DEBUG: Rendering screen Video Screen (istockphoto-482277170-640_adpp_is.mp4) of type screen_2d
DEBUG: Rendering MediaScreen Video Screen (istockphoto-482277170-640_adpp_is.mp4) with texture 3
DEBUG: ===== CANVAS update_sphere_view_vector() CALLED =====
DEBUG: Canvas syncing view_vector with sphere vector_direction: [1. 0. 0.]
DEBUG: Normalized view_vector: [1. 0. 0.]
DEBUG: Red vector direction: [1. 0. 0.]
DEBUG: Normalized view vector: [1.000, 0.000, 0.000]
DEBUG: Red cube position: [2. 0. 2.]
DEBUG: Expected direction to cube: [0.70710678 0.         0.70710678]
DEBUG: Actual view vector: [1. 0. 0.]
DEBUG: Dot product: 0.707
DEBUG: ⚠️ WARNING: View vector not pointing toward cube!
DEBUG: Consider setting vector direction to point toward cube
DEBUG: Suggested vector direction: [2.12132034 0.         2.12132034]
DEBUG: Angle to cube: 45.0° (should be < 30° to be visible)
DEBUG: Cube direction: [0.707, 0.000, 0.707]
DEBUG: 2D screen using perspective projection - FOV: 60.0°
DEBUG: ===== SIMPLE MODE CAMERA SETUP =====
DEBUG: Simple mode sphere_pos: [0. 0. 0.]
DEBUG: Simple mode view_dir: [1. 0. 0.]
DEBUG: Simple mode look_at: [10.  0.  0.]
DEBUG: Cube position: [2. 0. 2.]
DEBUG: Direction to cube: [0.70710678 0.         0.70710678]
DEBUG: View direction: [1. 0. 0.]
DEBUG: Angle between view and cube direction: 45.0° (should be close to 0°)
DEBUG: Are we looking toward cube? False
DEBUG: ==============================================
DEBUG: ===== SIMPLE MODE CUBE ROTATION =====
DEBUG: Simple mode applying cube rotation: [0.0°, 0.0°, 0.0°]
DEBUG: =========================================
DEBUG: Simple 2D screen rendered - reference objects disabled to prevent yellow box artifact
DEBUG: Using perspective projection - FOV: 60.0°
DEBUG: Canvas mode: 'simple', Sphere mode: 'simple'
DEBUG: Sphere screen render check - canvas_enabled: True, canvas_mode: simple, sphere_enabled: True, should_render: False
DEBUG: Sphere skipping screen render (canvas mode: simple)
DEBUG: ===== SIMPLE MODE CUBE ROTATION =====
DEBUG: Simple mode applying cube rotation: [0.0°, 0.0°, 0.0°]
DEBUG: =========================================
DEBUG: ===== CANVAS draw_unified_screen() CALLED =====
DEBUG: screen_enabled: True, screen_render_mode: simple
DEBUG: Canvas drawing simple 2D screen
DEBUG: Drew unified screen in simple mode
DEBUG: Simple mode active - screen shows original 2D framebuffer view
DEBUG: Rendering 2 screens
DEBUG: Rendering screen Original 2D Screen of type screen_2d
DEBUG: ===== SIMPLE MODE CUBE ROTATION =====
DEBUG: Simple mode applying cube rotation: [0.0°, 0.0°, 0.0°]
DEBUG: =========================================
DEBUG: ===== CANVAS draw_unified_screen() CALLED =====
DEBUG: screen_enabled: True, screen_render_mode: simple
DEBUG: Canvas drawing simple 2D screen
DEBUG: Drew unified screen in simple mode
DEBUG: Simple mode active - screen shows original 2D framebuffer view
DEBUG: Rendering MediaScreen Video Screen (istockphoto-482277170-640_adpp_is.mp4) with texture 3
DEBUG: Rendering screen Video Screen (istockphoto-482277170-640_adpp_is.mp4) of type screen_2d
DEBUG: Rendering MediaScreen Video Screen (istockphoto-482277170-640_adpp_is.mp4) with texture 3
DEBUG: ===== CANVAS update_sphere_view_vector() CALLED =====
DEBUG: Canvas syncing view_vector with sphere vector_direction: [1. 0. 0.]
DEBUG: Normalized view_vector: [1. 0. 0.]
DEBUG: Red vector direction: [1. 0. 0.]
DEBUG: Normalized view vector: [1.000, 0.000, 0.000]
DEBUG: Red cube position: [2. 0. 2.]
DEBUG: Expected direction to cube: [0.70710678 0.         0.70710678]
DEBUG: Actual view vector: [1. 0. 0.]
DEBUG: Dot product: 0.707
DEBUG: ⚠️ WARNING: View vector not pointing toward cube!
DEBUG: Consider setting vector direction to point toward cube
DEBUG: Suggested vector direction: [2.12132034 0.         2.12132034]
DEBUG: Angle to cube: 45.0° (should be < 30° to be visible)
DEBUG: Cube direction: [0.707, 0.000, 0.707]
DEBUG: 2D screen using perspective projection - FOV: 60.0°
DEBUG: ===== SIMPLE MODE CAMERA SETUP =====
DEBUG: Simple mode sphere_pos: [0. 0. 0.]
DEBUG: Simple mode view_dir: [1. 0. 0.]
DEBUG: Simple mode look_at: [10.  0.  0.]
DEBUG: Cube position: [2. 0. 2.]
DEBUG: Direction to cube: [0.70710678 0.         0.70710678]
DEBUG: View direction: [1. 0. 0.]
DEBUG: Angle between view and cube direction: 45.0° (should be close to 0°)
DEBUG: Are we looking toward cube? False
DEBUG: ==============================================
DEBUG: ===== SIMPLE MODE CUBE ROTATION =====
DEBUG: Simple mode applying cube rotation: [0.0°, 0.0°, 0.0°]
DEBUG: =========================================
DEBUG: Simple 2D screen rendered - reference objects disabled to prevent yellow box artifact
DEBUG: Using perspective projection - FOV: 60.0°
DEBUG: Canvas mode: 'simple', Sphere mode: 'simple'
DEBUG: Sphere screen render check - canvas_enabled: True, canvas_mode: simple, sphere_enabled: True, should_render: False
DEBUG: Sphere skipping screen render (canvas mode: simple)
DEBUG: ===== SIMPLE MODE CUBE ROTATION =====
DEBUG: Simple mode applying cube rotation: [0.0°, 0.0°, 0.0°]
DEBUG: =========================================
DEBUG: ===== CANVAS draw_unified_screen() CALLED =====
DEBUG: screen_enabled: True, screen_render_mode: simple
DEBUG: Canvas drawing simple 2D screen
DEBUG: Drew unified screen in simple mode
DEBUG: Simple mode active - screen shows original 2D framebuffer view
DEBUG: Rendering 2 screens
DEBUG: Rendering screen Original 2D Screen of type screen_2d
DEBUG: ===== SIMPLE MODE CUBE ROTATION =====
DEBUG: Simple mode applying cube rotation: [0.0°, 0.0°, 0.0°]
DEBUG: =========================================
DEBUG: ===== CANVAS draw_unified_screen() CALLED =====
DEBUG: screen_enabled: True, screen_render_mode: simple
DEBUG: Canvas drawing simple 2D screen
DEBUG: Drew unified screen in simple mode
DEBUG: Simple mode active - screen shows original 2D framebuffer view
DEBUG: Rendering MediaScreen Video Screen (istockphoto-482277170-640_adpp_is.mp4) with texture 3
DEBUG: Rendering screen Video Screen (istockphoto-482277170-640_adpp_is.mp4) of type screen_2d
DEBUG: Rendering MediaScreen Video Screen (istockphoto-482277170-640_adpp_is.mp4) with texture 3
DEBUG: ===== CANVAS update_sphere_view_vector() CALLED =====
DEBUG: Canvas syncing view_vector with sphere vector_direction: [1. 0. 0.]
DEBUG: Normalized view_vector: [1. 0. 0.]
DEBUG: Red vector direction: [1. 0. 0.]
DEBUG: Normalized view vector: [1.000, 0.000, 0.000]
DEBUG: Red cube position: [2. 0. 2.]
DEBUG: Expected direction to cube: [0.70710678 0.         0.70710678]
DEBUG: Actual view vector: [1. 0. 0.]
DEBUG: Dot product: 0.707
DEBUG: ⚠️ WARNING: View vector not pointing toward cube!
DEBUG: Consider setting vector direction to point toward cube
DEBUG: Suggested vector direction: [2.12132034 0.         2.12132034]
DEBUG: Angle to cube: 45.0° (should be < 30° to be visible)
DEBUG: Cube direction: [0.707, 0.000, 0.707]
DEBUG: 2D screen using perspective projection - FOV: 60.0°
DEBUG: ===== SIMPLE MODE CAMERA SETUP =====
DEBUG: Simple mode sphere_pos: [0. 0. 0.]
DEBUG: Simple mode view_dir: [1. 0. 0.]
DEBUG: Simple mode look_at: [10.  0.  0.]
DEBUG: Cube position: [2. 0. 2.]
DEBUG: Direction to cube: [0.70710678 0.         0.70710678]
DEBUG: View direction: [1. 0. 0.]
DEBUG: Angle between view and cube direction: 45.0° (should be close to 0°)
DEBUG: Are we looking toward cube? False
DEBUG: ==============================================
DEBUG: ===== SIMPLE MODE CUBE ROTATION =====
DEBUG: Simple mode applying cube rotation: [0.0°, 0.0°, 0.0°]
DEBUG: =========================================
DEBUG: Simple 2D screen rendered - reference objects disabled to prevent yellow box artifact
DEBUG: Using perspective projection - FOV: 60.0°
DEBUG: Canvas mode: 'simple', Sphere mode: 'simple'
DEBUG: Sphere screen render check - canvas_enabled: True, canvas_mode: simple, sphere_enabled: True, should_render: False
DEBUG: Sphere skipping screen render (canvas mode: simple)
DEBUG: ===== SIMPLE MODE CUBE ROTATION =====
DEBUG: Simple mode applying cube rotation: [0.0°, 0.0°, 0.0°]
DEBUG: =========================================
DEBUG: ===== CANVAS draw_unified_screen() CALLED =====
DEBUG: screen_enabled: True, screen_render_mode: simple
DEBUG: Canvas drawing simple 2D screen
DEBUG: Drew unified screen in simple mode
DEBUG: Simple mode active - screen shows original 2D framebuffer view
DEBUG: Rendering 2 screens
DEBUG: Rendering screen Original 2D Screen of type screen_2d
DEBUG: ===== SIMPLE MODE CUBE ROTATION =====
DEBUG: Simple mode applying cube rotation: [0.0°, 0.0°, 0.0°]
DEBUG: =========================================
DEBUG: ===== CANVAS draw_unified_screen() CALLED =====
DEBUG: screen_enabled: True, screen_render_mode: simple
DEBUG: Canvas drawing simple 2D screen
DEBUG: Drew unified screen in simple mode
DEBUG: Simple mode active - screen shows original 2D framebuffer view
DEBUG: Rendering MediaScreen Video Screen (istockphoto-482277170-640_adpp_is.mp4) with texture 3
DEBUG: Rendering screen Video Screen (istockphoto-482277170-640_adpp_is.mp4) of type screen_2d
DEBUG: Rendering MediaScreen Video Screen (istockphoto-482277170-640_adpp_is.mp4) with texture 3
DEBUG: ===== CANVAS update_sphere_view_vector() CALLED =====
DEBUG: Canvas syncing view_vector with sphere vector_direction: [1. 0. 0.]
DEBUG: Normalized view_vector: [1. 0. 0.]
DEBUG: Red vector direction: [1. 0. 0.]
DEBUG: Normalized view vector: [1.000, 0.000, 0.000]
DEBUG: Red cube position: [2. 0. 2.]
DEBUG: Expected direction to cube: [0.70710678 0.         0.70710678]
DEBUG: Actual view vector: [1. 0. 0.]
DEBUG: Dot product: 0.707
DEBUG: ⚠️ WARNING: View vector not pointing toward cube!
DEBUG: Consider setting vector direction to point toward cube
DEBUG: Suggested vector direction: [2.12132034 0.         2.12132034]
DEBUG: Angle to cube: 45.0° (should be < 30° to be visible)
DEBUG: Cube direction: [0.707, 0.000, 0.707]
DEBUG: 2D screen using perspective projection - FOV: 60.0°
DEBUG: ===== SIMPLE MODE CAMERA SETUP =====
DEBUG: Simple mode sphere_pos: [0. 0. 0.]
DEBUG: Simple mode view_dir: [1. 0. 0.]
DEBUG: Simple mode look_at: [10.  0.  0.]
DEBUG: Cube position: [2. 0. 2.]
DEBUG: Direction to cube: [0.70710678 0.         0.70710678]
DEBUG: View direction: [1. 0. 0.]
DEBUG: Angle between view and cube direction: 45.0° (should be close to 0°)
DEBUG: Are we looking toward cube? False
DEBUG: ==============================================
DEBUG: ===== SIMPLE MODE CUBE ROTATION =====
DEBUG: Simple mode applying cube rotation: [0.0°, 0.0°, 0.0°]
DEBUG: =========================================
DEBUG: Simple 2D screen rendered - reference objects disabled to prevent yellow box artifact
DEBUG: Using perspective projection - FOV: 60.0°
DEBUG: Canvas mode: 'simple', Sphere mode: 'simple'
DEBUG: Sphere screen render check - canvas_enabled: True, canvas_mode: simple, sphere_enabled: True, should_render: False
DEBUG: Sphere skipping screen render (canvas mode: simple)
DEBUG: ===== SIMPLE MODE CUBE ROTATION =====
DEBUG: Simple mode applying cube rotation: [0.0°, 0.0°, 0.0°]
DEBUG: =========================================
DEBUG: ===== CANVAS draw_unified_screen() CALLED =====
DEBUG: screen_enabled: True, screen_render_mode: simple
DEBUG: Canvas drawing simple 2D screen
DEBUG: Drew unified screen in simple mode
DEBUG: Simple mode active - screen shows original 2D framebuffer view
DEBUG: Rendering 2 screens
DEBUG: Rendering screen Original 2D Screen of type screen_2d
DEBUG: ===== SIMPLE MODE CUBE ROTATION =====
DEBUG: Simple mode applying cube rotation: [0.0°, 0.0°, 0.0°]
DEBUG: =========================================
DEBUG: ===== CANVAS draw_unified_screen() CALLED =====
DEBUG: screen_enabled: True, screen_render_mode: simple
DEBUG: Canvas drawing simple 2D screen
DEBUG: Drew unified screen in simple mode
DEBUG: Simple mode active - screen shows original 2D framebuffer view
DEBUG: Rendering MediaScreen Video Screen (istockphoto-482277170-640_adpp_is.mp4) with texture 3
DEBUG: Rendering screen Video Screen (istockphoto-482277170-640_adpp_is.mp4) of type screen_2d
DEBUG: Rendering MediaScreen Video Screen (istockphoto-482277170-640_adpp_is.mp4) with texture 3
DEBUG: ===== CANVAS update_sphere_view_vector() CALLED =====
DEBUG: Canvas syncing view_vector with sphere vector_direction: [1. 0. 0.]
DEBUG: Normalized view_vector: [1. 0. 0.]
DEBUG: Red vector direction: [1. 0. 0.]
DEBUG: Normalized view vector: [1.000, 0.000, 0.000]
DEBUG: Red cube position: [2. 0. 2.]
DEBUG: Expected direction to cube: [0.70710678 0.         0.70710678]
DEBUG: Actual view vector: [1. 0. 0.]
DEBUG: Dot product: 0.707
DEBUG: ⚠️ WARNING: View vector not pointing toward cube!
DEBUG: Consider setting vector direction to point toward cube
DEBUG: Suggested vector direction: [2.12132034 0.         2.12132034]
DEBUG: Angle to cube: 45.0° (should be < 30° to be visible)
DEBUG: Cube direction: [0.707, 0.000, 0.707]
DEBUG: 2D screen using perspective projection - FOV: 60.0°
DEBUG: ===== SIMPLE MODE CAMERA SETUP =====
DEBUG: Simple mode sphere_pos: [0. 0. 0.]
DEBUG: Simple mode view_dir: [1. 0. 0.]
DEBUG: Simple mode look_at: [10.  0.  0.]
DEBUG: Cube position: [2. 0. 2.]
DEBUG: Direction to cube: [0.70710678 0.         0.70710678]
DEBUG: View direction: [1. 0. 0.]
DEBUG: Angle between view and cube direction: 45.0° (should be close to 0°)
DEBUG: Are we looking toward cube? False
DEBUG: ==============================================
DEBUG: ===== SIMPLE MODE CUBE ROTATION =====
DEBUG: Simple mode applying cube rotation: [0.0°, 0.0°, 0.0°]
DEBUG: =========================================
DEBUG: Simple 2D screen rendered - reference objects disabled to prevent yellow box artifact
DEBUG: Using perspective projection - FOV: 60.0°
DEBUG: Canvas mode: 'simple', Sphere mode: 'simple'
DEBUG: Sphere screen render check - canvas_enabled: True, canvas_mode: simple, sphere_enabled: True, should_render: False
DEBUG: Sphere skipping screen render (canvas mode: simple)
DEBUG: ===== SIMPLE MODE CUBE ROTATION =====
DEBUG: Simple mode applying cube rotation: [0.0°, 0.0°, 0.0°]
DEBUG: =========================================
DEBUG: ===== CANVAS draw_unified_screen() CALLED =====
DEBUG: screen_enabled: True, screen_render_mode: simple
DEBUG: Canvas drawing simple 2D screen
DEBUG: Drew unified screen in simple mode
DEBUG: Simple mode active - screen shows original 2D framebuffer view
DEBUG: Rendering 2 screens
DEBUG: Rendering screen Original 2D Screen of type screen_2d
DEBUG: ===== SIMPLE MODE CUBE ROTATION =====
DEBUG: Simple mode applying cube rotation: [0.0°, 0.0°, 0.0°]
DEBUG: =========================================
DEBUG: ===== CANVAS draw_unified_screen() CALLED =====
DEBUG: screen_enabled: True, screen_render_mode: simple
DEBUG: Canvas drawing simple 2D screen
DEBUG: Drew unified screen in simple mode
DEBUG: Simple mode active - screen shows original 2D framebuffer view
DEBUG: Rendering MediaScreen Video Screen (istockphoto-482277170-640_adpp_is.mp4) with texture 3
DEBUG: Rendering screen Video Screen (istockphoto-482277170-640_adpp_is.mp4) of type screen_2d
DEBUG: Rendering MediaScreen Video Screen (istockphoto-482277170-640_adpp_is.mp4) with texture 3
DEBUG: ===== CANVAS update_sphere_view_vector() CALLED =====
DEBUG: Canvas syncing view_vector with sphere vector_direction: [1. 0. 0.]
DEBUG: Normalized view_vector: [1. 0. 0.]
DEBUG: Red vector direction: [1. 0. 0.]
DEBUG: Normalized view vector: [1.000, 0.000, 0.000]
DEBUG: Red cube position: [2. 0. 2.]
DEBUG: Expected direction to cube: [0.70710678 0.         0.70710678]
DEBUG: Actual view vector: [1. 0. 0.]
DEBUG: Dot product: 0.707
DEBUG: ⚠️ WARNING: View vector not pointing toward cube!
DEBUG: Consider setting vector direction to point toward cube
DEBUG: Suggested vector direction: [2.12132034 0.         2.12132034]
DEBUG: Angle to cube: 45.0° (should be < 30° to be visible)
DEBUG: Cube direction: [0.707, 0.000, 0.707]
DEBUG: 2D screen using perspective projection - FOV: 60.0°
DEBUG: ===== SIMPLE MODE CAMERA SETUP =====
DEBUG: Simple mode sphere_pos: [0. 0. 0.]
DEBUG: Simple mode view_dir: [1. 0. 0.]
DEBUG: Simple mode look_at: [10.  0.  0.]
DEBUG: Cube position: [2. 0. 2.]
DEBUG: Direction to cube: [0.70710678 0.         0.70710678]
DEBUG: View direction: [1. 0. 0.]
DEBUG: Angle between view and cube direction: 45.0° (should be close to 0°)
DEBUG: Are we looking toward cube? False
DEBUG: ==============================================
DEBUG: ===== SIMPLE MODE CUBE ROTATION =====
DEBUG: Simple mode applying cube rotation: [0.0°, 0.0°, 0.0°]
DEBUG: =========================================
DEBUG: Simple 2D screen rendered - reference objects disabled to prevent yellow box artifact
DEBUG: Using perspective projection - FOV: 60.0°
DEBUG: Canvas mode: 'simple', Sphere mode: 'simple'
DEBUG: Sphere screen render check - canvas_enabled: True, canvas_mode: simple, sphere_enabled: True, should_render: False
DEBUG: Sphere skipping screen render (canvas mode: simple)
DEBUG: ===== SIMPLE MODE CUBE ROTATION =====
DEBUG: Simple mode applying cube rotation: [0.0°, 0.0°, 0.0°]
DEBUG: =========================================
DEBUG: ===== CANVAS draw_unified_screen() CALLED =====
DEBUG: screen_enabled: True, screen_render_mode: simple
DEBUG: Canvas drawing simple 2D screen
DEBUG: Drew unified screen in simple mode
DEBUG: Simple mode active - screen shows original 2D framebuffer view
DEBUG: Rendering 2 screens
DEBUG: Rendering screen Original 2D Screen of type screen_2d
DEBUG: ===== SIMPLE MODE CUBE ROTATION =====
DEBUG: Simple mode applying cube rotation: [0.0°, 0.0°, 0.0°]
DEBUG: =========================================
DEBUG: ===== CANVAS draw_unified_screen() CALLED =====
DEBUG: screen_enabled: True, screen_render_mode: simple
DEBUG: Canvas drawing simple 2D screen
DEBUG: Drew unified screen in simple mode
DEBUG: Simple mode active - screen shows original 2D framebuffer view
DEBUG: Rendering MediaScreen Video Screen (istockphoto-482277170-640_adpp_is.mp4) with texture 3
DEBUG: Rendering screen Video Screen (istockphoto-482277170-640_adpp_is.mp4) of type screen_2d
DEBUG: Rendering MediaScreen Video Screen (istockphoto-482277170-640_adpp_is.mp4) with texture 3
DEBUG: ===== CANVAS update_sphere_view_vector() CALLED =====
DEBUG: Canvas syncing view_vector with sphere vector_direction: [1. 0. 0.]
DEBUG: Normalized view_vector: [1. 0. 0.]
DEBUG: Red vector direction: [1. 0. 0.]
DEBUG: Normalized view vector: [1.000, 0.000, 0.000]
DEBUG: Red cube position: [2. 0. 2.]
DEBUG: Expected direction to cube: [0.70710678 0.         0.70710678]
DEBUG: Actual view vector: [1. 0. 0.]
DEBUG: Dot product: 0.707
DEBUG: ⚠️ WARNING: View vector not pointing toward cube!
DEBUG: Consider setting vector direction to point toward cube
DEBUG: Suggested vector direction: [2.12132034 0.         2.12132034]
DEBUG: Angle to cube: 45.0° (should be < 30° to be visible)
DEBUG: Cube direction: [0.707, 0.000, 0.707]
DEBUG: 2D screen using perspective projection - FOV: 60.0°
DEBUG: ===== SIMPLE MODE CAMERA SETUP =====
DEBUG: Simple mode sphere_pos: [0. 0. 0.]
DEBUG: Simple mode view_dir: [1. 0. 0.]
DEBUG: Simple mode look_at: [10.  0.  0.]
DEBUG: Cube position: [2. 0. 2.]
DEBUG: Direction to cube: [0.70710678 0.         0.70710678]
DEBUG: View direction: [1. 0. 0.]
DEBUG: Angle between view and cube direction: 45.0° (should be close to 0°)
DEBUG: Are we looking toward cube? False
DEBUG: ==============================================
DEBUG: ===== SIMPLE MODE CUBE ROTATION =====
DEBUG: Simple mode applying cube rotation: [0.0°, 0.0°, 0.0°]
DEBUG: =========================================
DEBUG: Simple 2D screen rendered - reference objects disabled to prevent yellow box artifact
DEBUG: Using perspective projection - FOV: 60.0°
DEBUG: Canvas mode: 'simple', Sphere mode: 'simple'
DEBUG: Sphere screen render check - canvas_enabled: True, canvas_mode: simple, sphere_enabled: True, should_render: False
DEBUG: Sphere skipping screen render (canvas mode: simple)
DEBUG: ===== SIMPLE MODE CUBE ROTATION =====
DEBUG: Simple mode applying cube rotation: [0.0°, 0.0°, 0.0°]
DEBUG: =========================================
DEBUG: ===== CANVAS draw_unified_screen() CALLED =====
DEBUG: screen_enabled: True, screen_render_mode: simple
DEBUG: Canvas drawing simple 2D screen
DEBUG: Drew unified screen in simple mode
DEBUG: Simple mode active - screen shows original 2D framebuffer view
DEBUG: Rendering 2 screens
DEBUG: Rendering screen Original 2D Screen of type screen_2d
DEBUG: ===== SIMPLE MODE CUBE ROTATION =====
DEBUG: Simple mode applying cube rotation: [0.0°, 0.0°, 0.0°]
DEBUG: =========================================
DEBUG: ===== CANVAS draw_unified_screen() CALLED =====
DEBUG: screen_enabled: True, screen_render_mode: simple
DEBUG: Canvas drawing simple 2D screen
DEBUG: Drew unified screen in simple mode
DEBUG: Simple mode active - screen shows original 2D framebuffer view
DEBUG: Rendering MediaScreen Video Screen (istockphoto-482277170-640_adpp_is.mp4) with texture 3
DEBUG: Rendering screen Video Screen (istockphoto-482277170-640_adpp_is.mp4) of type screen_2d
DEBUG: Rendering MediaScreen Video Screen (istockphoto-482277170-640_adpp_is.mp4) with texture 3
DEBUG: ===== CANVAS update_sphere_view_vector() CALLED =====
DEBUG: Canvas syncing view_vector with sphere vector_direction: [1. 0. 0.]
DEBUG: Normalized view_vector: [1. 0. 0.]
DEBUG: Red vector direction: [1. 0. 0.]
DEBUG: Normalized view vector: [1.000, 0.000, 0.000]
DEBUG: Red cube position: [2. 0. 2.]
DEBUG: Expected direction to cube: [0.70710678 0.         0.70710678]
DEBUG: Actual view vector: [1. 0. 0.]
DEBUG: Dot product: 0.707
DEBUG: ⚠️ WARNING: View vector not pointing toward cube!
DEBUG: Consider setting vector direction to point toward cube
DEBUG: Suggested vector direction: [2.12132034 0.         2.12132034]
DEBUG: Angle to cube: 45.0° (should be < 30° to be visible)
DEBUG: Cube direction: [0.707, 0.000, 0.707]
DEBUG: 2D screen using perspective projection - FOV: 60.0°
DEBUG: ===== SIMPLE MODE CAMERA SETUP =====
DEBUG: Simple mode sphere_pos: [0. 0. 0.]
DEBUG: Simple mode view_dir: [1. 0. 0.]
DEBUG: Simple mode look_at: [10.  0.  0.]
DEBUG: Cube position: [2. 0. 2.]
DEBUG: Direction to cube: [0.70710678 0.         0.70710678]
DEBUG: View direction: [1. 0. 0.]
DEBUG: Angle between view and cube direction: 45.0° (should be close to 0°)
DEBUG: Are we looking toward cube? False
DEBUG: ==============================================
DEBUG: ===== SIMPLE MODE CUBE ROTATION =====
DEBUG: Simple mode applying cube rotation: [0.0°, 0.0°, 0.0°]
DEBUG: =========================================
DEBUG: Simple 2D screen rendered - reference objects disabled to prevent yellow box artifact
DEBUG: Using perspective projection - FOV: 60.0°
DEBUG: Canvas mode: 'simple', Sphere mode: 'simple'
DEBUG: Sphere screen render check - canvas_enabled: True, canvas_mode: simple, sphere_enabled: True, should_render: False
DEBUG: Sphere skipping screen render (canvas mode: simple)
DEBUG: ===== SIMPLE MODE CUBE ROTATION =====
DEBUG: Simple mode applying cube rotation: [0.0°, 0.0°, 0.0°]
DEBUG: =========================================
DEBUG: ===== CANVAS draw_unified_screen() CALLED =====
DEBUG: screen_enabled: True, screen_render_mode: simple
DEBUG: Canvas drawing simple 2D screen
DEBUG: Drew unified screen in simple mode
DEBUG: Simple mode active - screen shows original 2D framebuffer view
DEBUG: Rendering 2 screens
DEBUG: Rendering screen Original 2D Screen of type screen_2d
DEBUG: ===== SIMPLE MODE CUBE ROTATION =====
DEBUG: Simple mode applying cube rotation: [0.0°, 0.0°, 0.0°]
DEBUG: =========================================
DEBUG: ===== CANVAS draw_unified_screen() CALLED =====
DEBUG: screen_enabled: True, screen_render_mode: simple
DEBUG: Canvas drawing simple 2D screen
DEBUG: Drew unified screen in simple mode
DEBUG: Simple mode active - screen shows original 2D framebuffer view
DEBUG: Rendering MediaScreen Video Screen (istockphoto-482277170-640_adpp_is.mp4) with texture 3
DEBUG: Rendering screen Video Screen (istockphoto-482277170-640_adpp_is.mp4) of type screen_2d
DEBUG: Rendering MediaScreen Video Screen (istockphoto-482277170-640_adpp_is.mp4) with texture 3
DEBUG: ===== CANVAS update_sphere_view_vector() CALLED =====
DEBUG: Canvas syncing view_vector with sphere vector_direction: [1. 0. 0.]
DEBUG: Normalized view_vector: [1. 0. 0.]
DEBUG: Red vector direction: [1. 0. 0.]
DEBUG: Normalized view vector: [1.000, 0.000, 0.000]
DEBUG: Red cube position: [2. 0. 2.]
DEBUG: Expected direction to cube: [0.70710678 0.         0.70710678]
DEBUG: Actual view vector: [1. 0. 0.]
DEBUG: Dot product: 0.707
DEBUG: ⚠️ WARNING: View vector not pointing toward cube!
DEBUG: Consider setting vector direction to point toward cube
DEBUG: Suggested vector direction: [2.12132034 0.         2.12132034]
DEBUG: Angle to cube: 45.0° (should be < 30° to be visible)
DEBUG: Cube direction: [0.707, 0.000, 0.707]
DEBUG: 2D screen using perspective projection - FOV: 60.0°
DEBUG: ===== SIMPLE MODE CAMERA SETUP =====
DEBUG: Simple mode sphere_pos: [0. 0. 0.]
DEBUG: Simple mode view_dir: [1. 0. 0.]
DEBUG: Simple mode look_at: [10.  0.  0.]
DEBUG: Cube position: [2. 0. 2.]
DEBUG: Direction to cube: [0.70710678 0.         0.70710678]
DEBUG: View direction: [1. 0. 0.]
DEBUG: Angle between view and cube direction: 45.0° (should be close to 0°)
DEBUG: Are we looking toward cube? False
DEBUG: ==============================================
DEBUG: ===== SIMPLE MODE CUBE ROTATION =====
DEBUG: Simple mode applying cube rotation: [0.0°, 0.0°, 0.0°]
DEBUG: =========================================
DEBUG: Simple 2D screen rendered - reference objects disabled to prevent yellow box artifact
DEBUG: Using perspective projection - FOV: 60.0°
DEBUG: Canvas mode: 'simple', Sphere mode: 'simple'
DEBUG: Sphere screen render check - canvas_enabled: True, canvas_mode: simple, sphere_enabled: True, should_render: False
DEBUG: Sphere skipping screen render (canvas mode: simple)
DEBUG: ===== SIMPLE MODE CUBE ROTATION =====
DEBUG: Simple mode applying cube rotation: [0.0°, 0.0°, 0.0°]
DEBUG: =========================================
DEBUG: ===== CANVAS draw_unified_screen() CALLED =====
DEBUG: screen_enabled: True, screen_render_mode: simple
DEBUG: Canvas drawing simple 2D screen
DEBUG: Drew unified screen in simple mode
DEBUG: Simple mode active - screen shows original 2D framebuffer view
DEBUG: Rendering 2 screens
DEBUG: Rendering screen Original 2D Screen of type screen_2d
DEBUG: ===== SIMPLE MODE CUBE ROTATION =====
DEBUG: Simple mode applying cube rotation: [0.0°, 0.0°, 0.0°]
DEBUG: =========================================
DEBUG: ===== CANVAS draw_unified_screen() CALLED =====
DEBUG: screen_enabled: True, screen_render_mode: simple
DEBUG: Canvas drawing simple 2D screen
DEBUG: Drew unified screen in simple mode
DEBUG: Simple mode active - screen shows original 2D framebuffer view
DEBUG: Rendering MediaScreen Video Screen (istockphoto-482277170-640_adpp_is.mp4) with texture 3
DEBUG: Rendering screen Video Screen (istockphoto-482277170-640_adpp_is.mp4) of type screen_2d
DEBUG: Rendering MediaScreen Video Screen (istockphoto-482277170-640_adpp_is.mp4) with texture 3
DEBUG: ===== CANVAS update_sphere_view_vector() CALLED =====
DEBUG: Canvas syncing view_vector with sphere vector_direction: [1. 0. 0.]
DEBUG: Normalized view_vector: [1. 0. 0.]
DEBUG: Red vector direction: [1. 0. 0.]
DEBUG: Normalized view vector: [1.000, 0.000, 0.000]
DEBUG: Red cube position: [2. 0. 2.]
DEBUG: Expected direction to cube: [0.70710678 0.         0.70710678]
DEBUG: Actual view vector: [1. 0. 0.]
DEBUG: Dot product: 0.707
DEBUG: ⚠️ WARNING: View vector not pointing toward cube!
DEBUG: Consider setting vector direction to point toward cube
DEBUG: Suggested vector direction: [2.12132034 0.         2.12132034]
DEBUG: Angle to cube: 45.0° (should be < 30° to be visible)
DEBUG: Cube direction: [0.707, 0.000, 0.707]
DEBUG: 2D screen using perspective projection - FOV: 60.0°
DEBUG: ===== SIMPLE MODE CAMERA SETUP =====
DEBUG: Simple mode sphere_pos: [0. 0. 0.]
DEBUG: Simple mode view_dir: [1. 0. 0.]
DEBUG: Simple mode look_at: [10.  0.  0.]
DEBUG: Cube position: [2. 0. 2.]
DEBUG: Direction to cube: [0.70710678 0.         0.70710678]
DEBUG: View direction: [1. 0. 0.]
DEBUG: Angle between view and cube direction: 45.0° (should be close to 0°)
DEBUG: Are we looking toward cube? False
DEBUG: ==============================================
DEBUG: ===== SIMPLE MODE CUBE ROTATION =====
DEBUG: Simple mode applying cube rotation: [0.0°, 0.0°, 0.0°]
DEBUG: =========================================
DEBUG: Simple 2D screen rendered - reference objects disabled to prevent yellow box artifact
DEBUG: Using perspective projection - FOV: 60.0°
DEBUG: Canvas mode: 'simple', Sphere mode: 'simple'
DEBUG: Sphere screen render check - canvas_enabled: True, canvas_mode: simple, sphere_enabled: True, should_render: False
DEBUG: Sphere skipping screen render (canvas mode: simple)
DEBUG: ===== SIMPLE MODE CUBE ROTATION =====
DEBUG: Simple mode applying cube rotation: [0.0°, 0.0°, 0.0°]
DEBUG: =========================================
DEBUG: ===== CANVAS draw_unified_screen() CALLED =====
DEBUG: screen_enabled: True, screen_render_mode: simple
DEBUG: Canvas drawing simple 2D screen
DEBUG: Drew unified screen in simple mode
DEBUG: Simple mode active - screen shows original 2D framebuffer view
DEBUG: Rendering 2 screens
DEBUG: Rendering screen Original 2D Screen of type screen_2d
DEBUG: ===== SIMPLE MODE CUBE ROTATION =====
DEBUG: Simple mode applying cube rotation: [0.0°, 0.0°, 0.0°]
DEBUG: =========================================
DEBUG: ===== CANVAS draw_unified_screen() CALLED =====
DEBUG: screen_enabled: True, screen_render_mode: simple
DEBUG: Canvas drawing simple 2D screen
DEBUG: Drew unified screen in simple mode
DEBUG: Simple mode active - screen shows original 2D framebuffer view
DEBUG: Rendering MediaScreen Video Screen (istockphoto-482277170-640_adpp_is.mp4) with texture 3
DEBUG: Rendering screen Video Screen (istockphoto-482277170-640_adpp_is.mp4) of type screen_2d
DEBUG: Rendering MediaScreen Video Screen (istockphoto-482277170-640_adpp_is.mp4) with texture 3
DEBUG: ===== CANVAS update_sphere_view_vector() CALLED =====
DEBUG: Canvas syncing view_vector with sphere vector_direction: [1. 0. 0.]
DEBUG: Normalized view_vector: [1. 0. 0.]
DEBUG: Red vector direction: [1. 0. 0.]
DEBUG: Normalized view vector: [1.000, 0.000, 0.000]
DEBUG: Red cube position: [2. 0. 2.]
DEBUG: Expected direction to cube: [0.70710678 0.         0.70710678]
DEBUG: Actual view vector: [1. 0. 0.]
DEBUG: Dot product: 0.707
DEBUG: ⚠️ WARNING: View vector not pointing toward cube!
DEBUG: Consider setting vector direction to point toward cube
DEBUG: Suggested vector direction: [2.12132034 0.         2.12132034]
DEBUG: Angle to cube: 45.0° (should be < 30° to be visible)
DEBUG: Cube direction: [0.707, 0.000, 0.707]
DEBUG: 2D screen using perspective projection - FOV: 60.0°
DEBUG: ===== SIMPLE MODE CAMERA SETUP =====
DEBUG: Simple mode sphere_pos: [0. 0. 0.]
DEBUG: Simple mode view_dir: [1. 0. 0.]
DEBUG: Simple mode look_at: [10.  0.  0.]
DEBUG: Cube position: [2. 0. 2.]
DEBUG: Direction to cube: [0.70710678 0.         0.70710678]
DEBUG: View direction: [1. 0. 0.]
DEBUG: Angle between view and cube direction: 45.0° (should be close to 0°)
DEBUG: Are we looking toward cube? False
DEBUG: ==============================================
DEBUG: ===== SIMPLE MODE CUBE ROTATION =====
DEBUG: Simple mode applying cube rotation: [0.0°, 0.0°, 0.0°]
DEBUG: =========================================
DEBUG: Simple 2D screen rendered - reference objects disabled to prevent yellow box artifact
DEBUG: Using perspective projection - FOV: 60.0°
DEBUG: Canvas mode: 'simple', Sphere mode: 'simple'
DEBUG: Sphere screen render check - canvas_enabled: True, canvas_mode: simple, sphere_enabled: True, should_render: False
DEBUG: Sphere skipping screen render (canvas mode: simple)
DEBUG: ===== SIMPLE MODE CUBE ROTATION =====
DEBUG: Simple mode applying cube rotation: [0.0°, 0.0°, 0.0°]
DEBUG: =========================================
DEBUG: ===== CANVAS draw_unified_screen() CALLED =====
DEBUG: screen_enabled: True, screen_render_mode: simple
DEBUG: Canvas drawing simple 2D screen
DEBUG: Drew unified screen in simple mode
DEBUG: Simple mode active - screen shows original 2D framebuffer view
DEBUG: Rendering 2 screens
DEBUG: Rendering screen Original 2D Screen of type screen_2d
DEBUG: ===== SIMPLE MODE CUBE ROTATION =====
DEBUG: Simple mode applying cube rotation: [0.0°, 0.0°, 0.0°]
DEBUG: =========================================
DEBUG: ===== CANVAS draw_unified_screen() CALLED =====
DEBUG: screen_enabled: True, screen_render_mode: simple
DEBUG: Canvas drawing simple 2D screen
DEBUG: Drew unified screen in simple mode
DEBUG: Simple mode active - screen shows original 2D framebuffer view
DEBUG: Rendering MediaScreen Video Screen (istockphoto-482277170-640_adpp_is.mp4) with texture 3
DEBUG: Rendering screen Video Screen (istockphoto-482277170-640_adpp_is.mp4) of type screen_2d
DEBUG: Rendering MediaScreen Video Screen (istockphoto-482277170-640_adpp_is.mp4) with texture 3
DEBUG: ===== CANVAS update_sphere_view_vector() CALLED =====
DEBUG: Canvas syncing view_vector with sphere vector_direction: [1. 0. 0.]
DEBUG: Normalized view_vector: [1. 0. 0.]
DEBUG: Red vector direction: [1. 0. 0.]
DEBUG: Normalized view vector: [1.000, 0.000, 0.000]
DEBUG: Red cube position: [2. 0. 2.]
DEBUG: Expected direction to cube: [0.70710678 0.         0.70710678]
DEBUG: Actual view vector: [1. 0. 0.]
DEBUG: Dot product: 0.707
DEBUG: ⚠️ WARNING: View vector not pointing toward cube!
DEBUG: Consider setting vector direction to point toward cube
DEBUG: Suggested vector direction: [2.12132034 0.         2.12132034]
DEBUG: Angle to cube: 45.0° (should be < 30° to be visible)
DEBUG: Cube direction: [0.707, 0.000, 0.707]
DEBUG: 2D screen using perspective projection - FOV: 60.0°
DEBUG: ===== SIMPLE MODE CAMERA SETUP =====
DEBUG: Simple mode sphere_pos: [0. 0. 0.]
DEBUG: Simple mode view_dir: [1. 0. 0.]
DEBUG: Simple mode look_at: [10.  0.  0.]
DEBUG: Cube position: [2. 0. 2.]
DEBUG: Direction to cube: [0.70710678 0.         0.70710678]
DEBUG: View direction: [1. 0. 0.]
DEBUG: Angle between view and cube direction: 45.0° (should be close to 0°)
DEBUG: Are we looking toward cube? False
DEBUG: ==============================================
DEBUG: ===== SIMPLE MODE CUBE ROTATION =====
DEBUG: Simple mode applying cube rotation: [0.0°, 0.0°, 0.0°]
DEBUG: =========================================
DEBUG: Simple 2D screen rendered - reference objects disabled to prevent yellow box artifact
DEBUG: Using perspective projection - FOV: 60.0°
DEBUG: Canvas mode: 'simple', Sphere mode: 'simple'
DEBUG: Sphere screen render check - canvas_enabled: True, canvas_mode: simple, sphere_enabled: True, should_render: False
DEBUG: Sphere skipping screen render (canvas mode: simple)
DEBUG: ===== SIMPLE MODE CUBE ROTATION =====
DEBUG: Simple mode applying cube rotation: [0.0°, 0.0°, 0.0°]
DEBUG: =========================================
DEBUG: ===== CANVAS draw_unified_screen() CALLED =====
DEBUG: screen_enabled: True, screen_render_mode: simple
DEBUG: Canvas drawing simple 2D screen
DEBUG: Drew unified screen in simple mode
DEBUG: Simple mode active - screen shows original 2D framebuffer view
DEBUG: Rendering 2 screens
DEBUG: Rendering screen Original 2D Screen of type screen_2d
DEBUG: ===== SIMPLE MODE CUBE ROTATION =====
DEBUG: Simple mode applying cube rotation: [0.0°, 0.0°, 0.0°]
DEBUG: =========================================
DEBUG: ===== CANVAS draw_unified_screen() CALLED =====
DEBUG: screen_enabled: True, screen_render_mode: simple
DEBUG: Canvas drawing simple 2D screen
DEBUG: Drew unified screen in simple mode
DEBUG: Simple mode active - screen shows original 2D framebuffer view
DEBUG: Rendering MediaScreen Video Screen (istockphoto-482277170-640_adpp_is.mp4) with texture 3
DEBUG: Rendering screen Video Screen (istockphoto-482277170-640_adpp_is.mp4) of type screen_2d
DEBUG: Rendering MediaScreen Video Screen (istockphoto-482277170-640_adpp_is.mp4) with texture 3
DEBUG: ===== CANVAS update_sphere_view_vector() CALLED =====
DEBUG: Canvas syncing view_vector with sphere vector_direction: [1. 0. 0.]
DEBUG: Normalized view_vector: [1. 0. 0.]
DEBUG: Red vector direction: [1. 0. 0.]
DEBUG: Normalized view vector: [1.000, 0.000, 0.000]
DEBUG: Red cube position: [2. 0. 2.]
DEBUG: Expected direction to cube: [0.70710678 0.         0.70710678]
DEBUG: Actual view vector: [1. 0. 0.]
DEBUG: Dot product: 0.707
DEBUG: ⚠️ WARNING: View vector not pointing toward cube!
DEBUG: Consider setting vector direction to point toward cube
DEBUG: Suggested vector direction: [2.12132034 0.         2.12132034]
DEBUG: Angle to cube: 45.0° (should be < 30° to be visible)
DEBUG: Cube direction: [0.707, 0.000, 0.707]
DEBUG: 2D screen using perspective projection - FOV: 60.0°
DEBUG: ===== SIMPLE MODE CAMERA SETUP =====
DEBUG: Simple mode sphere_pos: [0. 0. 0.]
DEBUG: Simple mode view_dir: [1. 0. 0.]
DEBUG: Simple mode look_at: [10.  0.  0.]
DEBUG: Cube position: [2. 0. 2.]
DEBUG: Direction to cube: [0.70710678 0.         0.70710678]
DEBUG: View direction: [1. 0. 0.]
DEBUG: Angle between view and cube direction: 45.0° (should be close to 0°)
DEBUG: Are we looking toward cube? False
DEBUG: ==============================================
DEBUG: ===== SIMPLE MODE CUBE ROTATION =====
DEBUG: Simple mode applying cube rotation: [0.0°, 0.0°, 0.0°]
DEBUG: =========================================
DEBUG: Simple 2D screen rendered - reference objects disabled to prevent yellow box artifact
DEBUG: Using perspective projection - FOV: 60.0°
DEBUG: Canvas mode: 'simple', Sphere mode: 'simple'
DEBUG: Sphere screen render check - canvas_enabled: True, canvas_mode: simple, sphere_enabled: True, should_render: False
DEBUG: Sphere skipping screen render (canvas mode: simple)
DEBUG: ===== SIMPLE MODE CUBE ROTATION =====
DEBUG: Simple mode applying cube rotation: [0.0°, 0.0°, 0.0°]
DEBUG: =========================================
DEBUG: ===== CANVAS draw_unified_screen() CALLED =====
DEBUG: screen_enabled: True, screen_render_mode: simple
DEBUG: Canvas drawing simple 2D screen
DEBUG: Drew unified screen in simple mode
DEBUG: Simple mode active - screen shows original 2D framebuffer view
DEBUG: Rendering 2 screens
DEBUG: Rendering screen Original 2D Screen of type screen_2d
DEBUG: ===== SIMPLE MODE CUBE ROTATION =====
DEBUG: Simple mode applying cube rotation: [0.0°, 0.0°, 0.0°]
DEBUG: =========================================
DEBUG: ===== CANVAS draw_unified_screen() CALLED =====
DEBUG: screen_enabled: True, screen_render_mode: simple
DEBUG: Canvas drawing simple 2D screen
DEBUG: Drew unified screen in simple mode
DEBUG: Simple mode active - screen shows original 2D framebuffer view
DEBUG: Rendering MediaScreen Video Screen (istockphoto-482277170-640_adpp_is.mp4) with texture 3
DEBUG: Rendering screen Video Screen (istockphoto-482277170-640_adpp_is.mp4) of type screen_2d
DEBUG: Rendering MediaScreen Video Screen (istockphoto-482277170-640_adpp_is.mp4) with texture 3
DEBUG: Frame 240, audio: 8.00s, video: 8.00s, sync diff: 0.000s
DEBUG: ===== CANVAS update_sphere_view_vector() CALLED =====
DEBUG: Canvas syncing view_vector with sphere vector_direction: [1. 0. 0.]
DEBUG: Normalized view_vector: [1. 0. 0.]
DEBUG: Red vector direction: [1. 0. 0.]
DEBUG: Normalized view vector: [1.000, 0.000, 0.000]
DEBUG: Red cube position: [2. 0. 2.]
DEBUG: Expected direction to cube: [0.70710678 0.         0.70710678]
DEBUG: Actual view vector: [1. 0. 0.]
DEBUG: Dot product: 0.707
DEBUG: ⚠️ WARNING: View vector not pointing toward cube!
DEBUG: Consider setting vector direction to point toward cube
DEBUG: Suggested vector direction: [2.12132034 0.         2.12132034]
DEBUG: Angle to cube: 45.0° (should be < 30° to be visible)
DEBUG: Cube direction: [0.707, 0.000, 0.707]
DEBUG: 2D screen using perspective projection - FOV: 60.0°
DEBUG: ===== SIMPLE MODE CAMERA SETUP =====
DEBUG: Simple mode sphere_pos: [0. 0. 0.]
DEBUG: Simple mode view_dir: [1. 0. 0.]
DEBUG: Simple mode look_at: [10.  0.  0.]
DEBUG: Cube position: [2. 0. 2.]
DEBUG: Direction to cube: [0.70710678 0.         0.70710678]
DEBUG: View direction: [1. 0. 0.]
DEBUG: Angle between view and cube direction: 45.0° (should be close to 0°)
DEBUG: Are we looking toward cube? False
DEBUG: ==============================================
DEBUG: ===== SIMPLE MODE CUBE ROTATION =====
DEBUG: Simple mode applying cube rotation: [0.0°, 0.0°, 0.0°]
DEBUG: =========================================
DEBUG: Simple 2D screen rendered - reference objects disabled to prevent yellow box artifact
DEBUG: Using perspective projection - FOV: 60.0°
DEBUG: Canvas mode: 'simple', Sphere mode: 'simple'
DEBUG: Sphere screen render check - canvas_enabled: True, canvas_mode: simple, sphere_enabled: True, should_render: False
DEBUG: Sphere skipping screen render (canvas mode: simple)
DEBUG: ===== SIMPLE MODE CUBE ROTATION =====
DEBUG: Simple mode applying cube rotation: [0.0°, 0.0°, 0.0°]
DEBUG: =========================================
DEBUG: ===== CANVAS draw_unified_screen() CALLED =====
DEBUG: screen_enabled: True, screen_render_mode: simple
DEBUG: Canvas drawing simple 2D screen
DEBUG: Drew unified screen in simple mode
DEBUG: Simple mode active - screen shows original 2D framebuffer view
DEBUG: Rendering 2 screens
DEBUG: Rendering screen Original 2D Screen of type screen_2d
DEBUG: ===== SIMPLE MODE CUBE ROTATION =====
DEBUG: Simple mode applying cube rotation: [0.0°, 0.0°, 0.0°]
DEBUG: =========================================
DEBUG: ===== CANVAS draw_unified_screen() CALLED =====
DEBUG: screen_enabled: True, screen_render_mode: simple
DEBUG: Canvas drawing simple 2D screen
DEBUG: Drew unified screen in simple mode
DEBUG: Simple mode active - screen shows original 2D framebuffer view
DEBUG: Rendering MediaScreen Video Screen (istockphoto-482277170-640_adpp_is.mp4) with texture 3
DEBUG: Rendering screen Video Screen (istockphoto-482277170-640_adpp_is.mp4) of type screen_2d
DEBUG: Rendering MediaScreen Video Screen (istockphoto-482277170-640_adpp_is.mp4) with texture 3
DEBUG: ===== CANVAS update_sphere_view_vector() CALLED =====
DEBUG: Canvas syncing view_vector with sphere vector_direction: [1. 0. 0.]
DEBUG: Normalized view_vector: [1. 0. 0.]
DEBUG: Red vector direction: [1. 0. 0.]
DEBUG: Normalized view vector: [1.000, 0.000, 0.000]
DEBUG: Red cube position: [2. 0. 2.]
DEBUG: Expected direction to cube: [0.70710678 0.         0.70710678]
DEBUG: Actual view vector: [1. 0. 0.]
DEBUG: Dot product: 0.707
DEBUG: ⚠️ WARNING: View vector not pointing toward cube!
DEBUG: Consider setting vector direction to point toward cube
DEBUG: Suggested vector direction: [2.12132034 0.         2.12132034]
DEBUG: Angle to cube: 45.0° (should be < 30° to be visible)
DEBUG: Cube direction: [0.707, 0.000, 0.707]
DEBUG: 2D screen using perspective projection - FOV: 60.0°
DEBUG: ===== SIMPLE MODE CAMERA SETUP =====
DEBUG: Simple mode sphere_pos: [0. 0. 0.]
DEBUG: Simple mode view_dir: [1. 0. 0.]
DEBUG: Simple mode look_at: [10.  0.  0.]
DEBUG: Cube position: [2. 0. 2.]
DEBUG: Direction to cube: [0.70710678 0.         0.70710678]
DEBUG: View direction: [1. 0. 0.]
DEBUG: Angle between view and cube direction: 45.0° (should be close to 0°)
DEBUG: Are we looking toward cube? False
DEBUG: ==============================================
DEBUG: ===== SIMPLE MODE CUBE ROTATION =====
DEBUG: Simple mode applying cube rotation: [0.0°, 0.0°, 0.0°]
DEBUG: =========================================
DEBUG: Simple 2D screen rendered - reference objects disabled to prevent yellow box artifact
DEBUG: Using perspective projection - FOV: 60.0°
DEBUG: Canvas mode: 'simple', Sphere mode: 'simple'
DEBUG: Sphere screen render check - canvas_enabled: True, canvas_mode: simple, sphere_enabled: True, should_render: False
DEBUG: Sphere skipping screen render (canvas mode: simple)
DEBUG: ===== SIMPLE MODE CUBE ROTATION =====
DEBUG: Simple mode applying cube rotation: [0.0°, 0.0°, 0.0°]
DEBUG: =========================================
DEBUG: ===== CANVAS draw_unified_screen() CALLED =====
DEBUG: screen_enabled: True, screen_render_mode: simple
DEBUG: Canvas drawing simple 2D screen
DEBUG: Drew unified screen in simple mode
DEBUG: Simple mode active - screen shows original 2D framebuffer view
DEBUG: Rendering 2 screens
DEBUG: Rendering screen Original 2D Screen of type screen_2d
DEBUG: ===== SIMPLE MODE CUBE ROTATION =====
DEBUG: Simple mode applying cube rotation: [0.0°, 0.0°, 0.0°]
DEBUG: =========================================
DEBUG: ===== CANVAS draw_unified_screen() CALLED =====
DEBUG: screen_enabled: True, screen_render_mode: simple
DEBUG: Canvas drawing simple 2D screen
DEBUG: Drew unified screen in simple mode
DEBUG: Simple mode active - screen shows original 2D framebuffer view
DEBUG: Rendering MediaScreen Video Screen (istockphoto-482277170-640_adpp_is.mp4) with texture 3
DEBUG: Rendering screen Video Screen (istockphoto-482277170-640_adpp_is.mp4) of type screen_2d
DEBUG: Rendering MediaScreen Video Screen (istockphoto-482277170-640_adpp_is.mp4) with texture 3
DEBUG: ===== CANVAS update_sphere_view_vector() CALLED =====
DEBUG: Canvas syncing view_vector with sphere vector_direction: [1. 0. 0.]
DEBUG: Normalized view_vector: [1. 0. 0.]
DEBUG: Red vector direction: [1. 0. 0.]
DEBUG: Normalized view vector: [1.000, 0.000, 0.000]
DEBUG: Red cube position: [2. 0. 2.]
DEBUG: Expected direction to cube: [0.70710678 0.         0.70710678]
DEBUG: Actual view vector: [1. 0. 0.]
DEBUG: Dot product: 0.707
DEBUG: ⚠️ WARNING: View vector not pointing toward cube!
DEBUG: Consider setting vector direction to point toward cube
DEBUG: Suggested vector direction: [2.12132034 0.         2.12132034]
DEBUG: Angle to cube: 45.0° (should be < 30° to be visible)
DEBUG: Cube direction: [0.707, 0.000, 0.707]
DEBUG: 2D screen using perspective projection - FOV: 60.0°
DEBUG: ===== SIMPLE MODE CAMERA SETUP =====
DEBUG: Simple mode sphere_pos: [0. 0. 0.]
DEBUG: Simple mode view_dir: [1. 0. 0.]
DEBUG: Simple mode look_at: [10.  0.  0.]
DEBUG: Cube position: [2. 0. 2.]
DEBUG: Direction to cube: [0.70710678 0.         0.70710678]
DEBUG: View direction: [1. 0. 0.]
DEBUG: Angle between view and cube direction: 45.0° (should be close to 0°)
DEBUG: Are we looking toward cube? False
DEBUG: ==============================================
DEBUG: ===== SIMPLE MODE CUBE ROTATION =====
DEBUG: Simple mode applying cube rotation: [0.0°, 0.0°, 0.0°]
DEBUG: =========================================
DEBUG: Simple 2D screen rendered - reference objects disabled to prevent yellow box artifact
DEBUG: Using perspective projection - FOV: 60.0°
DEBUG: Canvas mode: 'simple', Sphere mode: 'simple'
DEBUG: Sphere screen render check - canvas_enabled: True, canvas_mode: simple, sphere_enabled: True, should_render: False
DEBUG: Sphere skipping screen render (canvas mode: simple)
DEBUG: ===== SIMPLE MODE CUBE ROTATION =====
DEBUG: Simple mode applying cube rotation: [0.0°, 0.0°, 0.0°]
DEBUG: =========================================
DEBUG: ===== CANVAS draw_unified_screen() CALLED =====
DEBUG: screen_enabled: True, screen_render_mode: simple
DEBUG: Canvas drawing simple 2D screen
DEBUG: Drew unified screen in simple mode
DEBUG: Simple mode active - screen shows original 2D framebuffer view
DEBUG: Rendering 2 screens
DEBUG: Rendering screen Original 2D Screen of type screen_2d
DEBUG: ===== SIMPLE MODE CUBE ROTATION =====
DEBUG: Simple mode applying cube rotation: [0.0°, 0.0°, 0.0°]
DEBUG: =========================================
DEBUG: ===== CANVAS draw_unified_screen() CALLED =====
DEBUG: screen_enabled: True, screen_render_mode: simple
DEBUG: Canvas drawing simple 2D screen
DEBUG: Drew unified screen in simple mode
DEBUG: Simple mode active - screen shows original 2D framebuffer view
DEBUG: Rendering MediaScreen Video Screen (istockphoto-482277170-640_adpp_is.mp4) with texture 3
DEBUG: Rendering screen Video Screen (istockphoto-482277170-640_adpp_is.mp4) of type screen_2d
DEBUG: Rendering MediaScreen Video Screen (istockphoto-482277170-640_adpp_is.mp4) with texture 3
DEBUG: ===== CANVAS update_sphere_view_vector() CALLED =====
DEBUG: Canvas syncing view_vector with sphere vector_direction: [1. 0. 0.]
DEBUG: Normalized view_vector: [1. 0. 0.]
DEBUG: Red vector direction: [1. 0. 0.]
DEBUG: Normalized view vector: [1.000, 0.000, 0.000]
DEBUG: Red cube position: [2. 0. 2.]
DEBUG: Expected direction to cube: [0.70710678 0.         0.70710678]
DEBUG: Actual view vector: [1. 0. 0.]
DEBUG: Dot product: 0.707
DEBUG: ⚠️ WARNING: View vector not pointing toward cube!
DEBUG: Consider setting vector direction to point toward cube
DEBUG: Suggested vector direction: [2.12132034 0.         2.12132034]
DEBUG: Angle to cube: 45.0° (should be < 30° to be visible)
DEBUG: Cube direction: [0.707, 0.000, 0.707]
DEBUG: 2D screen using perspective projection - FOV: 60.0°
DEBUG: ===== SIMPLE MODE CAMERA SETUP =====
DEBUG: Simple mode sphere_pos: [0. 0. 0.]
DEBUG: Simple mode view_dir: [1. 0. 0.]
DEBUG: Simple mode look_at: [10.  0.  0.]
DEBUG: Cube position: [2. 0. 2.]
DEBUG: Direction to cube: [0.70710678 0.         0.70710678]
DEBUG: View direction: [1. 0. 0.]
DEBUG: Angle between view and cube direction: 45.0° (should be close to 0°)
DEBUG: Are we looking toward cube? False
DEBUG: ==============================================
DEBUG: ===== SIMPLE MODE CUBE ROTATION =====
DEBUG: Simple mode applying cube rotation: [0.0°, 0.0°, 0.0°]
DEBUG: =========================================
DEBUG: Simple 2D screen rendered - reference objects disabled to prevent yellow box artifact
DEBUG: Using perspective projection - FOV: 60.0°
DEBUG: Canvas mode: 'simple', Sphere mode: 'simple'
DEBUG: Sphere screen render check - canvas_enabled: True, canvas_mode: simple, sphere_enabled: True, should_render: False
DEBUG: Sphere skipping screen render (canvas mode: simple)
DEBUG: ===== SIMPLE MODE CUBE ROTATION =====
DEBUG: Simple mode applying cube rotation: [0.0°, 0.0°, 0.0°]
DEBUG: =========================================
DEBUG: ===== CANVAS draw_unified_screen() CALLED =====
DEBUG: screen_enabled: True, screen_render_mode: simple
DEBUG: Canvas drawing simple 2D screen
DEBUG: Drew unified screen in simple mode
DEBUG: Simple mode active - screen shows original 2D framebuffer view
DEBUG: Rendering 2 screens
DEBUG: Rendering screen Original 2D Screen of type screen_2d
DEBUG: ===== SIMPLE MODE CUBE ROTATION =====
DEBUG: Simple mode applying cube rotation: [0.0°, 0.0°, 0.0°]
DEBUG: =========================================
DEBUG: ===== CANVAS draw_unified_screen() CALLED =====
DEBUG: screen_enabled: True, screen_render_mode: simple
DEBUG: Canvas drawing simple 2D screen
DEBUG: Drew unified screen in simple mode
DEBUG: Simple mode active - screen shows original 2D framebuffer view
DEBUG: Rendering MediaScreen Video Screen (istockphoto-482277170-640_adpp_is.mp4) with texture 3
DEBUG: Rendering screen Video Screen (istockphoto-482277170-640_adpp_is.mp4) of type screen_2d
DEBUG: Rendering MediaScreen Video Screen (istockphoto-482277170-640_adpp_is.mp4) with texture 3
DEBUG: ===== CANVAS update_sphere_view_vector() CALLED =====
DEBUG: Canvas syncing view_vector with sphere vector_direction: [1. 0. 0.]
DEBUG: Normalized view_vector: [1. 0. 0.]
DEBUG: Red vector direction: [1. 0. 0.]
DEBUG: Normalized view vector: [1.000, 0.000, 0.000]
DEBUG: Red cube position: [2. 0. 2.]
DEBUG: Expected direction to cube: [0.70710678 0.         0.70710678]
DEBUG: Actual view vector: [1. 0. 0.]
DEBUG: Dot product: 0.707
DEBUG: ⚠️ WARNING: View vector not pointing toward cube!
DEBUG: Consider setting vector direction to point toward cube
DEBUG: Suggested vector direction: [2.12132034 0.         2.12132034]
DEBUG: Angle to cube: 45.0° (should be < 30° to be visible)
DEBUG: Cube direction: [0.707, 0.000, 0.707]
DEBUG: 2D screen using perspective projection - FOV: 60.0°
DEBUG: ===== SIMPLE MODE CAMERA SETUP =====
DEBUG: Simple mode sphere_pos: [0. 0. 0.]
DEBUG: Simple mode view_dir: [1. 0. 0.]
DEBUG: Simple mode look_at: [10.  0.  0.]
DEBUG: Cube position: [2. 0. 2.]
DEBUG: Direction to cube: [0.70710678 0.         0.70710678]
DEBUG: View direction: [1. 0. 0.]
DEBUG: Angle between view and cube direction: 45.0° (should be close to 0°)
DEBUG: Are we looking toward cube? False
DEBUG: ==============================================
DEBUG: ===== SIMPLE MODE CUBE ROTATION =====
DEBUG: Simple mode applying cube rotation: [0.0°, 0.0°, 0.0°]
DEBUG: =========================================
DEBUG: Simple 2D screen rendered - reference objects disabled to prevent yellow box artifact
DEBUG: Using perspective projection - FOV: 60.0°
DEBUG: Canvas mode: 'simple', Sphere mode: 'simple'
DEBUG: Sphere screen render check - canvas_enabled: True, canvas_mode: simple, sphere_enabled: True, should_render: False
DEBUG: Sphere skipping screen render (canvas mode: simple)
DEBUG: ===== SIMPLE MODE CUBE ROTATION =====
DEBUG: Simple mode applying cube rotation: [0.0°, 0.0°, 0.0°]
DEBUG: =========================================
DEBUG: ===== CANVAS draw_unified_screen() CALLED =====
DEBUG: screen_enabled: True, screen_render_mode: simple
DEBUG: Canvas drawing simple 2D screen
DEBUG: Drew unified screen in simple mode
DEBUG: Simple mode active - screen shows original 2D framebuffer view
DEBUG: Rendering 2 screens
DEBUG: Rendering screen Original 2D Screen of type screen_2d
DEBUG: ===== SIMPLE MODE CUBE ROTATION =====
DEBUG: Simple mode applying cube rotation: [0.0°, 0.0°, 0.0°]
DEBUG: =========================================
DEBUG: ===== CANVAS draw_unified_screen() CALLED =====
DEBUG: screen_enabled: True, screen_render_mode: simple
DEBUG: Canvas drawing simple 2D screen
DEBUG: Drew unified screen in simple mode
DEBUG: Simple mode active - screen shows original 2D framebuffer view
DEBUG: Rendering MediaScreen Video Screen (istockphoto-482277170-640_adpp_is.mp4) with texture 3
DEBUG: Rendering screen Video Screen (istockphoto-482277170-640_adpp_is.mp4) of type screen_2d
DEBUG: Rendering MediaScreen Video Screen (istockphoto-482277170-640_adpp_is.mp4) with texture 3
DEBUG: ===== CANVAS update_sphere_view_vector() CALLED =====
DEBUG: Canvas syncing view_vector with sphere vector_direction: [1. 0. 0.]
DEBUG: Normalized view_vector: [1. 0. 0.]
DEBUG: Red vector direction: [1. 0. 0.]
DEBUG: Normalized view vector: [1.000, 0.000, 0.000]
DEBUG: Red cube position: [2. 0. 2.]
DEBUG: Expected direction to cube: [0.70710678 0.         0.70710678]
DEBUG: Actual view vector: [1. 0. 0.]
DEBUG: Dot product: 0.707
DEBUG: ⚠️ WARNING: View vector not pointing toward cube!
DEBUG: Consider setting vector direction to point toward cube
DEBUG: Suggested vector direction: [2.12132034 0.         2.12132034]
DEBUG: Angle to cube: 45.0° (should be < 30° to be visible)
DEBUG: Cube direction: [0.707, 0.000, 0.707]
DEBUG: 2D screen using perspective projection - FOV: 60.0°
DEBUG: ===== SIMPLE MODE CAMERA SETUP =====
DEBUG: Simple mode sphere_pos: [0. 0. 0.]
DEBUG: Simple mode view_dir: [1. 0. 0.]
DEBUG: Simple mode look_at: [10.  0.  0.]
DEBUG: Cube position: [2. 0. 2.]
DEBUG: Direction to cube: [0.70710678 0.         0.70710678]
DEBUG: View direction: [1. 0. 0.]
DEBUG: Angle between view and cube direction: 45.0° (should be close to 0°)
DEBUG: Are we looking toward cube? False
DEBUG: ==============================================
DEBUG: ===== SIMPLE MODE CUBE ROTATION =====
DEBUG: Simple mode applying cube rotation: [0.0°, 0.0°, 0.0°]
DEBUG: =========================================
DEBUG: Simple 2D screen rendered - reference objects disabled to prevent yellow box artifact
DEBUG: Using perspective projection - FOV: 60.0°
DEBUG: Canvas mode: 'simple', Sphere mode: 'simple'
DEBUG: Sphere screen render check - canvas_enabled: True, canvas_mode: simple, sphere_enabled: True, should_render: False
DEBUG: Sphere skipping screen render (canvas mode: simple)
DEBUG: ===== SIMPLE MODE CUBE ROTATION =====
DEBUG: Simple mode applying cube rotation: [0.0°, 0.0°, 0.0°]
DEBUG: =========================================
DEBUG: ===== CANVAS draw_unified_screen() CALLED =====
DEBUG: screen_enabled: True, screen_render_mode: simple
DEBUG: Canvas drawing simple 2D screen
DEBUG: Drew unified screen in simple mode
DEBUG: Simple mode active - screen shows original 2D framebuffer view
DEBUG: Rendering 2 screens
DEBUG: Rendering screen Original 2D Screen of type screen_2d
DEBUG: ===== SIMPLE MODE CUBE ROTATION =====
DEBUG: Simple mode applying cube rotation: [0.0°, 0.0°, 0.0°]
DEBUG: =========================================
DEBUG: ===== CANVAS draw_unified_screen() CALLED =====
DEBUG: screen_enabled: True, screen_render_mode: simple
DEBUG: Canvas drawing simple 2D screen
DEBUG: Drew unified screen in simple mode
DEBUG: Simple mode active - screen shows original 2D framebuffer view
DEBUG: Rendering MediaScreen Video Screen (istockphoto-482277170-640_adpp_is.mp4) with texture 3
DEBUG: Rendering screen Video Screen (istockphoto-482277170-640_adpp_is.mp4) of type screen_2d
DEBUG: Rendering MediaScreen Video Screen (istockphoto-482277170-640_adpp_is.mp4) with texture 3
DEBUG: ===== CANVAS update_sphere_view_vector() CALLED =====
DEBUG: Canvas syncing view_vector with sphere vector_direction: [1. 0. 0.]
DEBUG: Normalized view_vector: [1. 0. 0.]
DEBUG: Red vector direction: [1. 0. 0.]
DEBUG: Normalized view vector: [1.000, 0.000, 0.000]
DEBUG: Red cube position: [2. 0. 2.]
DEBUG: Expected direction to cube: [0.70710678 0.         0.70710678]
DEBUG: Actual view vector: [1. 0. 0.]
DEBUG: Dot product: 0.707
DEBUG: ⚠️ WARNING: View vector not pointing toward cube!
DEBUG: Consider setting vector direction to point toward cube
DEBUG: Suggested vector direction: [2.12132034 0.         2.12132034]
DEBUG: Angle to cube: 45.0° (should be < 30° to be visible)
DEBUG: Cube direction: [0.707, 0.000, 0.707]
DEBUG: 2D screen using perspective projection - FOV: 60.0°
DEBUG: ===== SIMPLE MODE CAMERA SETUP =====
DEBUG: Simple mode sphere_pos: [0. 0. 0.]
DEBUG: Simple mode view_dir: [1. 0. 0.]
DEBUG: Simple mode look_at: [10.  0.  0.]
DEBUG: Cube position: [2. 0. 2.]
DEBUG: Direction to cube: [0.70710678 0.         0.70710678]
DEBUG: View direction: [1. 0. 0.]
DEBUG: Angle between view and cube direction: 45.0° (should be close to 0°)
DEBUG: Are we looking toward cube? False
DEBUG: ==============================================
DEBUG: ===== SIMPLE MODE CUBE ROTATION =====
DEBUG: Simple mode applying cube rotation: [0.0°, 0.0°, 0.0°]
DEBUG: =========================================
DEBUG: Simple 2D screen rendered - reference objects disabled to prevent yellow box artifact
DEBUG: Using perspective projection - FOV: 60.0°
DEBUG: Canvas mode: 'simple', Sphere mode: 'simple'
DEBUG: Sphere screen render check - canvas_enabled: True, canvas_mode: simple, sphere_enabled: True, should_render: False
DEBUG: Sphere skipping screen render (canvas mode: simple)
DEBUG: ===== SIMPLE MODE CUBE ROTATION =====
DEBUG: Simple mode applying cube rotation: [0.0°, 0.0°, 0.0°]
DEBUG: =========================================
DEBUG: ===== CANVAS draw_unified_screen() CALLED =====
DEBUG: screen_enabled: True, screen_render_mode: simple
DEBUG: Canvas drawing simple 2D screen
DEBUG: Drew unified screen in simple mode
DEBUG: Simple mode active - screen shows original 2D framebuffer view
DEBUG: Rendering 2 screens
DEBUG: Rendering screen Original 2D Screen of type screen_2d
DEBUG: ===== SIMPLE MODE CUBE ROTATION =====
DEBUG: Simple mode applying cube rotation: [0.0°, 0.0°, 0.0°]
DEBUG: =========================================
DEBUG: ===== CANVAS draw_unified_screen() CALLED =====
DEBUG: screen_enabled: True, screen_render_mode: simple
DEBUG: Canvas drawing simple 2D screen
DEBUG: Drew unified screen in simple mode
DEBUG: Simple mode active - screen shows original 2D framebuffer view
DEBUG: Rendering MediaScreen Video Screen (istockphoto-482277170-640_adpp_is.mp4) with texture 3
DEBUG: Rendering screen Video Screen (istockphoto-482277170-640_adpp_is.mp4) of type screen_2d
DEBUG: Rendering MediaScreen Video Screen (istockphoto-482277170-640_adpp_is.mp4) with texture 3
DEBUG: ===== CANVAS update_sphere_view_vector() CALLED =====
DEBUG: Canvas syncing view_vector with sphere vector_direction: [1. 0. 0.]
DEBUG: Normalized view_vector: [1. 0. 0.]
DEBUG: Red vector direction: [1. 0. 0.]
DEBUG: Normalized view vector: [1.000, 0.000, 0.000]
DEBUG: Red cube position: [2. 0. 2.]
DEBUG: Expected direction to cube: [0.70710678 0.         0.70710678]
DEBUG: Actual view vector: [1. 0. 0.]
DEBUG: Dot product: 0.707
DEBUG: ⚠️ WARNING: View vector not pointing toward cube!
DEBUG: Consider setting vector direction to point toward cube
DEBUG: Suggested vector direction: [2.12132034 0.         2.12132034]
DEBUG: Angle to cube: 45.0° (should be < 30° to be visible)
DEBUG: Cube direction: [0.707, 0.000, 0.707]
DEBUG: 2D screen using perspective projection - FOV: 60.0°
DEBUG: ===== SIMPLE MODE CAMERA SETUP =====
DEBUG: Simple mode sphere_pos: [0. 0. 0.]
DEBUG: Simple mode view_dir: [1. 0. 0.]
DEBUG: Simple mode look_at: [10.  0.  0.]
DEBUG: Cube position: [2. 0. 2.]
DEBUG: Direction to cube: [0.70710678 0.         0.70710678]
DEBUG: View direction: [1. 0. 0.]
DEBUG: Angle between view and cube direction: 45.0° (should be close to 0°)
DEBUG: Are we looking toward cube? False
DEBUG: ==============================================
DEBUG: ===== SIMPLE MODE CUBE ROTATION =====
DEBUG: Simple mode applying cube rotation: [0.0°, 0.0°, 0.0°]
DEBUG: =========================================
DEBUG: Simple 2D screen rendered - reference objects disabled to prevent yellow box artifact
DEBUG: Using perspective projection - FOV: 60.0°
DEBUG: Canvas mode: 'simple', Sphere mode: 'simple'
DEBUG: Sphere screen render check - canvas_enabled: True, canvas_mode: simple, sphere_enabled: True, should_render: False
DEBUG: Sphere skipping screen render (canvas mode: simple)
DEBUG: ===== SIMPLE MODE CUBE ROTATION =====
DEBUG: Simple mode applying cube rotation: [0.0°, 0.0°, 0.0°]
DEBUG: =========================================
DEBUG: ===== CANVAS draw_unified_screen() CALLED =====
DEBUG: screen_enabled: True, screen_render_mode: simple
DEBUG: Canvas drawing simple 2D screen
DEBUG: Drew unified screen in simple mode
DEBUG: Simple mode active - screen shows original 2D framebuffer view
DEBUG: Rendering 2 screens
DEBUG: Rendering screen Original 2D Screen of type screen_2d
DEBUG: ===== SIMPLE MODE CUBE ROTATION =====
DEBUG: Simple mode applying cube rotation: [0.0°, 0.0°, 0.0°]
DEBUG: =========================================
DEBUG: ===== CANVAS draw_unified_screen() CALLED =====
DEBUG: screen_enabled: True, screen_render_mode: simple
DEBUG: Canvas drawing simple 2D screen
DEBUG: Drew unified screen in simple mode
DEBUG: Simple mode active - screen shows original 2D framebuffer view
DEBUG: Rendering MediaScreen Video Screen (istockphoto-482277170-640_adpp_is.mp4) with texture 3
DEBUG: Rendering screen Video Screen (istockphoto-482277170-640_adpp_is.mp4) of type screen_2d
DEBUG: Rendering MediaScreen Video Screen (istockphoto-482277170-640_adpp_is.mp4) with texture 3
DEBUG: ===== CANVAS update_sphere_view_vector() CALLED =====
DEBUG: Canvas syncing view_vector with sphere vector_direction: [1. 0. 0.]
DEBUG: Normalized view_vector: [1. 0. 0.]
DEBUG: Red vector direction: [1. 0. 0.]
DEBUG: Normalized view vector: [1.000, 0.000, 0.000]
DEBUG: Red cube position: [2. 0. 2.]
DEBUG: Expected direction to cube: [0.70710678 0.         0.70710678]
DEBUG: Actual view vector: [1. 0. 0.]
DEBUG: Dot product: 0.707
DEBUG: ⚠️ WARNING: View vector not pointing toward cube!
DEBUG: Consider setting vector direction to point toward cube
DEBUG: Suggested vector direction: [2.12132034 0.         2.12132034]
DEBUG: Angle to cube: 45.0° (should be < 30° to be visible)
DEBUG: Cube direction: [0.707, 0.000, 0.707]
DEBUG: 2D screen using perspective projection - FOV: 60.0°
DEBUG: ===== SIMPLE MODE CAMERA SETUP =====
DEBUG: Simple mode sphere_pos: [0. 0. 0.]
DEBUG: Simple mode view_dir: [1. 0. 0.]
DEBUG: Simple mode look_at: [10.  0.  0.]
DEBUG: Cube position: [2. 0. 2.]
DEBUG: Direction to cube: [0.70710678 0.         0.70710678]
DEBUG: View direction: [1. 0. 0.]
DEBUG: Angle between view and cube direction: 45.0° (should be close to 0°)
DEBUG: Are we looking toward cube? False
DEBUG: ==============================================
DEBUG: ===== SIMPLE MODE CUBE ROTATION =====
DEBUG: Simple mode applying cube rotation: [0.0°, 0.0°, 0.0°]
DEBUG: =========================================
DEBUG: Simple 2D screen rendered - reference objects disabled to prevent yellow box artifact
DEBUG: Using perspective projection - FOV: 60.0°
DEBUG: Canvas mode: 'simple', Sphere mode: 'simple'
DEBUG: Sphere screen render check - canvas_enabled: True, canvas_mode: simple, sphere_enabled: True, should_render: False
DEBUG: Sphere skipping screen render (canvas mode: simple)
DEBUG: ===== SIMPLE MODE CUBE ROTATION =====
DEBUG: Simple mode applying cube rotation: [0.0°, 0.0°, 0.0°]
DEBUG: =========================================
DEBUG: ===== CANVAS draw_unified_screen() CALLED =====
DEBUG: screen_enabled: True, screen_render_mode: simple
DEBUG: Canvas drawing simple 2D screen
DEBUG: Drew unified screen in simple mode
DEBUG: Simple mode active - screen shows original 2D framebuffer view
DEBUG: Rendering 2 screens
DEBUG: Rendering screen Original 2D Screen of type screen_2d
DEBUG: ===== SIMPLE MODE CUBE ROTATION =====
DEBUG: Simple mode applying cube rotation: [0.0°, 0.0°, 0.0°]
DEBUG: =========================================
DEBUG: ===== CANVAS draw_unified_screen() CALLED =====
DEBUG: screen_enabled: True, screen_render_mode: simple
DEBUG: Canvas drawing simple 2D screen
DEBUG: Drew unified screen in simple mode
DEBUG: Simple mode active - screen shows original 2D framebuffer view
DEBUG: Rendering MediaScreen Video Screen (istockphoto-482277170-640_adpp_is.mp4) with texture 3
DEBUG: Rendering screen Video Screen (istockphoto-482277170-640_adpp_is.mp4) of type screen_2d
DEBUG: Rendering MediaScreen Video Screen (istockphoto-482277170-640_adpp_is.mp4) with texture 3
DEBUG: ===== CANVAS update_sphere_view_vector() CALLED =====
DEBUG: Canvas syncing view_vector with sphere vector_direction: [1. 0. 0.]
DEBUG: Normalized view_vector: [1. 0. 0.]
DEBUG: Red vector direction: [1. 0. 0.]
DEBUG: Normalized view vector: [1.000, 0.000, 0.000]
DEBUG: Red cube position: [2. 0. 2.]
DEBUG: Expected direction to cube: [0.70710678 0.         0.70710678]
DEBUG: Actual view vector: [1. 0. 0.]
DEBUG: Dot product: 0.707
DEBUG: ⚠️ WARNING: View vector not pointing toward cube!
DEBUG: Consider setting vector direction to point toward cube
DEBUG: Suggested vector direction: [2.12132034 0.         2.12132034]
DEBUG: Angle to cube: 45.0° (should be < 30° to be visible)
DEBUG: Cube direction: [0.707, 0.000, 0.707]
DEBUG: 2D screen using perspective projection - FOV: 60.0°
DEBUG: ===== SIMPLE MODE CAMERA SETUP =====
DEBUG: Simple mode sphere_pos: [0. 0. 0.]
DEBUG: Simple mode view_dir: [1. 0. 0.]
DEBUG: Simple mode look_at: [10.  0.  0.]
DEBUG: Cube position: [2. 0. 2.]
DEBUG: Direction to cube: [0.70710678 0.         0.70710678]
DEBUG: View direction: [1. 0. 0.]
DEBUG: Angle between view and cube direction: 45.0° (should be close to 0°)
DEBUG: Are we looking toward cube? False
DEBUG: ==============================================
DEBUG: ===== SIMPLE MODE CUBE ROTATION =====
DEBUG: Simple mode applying cube rotation: [0.0°, 0.0°, 0.0°]
DEBUG: =========================================
DEBUG: Simple 2D screen rendered - reference objects disabled to prevent yellow box artifact
DEBUG: Using perspective projection - FOV: 60.0°
DEBUG: Canvas mode: 'simple', Sphere mode: 'simple'
DEBUG: Sphere screen render check - canvas_enabled: True, canvas_mode: simple, sphere_enabled: True, should_render: False
DEBUG: Sphere skipping screen render (canvas mode: simple)
DEBUG: ===== SIMPLE MODE CUBE ROTATION =====
DEBUG: Simple mode applying cube rotation: [0.0°, 0.0°, 0.0°]
DEBUG: =========================================
DEBUG: ===== CANVAS draw_unified_screen() CALLED =====
DEBUG: screen_enabled: True, screen_render_mode: simple
DEBUG: Canvas drawing simple 2D screen
DEBUG: Drew unified screen in simple mode
DEBUG: Simple mode active - screen shows original 2D framebuffer view
DEBUG: Rendering 2 screens
DEBUG: Rendering screen Original 2D Screen of type screen_2d
DEBUG: ===== SIMPLE MODE CUBE ROTATION =====
DEBUG: Simple mode applying cube rotation: [0.0°, 0.0°, 0.0°]
DEBUG: =========================================
DEBUG: ===== CANVAS draw_unified_screen() CALLED =====
DEBUG: screen_enabled: True, screen_render_mode: simple
DEBUG: Canvas drawing simple 2D screen
DEBUG: Drew unified screen in simple mode
DEBUG: Simple mode active - screen shows original 2D framebuffer view
DEBUG: Rendering MediaScreen Video Screen (istockphoto-482277170-640_adpp_is.mp4) with texture 3
DEBUG: Rendering screen Video Screen (istockphoto-482277170-640_adpp_is.mp4) of type screen_2d
DEBUG: Rendering MediaScreen Video Screen (istockphoto-482277170-640_adpp_is.mp4) with texture 3
DEBUG: ===== CANVAS update_sphere_view_vector() CALLED =====
DEBUG: Canvas syncing view_vector with sphere vector_direction: [1. 0. 0.]
DEBUG: Normalized view_vector: [1. 0. 0.]
DEBUG: Red vector direction: [1. 0. 0.]
DEBUG: Normalized view vector: [1.000, 0.000, 0.000]
DEBUG: Red cube position: [2. 0. 2.]
DEBUG: Expected direction to cube: [0.70710678 0.         0.70710678]
DEBUG: Actual view vector: [1. 0. 0.]
DEBUG: Dot product: 0.707
DEBUG: ⚠️ WARNING: View vector not pointing toward cube!
DEBUG: Consider setting vector direction to point toward cube
DEBUG: Suggested vector direction: [2.12132034 0.         2.12132034]
DEBUG: Angle to cube: 45.0° (should be < 30° to be visible)
DEBUG: Cube direction: [0.707, 0.000, 0.707]
DEBUG: 2D screen using perspective projection - FOV: 60.0°
DEBUG: ===== SIMPLE MODE CAMERA SETUP =====
DEBUG: Simple mode sphere_pos: [0. 0. 0.]
DEBUG: Simple mode view_dir: [1. 0. 0.]
DEBUG: Simple mode look_at: [10.  0.  0.]
DEBUG: Cube position: [2. 0. 2.]
DEBUG: Direction to cube: [0.70710678 0.         0.70710678]
DEBUG: View direction: [1. 0. 0.]
DEBUG: Angle between view and cube direction: 45.0° (should be close to 0°)
DEBUG: Are we looking toward cube? False
DEBUG: ==============================================
DEBUG: ===== SIMPLE MODE CUBE ROTATION =====
DEBUG: Simple mode applying cube rotation: [0.0°, 0.0°, 0.0°]
DEBUG: =========================================
DEBUG: Simple 2D screen rendered - reference objects disabled to prevent yellow box artifact
DEBUG: Using perspective projection - FOV: 60.0°
DEBUG: Canvas mode: 'simple', Sphere mode: 'simple'
DEBUG: Sphere screen render check - canvas_enabled: True, canvas_mode: simple, sphere_enabled: True, should_render: False
DEBUG: Sphere skipping screen render (canvas mode: simple)
DEBUG: ===== SIMPLE MODE CUBE ROTATION =====
DEBUG: Simple mode applying cube rotation: [0.0°, 0.0°, 0.0°]
DEBUG: =========================================
DEBUG: ===== CANVAS draw_unified_screen() CALLED =====
DEBUG: screen_enabled: True, screen_render_mode: simple
DEBUG: Canvas drawing simple 2D screen
DEBUG: Drew unified screen in simple mode
DEBUG: Simple mode active - screen shows original 2D framebuffer view
DEBUG: Rendering 2 screens
DEBUG: Rendering screen Original 2D Screen of type screen_2d
DEBUG: ===== SIMPLE MODE CUBE ROTATION =====
DEBUG: Simple mode applying cube rotation: [0.0°, 0.0°, 0.0°]
DEBUG: =========================================
DEBUG: ===== CANVAS draw_unified_screen() CALLED =====
DEBUG: screen_enabled: True, screen_render_mode: simple
DEBUG: Canvas drawing simple 2D screen
DEBUG: Drew unified screen in simple mode
DEBUG: Simple mode active - screen shows original 2D framebuffer view
DEBUG: Rendering MediaScreen Video Screen (istockphoto-482277170-640_adpp_is.mp4) with texture 3
DEBUG: Rendering screen Video Screen (istockphoto-482277170-640_adpp_is.mp4) of type screen_2d
DEBUG: Rendering MediaScreen Video Screen (istockphoto-482277170-640_adpp_is.mp4) with texture 3
DEBUG: ===== CANVAS update_sphere_view_vector() CALLED =====
DEBUG: Canvas syncing view_vector with sphere vector_direction: [1. 0. 0.]
DEBUG: Normalized view_vector: [1. 0. 0.]
DEBUG: Red vector direction: [1. 0. 0.]
DEBUG: Normalized view vector: [1.000, 0.000, 0.000]
DEBUG: Red cube position: [2. 0. 2.]
DEBUG: Expected direction to cube: [0.70710678 0.         0.70710678]
DEBUG: Actual view vector: [1. 0. 0.]
DEBUG: Dot product: 0.707
DEBUG: ⚠️ WARNING: View vector not pointing toward cube!
DEBUG: Consider setting vector direction to point toward cube
DEBUG: Suggested vector direction: [2.12132034 0.         2.12132034]
DEBUG: Angle to cube: 45.0° (should be < 30° to be visible)
DEBUG: Cube direction: [0.707, 0.000, 0.707]
DEBUG: 2D screen using perspective projection - FOV: 60.0°
DEBUG: ===== SIMPLE MODE CAMERA SETUP =====
DEBUG: Simple mode sphere_pos: [0. 0. 0.]
DEBUG: Simple mode view_dir: [1. 0. 0.]
DEBUG: Simple mode look_at: [10.  0.  0.]
DEBUG: Cube position: [2. 0. 2.]
DEBUG: Direction to cube: [0.70710678 0.         0.70710678]
DEBUG: View direction: [1. 0. 0.]
DEBUG: Angle between view and cube direction: 45.0° (should be close to 0°)
DEBUG: Are we looking toward cube? False
DEBUG: ==============================================
DEBUG: ===== SIMPLE MODE CUBE ROTATION =====
DEBUG: Simple mode applying cube rotation: [0.0°, 0.0°, 0.0°]
DEBUG: =========================================
DEBUG: Simple 2D screen rendered - reference objects disabled to prevent yellow box artifact
DEBUG: Using perspective projection - FOV: 60.0°
DEBUG: Canvas mode: 'simple', Sphere mode: 'simple'
DEBUG: Sphere screen render check - canvas_enabled: True, canvas_mode: simple, sphere_enabled: True, should_render: False
DEBUG: Sphere skipping screen render (canvas mode: simple)
DEBUG: ===== SIMPLE MODE CUBE ROTATION =====
DEBUG: Simple mode applying cube rotation: [0.0°, 0.0°, 0.0°]
DEBUG: =========================================
DEBUG: ===== CANVAS draw_unified_screen() CALLED =====
DEBUG: screen_enabled: True, screen_render_mode: simple
DEBUG: Canvas drawing simple 2D screen
DEBUG: Drew unified screen in simple mode
DEBUG: Simple mode active - screen shows original 2D framebuffer view
DEBUG: Rendering 2 screens
DEBUG: Rendering screen Original 2D Screen of type screen_2d
DEBUG: ===== SIMPLE MODE CUBE ROTATION =====
DEBUG: Simple mode applying cube rotation: [0.0°, 0.0°, 0.0°]
DEBUG: =========================================
DEBUG: ===== CANVAS draw_unified_screen() CALLED =====
DEBUG: screen_enabled: True, screen_render_mode: simple
DEBUG: Canvas drawing simple 2D screen
DEBUG: Drew unified screen in simple mode
DEBUG: Simple mode active - screen shows original 2D framebuffer view
DEBUG: Rendering MediaScreen Video Screen (istockphoto-482277170-640_adpp_is.mp4) with texture 3
DEBUG: Rendering screen Video Screen (istockphoto-482277170-640_adpp_is.mp4) of type screen_2d
DEBUG: Rendering MediaScreen Video Screen (istockphoto-482277170-640_adpp_is.mp4) with texture 3
DEBUG: ===== CANVAS update_sphere_view_vector() CALLED =====
DEBUG: Canvas syncing view_vector with sphere vector_direction: [1. 0. 0.]
DEBUG: Normalized view_vector: [1. 0. 0.]
DEBUG: Red vector direction: [1. 0. 0.]
DEBUG: Normalized view vector: [1.000, 0.000, 0.000]
DEBUG: Red cube position: [2. 0. 2.]
DEBUG: Expected direction to cube: [0.70710678 0.         0.70710678]
DEBUG: Actual view vector: [1. 0. 0.]
DEBUG: Dot product: 0.707
DEBUG: ⚠️ WARNING: View vector not pointing toward cube!
DEBUG: Consider setting vector direction to point toward cube
DEBUG: Suggested vector direction: [2.12132034 0.         2.12132034]
DEBUG: Angle to cube: 45.0° (should be < 30° to be visible)
DEBUG: Cube direction: [0.707, 0.000, 0.707]
DEBUG: 2D screen using perspective projection - FOV: 60.0°
DEBUG: ===== SIMPLE MODE CAMERA SETUP =====
DEBUG: Simple mode sphere_pos: [0. 0. 0.]
DEBUG: Simple mode view_dir: [1. 0. 0.]
DEBUG: Simple mode look_at: [10.  0.  0.]
DEBUG: Cube position: [2. 0. 2.]
DEBUG: Direction to cube: [0.70710678 0.         0.70710678]
DEBUG: View direction: [1. 0. 0.]
DEBUG: Angle between view and cube direction: 45.0° (should be close to 0°)
DEBUG: Are we looking toward cube? False
DEBUG: ==============================================
DEBUG: ===== SIMPLE MODE CUBE ROTATION =====
DEBUG: Simple mode applying cube rotation: [0.0°, 0.0°, 0.0°]
DEBUG: =========================================
DEBUG: Simple 2D screen rendered - reference objects disabled to prevent yellow box artifact
DEBUG: Using perspective projection - FOV: 60.0°
DEBUG: Canvas mode: 'simple', Sphere mode: 'simple'
DEBUG: Sphere screen render check - canvas_enabled: True, canvas_mode: simple, sphere_enabled: True, should_render: False
DEBUG: Sphere skipping screen render (canvas mode: simple)
DEBUG: ===== SIMPLE MODE CUBE ROTATION =====
DEBUG: Simple mode applying cube rotation: [0.0°, 0.0°, 0.0°]
DEBUG: =========================================
DEBUG: ===== CANVAS draw_unified_screen() CALLED =====
DEBUG: screen_enabled: True, screen_render_mode: simple
DEBUG: Canvas drawing simple 2D screen
DEBUG: Drew unified screen in simple mode
DEBUG: Simple mode active - screen shows original 2D framebuffer view
DEBUG: Rendering 2 screens
DEBUG: Rendering screen Original 2D Screen of type screen_2d
DEBUG: ===== SIMPLE MODE CUBE ROTATION =====
DEBUG: Simple mode applying cube rotation: [0.0°, 0.0°, 0.0°]
DEBUG: =========================================
DEBUG: ===== CANVAS draw_unified_screen() CALLED =====
DEBUG: screen_enabled: True, screen_render_mode: simple
DEBUG: Canvas drawing simple 2D screen
DEBUG: Drew unified screen in simple mode
DEBUG: Simple mode active - screen shows original 2D framebuffer view
DEBUG: Rendering MediaScreen Video Screen (istockphoto-482277170-640_adpp_is.mp4) with texture 3
DEBUG: Rendering screen Video Screen (istockphoto-482277170-640_adpp_is.mp4) of type screen_2d
DEBUG: Rendering MediaScreen Video Screen (istockphoto-482277170-640_adpp_is.mp4) with texture 3
DEBUG: ===== CANVAS update_sphere_view_vector() CALLED =====
DEBUG: Canvas syncing view_vector with sphere vector_direction: [1. 0. 0.]
DEBUG: Normalized view_vector: [1. 0. 0.]
DEBUG: Red vector direction: [1. 0. 0.]
DEBUG: Normalized view vector: [1.000, 0.000, 0.000]
DEBUG: Red cube position: [2. 0. 2.]
DEBUG: Expected direction to cube: [0.70710678 0.         0.70710678]
DEBUG: Actual view vector: [1. 0. 0.]
DEBUG: Dot product: 0.707
DEBUG: ⚠️ WARNING: View vector not pointing toward cube!
DEBUG: Consider setting vector direction to point toward cube
DEBUG: Suggested vector direction: [2.12132034 0.         2.12132034]
DEBUG: Angle to cube: 45.0° (should be < 30° to be visible)
DEBUG: Cube direction: [0.707, 0.000, 0.707]
DEBUG: 2D screen using perspective projection - FOV: 60.0°
DEBUG: ===== SIMPLE MODE CAMERA SETUP =====
DEBUG: Simple mode sphere_pos: [0. 0. 0.]
DEBUG: Simple mode view_dir: [1. 0. 0.]
DEBUG: Simple mode look_at: [10.  0.  0.]
DEBUG: Cube position: [2. 0. 2.]
DEBUG: Direction to cube: [0.70710678 0.         0.70710678]
DEBUG: View direction: [1. 0. 0.]
DEBUG: Angle between view and cube direction: 45.0° (should be close to 0°)
DEBUG: Are we looking toward cube? False
DEBUG: ==============================================
DEBUG: ===== SIMPLE MODE CUBE ROTATION =====
DEBUG: Simple mode applying cube rotation: [0.0°, 0.0°, 0.0°]
DEBUG: =========================================
DEBUG: Simple 2D screen rendered - reference objects disabled to prevent yellow box artifact
DEBUG: Using perspective projection - FOV: 60.0°
DEBUG: Canvas mode: 'simple', Sphere mode: 'simple'
DEBUG: Sphere screen render check - canvas_enabled: True, canvas_mode: simple, sphere_enabled: True, should_render: False
DEBUG: Sphere skipping screen render (canvas mode: simple)
DEBUG: ===== SIMPLE MODE CUBE ROTATION =====
DEBUG: Simple mode applying cube rotation: [0.0°, 0.0°, 0.0°]
DEBUG: =========================================
DEBUG: ===== CANVAS draw_unified_screen() CALLED =====
DEBUG: screen_enabled: True, screen_render_mode: simple
DEBUG: Canvas drawing simple 2D screen
DEBUG: Drew unified screen in simple mode
DEBUG: Simple mode active - screen shows original 2D framebuffer view
DEBUG: Rendering 2 screens
DEBUG: Rendering screen Original 2D Screen of type screen_2d
DEBUG: ===== SIMPLE MODE CUBE ROTATION =====
DEBUG: Simple mode applying cube rotation: [0.0°, 0.0°, 0.0°]
DEBUG: =========================================
DEBUG: ===== CANVAS draw_unified_screen() CALLED =====
DEBUG: screen_enabled: True, screen_render_mode: simple
DEBUG: Canvas drawing simple 2D screen
DEBUG: Drew unified screen in simple mode
DEBUG: Simple mode active - screen shows original 2D framebuffer view
DEBUG: Rendering MediaScreen Video Screen (istockphoto-482277170-640_adpp_is.mp4) with texture 3
DEBUG: Rendering screen Video Screen (istockphoto-482277170-640_adpp_is.mp4) of type screen_2d
DEBUG: Rendering MediaScreen Video Screen (istockphoto-482277170-640_adpp_is.mp4) with texture 3
DEBUG: ===== CANVAS update_sphere_view_vector() CALLED =====
DEBUG: Canvas syncing view_vector with sphere vector_direction: [1. 0. 0.]
DEBUG: Normalized view_vector: [1. 0. 0.]
DEBUG: Red vector direction: [1. 0. 0.]
DEBUG: Normalized view vector: [1.000, 0.000, 0.000]
DEBUG: Red cube position: [2. 0. 2.]
DEBUG: Expected direction to cube: [0.70710678 0.         0.70710678]
DEBUG: Actual view vector: [1. 0. 0.]
DEBUG: Dot product: 0.707
DEBUG: ⚠️ WARNING: View vector not pointing toward cube!
DEBUG: Consider setting vector direction to point toward cube
DEBUG: Suggested vector direction: [2.12132034 0.         2.12132034]
DEBUG: Angle to cube: 45.0° (should be < 30° to be visible)
DEBUG: Cube direction: [0.707, 0.000, 0.707]
DEBUG: 2D screen using perspective projection - FOV: 60.0°
DEBUG: ===== SIMPLE MODE CAMERA SETUP =====
DEBUG: Simple mode sphere_pos: [0. 0. 0.]
DEBUG: Simple mode view_dir: [1. 0. 0.]
DEBUG: Simple mode look_at: [10.  0.  0.]
DEBUG: Cube position: [2. 0. 2.]
DEBUG: Direction to cube: [0.70710678 0.         0.70710678]
DEBUG: View direction: [1. 0. 0.]
DEBUG: Angle between view and cube direction: 45.0° (should be close to 0°)
DEBUG: Are we looking toward cube? False
DEBUG: ==============================================
DEBUG: ===== SIMPLE MODE CUBE ROTATION =====
DEBUG: Simple mode applying cube rotation: [0.0°, 0.0°, 0.0°]
DEBUG: =========================================
DEBUG: Simple 2D screen rendered - reference objects disabled to prevent yellow box artifact
DEBUG: Using perspective projection - FOV: 60.0°
DEBUG: Canvas mode: 'simple', Sphere mode: 'simple'
DEBUG: Sphere screen render check - canvas_enabled: True, canvas_mode: simple, sphere_enabled: True, should_render: False
DEBUG: Sphere skipping screen render (canvas mode: simple)
DEBUG: ===== SIMPLE MODE CUBE ROTATION =====
DEBUG: Simple mode applying cube rotation: [0.0°, 0.0°, 0.0°]
DEBUG: =========================================
DEBUG: ===== CANVAS draw_unified_screen() CALLED =====
DEBUG: screen_enabled: True, screen_render_mode: simple
DEBUG: Canvas drawing simple 2D screen
DEBUG: Drew unified screen in simple mode
DEBUG: Simple mode active - screen shows original 2D framebuffer view
DEBUG: Rendering 2 screens
DEBUG: Rendering screen Original 2D Screen of type screen_2d
DEBUG: ===== SIMPLE MODE CUBE ROTATION =====
DEBUG: Simple mode applying cube rotation: [0.0°, 0.0°, 0.0°]
DEBUG: =========================================
DEBUG: ===== CANVAS draw_unified_screen() CALLED =====
DEBUG: screen_enabled: True, screen_render_mode: simple
DEBUG: Canvas drawing simple 2D screen
DEBUG: Drew unified screen in simple mode
DEBUG: Simple mode active - screen shows original 2D framebuffer view
DEBUG: Rendering MediaScreen Video Screen (istockphoto-482277170-640_adpp_is.mp4) with texture 3
DEBUG: Rendering screen Video Screen (istockphoto-482277170-640_adpp_is.mp4) of type screen_2d
DEBUG: Rendering MediaScreen Video Screen (istockphoto-482277170-640_adpp_is.mp4) with texture 3
DEBUG: Frame 270, audio: 9.00s, video: 9.00s, sync diff: 0.001s
DEBUG: ===== CANVAS update_sphere_view_vector() CALLED =====
DEBUG: Canvas syncing view_vector with sphere vector_direction: [1. 0. 0.]
DEBUG: Normalized view_vector: [1. 0. 0.]
DEBUG: Red vector direction: [1. 0. 0.]
DEBUG: Normalized view vector: [1.000, 0.000, 0.000]
DEBUG: Red cube position: [2. 0. 2.]
DEBUG: Expected direction to cube: [0.70710678 0.         0.70710678]
DEBUG: Actual view vector: [1. 0. 0.]
DEBUG: Dot product: 0.707
DEBUG: ⚠️ WARNING: View vector not pointing toward cube!
DEBUG: Consider setting vector direction to point toward cube
DEBUG: Suggested vector direction: [2.12132034 0.         2.12132034]
DEBUG: Angle to cube: 45.0° (should be < 30° to be visible)
DEBUG: Cube direction: [0.707, 0.000, 0.707]
DEBUG: 2D screen using perspective projection - FOV: 60.0°
DEBUG: ===== SIMPLE MODE CAMERA SETUP =====
DEBUG: Simple mode sphere_pos: [0. 0. 0.]
DEBUG: Simple mode view_dir: [1. 0. 0.]
DEBUG: Simple mode look_at: [10.  0.  0.]
DEBUG: Cube position: [2. 0. 2.]
DEBUG: Direction to cube: [0.70710678 0.         0.70710678]
DEBUG: View direction: [1. 0. 0.]
DEBUG: Angle between view and cube direction: 45.0° (should be close to 0°)
DEBUG: Are we looking toward cube? False
DEBUG: ==============================================
DEBUG: ===== SIMPLE MODE CUBE ROTATION =====
DEBUG: Simple mode applying cube rotation: [0.0°, 0.0°, 0.0°]
DEBUG: =========================================
DEBUG: Simple 2D screen rendered - reference objects disabled to prevent yellow box artifact
DEBUG: Using perspective projection - FOV: 60.0°
DEBUG: Canvas mode: 'simple', Sphere mode: 'simple'
DEBUG: Sphere screen render check - canvas_enabled: True, canvas_mode: simple, sphere_enabled: True, should_render: False
DEBUG: Sphere skipping screen render (canvas mode: simple)
DEBUG: ===== SIMPLE MODE CUBE ROTATION =====
DEBUG: Simple mode applying cube rotation: [0.0°, 0.0°, 0.0°]
DEBUG: =========================================
DEBUG: ===== CANVAS draw_unified_screen() CALLED =====
DEBUG: screen_enabled: True, screen_render_mode: simple
DEBUG: Canvas drawing simple 2D screen
DEBUG: Drew unified screen in simple mode
DEBUG: Simple mode active - screen shows original 2D framebuffer view
DEBUG: Rendering 2 screens
DEBUG: Rendering screen Original 2D Screen of type screen_2d
DEBUG: ===== SIMPLE MODE CUBE ROTATION =====
DEBUG: Simple mode applying cube rotation: [0.0°, 0.0°, 0.0°]
DEBUG: =========================================
DEBUG: ===== CANVAS draw_unified_screen() CALLED =====
DEBUG: screen_enabled: True, screen_render_mode: simple
DEBUG: Canvas drawing simple 2D screen
DEBUG: Drew unified screen in simple mode
DEBUG: Simple mode active - screen shows original 2D framebuffer view
DEBUG: Rendering MediaScreen Video Screen (istockphoto-482277170-640_adpp_is.mp4) with texture 3
DEBUG: Rendering screen Video Screen (istockphoto-482277170-640_adpp_is.mp4) of type screen_2d
DEBUG: Rendering MediaScreen Video Screen (istockphoto-482277170-640_adpp_is.mp4) with texture 3
DEBUG: ===== CANVAS update_sphere_view_vector() CALLED =====
DEBUG: Canvas syncing view_vector with sphere vector_direction: [1. 0. 0.]
DEBUG: Normalized view_vector: [1. 0. 0.]
DEBUG: Red vector direction: [1. 0. 0.]
DEBUG: Normalized view vector: [1.000, 0.000, 0.000]
DEBUG: Red cube position: [2. 0. 2.]
DEBUG: Expected direction to cube: [0.70710678 0.         0.70710678]
DEBUG: Actual view vector: [1. 0. 0.]
DEBUG: Dot product: 0.707
DEBUG: ⚠️ WARNING: View vector not pointing toward cube!
DEBUG: Consider setting vector direction to point toward cube
DEBUG: Suggested vector direction: [2.12132034 0.         2.12132034]
DEBUG: Angle to cube: 45.0° (should be < 30° to be visible)
DEBUG: Cube direction: [0.707, 0.000, 0.707]
DEBUG: 2D screen using perspective projection - FOV: 60.0°
DEBUG: ===== SIMPLE MODE CAMERA SETUP =====
DEBUG: Simple mode sphere_pos: [0. 0. 0.]
DEBUG: Simple mode view_dir: [1. 0. 0.]
DEBUG: Simple mode look_at: [10.  0.  0.]
DEBUG: Cube position: [2. 0. 2.]
DEBUG: Direction to cube: [0.70710678 0.         0.70710678]
DEBUG: View direction: [1. 0. 0.]
DEBUG: Angle between view and cube direction: 45.0° (should be close to 0°)
DEBUG: Are we looking toward cube? False
DEBUG: ==============================================
DEBUG: ===== SIMPLE MODE CUBE ROTATION =====
DEBUG: Simple mode applying cube rotation: [0.0°, 0.0°, 0.0°]
DEBUG: =========================================
DEBUG: Simple 2D screen rendered - reference objects disabled to prevent yellow box artifact
DEBUG: Using perspective projection - FOV: 60.0°
DEBUG: Canvas mode: 'simple', Sphere mode: 'simple'
DEBUG: Sphere screen render check - canvas_enabled: True, canvas_mode: simple, sphere_enabled: True, should_render: False
DEBUG: Sphere skipping screen render (canvas mode: simple)
DEBUG: ===== SIMPLE MODE CUBE ROTATION =====
DEBUG: Simple mode applying cube rotation: [0.0°, 0.0°, 0.0°]
DEBUG: =========================================
DEBUG: ===== CANVAS draw_unified_screen() CALLED =====
DEBUG: screen_enabled: True, screen_render_mode: simple
DEBUG: Canvas drawing simple 2D screen
DEBUG: Drew unified screen in simple mode
DEBUG: Simple mode active - screen shows original 2D framebuffer view
DEBUG: Rendering 2 screens
DEBUG: Rendering screen Original 2D Screen of type screen_2d
DEBUG: ===== SIMPLE MODE CUBE ROTATION =====
DEBUG: Simple mode applying cube rotation: [0.0°, 0.0°, 0.0°]
DEBUG: =========================================
DEBUG: ===== CANVAS draw_unified_screen() CALLED =====
DEBUG: screen_enabled: True, screen_render_mode: simple
DEBUG: Canvas drawing simple 2D screen
DEBUG: Drew unified screen in simple mode
DEBUG: Simple mode active - screen shows original 2D framebuffer view
DEBUG: Rendering MediaScreen Video Screen (istockphoto-482277170-640_adpp_is.mp4) with texture 3
DEBUG: Rendering screen Video Screen (istockphoto-482277170-640_adpp_is.mp4) of type screen_2d
DEBUG: Rendering MediaScreen Video Screen (istockphoto-482277170-640_adpp_is.mp4) with texture 3
DEBUG: ===== CANVAS update_sphere_view_vector() CALLED =====
DEBUG: Canvas syncing view_vector with sphere vector_direction: [1. 0. 0.]
DEBUG: Normalized view_vector: [1. 0. 0.]
DEBUG: Red vector direction: [1. 0. 0.]
DEBUG: Normalized view vector: [1.000, 0.000, 0.000]
DEBUG: Red cube position: [2. 0. 2.]
DEBUG: Expected direction to cube: [0.70710678 0.         0.70710678]
DEBUG: Actual view vector: [1. 0. 0.]
DEBUG: Dot product: 0.707
DEBUG: ⚠️ WARNING: View vector not pointing toward cube!
DEBUG: Consider setting vector direction to point toward cube
DEBUG: Suggested vector direction: [2.12132034 0.         2.12132034]
DEBUG: Angle to cube: 45.0° (should be < 30° to be visible)
DEBUG: Cube direction: [0.707, 0.000, 0.707]
DEBUG: 2D screen using perspective projection - FOV: 60.0°
DEBUG: ===== SIMPLE MODE CAMERA SETUP =====
DEBUG: Simple mode sphere_pos: [0. 0. 0.]
DEBUG: Simple mode view_dir: [1. 0. 0.]
DEBUG: Simple mode look_at: [10.  0.  0.]
DEBUG: Cube position: [2. 0. 2.]
DEBUG: Direction to cube: [0.70710678 0.         0.70710678]
DEBUG: View direction: [1. 0. 0.]
DEBUG: Angle between view and cube direction: 45.0° (should be close to 0°)
DEBUG: Are we looking toward cube? False
DEBUG: ==============================================
DEBUG: ===== SIMPLE MODE CUBE ROTATION =====
DEBUG: Simple mode applying cube rotation: [0.0°, 0.0°, 0.0°]
DEBUG: =========================================
DEBUG: Simple 2D screen rendered - reference objects disabled to prevent yellow box artifact
DEBUG: Using perspective projection - FOV: 60.0°
DEBUG: Canvas mode: 'simple', Sphere mode: 'simple'
DEBUG: Sphere screen render check - canvas_enabled: True, canvas_mode: simple, sphere_enabled: True, should_render: False
DEBUG: Sphere skipping screen render (canvas mode: simple)
DEBUG: ===== SIMPLE MODE CUBE ROTATION =====
DEBUG: Simple mode applying cube rotation: [0.0°, 0.0°, 0.0°]
DEBUG: =========================================
DEBUG: ===== CANVAS draw_unified_screen() CALLED =====
DEBUG: screen_enabled: True, screen_render_mode: simple
DEBUG: Canvas drawing simple 2D screen
DEBUG: Drew unified screen in simple mode
DEBUG: Simple mode active - screen shows original 2D framebuffer view
DEBUG: Rendering 2 screens
DEBUG: Rendering screen Original 2D Screen of type screen_2d
DEBUG: ===== SIMPLE MODE CUBE ROTATION =====
DEBUG: Simple mode applying cube rotation: [0.0°, 0.0°, 0.0°]
DEBUG: =========================================
DEBUG: ===== CANVAS draw_unified_screen() CALLED =====
DEBUG: screen_enabled: True, screen_render_mode: simple
DEBUG: Canvas drawing simple 2D screen
DEBUG: Drew unified screen in simple mode
DEBUG: Simple mode active - screen shows original 2D framebuffer view
DEBUG: Rendering MediaScreen Video Screen (istockphoto-482277170-640_adpp_is.mp4) with texture 3
DEBUG: Rendering screen Video Screen (istockphoto-482277170-640_adpp_is.mp4) of type screen_2d
DEBUG: Rendering MediaScreen Video Screen (istockphoto-482277170-640_adpp_is.mp4) with texture 3
DEBUG: ===== CANVAS update_sphere_view_vector() CALLED =====
DEBUG: Canvas syncing view_vector with sphere vector_direction: [1. 0. 0.]
DEBUG: Normalized view_vector: [1. 0. 0.]
DEBUG: Red vector direction: [1. 0. 0.]
DEBUG: Normalized view vector: [1.000, 0.000, 0.000]
DEBUG: Red cube position: [2. 0. 2.]
DEBUG: Expected direction to cube: [0.70710678 0.         0.70710678]
DEBUG: Actual view vector: [1. 0. 0.]
DEBUG: Dot product: 0.707
DEBUG: ⚠️ WARNING: View vector not pointing toward cube!
DEBUG: Consider setting vector direction to point toward cube
DEBUG: Suggested vector direction: [2.12132034 0.         2.12132034]
DEBUG: Angle to cube: 45.0° (should be < 30° to be visible)
DEBUG: Cube direction: [0.707, 0.000, 0.707]
DEBUG: 2D screen using perspective projection - FOV: 60.0°
DEBUG: ===== SIMPLE MODE CAMERA SETUP =====
DEBUG: Simple mode sphere_pos: [0. 0. 0.]
DEBUG: Simple mode view_dir: [1. 0. 0.]
DEBUG: Simple mode look_at: [10.  0.  0.]
DEBUG: Cube position: [2. 0. 2.]
DEBUG: Direction to cube: [0.70710678 0.         0.70710678]
DEBUG: View direction: [1. 0. 0.]
DEBUG: Angle between view and cube direction: 45.0° (should be close to 0°)
DEBUG: Are we looking toward cube? False
DEBUG: ==============================================
DEBUG: ===== SIMPLE MODE CUBE ROTATION =====
DEBUG: Simple mode applying cube rotation: [0.0°, 0.0°, 0.0°]
DEBUG: =========================================
DEBUG: Simple 2D screen rendered - reference objects disabled to prevent yellow box artifact
DEBUG: Using perspective projection - FOV: 60.0°
DEBUG: Canvas mode: 'simple', Sphere mode: 'simple'
DEBUG: Sphere screen render check - canvas_enabled: True, canvas_mode: simple, sphere_enabled: True, should_render: False
DEBUG: Sphere skipping screen render (canvas mode: simple)
DEBUG: ===== SIMPLE MODE CUBE ROTATION =====
DEBUG: Simple mode applying cube rotation: [0.0°, 0.0°, 0.0°]
DEBUG: =========================================
DEBUG: ===== CANVAS draw_unified_screen() CALLED =====
DEBUG: screen_enabled: True, screen_render_mode: simple
DEBUG: Canvas drawing simple 2D screen
DEBUG: Drew unified screen in simple mode
DEBUG: Simple mode active - screen shows original 2D framebuffer view
DEBUG: Rendering 2 screens
DEBUG: Rendering screen Original 2D Screen of type screen_2d
DEBUG: ===== SIMPLE MODE CUBE ROTATION =====
DEBUG: Simple mode applying cube rotation: [0.0°, 0.0°, 0.0°]
DEBUG: =========================================
DEBUG: ===== CANVAS draw_unified_screen() CALLED =====
DEBUG: screen_enabled: True, screen_render_mode: simple
DEBUG: Canvas drawing simple 2D screen
DEBUG: Drew unified screen in simple mode
DEBUG: Simple mode active - screen shows original 2D framebuffer view
DEBUG: Rendering MediaScreen Video Screen (istockphoto-482277170-640_adpp_is.mp4) with texture 3
DEBUG: Rendering screen Video Screen (istockphoto-482277170-640_adpp_is.mp4) of type screen_2d
DEBUG: Rendering MediaScreen Video Screen (istockphoto-482277170-640_adpp_is.mp4) with texture 3
DEBUG: ===== CANVAS update_sphere_view_vector() CALLED =====
DEBUG: Canvas syncing view_vector with sphere vector_direction: [1. 0. 0.]
DEBUG: Normalized view_vector: [1. 0. 0.]
DEBUG: Red vector direction: [1. 0. 0.]
DEBUG: Normalized view vector: [1.000, 0.000, 0.000]
DEBUG: Red cube position: [2. 0. 2.]
DEBUG: Expected direction to cube: [0.70710678 0.         0.70710678]
DEBUG: Actual view vector: [1. 0. 0.]
DEBUG: Dot product: 0.707
DEBUG: ⚠️ WARNING: View vector not pointing toward cube!
DEBUG: Consider setting vector direction to point toward cube
DEBUG: Suggested vector direction: [2.12132034 0.         2.12132034]
DEBUG: Angle to cube: 45.0° (should be < 30° to be visible)
DEBUG: Cube direction: [0.707, 0.000, 0.707]
DEBUG: 2D screen using perspective projection - FOV: 60.0°
DEBUG: ===== SIMPLE MODE CAMERA SETUP =====
DEBUG: Simple mode sphere_pos: [0. 0. 0.]
DEBUG: Simple mode view_dir: [1. 0. 0.]
DEBUG: Simple mode look_at: [10.  0.  0.]
DEBUG: Cube position: [2. 0. 2.]
DEBUG: Direction to cube: [0.70710678 0.         0.70710678]
DEBUG: View direction: [1. 0. 0.]
DEBUG: Angle between view and cube direction: 45.0° (should be close to 0°)
DEBUG: Are we looking toward cube? False
DEBUG: ==============================================
DEBUG: ===== SIMPLE MODE CUBE ROTATION =====
DEBUG: Simple mode applying cube rotation: [0.0°, 0.0°, 0.0°]
DEBUG: =========================================
DEBUG: Simple 2D screen rendered - reference objects disabled to prevent yellow box artifact
DEBUG: Using perspective projection - FOV: 60.0°
DEBUG: Canvas mode: 'simple', Sphere mode: 'simple'
DEBUG: Sphere screen render check - canvas_enabled: True, canvas_mode: simple, sphere_enabled: True, should_render: False
DEBUG: Sphere skipping screen render (canvas mode: simple)
DEBUG: ===== SIMPLE MODE CUBE ROTATION =====
DEBUG: Simple mode applying cube rotation: [0.0°, 0.0°, 0.0°]
DEBUG: =========================================
DEBUG: ===== CANVAS draw_unified_screen() CALLED =====
DEBUG: screen_enabled: True, screen_render_mode: simple
DEBUG: Canvas drawing simple 2D screen
DEBUG: Drew unified screen in simple mode
DEBUG: Simple mode active - screen shows original 2D framebuffer view
DEBUG: Rendering 2 screens
DEBUG: Rendering screen Original 2D Screen of type screen_2d
DEBUG: ===== SIMPLE MODE CUBE ROTATION =====
DEBUG: Simple mode applying cube rotation: [0.0°, 0.0°, 0.0°]
DEBUG: =========================================
DEBUG: ===== CANVAS draw_unified_screen() CALLED =====
DEBUG: screen_enabled: True, screen_render_mode: simple
DEBUG: Canvas drawing simple 2D screen
DEBUG: Drew unified screen in simple mode
DEBUG: Simple mode active - screen shows original 2D framebuffer view
DEBUG: Rendering MediaScreen Video Screen (istockphoto-482277170-640_adpp_is.mp4) with texture 3
DEBUG: Rendering screen Video Screen (istockphoto-482277170-640_adpp_is.mp4) of type screen_2d
DEBUG: Rendering MediaScreen Video Screen (istockphoto-482277170-640_adpp_is.mp4) with texture 3
DEBUG: ===== CANVAS update_sphere_view_vector() CALLED =====
DEBUG: Canvas syncing view_vector with sphere vector_direction: [1. 0. 0.]
DEBUG: Normalized view_vector: [1. 0. 0.]
DEBUG: Red vector direction: [1. 0. 0.]
DEBUG: Normalized view vector: [1.000, 0.000, 0.000]
DEBUG: Red cube position: [2. 0. 2.]
DEBUG: Expected direction to cube: [0.70710678 0.         0.70710678]
DEBUG: Actual view vector: [1. 0. 0.]
DEBUG: Dot product: 0.707
DEBUG: ⚠️ WARNING: View vector not pointing toward cube!
DEBUG: Consider setting vector direction to point toward cube
DEBUG: Suggested vector direction: [2.12132034 0.         2.12132034]
DEBUG: Angle to cube: 45.0° (should be < 30° to be visible)
DEBUG: Cube direction: [0.707, 0.000, 0.707]
DEBUG: 2D screen using perspective projection - FOV: 60.0°
DEBUG: ===== SIMPLE MODE CAMERA SETUP =====
DEBUG: Simple mode sphere_pos: [0. 0. 0.]
DEBUG: Simple mode view_dir: [1. 0. 0.]
DEBUG: Simple mode look_at: [10.  0.  0.]
DEBUG: Cube position: [2. 0. 2.]
DEBUG: Direction to cube: [0.70710678 0.         0.70710678]
DEBUG: View direction: [1. 0. 0.]
DEBUG: Angle between view and cube direction: 45.0° (should be close to 0°)
DEBUG: Are we looking toward cube? False
DEBUG: ==============================================
DEBUG: ===== SIMPLE MODE CUBE ROTATION =====
DEBUG: Simple mode applying cube rotation: [0.0°, 0.0°, 0.0°]
DEBUG: =========================================
DEBUG: Simple 2D screen rendered - reference objects disabled to prevent yellow box artifact
DEBUG: Using perspective projection - FOV: 60.0°
DEBUG: Canvas mode: 'simple', Sphere mode: 'simple'
DEBUG: Sphere screen render check - canvas_enabled: True, canvas_mode: simple, sphere_enabled: True, should_render: False
DEBUG: Sphere skipping screen render (canvas mode: simple)
DEBUG: ===== SIMPLE MODE CUBE ROTATION =====
DEBUG: Simple mode applying cube rotation: [0.0°, 0.0°, 0.0°]
DEBUG: =========================================
DEBUG: ===== CANVAS draw_unified_screen() CALLED =====
DEBUG: screen_enabled: True, screen_render_mode: simple
DEBUG: Canvas drawing simple 2D screen
DEBUG: Drew unified screen in simple mode
DEBUG: Simple mode active - screen shows original 2D framebuffer view
DEBUG: Rendering 2 screens
DEBUG: Rendering screen Original 2D Screen of type screen_2d
DEBUG: ===== SIMPLE MODE CUBE ROTATION =====
DEBUG: Simple mode applying cube rotation: [0.0°, 0.0°, 0.0°]
DEBUG: =========================================
DEBUG: ===== CANVAS draw_unified_screen() CALLED =====
DEBUG: screen_enabled: True, screen_render_mode: simple
DEBUG: Canvas drawing simple 2D screen
DEBUG: Drew unified screen in simple mode
DEBUG: Simple mode active - screen shows original 2D framebuffer view
DEBUG: Rendering MediaScreen Video Screen (istockphoto-482277170-640_adpp_is.mp4) with texture 3
DEBUG: Rendering screen Video Screen (istockphoto-482277170-640_adpp_is.mp4) of type screen_2d
DEBUG: Rendering MediaScreen Video Screen (istockphoto-482277170-640_adpp_is.mp4) with texture 3
DEBUG: ===== CANVAS update_sphere_view_vector() CALLED =====
DEBUG: Canvas syncing view_vector with sphere vector_direction: [1. 0. 0.]
DEBUG: Normalized view_vector: [1. 0. 0.]
DEBUG: Red vector direction: [1. 0. 0.]
DEBUG: Normalized view vector: [1.000, 0.000, 0.000]
DEBUG: Red cube position: [2. 0. 2.]
DEBUG: Expected direction to cube: [0.70710678 0.         0.70710678]
DEBUG: Actual view vector: [1. 0. 0.]
DEBUG: Dot product: 0.707
DEBUG: ⚠️ WARNING: View vector not pointing toward cube!
DEBUG: Consider setting vector direction to point toward cube
DEBUG: Suggested vector direction: [2.12132034 0.         2.12132034]
DEBUG: Angle to cube: 45.0° (should be < 30° to be visible)
DEBUG: Cube direction: [0.707, 0.000, 0.707]
DEBUG: 2D screen using perspective projection - FOV: 60.0°
DEBUG: ===== SIMPLE MODE CAMERA SETUP =====
DEBUG: Simple mode sphere_pos: [0. 0. 0.]
DEBUG: Simple mode view_dir: [1. 0. 0.]
DEBUG: Simple mode look_at: [10.  0.  0.]
DEBUG: Cube position: [2. 0. 2.]
DEBUG: Direction to cube: [0.70710678 0.         0.70710678]
DEBUG: View direction: [1. 0. 0.]
DEBUG: Angle between view and cube direction: 45.0° (should be close to 0°)
DEBUG: Are we looking toward cube? False
DEBUG: ==============================================
DEBUG: ===== SIMPLE MODE CUBE ROTATION =====
DEBUG: Simple mode applying cube rotation: [0.0°, 0.0°, 0.0°]
DEBUG: =========================================
DEBUG: Simple 2D screen rendered - reference objects disabled to prevent yellow box artifact
DEBUG: Using perspective projection - FOV: 60.0°
DEBUG: Canvas mode: 'simple', Sphere mode: 'simple'
DEBUG: Sphere screen render check - canvas_enabled: True, canvas_mode: simple, sphere_enabled: True, should_render: False
DEBUG: Sphere skipping screen render (canvas mode: simple)
DEBUG: ===== SIMPLE MODE CUBE ROTATION =====
DEBUG: Simple mode applying cube rotation: [0.0°, 0.0°, 0.0°]
DEBUG: =========================================
DEBUG: ===== CANVAS draw_unified_screen() CALLED =====
DEBUG: screen_enabled: True, screen_render_mode: simple
DEBUG: Canvas drawing simple 2D screen
DEBUG: Drew unified screen in simple mode
DEBUG: Simple mode active - screen shows original 2D framebuffer view
DEBUG: Rendering 2 screens
DEBUG: Rendering screen Original 2D Screen of type screen_2d
DEBUG: ===== SIMPLE MODE CUBE ROTATION =====
DEBUG: Simple mode applying cube rotation: [0.0°, 0.0°, 0.0°]
DEBUG: =========================================
DEBUG: ===== CANVAS draw_unified_screen() CALLED =====
DEBUG: screen_enabled: True, screen_render_mode: simple
DEBUG: Canvas drawing simple 2D screen
DEBUG: Drew unified screen in simple mode
DEBUG: Simple mode active - screen shows original 2D framebuffer view
DEBUG: Rendering MediaScreen Video Screen (istockphoto-482277170-640_adpp_is.mp4) with texture 3
DEBUG: Rendering screen Video Screen (istockphoto-482277170-640_adpp_is.mp4) of type screen_2d
DEBUG: Rendering MediaScreen Video Screen (istockphoto-482277170-640_adpp_is.mp4) with texture 3
DEBUG: ===== CANVAS update_sphere_view_vector() CALLED =====
DEBUG: Canvas syncing view_vector with sphere vector_direction: [1. 0. 0.]
DEBUG: Normalized view_vector: [1. 0. 0.]
DEBUG: Red vector direction: [1. 0. 0.]
DEBUG: Normalized view vector: [1.000, 0.000, 0.000]
DEBUG: Red cube position: [2. 0. 2.]
DEBUG: Expected direction to cube: [0.70710678 0.         0.70710678]
DEBUG: Actual view vector: [1. 0. 0.]
DEBUG: Dot product: 0.707
DEBUG: ⚠️ WARNING: View vector not pointing toward cube!
DEBUG: Consider setting vector direction to point toward cube
DEBUG: Suggested vector direction: [2.12132034 0.         2.12132034]
DEBUG: Angle to cube: 45.0° (should be < 30° to be visible)
DEBUG: Cube direction: [0.707, 0.000, 0.707]
DEBUG: 2D screen using perspective projection - FOV: 60.0°
DEBUG: ===== SIMPLE MODE CAMERA SETUP =====
DEBUG: Simple mode sphere_pos: [0. 0. 0.]
DEBUG: Simple mode view_dir: [1. 0. 0.]
DEBUG: Simple mode look_at: [10.  0.  0.]
DEBUG: Cube position: [2. 0. 2.]
DEBUG: Direction to cube: [0.70710678 0.         0.70710678]
DEBUG: View direction: [1. 0. 0.]
DEBUG: Angle between view and cube direction: 45.0° (should be close to 0°)
DEBUG: Are we looking toward cube? False
DEBUG: ==============================================
DEBUG: ===== SIMPLE MODE CUBE ROTATION =====
DEBUG: Simple mode applying cube rotation: [0.0°, 0.0°, 0.0°]
DEBUG: =========================================
DEBUG: Simple 2D screen rendered - reference objects disabled to prevent yellow box artifact
DEBUG: Using perspective projection - FOV: 60.0°
DEBUG: Canvas mode: 'simple', Sphere mode: 'simple'
DEBUG: Sphere screen render check - canvas_enabled: True, canvas_mode: simple, sphere_enabled: True, should_render: False
DEBUG: Sphere skipping screen render (canvas mode: simple)
DEBUG: ===== SIMPLE MODE CUBE ROTATION =====
DEBUG: Simple mode applying cube rotation: [0.0°, 0.0°, 0.0°]
DEBUG: =========================================
DEBUG: ===== CANVAS draw_unified_screen() CALLED =====
DEBUG: screen_enabled: True, screen_render_mode: simple
DEBUG: Canvas drawing simple 2D screen
DEBUG: Drew unified screen in simple mode
DEBUG: Simple mode active - screen shows original 2D framebuffer view
DEBUG: Rendering 2 screens
DEBUG: Rendering screen Original 2D Screen of type screen_2d
DEBUG: ===== SIMPLE MODE CUBE ROTATION =====
DEBUG: Simple mode applying cube rotation: [0.0°, 0.0°, 0.0°]
DEBUG: =========================================
DEBUG: ===== CANVAS draw_unified_screen() CALLED =====
DEBUG: screen_enabled: True, screen_render_mode: simple
DEBUG: Canvas drawing simple 2D screen
DEBUG: Drew unified screen in simple mode
DEBUG: Simple mode active - screen shows original 2D framebuffer view
DEBUG: Rendering MediaScreen Video Screen (istockphoto-482277170-640_adpp_is.mp4) with texture 3
DEBUG: Rendering screen Video Screen (istockphoto-482277170-640_adpp_is.mp4) of type screen_2d
DEBUG: Rendering MediaScreen Video Screen (istockphoto-482277170-640_adpp_is.mp4) with texture 3
DEBUG: ===== CANVAS update_sphere_view_vector() CALLED =====
DEBUG: Canvas syncing view_vector with sphere vector_direction: [1. 0. 0.]
DEBUG: Normalized view_vector: [1. 0. 0.]
DEBUG: Red vector direction: [1. 0. 0.]
DEBUG: Normalized view vector: [1.000, 0.000, 0.000]
DEBUG: Red cube position: [2. 0. 2.]
DEBUG: Expected direction to cube: [0.70710678 0.         0.70710678]
DEBUG: Actual view vector: [1. 0. 0.]
DEBUG: Dot product: 0.707
DEBUG: ⚠️ WARNING: View vector not pointing toward cube!
DEBUG: Consider setting vector direction to point toward cube
DEBUG: Suggested vector direction: [2.12132034 0.         2.12132034]
DEBUG: Angle to cube: 45.0° (should be < 30° to be visible)
DEBUG: Cube direction: [0.707, 0.000, 0.707]
DEBUG: 2D screen using perspective projection - FOV: 60.0°
DEBUG: ===== SIMPLE MODE CAMERA SETUP =====
DEBUG: Simple mode sphere_pos: [0. 0. 0.]
DEBUG: Simple mode view_dir: [1. 0. 0.]
DEBUG: Simple mode look_at: [10.  0.  0.]
DEBUG: Cube position: [2. 0. 2.]
DEBUG: Direction to cube: [0.70710678 0.         0.70710678]
DEBUG: View direction: [1. 0. 0.]
DEBUG: Angle between view and cube direction: 45.0° (should be close to 0°)
DEBUG: Are we looking toward cube? False
DEBUG: ==============================================
DEBUG: ===== SIMPLE MODE CUBE ROTATION =====
DEBUG: Simple mode applying cube rotation: [0.0°, 0.0°, 0.0°]
DEBUG: =========================================
DEBUG: Simple 2D screen rendered - reference objects disabled to prevent yellow box artifact
DEBUG: Using perspective projection - FOV: 60.0°
DEBUG: Canvas mode: 'simple', Sphere mode: 'simple'
DEBUG: Sphere screen render check - canvas_enabled: True, canvas_mode: simple, sphere_enabled: True, should_render: False
DEBUG: Sphere skipping screen render (canvas mode: simple)
DEBUG: ===== SIMPLE MODE CUBE ROTATION =====
DEBUG: Simple mode applying cube rotation: [0.0°, 0.0°, 0.0°]
DEBUG: =========================================
DEBUG: ===== CANVAS draw_unified_screen() CALLED =====
DEBUG: screen_enabled: True, screen_render_mode: simple
DEBUG: Canvas drawing simple 2D screen
DEBUG: Drew unified screen in simple mode
DEBUG: Simple mode active - screen shows original 2D framebuffer view
DEBUG: Rendering 2 screens
DEBUG: Rendering screen Original 2D Screen of type screen_2d
DEBUG: ===== SIMPLE MODE CUBE ROTATION =====
DEBUG: Simple mode applying cube rotation: [0.0°, 0.0°, 0.0°]
DEBUG: =========================================
DEBUG: ===== CANVAS draw_unified_screen() CALLED =====
DEBUG: screen_enabled: True, screen_render_mode: simple
DEBUG: Canvas drawing simple 2D screen
DEBUG: Drew unified screen in simple mode
DEBUG: Simple mode active - screen shows original 2D framebuffer view
DEBUG: Rendering MediaScreen Video Screen (istockphoto-482277170-640_adpp_is.mp4) with texture 3
DEBUG: Rendering screen Video Screen (istockphoto-482277170-640_adpp_is.mp4) of type screen_2d
DEBUG: Rendering MediaScreen Video Screen (istockphoto-482277170-640_adpp_is.mp4) with texture 3
DEBUG: ===== CANVAS update_sphere_view_vector() CALLED =====
DEBUG: Canvas syncing view_vector with sphere vector_direction: [1. 0. 0.]
DEBUG: Normalized view_vector: [1. 0. 0.]
DEBUG: Red vector direction: [1. 0. 0.]
DEBUG: Normalized view vector: [1.000, 0.000, 0.000]
DEBUG: Red cube position: [2. 0. 2.]
DEBUG: Expected direction to cube: [0.70710678 0.         0.70710678]
DEBUG: Actual view vector: [1. 0. 0.]
DEBUG: Dot product: 0.707
DEBUG: ⚠️ WARNING: View vector not pointing toward cube!
DEBUG: Consider setting vector direction to point toward cube
DEBUG: Suggested vector direction: [2.12132034 0.         2.12132034]
DEBUG: Angle to cube: 45.0° (should be < 30° to be visible)
DEBUG: Cube direction: [0.707, 0.000, 0.707]
DEBUG: 2D screen using perspective projection - FOV: 60.0°
DEBUG: ===== SIMPLE MODE CAMERA SETUP =====
DEBUG: Simple mode sphere_pos: [0. 0. 0.]
DEBUG: Simple mode view_dir: [1. 0. 0.]
DEBUG: Simple mode look_at: [10.  0.  0.]
DEBUG: Cube position: [2. 0. 2.]
DEBUG: Direction to cube: [0.70710678 0.         0.70710678]
DEBUG: View direction: [1. 0. 0.]
DEBUG: Angle between view and cube direction: 45.0° (should be close to 0°)
DEBUG: Are we looking toward cube? False
DEBUG: ==============================================
DEBUG: ===== SIMPLE MODE CUBE ROTATION =====
DEBUG: Simple mode applying cube rotation: [0.0°, 0.0°, 0.0°]
DEBUG: =========================================
DEBUG: Simple 2D screen rendered - reference objects disabled to prevent yellow box artifact
DEBUG: Using perspective projection - FOV: 60.0°
DEBUG: Canvas mode: 'simple', Sphere mode: 'simple'
DEBUG: Sphere screen render check - canvas_enabled: True, canvas_mode: simple, sphere_enabled: True, should_render: False
DEBUG: Sphere skipping screen render (canvas mode: simple)
DEBUG: ===== SIMPLE MODE CUBE ROTATION =====
DEBUG: Simple mode applying cube rotation: [0.0°, 0.0°, 0.0°]
DEBUG: =========================================
DEBUG: ===== CANVAS draw_unified_screen() CALLED =====
DEBUG: screen_enabled: True, screen_render_mode: simple
DEBUG: Canvas drawing simple 2D screen
DEBUG: Drew unified screen in simple mode
DEBUG: Simple mode active - screen shows original 2D framebuffer view
DEBUG: Rendering 2 screens
DEBUG: Rendering screen Original 2D Screen of type screen_2d
DEBUG: ===== SIMPLE MODE CUBE ROTATION =====
DEBUG: Simple mode applying cube rotation: [0.0°, 0.0°, 0.0°]
DEBUG: =========================================
DEBUG: ===== CANVAS draw_unified_screen() CALLED =====
DEBUG: screen_enabled: True, screen_render_mode: simple
DEBUG: Canvas drawing simple 2D screen
DEBUG: Drew unified screen in simple mode
DEBUG: Simple mode active - screen shows original 2D framebuffer view
DEBUG: Rendering MediaScreen Video Screen (istockphoto-482277170-640_adpp_is.mp4) with texture 3
DEBUG: Rendering screen Video Screen (istockphoto-482277170-640_adpp_is.mp4) of type screen_2d
DEBUG: Rendering MediaScreen Video Screen (istockphoto-482277170-640_adpp_is.mp4) with texture 3
DEBUG: ===== CANVAS update_sphere_view_vector() CALLED =====
DEBUG: Canvas syncing view_vector with sphere vector_direction: [1. 0. 0.]
DEBUG: Normalized view_vector: [1. 0. 0.]
DEBUG: Red vector direction: [1. 0. 0.]
DEBUG: Normalized view vector: [1.000, 0.000, 0.000]
DEBUG: Red cube position: [2. 0. 2.]
DEBUG: Expected direction to cube: [0.70710678 0.         0.70710678]
DEBUG: Actual view vector: [1. 0. 0.]
DEBUG: Dot product: 0.707
DEBUG: ⚠️ WARNING: View vector not pointing toward cube!
DEBUG: Consider setting vector direction to point toward cube
DEBUG: Suggested vector direction: [2.12132034 0.         2.12132034]
DEBUG: Angle to cube: 45.0° (should be < 30° to be visible)
DEBUG: Cube direction: [0.707, 0.000, 0.707]
DEBUG: 2D screen using perspective projection - FOV: 60.0°
DEBUG: ===== SIMPLE MODE CAMERA SETUP =====
DEBUG: Simple mode sphere_pos: [0. 0. 0.]
DEBUG: Simple mode view_dir: [1. 0. 0.]
DEBUG: Simple mode look_at: [10.  0.  0.]
DEBUG: Cube position: [2. 0. 2.]
DEBUG: Direction to cube: [0.70710678 0.         0.70710678]
DEBUG: View direction: [1. 0. 0.]
DEBUG: Angle between view and cube direction: 45.0° (should be close to 0°)
DEBUG: Are we looking toward cube? False
DEBUG: ==============================================
DEBUG: ===== SIMPLE MODE CUBE ROTATION =====
DEBUG: Simple mode applying cube rotation: [0.0°, 0.0°, 0.0°]
DEBUG: =========================================
DEBUG: Simple 2D screen rendered - reference objects disabled to prevent yellow box artifact
DEBUG: Using perspective projection - FOV: 60.0°
DEBUG: Canvas mode: 'simple', Sphere mode: 'simple'
DEBUG: Sphere screen render check - canvas_enabled: True, canvas_mode: simple, sphere_enabled: True, should_render: False
DEBUG: Sphere skipping screen render (canvas mode: simple)
DEBUG: ===== SIMPLE MODE CUBE ROTATION =====
DEBUG: Simple mode applying cube rotation: [0.0°, 0.0°, 0.0°]
DEBUG: =========================================
DEBUG: ===== CANVAS draw_unified_screen() CALLED =====
DEBUG: screen_enabled: True, screen_render_mode: simple
DEBUG: Canvas drawing simple 2D screen
DEBUG: Drew unified screen in simple mode
DEBUG: Simple mode active - screen shows original 2D framebuffer view
DEBUG: Rendering 2 screens
DEBUG: Rendering screen Original 2D Screen of type screen_2d
DEBUG: ===== SIMPLE MODE CUBE ROTATION =====
DEBUG: Simple mode applying cube rotation: [0.0°, 0.0°, 0.0°]
DEBUG: =========================================
DEBUG: ===== CANVAS draw_unified_screen() CALLED =====
DEBUG: screen_enabled: True, screen_render_mode: simple
DEBUG: Canvas drawing simple 2D screen
DEBUG: Drew unified screen in simple mode
DEBUG: Simple mode active - screen shows original 2D framebuffer view
DEBUG: Rendering MediaScreen Video Screen (istockphoto-482277170-640_adpp_is.mp4) with texture 3
DEBUG: Rendering screen Video Screen (istockphoto-482277170-640_adpp_is.mp4) of type screen_2d
DEBUG: Rendering MediaScreen Video Screen (istockphoto-482277170-640_adpp_is.mp4) with texture 3
DEBUG: ===== CANVAS update_sphere_view_vector() CALLED =====
DEBUG: Canvas syncing view_vector with sphere vector_direction: [1. 0. 0.]
DEBUG: Normalized view_vector: [1. 0. 0.]
DEBUG: Red vector direction: [1. 0. 0.]
DEBUG: Normalized view vector: [1.000, 0.000, 0.000]
DEBUG: Red cube position: [2. 0. 2.]
DEBUG: Expected direction to cube: [0.70710678 0.         0.70710678]
DEBUG: Actual view vector: [1. 0. 0.]
DEBUG: Dot product: 0.707
DEBUG: ⚠️ WARNING: View vector not pointing toward cube!
DEBUG: Consider setting vector direction to point toward cube
DEBUG: Suggested vector direction: [2.12132034 0.         2.12132034]
DEBUG: Angle to cube: 45.0° (should be < 30° to be visible)
DEBUG: Cube direction: [0.707, 0.000, 0.707]
DEBUG: 2D screen using perspective projection - FOV: 60.0°
DEBUG: ===== SIMPLE MODE CAMERA SETUP =====
DEBUG: Simple mode sphere_pos: [0. 0. 0.]
DEBUG: Simple mode view_dir: [1. 0. 0.]
DEBUG: Simple mode look_at: [10.  0.  0.]
DEBUG: Cube position: [2. 0. 2.]
DEBUG: Direction to cube: [0.70710678 0.         0.70710678]
DEBUG: View direction: [1. 0. 0.]
DEBUG: Angle between view and cube direction: 45.0° (should be close to 0°)
DEBUG: Are we looking toward cube? False
DEBUG: ==============================================
DEBUG: ===== SIMPLE MODE CUBE ROTATION =====
DEBUG: Simple mode applying cube rotation: [0.0°, 0.0°, 0.0°]
DEBUG: =========================================
DEBUG: Simple 2D screen rendered - reference objects disabled to prevent yellow box artifact
DEBUG: Using perspective projection - FOV: 60.0°
DEBUG: Canvas mode: 'simple', Sphere mode: 'simple'
DEBUG: Sphere screen render check - canvas_enabled: True, canvas_mode: simple, sphere_enabled: True, should_render: False
DEBUG: Sphere skipping screen render (canvas mode: simple)
DEBUG: ===== SIMPLE MODE CUBE ROTATION =====
DEBUG: Simple mode applying cube rotation: [0.0°, 0.0°, 0.0°]
DEBUG: =========================================
DEBUG: ===== CANVAS draw_unified_screen() CALLED =====
DEBUG: screen_enabled: True, screen_render_mode: simple
DEBUG: Canvas drawing simple 2D screen
DEBUG: Drew unified screen in simple mode
DEBUG: Simple mode active - screen shows original 2D framebuffer view
DEBUG: Rendering 2 screens
DEBUG: Rendering screen Original 2D Screen of type screen_2d
DEBUG: ===== SIMPLE MODE CUBE ROTATION =====
DEBUG: Simple mode applying cube rotation: [0.0°, 0.0°, 0.0°]
DEBUG: =========================================
DEBUG: ===== CANVAS draw_unified_screen() CALLED =====
DEBUG: screen_enabled: True, screen_render_mode: simple
DEBUG: Canvas drawing simple 2D screen
DEBUG: Drew unified screen in simple mode
DEBUG: Simple mode active - screen shows original 2D framebuffer view
DEBUG: Rendering MediaScreen Video Screen (istockphoto-482277170-640_adpp_is.mp4) with texture 3
DEBUG: Rendering screen Video Screen (istockphoto-482277170-640_adpp_is.mp4) of type screen_2d
DEBUG: Rendering MediaScreen Video Screen (istockphoto-482277170-640_adpp_is.mp4) with texture 3
DEBUG: ===== CANVAS update_sphere_view_vector() CALLED =====
DEBUG: Canvas syncing view_vector with sphere vector_direction: [1. 0. 0.]
DEBUG: Normalized view_vector: [1. 0. 0.]
DEBUG: Red vector direction: [1. 0. 0.]
DEBUG: Normalized view vector: [1.000, 0.000, 0.000]
DEBUG: Red cube position: [2. 0. 2.]
DEBUG: Expected direction to cube: [0.70710678 0.         0.70710678]
DEBUG: Actual view vector: [1. 0. 0.]
DEBUG: Dot product: 0.707
DEBUG: ⚠️ WARNING: View vector not pointing toward cube!
DEBUG: Consider setting vector direction to point toward cube
DEBUG: Suggested vector direction: [2.12132034 0.         2.12132034]
DEBUG: Angle to cube: 45.0° (should be < 30° to be visible)
DEBUG: Cube direction: [0.707, 0.000, 0.707]
DEBUG: 2D screen using perspective projection - FOV: 60.0°
DEBUG: ===== SIMPLE MODE CAMERA SETUP =====
DEBUG: Simple mode sphere_pos: [0. 0. 0.]
DEBUG: Simple mode view_dir: [1. 0. 0.]
DEBUG: Simple mode look_at: [10.  0.  0.]
DEBUG: Cube position: [2. 0. 2.]
DEBUG: Direction to cube: [0.70710678 0.         0.70710678]
DEBUG: View direction: [1. 0. 0.]
DEBUG: Angle between view and cube direction: 45.0° (should be close to 0°)
DEBUG: Are we looking toward cube? False
DEBUG: ==============================================
DEBUG: ===== SIMPLE MODE CUBE ROTATION =====
DEBUG: Simple mode applying cube rotation: [0.0°, 0.0°, 0.0°]
DEBUG: =========================================
DEBUG: Simple 2D screen rendered - reference objects disabled to prevent yellow box artifact
DEBUG: Using perspective projection - FOV: 60.0°
DEBUG: Canvas mode: 'simple', Sphere mode: 'simple'
DEBUG: Sphere screen render check - canvas_enabled: True, canvas_mode: simple, sphere_enabled: True, should_render: False
DEBUG: Sphere skipping screen render (canvas mode: simple)
DEBUG: ===== SIMPLE MODE CUBE ROTATION =====
DEBUG: Simple mode applying cube rotation: [0.0°, 0.0°, 0.0°]
DEBUG: =========================================
DEBUG: ===== CANVAS draw_unified_screen() CALLED =====
DEBUG: screen_enabled: True, screen_render_mode: simple
DEBUG: Canvas drawing simple 2D screen
DEBUG: Drew unified screen in simple mode
DEBUG: Simple mode active - screen shows original 2D framebuffer view
DEBUG: Rendering 2 screens
DEBUG: Rendering screen Original 2D Screen of type screen_2d
DEBUG: ===== SIMPLE MODE CUBE ROTATION =====
DEBUG: Simple mode applying cube rotation: [0.0°, 0.0°, 0.0°]
DEBUG: =========================================
DEBUG: ===== CANVAS draw_unified_screen() CALLED =====
DEBUG: screen_enabled: True, screen_render_mode: simple
DEBUG: Canvas drawing simple 2D screen
DEBUG: Drew unified screen in simple mode
DEBUG: Simple mode active - screen shows original 2D framebuffer view
DEBUG: Rendering MediaScreen Video Screen (istockphoto-482277170-640_adpp_is.mp4) with texture 3
DEBUG: Rendering screen Video Screen (istockphoto-482277170-640_adpp_is.mp4) of type screen_2d
DEBUG: Rendering MediaScreen Video Screen (istockphoto-482277170-640_adpp_is.mp4) with texture 3
DEBUG: ===== CANVAS update_sphere_view_vector() CALLED =====
DEBUG: Canvas syncing view_vector with sphere vector_direction: [1. 0. 0.]
DEBUG: Normalized view_vector: [1. 0. 0.]
DEBUG: Red vector direction: [1. 0. 0.]
DEBUG: Normalized view vector: [1.000, 0.000, 0.000]
DEBUG: Red cube position: [2. 0. 2.]
DEBUG: Expected direction to cube: [0.70710678 0.         0.70710678]
DEBUG: Actual view vector: [1. 0. 0.]
DEBUG: Dot product: 0.707
DEBUG: ⚠️ WARNING: View vector not pointing toward cube!
DEBUG: Consider setting vector direction to point toward cube
DEBUG: Suggested vector direction: [2.12132034 0.         2.12132034]
DEBUG: Angle to cube: 45.0° (should be < 30° to be visible)
DEBUG: Cube direction: [0.707, 0.000, 0.707]
DEBUG: 2D screen using perspective projection - FOV: 60.0°
DEBUG: ===== SIMPLE MODE CAMERA SETUP =====
DEBUG: Simple mode sphere_pos: [0. 0. 0.]
DEBUG: Simple mode view_dir: [1. 0. 0.]
DEBUG: Simple mode look_at: [10.  0.  0.]
DEBUG: Cube position: [2. 0. 2.]
DEBUG: Direction to cube: [0.70710678 0.         0.70710678]
DEBUG: View direction: [1. 0. 0.]
DEBUG: Angle between view and cube direction: 45.0° (should be close to 0°)
DEBUG: Are we looking toward cube? False
DEBUG: ==============================================
DEBUG: ===== SIMPLE MODE CUBE ROTATION =====
DEBUG: Simple mode applying cube rotation: [0.0°, 0.0°, 0.0°]
DEBUG: =========================================
DEBUG: Simple 2D screen rendered - reference objects disabled to prevent yellow box artifact
DEBUG: Using perspective projection - FOV: 60.0°
DEBUG: Canvas mode: 'simple', Sphere mode: 'simple'
DEBUG: Sphere screen render check - canvas_enabled: True, canvas_mode: simple, sphere_enabled: True, should_render: False
DEBUG: Sphere skipping screen render (canvas mode: simple)
DEBUG: ===== SIMPLE MODE CUBE ROTATION =====
DEBUG: Simple mode applying cube rotation: [0.0°, 0.0°, 0.0°]
DEBUG: =========================================
DEBUG: ===== CANVAS draw_unified_screen() CALLED =====
DEBUG: screen_enabled: True, screen_render_mode: simple
DEBUG: Canvas drawing simple 2D screen
DEBUG: Drew unified screen in simple mode
DEBUG: Simple mode active - screen shows original 2D framebuffer view
DEBUG: Rendering 2 screens
DEBUG: Rendering screen Original 2D Screen of type screen_2d
DEBUG: ===== SIMPLE MODE CUBE ROTATION =====
DEBUG: Simple mode applying cube rotation: [0.0°, 0.0°, 0.0°]
DEBUG: =========================================
DEBUG: ===== CANVAS draw_unified_screen() CALLED =====
DEBUG: screen_enabled: True, screen_render_mode: simple
DEBUG: Canvas drawing simple 2D screen
DEBUG: Drew unified screen in simple mode
DEBUG: Simple mode active - screen shows original 2D framebuffer view
DEBUG: Rendering MediaScreen Video Screen (istockphoto-482277170-640_adpp_is.mp4) with texture 3
DEBUG: Rendering screen Video Screen (istockphoto-482277170-640_adpp_is.mp4) of type screen_2d
DEBUG: Rendering MediaScreen Video Screen (istockphoto-482277170-640_adpp_is.mp4) with texture 3
DEBUG: ===== CANVAS update_sphere_view_vector() CALLED =====
DEBUG: Canvas syncing view_vector with sphere vector_direction: [1. 0. 0.]
DEBUG: Normalized view_vector: [1. 0. 0.]
DEBUG: Red vector direction: [1. 0. 0.]
DEBUG: Normalized view vector: [1.000, 0.000, 0.000]
DEBUG: Red cube position: [2. 0. 2.]
DEBUG: Expected direction to cube: [0.70710678 0.         0.70710678]
DEBUG: Actual view vector: [1. 0. 0.]
DEBUG: Dot product: 0.707
DEBUG: ⚠️ WARNING: View vector not pointing toward cube!
DEBUG: Consider setting vector direction to point toward cube
DEBUG: Suggested vector direction: [2.12132034 0.         2.12132034]
DEBUG: Angle to cube: 45.0° (should be < 30° to be visible)
DEBUG: Cube direction: [0.707, 0.000, 0.707]
DEBUG: 2D screen using perspective projection - FOV: 60.0°
DEBUG: ===== SIMPLE MODE CAMERA SETUP =====
DEBUG: Simple mode sphere_pos: [0. 0. 0.]
DEBUG: Simple mode view_dir: [1. 0. 0.]
DEBUG: Simple mode look_at: [10.  0.  0.]
DEBUG: Cube position: [2. 0. 2.]
DEBUG: Direction to cube: [0.70710678 0.         0.70710678]
DEBUG: View direction: [1. 0. 0.]
DEBUG: Angle between view and cube direction: 45.0° (should be close to 0°)
DEBUG: Are we looking toward cube? False
DEBUG: ==============================================
DEBUG: ===== SIMPLE MODE CUBE ROTATION =====
DEBUG: Simple mode applying cube rotation: [0.0°, 0.0°, 0.0°]
DEBUG: =========================================
DEBUG: Simple 2D screen rendered - reference objects disabled to prevent yellow box artifact
DEBUG: Using perspective projection - FOV: 60.0°
DEBUG: Canvas mode: 'simple', Sphere mode: 'simple'
DEBUG: Sphere screen render check - canvas_enabled: True, canvas_mode: simple, sphere_enabled: True, should_render: False
DEBUG: Sphere skipping screen render (canvas mode: simple)
DEBUG: ===== SIMPLE MODE CUBE ROTATION =====
DEBUG: Simple mode applying cube rotation: [0.0°, 0.0°, 0.0°]
DEBUG: =========================================
DEBUG: ===== CANVAS draw_unified_screen() CALLED =====
DEBUG: screen_enabled: True, screen_render_mode: simple
DEBUG: Canvas drawing simple 2D screen
DEBUG: Drew unified screen in simple mode
DEBUG: Simple mode active - screen shows original 2D framebuffer view
DEBUG: Rendering 2 screens
DEBUG: Rendering screen Original 2D Screen of type screen_2d
DEBUG: ===== SIMPLE MODE CUBE ROTATION =====
DEBUG: Simple mode applying cube rotation: [0.0°, 0.0°, 0.0°]
DEBUG: =========================================
DEBUG: ===== CANVAS draw_unified_screen() CALLED =====
DEBUG: screen_enabled: True, screen_render_mode: simple
DEBUG: Canvas drawing simple 2D screen
DEBUG: Drew unified screen in simple mode
DEBUG: Simple mode active - screen shows original 2D framebuffer view
DEBUG: Rendering MediaScreen Video Screen (istockphoto-482277170-640_adpp_is.mp4) with texture 3
DEBUG: Rendering screen Video Screen (istockphoto-482277170-640_adpp_is.mp4) of type screen_2d
DEBUG: Rendering MediaScreen Video Screen (istockphoto-482277170-640_adpp_is.mp4) with texture 3
DEBUG: Frame 300, audio: 10.00s, video: 10.00s, sync diff: 0.003s
DEBUG: ===== CANVAS update_sphere_view_vector() CALLED =====
DEBUG: Canvas syncing view_vector with sphere vector_direction: [1. 0. 0.]
DEBUG: Normalized view_vector: [1. 0. 0.]
DEBUG: Red vector direction: [1. 0. 0.]
DEBUG: Normalized view vector: [1.000, 0.000, 0.000]
DEBUG: Red cube position: [2. 0. 2.]
DEBUG: Expected direction to cube: [0.70710678 0.         0.70710678]
DEBUG: Actual view vector: [1. 0. 0.]
DEBUG: Dot product: 0.707
DEBUG: ⚠️ WARNING: View vector not pointing toward cube!
DEBUG: Consider setting vector direction to point toward cube
DEBUG: Suggested vector direction: [2.12132034 0.         2.12132034]
DEBUG: Angle to cube: 45.0° (should be < 30° to be visible)
DEBUG: Cube direction: [0.707, 0.000, 0.707]
DEBUG: 2D screen using perspective projection - FOV: 60.0°
DEBUG: ===== SIMPLE MODE CAMERA SETUP =====
DEBUG: Simple mode sphere_pos: [0. 0. 0.]
DEBUG: Simple mode view_dir: [1. 0. 0.]
DEBUG: Simple mode look_at: [10.  0.  0.]
DEBUG: Cube position: [2. 0. 2.]
DEBUG: Direction to cube: [0.70710678 0.         0.70710678]
DEBUG: View direction: [1. 0. 0.]
DEBUG: Angle between view and cube direction: 45.0° (should be close to 0°)
DEBUG: Are we looking toward cube? False
DEBUG: ==============================================
DEBUG: ===== SIMPLE MODE CUBE ROTATION =====
DEBUG: Simple mode applying cube rotation: [0.0°, 0.0°, 0.0°]
DEBUG: =========================================
DEBUG: Simple 2D screen rendered - reference objects disabled to prevent yellow box artifact
DEBUG: Using perspective projection - FOV: 60.0°
DEBUG: Canvas mode: 'simple', Sphere mode: 'simple'
DEBUG: Sphere screen render check - canvas_enabled: True, canvas_mode: simple, sphere_enabled: True, should_render: False
DEBUG: Sphere skipping screen render (canvas mode: simple)
DEBUG: ===== SIMPLE MODE CUBE ROTATION =====
DEBUG: Simple mode applying cube rotation: [0.0°, 0.0°, 0.0°]
DEBUG: =========================================
DEBUG: ===== CANVAS draw_unified_screen() CALLED =====
DEBUG: screen_enabled: True, screen_render_mode: simple
DEBUG: Canvas drawing simple 2D screen
DEBUG: Drew unified screen in simple mode
DEBUG: Simple mode active - screen shows original 2D framebuffer view
DEBUG: Rendering 2 screens
DEBUG: Rendering screen Original 2D Screen of type screen_2d
DEBUG: ===== SIMPLE MODE CUBE ROTATION =====
DEBUG: Simple mode applying cube rotation: [0.0°, 0.0°, 0.0°]
DEBUG: =========================================
DEBUG: ===== CANVAS draw_unified_screen() CALLED =====
DEBUG: screen_enabled: True, screen_render_mode: simple
DEBUG: Canvas drawing simple 2D screen
DEBUG: Drew unified screen in simple mode
DEBUG: Simple mode active - screen shows original 2D framebuffer view
DEBUG: Rendering MediaScreen Video Screen (istockphoto-482277170-640_adpp_is.mp4) with texture 3
DEBUG: Rendering screen Video Screen (istockphoto-482277170-640_adpp_is.mp4) of type screen_2d
DEBUG: Rendering MediaScreen Video Screen (istockphoto-482277170-640_adpp_is.mp4) with texture 3
DEBUG: ===== CANVAS update_sphere_view_vector() CALLED =====
DEBUG: Canvas syncing view_vector with sphere vector_direction: [1. 0. 0.]
DEBUG: Normalized view_vector: [1. 0. 0.]
DEBUG: Red vector direction: [1. 0. 0.]
DEBUG: Normalized view vector: [1.000, 0.000, 0.000]
DEBUG: Red cube position: [2. 0. 2.]
DEBUG: Expected direction to cube: [0.70710678 0.         0.70710678]
DEBUG: Actual view vector: [1. 0. 0.]
DEBUG: Dot product: 0.707
DEBUG: ⚠️ WARNING: View vector not pointing toward cube!
DEBUG: Consider setting vector direction to point toward cube
DEBUG: Suggested vector direction: [2.12132034 0.         2.12132034]
DEBUG: Angle to cube: 45.0° (should be < 30° to be visible)
DEBUG: Cube direction: [0.707, 0.000, 0.707]
DEBUG: 2D screen using perspective projection - FOV: 60.0°
DEBUG: ===== SIMPLE MODE CAMERA SETUP =====
DEBUG: Simple mode sphere_pos: [0. 0. 0.]
DEBUG: Simple mode view_dir: [1. 0. 0.]
DEBUG: Simple mode look_at: [10.  0.  0.]
DEBUG: Cube position: [2. 0. 2.]
DEBUG: Direction to cube: [0.70710678 0.         0.70710678]
DEBUG: View direction: [1. 0. 0.]
DEBUG: Angle between view and cube direction: 45.0° (should be close to 0°)
DEBUG: Are we looking toward cube? False
DEBUG: ==============================================
DEBUG: ===== SIMPLE MODE CUBE ROTATION =====
DEBUG: Simple mode applying cube rotation: [0.0°, 0.0°, 0.0°]
DEBUG: =========================================
DEBUG: Simple 2D screen rendered - reference objects disabled to prevent yellow box artifact
DEBUG: Using perspective projection - FOV: 60.0°
DEBUG: Canvas mode: 'simple', Sphere mode: 'simple'
DEBUG: Sphere screen render check - canvas_enabled: True, canvas_mode: simple, sphere_enabled: True, should_render: False
DEBUG: Sphere skipping screen render (canvas mode: simple)
DEBUG: ===== SIMPLE MODE CUBE ROTATION =====
DEBUG: Simple mode applying cube rotation: [0.0°, 0.0°, 0.0°]
DEBUG: =========================================
DEBUG: ===== CANVAS draw_unified_screen() CALLED =====
DEBUG: screen_enabled: True, screen_render_mode: simple
DEBUG: Canvas drawing simple 2D screen
DEBUG: Drew unified screen in simple mode
DEBUG: Simple mode active - screen shows original 2D framebuffer view
DEBUG: Rendering 2 screens
DEBUG: Rendering screen Original 2D Screen of type screen_2d
DEBUG: ===== SIMPLE MODE CUBE ROTATION =====
DEBUG: Simple mode applying cube rotation: [0.0°, 0.0°, 0.0°]
DEBUG: =========================================
DEBUG: ===== CANVAS draw_unified_screen() CALLED =====
DEBUG: screen_enabled: True, screen_render_mode: simple
DEBUG: Canvas drawing simple 2D screen
DEBUG: Drew unified screen in simple mode
DEBUG: Simple mode active - screen shows original 2D framebuffer view
DEBUG: Rendering MediaScreen Video Screen (istockphoto-482277170-640_adpp_is.mp4) with texture 3
DEBUG: Rendering screen Video Screen (istockphoto-482277170-640_adpp_is.mp4) of type screen_2d
DEBUG: Rendering MediaScreen Video Screen (istockphoto-482277170-640_adpp_is.mp4) with texture 3
DEBUG: ===== CANVAS update_sphere_view_vector() CALLED =====
DEBUG: Canvas syncing view_vector with sphere vector_direction: [1. 0. 0.]
DEBUG: Normalized view_vector: [1. 0. 0.]
DEBUG: Red vector direction: [1. 0. 0.]
DEBUG: Normalized view vector: [1.000, 0.000, 0.000]
DEBUG: Red cube position: [2. 0. 2.]
DEBUG: Expected direction to cube: [0.70710678 0.         0.70710678]
DEBUG: Actual view vector: [1. 0. 0.]
DEBUG: Dot product: 0.707
DEBUG: ⚠️ WARNING: View vector not pointing toward cube!
DEBUG: Consider setting vector direction to point toward cube
DEBUG: Suggested vector direction: [2.12132034 0.         2.12132034]
DEBUG: Angle to cube: 45.0° (should be < 30° to be visible)
DEBUG: Cube direction: [0.707, 0.000, 0.707]
DEBUG: 2D screen using perspective projection - FOV: 60.0°
DEBUG: ===== SIMPLE MODE CAMERA SETUP =====
DEBUG: Simple mode sphere_pos: [0. 0. 0.]
DEBUG: Simple mode view_dir: [1. 0. 0.]
DEBUG: Simple mode look_at: [10.  0.  0.]
DEBUG: Cube position: [2. 0. 2.]
DEBUG: Direction to cube: [0.70710678 0.         0.70710678]
DEBUG: View direction: [1. 0. 0.]
DEBUG: Angle between view and cube direction: 45.0° (should be close to 0°)
DEBUG: Are we looking toward cube? False
DEBUG: ==============================================
DEBUG: ===== SIMPLE MODE CUBE ROTATION =====
DEBUG: Simple mode applying cube rotation: [0.0°, 0.0°, 0.0°]
DEBUG: =========================================
DEBUG: Simple 2D screen rendered - reference objects disabled to prevent yellow box artifact
DEBUG: Using perspective projection - FOV: 60.0°
DEBUG: Canvas mode: 'simple', Sphere mode: 'simple'
DEBUG: Sphere screen render check - canvas_enabled: True, canvas_mode: simple, sphere_enabled: True, should_render: False
DEBUG: Sphere skipping screen render (canvas mode: simple)
DEBUG: ===== SIMPLE MODE CUBE ROTATION =====
DEBUG: Simple mode applying cube rotation: [0.0°, 0.0°, 0.0°]
DEBUG: =========================================
DEBUG: ===== CANVAS draw_unified_screen() CALLED =====
DEBUG: screen_enabled: True, screen_render_mode: simple
DEBUG: Canvas drawing simple 2D screen
DEBUG: Drew unified screen in simple mode
DEBUG: Simple mode active - screen shows original 2D framebuffer view
DEBUG: Rendering 2 screens
DEBUG: Rendering screen Original 2D Screen of type screen_2d
DEBUG: ===== SIMPLE MODE CUBE ROTATION =====
DEBUG: Simple mode applying cube rotation: [0.0°, 0.0°, 0.0°]
DEBUG: =========================================
DEBUG: ===== CANVAS draw_unified_screen() CALLED =====
DEBUG: screen_enabled: True, screen_render_mode: simple
DEBUG: Canvas drawing simple 2D screen
DEBUG: Drew unified screen in simple mode
DEBUG: Simple mode active - screen shows original 2D framebuffer view
DEBUG: Rendering MediaScreen Video Screen (istockphoto-482277170-640_adpp_is.mp4) with texture 3
DEBUG: Rendering screen Video Screen (istockphoto-482277170-640_adpp_is.mp4) of type screen_2d
DEBUG: Rendering MediaScreen Video Screen (istockphoto-482277170-640_adpp_is.mp4) with texture 3
DEBUG: ===== CANVAS update_sphere_view_vector() CALLED =====
DEBUG: Canvas syncing view_vector with sphere vector_direction: [1. 0. 0.]
DEBUG: Normalized view_vector: [1. 0. 0.]
DEBUG: Red vector direction: [1. 0. 0.]
DEBUG: Normalized view vector: [1.000, 0.000, 0.000]
DEBUG: Red cube position: [2. 0. 2.]
DEBUG: Expected direction to cube: [0.70710678 0.         0.70710678]
DEBUG: Actual view vector: [1. 0. 0.]
DEBUG: Dot product: 0.707
DEBUG: ⚠️ WARNING: View vector not pointing toward cube!
DEBUG: Consider setting vector direction to point toward cube
DEBUG: Suggested vector direction: [2.12132034 0.         2.12132034]
DEBUG: Angle to cube: 45.0° (should be < 30° to be visible)
DEBUG: Cube direction: [0.707, 0.000, 0.707]
DEBUG: 2D screen using perspective projection - FOV: 60.0°
DEBUG: ===== SIMPLE MODE CAMERA SETUP =====
DEBUG: Simple mode sphere_pos: [0. 0. 0.]
DEBUG: Simple mode view_dir: [1. 0. 0.]
DEBUG: Simple mode look_at: [10.  0.  0.]
DEBUG: Cube position: [2. 0. 2.]
DEBUG: Direction to cube: [0.70710678 0.         0.70710678]
DEBUG: View direction: [1. 0. 0.]
DEBUG: Angle between view and cube direction: 45.0° (should be close to 0°)
DEBUG: Are we looking toward cube? False
DEBUG: ==============================================
DEBUG: ===== SIMPLE MODE CUBE ROTATION =====
DEBUG: Simple mode applying cube rotation: [0.0°, 0.0°, 0.0°]
DEBUG: =========================================
DEBUG: Simple 2D screen rendered - reference objects disabled to prevent yellow box artifact
DEBUG: Using perspective projection - FOV: 60.0°
DEBUG: Canvas mode: 'simple', Sphere mode: 'simple'
DEBUG: Sphere screen render check - canvas_enabled: True, canvas_mode: simple, sphere_enabled: True, should_render: False
DEBUG: Sphere skipping screen render (canvas mode: simple)
DEBUG: ===== SIMPLE MODE CUBE ROTATION =====
DEBUG: Simple mode applying cube rotation: [0.0°, 0.0°, 0.0°]
DEBUG: =========================================
DEBUG: ===== CANVAS draw_unified_screen() CALLED =====
DEBUG: screen_enabled: True, screen_render_mode: simple
DEBUG: Canvas drawing simple 2D screen
DEBUG: Drew unified screen in simple mode
DEBUG: Simple mode active - screen shows original 2D framebuffer view
DEBUG: Rendering 2 screens
DEBUG: Rendering screen Original 2D Screen of type screen_2d
DEBUG: ===== SIMPLE MODE CUBE ROTATION =====
DEBUG: Simple mode applying cube rotation: [0.0°, 0.0°, 0.0°]
DEBUG: =========================================
DEBUG: ===== CANVAS draw_unified_screen() CALLED =====
DEBUG: screen_enabled: True, screen_render_mode: simple
DEBUG: Canvas drawing simple 2D screen
DEBUG: Drew unified screen in simple mode
DEBUG: Simple mode active - screen shows original 2D framebuffer view
DEBUG: Rendering MediaScreen Video Screen (istockphoto-482277170-640_adpp_is.mp4) with texture 3
DEBUG: Rendering screen Video Screen (istockphoto-482277170-640_adpp_is.mp4) of type screen_2d
DEBUG: Rendering MediaScreen Video Screen (istockphoto-482277170-640_adpp_is.mp4) with texture 3
DEBUG: ===== CANVAS update_sphere_view_vector() CALLED =====
DEBUG: Canvas syncing view_vector with sphere vector_direction: [1. 0. 0.]
DEBUG: Normalized view_vector: [1. 0. 0.]
DEBUG: Red vector direction: [1. 0. 0.]
DEBUG: Normalized view vector: [1.000, 0.000, 0.000]
DEBUG: Red cube position: [2. 0. 2.]
DEBUG: Expected direction to cube: [0.70710678 0.         0.70710678]
DEBUG: Actual view vector: [1. 0. 0.]
DEBUG: Dot product: 0.707
DEBUG: ⚠️ WARNING: View vector not pointing toward cube!
DEBUG: Consider setting vector direction to point toward cube
DEBUG: Suggested vector direction: [2.12132034 0.         2.12132034]
DEBUG: Angle to cube: 45.0° (should be < 30° to be visible)
DEBUG: Cube direction: [0.707, 0.000, 0.707]
DEBUG: 2D screen using perspective projection - FOV: 60.0°
DEBUG: ===== SIMPLE MODE CAMERA SETUP =====
DEBUG: Simple mode sphere_pos: [0. 0. 0.]
DEBUG: Simple mode view_dir: [1. 0. 0.]
DEBUG: Simple mode look_at: [10.  0.  0.]
DEBUG: Cube position: [2. 0. 2.]
DEBUG: Direction to cube: [0.70710678 0.         0.70710678]
DEBUG: View direction: [1. 0. 0.]
DEBUG: Angle between view and cube direction: 45.0° (should be close to 0°)
DEBUG: Are we looking toward cube? False
DEBUG: ==============================================
DEBUG: ===== SIMPLE MODE CUBE ROTATION =====
DEBUG: Simple mode applying cube rotation: [0.0°, 0.0°, 0.0°]
DEBUG: =========================================
DEBUG: Simple 2D screen rendered - reference objects disabled to prevent yellow box artifact
DEBUG: Using perspective projection - FOV: 60.0°
DEBUG: Canvas mode: 'simple', Sphere mode: 'simple'
DEBUG: Sphere screen render check - canvas_enabled: True, canvas_mode: simple, sphere_enabled: True, should_render: False
DEBUG: Sphere skipping screen render (canvas mode: simple)
DEBUG: ===== SIMPLE MODE CUBE ROTATION =====
DEBUG: Simple mode applying cube rotation: [0.0°, 0.0°, 0.0°]
DEBUG: =========================================
DEBUG: ===== CANVAS draw_unified_screen() CALLED =====
DEBUG: screen_enabled: True, screen_render_mode: simple
DEBUG: Canvas drawing simple 2D screen
DEBUG: Drew unified screen in simple mode
DEBUG: Simple mode active - screen shows original 2D framebuffer view
DEBUG: Rendering 2 screens
DEBUG: Rendering screen Original 2D Screen of type screen_2d
DEBUG: ===== SIMPLE MODE CUBE ROTATION =====
DEBUG: Simple mode applying cube rotation: [0.0°, 0.0°, 0.0°]
DEBUG: =========================================
DEBUG: ===== CANVAS draw_unified_screen() CALLED =====
DEBUG: screen_enabled: True, screen_render_mode: simple
DEBUG: Canvas drawing simple 2D screen
DEBUG: Drew unified screen in simple mode
DEBUG: Simple mode active - screen shows original 2D framebuffer view
DEBUG: Rendering MediaScreen Video Screen (istockphoto-482277170-640_adpp_is.mp4) with texture 3
DEBUG: Rendering screen Video Screen (istockphoto-482277170-640_adpp_is.mp4) of type screen_2d
DEBUG: Rendering MediaScreen Video Screen (istockphoto-482277170-640_adpp_is.mp4) with texture 3
DEBUG: ===== CANVAS update_sphere_view_vector() CALLED =====
DEBUG: Canvas syncing view_vector with sphere vector_direction: [1. 0. 0.]
DEBUG: Normalized view_vector: [1. 0. 0.]
DEBUG: Red vector direction: [1. 0. 0.]
DEBUG: Normalized view vector: [1.000, 0.000, 0.000]
DEBUG: Red cube position: [2. 0. 2.]
DEBUG: Expected direction to cube: [0.70710678 0.         0.70710678]
DEBUG: Actual view vector: [1. 0. 0.]
DEBUG: Dot product: 0.707
DEBUG: ⚠️ WARNING: View vector not pointing toward cube!
DEBUG: Consider setting vector direction to point toward cube
DEBUG: Suggested vector direction: [2.12132034 0.         2.12132034]
DEBUG: Angle to cube: 45.0° (should be < 30° to be visible)
DEBUG: Cube direction: [0.707, 0.000, 0.707]
DEBUG: 2D screen using perspective projection - FOV: 60.0°
DEBUG: ===== SIMPLE MODE CAMERA SETUP =====
DEBUG: Simple mode sphere_pos: [0. 0. 0.]
DEBUG: Simple mode view_dir: [1. 0. 0.]
DEBUG: Simple mode look_at: [10.  0.  0.]
DEBUG: Cube position: [2. 0. 2.]
DEBUG: Direction to cube: [0.70710678 0.         0.70710678]
DEBUG: View direction: [1. 0. 0.]
DEBUG: Angle between view and cube direction: 45.0° (should be close to 0°)
DEBUG: Are we looking toward cube? False
DEBUG: ==============================================
DEBUG: ===== SIMPLE MODE CUBE ROTATION =====
DEBUG: Simple mode applying cube rotation: [0.0°, 0.0°, 0.0°]
DEBUG: =========================================
DEBUG: Simple 2D screen rendered - reference objects disabled to prevent yellow box artifact
DEBUG: Using perspective projection - FOV: 60.0°
DEBUG: Canvas mode: 'simple', Sphere mode: 'simple'
DEBUG: Sphere screen render check - canvas_enabled: True, canvas_mode: simple, sphere_enabled: True, should_render: False
DEBUG: Sphere skipping screen render (canvas mode: simple)
DEBUG: ===== SIMPLE MODE CUBE ROTATION =====
DEBUG: Simple mode applying cube rotation: [0.0°, 0.0°, 0.0°]
DEBUG: =========================================
DEBUG: ===== CANVAS draw_unified_screen() CALLED =====
DEBUG: screen_enabled: True, screen_render_mode: simple
DEBUG: Canvas drawing simple 2D screen
DEBUG: Drew unified screen in simple mode
DEBUG: Simple mode active - screen shows original 2D framebuffer view
DEBUG: Rendering 2 screens
DEBUG: Rendering screen Original 2D Screen of type screen_2d
DEBUG: ===== SIMPLE MODE CUBE ROTATION =====
DEBUG: Simple mode applying cube rotation: [0.0°, 0.0°, 0.0°]
DEBUG: =========================================
DEBUG: ===== CANVAS draw_unified_screen() CALLED =====
DEBUG: screen_enabled: True, screen_render_mode: simple
DEBUG: Canvas drawing simple 2D screen
DEBUG: Drew unified screen in simple mode
DEBUG: Simple mode active - screen shows original 2D framebuffer view
DEBUG: Rendering MediaScreen Video Screen (istockphoto-482277170-640_adpp_is.mp4) with texture 3
DEBUG: Rendering screen Video Screen (istockphoto-482277170-640_adpp_is.mp4) of type screen_2d
DEBUG: Rendering MediaScreen Video Screen (istockphoto-482277170-640_adpp_is.mp4) with texture 3
DEBUG: ===== CANVAS update_sphere_view_vector() CALLED =====
DEBUG: Canvas syncing view_vector with sphere vector_direction: [1. 0. 0.]
DEBUG: Normalized view_vector: [1. 0. 0.]
DEBUG: Red vector direction: [1. 0. 0.]
DEBUG: Normalized view vector: [1.000, 0.000, 0.000]
DEBUG: Red cube position: [2. 0. 2.]
DEBUG: Expected direction to cube: [0.70710678 0.         0.70710678]
DEBUG: Actual view vector: [1. 0. 0.]
DEBUG: Dot product: 0.707
DEBUG: ⚠️ WARNING: View vector not pointing toward cube!
DEBUG: Consider setting vector direction to point toward cube
DEBUG: Suggested vector direction: [2.12132034 0.         2.12132034]
DEBUG: Angle to cube: 45.0° (should be < 30° to be visible)
DEBUG: Cube direction: [0.707, 0.000, 0.707]
DEBUG: 2D screen using perspective projection - FOV: 60.0°
DEBUG: ===== SIMPLE MODE CAMERA SETUP =====
DEBUG: Simple mode sphere_pos: [0. 0. 0.]
DEBUG: Simple mode view_dir: [1. 0. 0.]
DEBUG: Simple mode look_at: [10.  0.  0.]
DEBUG: Cube position: [2. 0. 2.]
DEBUG: Direction to cube: [0.70710678 0.         0.70710678]
DEBUG: View direction: [1. 0. 0.]
DEBUG: Angle between view and cube direction: 45.0° (should be close to 0°)
DEBUG: Are we looking toward cube? False
DEBUG: ==============================================
DEBUG: ===== SIMPLE MODE CUBE ROTATION =====
DEBUG: Simple mode applying cube rotation: [0.0°, 0.0°, 0.0°]
DEBUG: =========================================
DEBUG: Simple 2D screen rendered - reference objects disabled to prevent yellow box artifact
DEBUG: Using perspective projection - FOV: 60.0°
DEBUG: Canvas mode: 'simple', Sphere mode: 'simple'
DEBUG: Sphere screen render check - canvas_enabled: True, canvas_mode: simple, sphere_enabled: True, should_render: False
DEBUG: Sphere skipping screen render (canvas mode: simple)
DEBUG: ===== SIMPLE MODE CUBE ROTATION =====
DEBUG: Simple mode applying cube rotation: [0.0°, 0.0°, 0.0°]
DEBUG: =========================================
DEBUG: ===== CANVAS draw_unified_screen() CALLED =====
DEBUG: screen_enabled: True, screen_render_mode: simple
DEBUG: Canvas drawing simple 2D screen
DEBUG: Drew unified screen in simple mode
DEBUG: Simple mode active - screen shows original 2D framebuffer view
DEBUG: Rendering 2 screens
DEBUG: Rendering screen Original 2D Screen of type screen_2d
DEBUG: ===== SIMPLE MODE CUBE ROTATION =====
DEBUG: Simple mode applying cube rotation: [0.0°, 0.0°, 0.0°]
DEBUG: =========================================
DEBUG: ===== CANVAS draw_unified_screen() CALLED =====
DEBUG: screen_enabled: True, screen_render_mode: simple
DEBUG: Canvas drawing simple 2D screen
DEBUG: Drew unified screen in simple mode
DEBUG: Simple mode active - screen shows original 2D framebuffer view
DEBUG: Rendering MediaScreen Video Screen (istockphoto-482277170-640_adpp_is.mp4) with texture 3
DEBUG: Rendering screen Video Screen (istockphoto-482277170-640_adpp_is.mp4) of type screen_2d
DEBUG: Rendering MediaScreen Video Screen (istockphoto-482277170-640_adpp_is.mp4) with texture 3
DEBUG: ===== CANVAS update_sphere_view_vector() CALLED =====
DEBUG: Canvas syncing view_vector with sphere vector_direction: [1. 0. 0.]
DEBUG: Normalized view_vector: [1. 0. 0.]
DEBUG: Red vector direction: [1. 0. 0.]
DEBUG: Normalized view vector: [1.000, 0.000, 0.000]
DEBUG: Red cube position: [2. 0. 2.]
DEBUG: Expected direction to cube: [0.70710678 0.         0.70710678]
DEBUG: Actual view vector: [1. 0. 0.]
DEBUG: Dot product: 0.707
DEBUG: ⚠️ WARNING: View vector not pointing toward cube!
DEBUG: Consider setting vector direction to point toward cube
DEBUG: Suggested vector direction: [2.12132034 0.         2.12132034]
DEBUG: Angle to cube: 45.0° (should be < 30° to be visible)
DEBUG: Cube direction: [0.707, 0.000, 0.707]
DEBUG: 2D screen using perspective projection - FOV: 60.0°
DEBUG: ===== SIMPLE MODE CAMERA SETUP =====
DEBUG: Simple mode sphere_pos: [0. 0. 0.]
DEBUG: Simple mode view_dir: [1. 0. 0.]
DEBUG: Simple mode look_at: [10.  0.  0.]
DEBUG: Cube position: [2. 0. 2.]
DEBUG: Direction to cube: [0.70710678 0.         0.70710678]
DEBUG: View direction: [1. 0. 0.]
DEBUG: Angle between view and cube direction: 45.0° (should be close to 0°)
DEBUG: Are we looking toward cube? False
DEBUG: ==============================================
DEBUG: ===== SIMPLE MODE CUBE ROTATION =====
DEBUG: Simple mode applying cube rotation: [0.0°, 0.0°, 0.0°]
DEBUG: =========================================
DEBUG: Simple 2D screen rendered - reference objects disabled to prevent yellow box artifact
DEBUG: Using perspective projection - FOV: 60.0°
DEBUG: Canvas mode: 'simple', Sphere mode: 'simple'
DEBUG: Sphere screen render check - canvas_enabled: True, canvas_mode: simple, sphere_enabled: True, should_render: False
DEBUG: Sphere skipping screen render (canvas mode: simple)
DEBUG: ===== SIMPLE MODE CUBE ROTATION =====
DEBUG: Simple mode applying cube rotation: [0.0°, 0.0°, 0.0°]
DEBUG: =========================================
DEBUG: ===== CANVAS draw_unified_screen() CALLED =====
DEBUG: screen_enabled: True, screen_render_mode: simple
DEBUG: Canvas drawing simple 2D screen
DEBUG: Drew unified screen in simple mode
DEBUG: Simple mode active - screen shows original 2D framebuffer view
DEBUG: Rendering 2 screens
DEBUG: Rendering screen Original 2D Screen of type screen_2d
DEBUG: ===== SIMPLE MODE CUBE ROTATION =====
DEBUG: Simple mode applying cube rotation: [0.0°, 0.0°, 0.0°]
DEBUG: =========================================
DEBUG: ===== CANVAS draw_unified_screen() CALLED =====
DEBUG: screen_enabled: True, screen_render_mode: simple
DEBUG: Canvas drawing simple 2D screen
DEBUG: Drew unified screen in simple mode
DEBUG: Simple mode active - screen shows original 2D framebuffer view
DEBUG: Rendering MediaScreen Video Screen (istockphoto-482277170-640_adpp_is.mp4) with texture 3
DEBUG: Rendering screen Video Screen (istockphoto-482277170-640_adpp_is.mp4) of type screen_2d
DEBUG: Rendering MediaScreen Video Screen (istockphoto-482277170-640_adpp_is.mp4) with texture 3
DEBUG: ===== CANVAS update_sphere_view_vector() CALLED =====
DEBUG: Canvas syncing view_vector with sphere vector_direction: [1. 0. 0.]
DEBUG: Normalized view_vector: [1. 0. 0.]
DEBUG: Red vector direction: [1. 0. 0.]
DEBUG: Normalized view vector: [1.000, 0.000, 0.000]
DEBUG: Red cube position: [2. 0. 2.]
DEBUG: Expected direction to cube: [0.70710678 0.         0.70710678]
DEBUG: Actual view vector: [1. 0. 0.]
DEBUG: Dot product: 0.707
DEBUG: ⚠️ WARNING: View vector not pointing toward cube!
DEBUG: Consider setting vector direction to point toward cube
DEBUG: Suggested vector direction: [2.12132034 0.         2.12132034]
DEBUG: Angle to cube: 45.0° (should be < 30° to be visible)
DEBUG: Cube direction: [0.707, 0.000, 0.707]
DEBUG: 2D screen using perspective projection - FOV: 60.0°
DEBUG: ===== SIMPLE MODE CAMERA SETUP =====
DEBUG: Simple mode sphere_pos: [0. 0. 0.]
DEBUG: Simple mode view_dir: [1. 0. 0.]
DEBUG: Simple mode look_at: [10.  0.  0.]
DEBUG: Cube position: [2. 0. 2.]
DEBUG: Direction to cube: [0.70710678 0.         0.70710678]
DEBUG: View direction: [1. 0. 0.]
DEBUG: Angle between view and cube direction: 45.0° (should be close to 0°)
DEBUG: Are we looking toward cube? False
DEBUG: ==============================================
DEBUG: ===== SIMPLE MODE CUBE ROTATION =====
DEBUG: Simple mode applying cube rotation: [0.0°, 0.0°, 0.0°]
DEBUG: =========================================
DEBUG: Simple 2D screen rendered - reference objects disabled to prevent yellow box artifact
DEBUG: Using perspective projection - FOV: 60.0°
DEBUG: Canvas mode: 'simple', Sphere mode: 'simple'
DEBUG: Sphere screen render check - canvas_enabled: True, canvas_mode: simple, sphere_enabled: True, should_render: False
DEBUG: Sphere skipping screen render (canvas mode: simple)
DEBUG: ===== SIMPLE MODE CUBE ROTATION =====
DEBUG: Simple mode applying cube rotation: [0.0°, 0.0°, 0.0°]
DEBUG: =========================================
DEBUG: ===== CANVAS draw_unified_screen() CALLED =====
DEBUG: screen_enabled: True, screen_render_mode: simple
DEBUG: Canvas drawing simple 2D screen
DEBUG: Drew unified screen in simple mode
DEBUG: Simple mode active - screen shows original 2D framebuffer view
DEBUG: Rendering 2 screens
DEBUG: Rendering screen Original 2D Screen of type screen_2d
DEBUG: ===== SIMPLE MODE CUBE ROTATION =====
DEBUG: Simple mode applying cube rotation: [0.0°, 0.0°, 0.0°]
DEBUG: =========================================
DEBUG: ===== CANVAS draw_unified_screen() CALLED =====
DEBUG: screen_enabled: True, screen_render_mode: simple
DEBUG: Canvas drawing simple 2D screen
DEBUG: Drew unified screen in simple mode
DEBUG: Simple mode active - screen shows original 2D framebuffer view
DEBUG: Rendering MediaScreen Video Screen (istockphoto-482277170-640_adpp_is.mp4) with texture 3
DEBUG: Rendering screen Video Screen (istockphoto-482277170-640_adpp_is.mp4) of type screen_2d
DEBUG: Rendering MediaScreen Video Screen (istockphoto-482277170-640_adpp_is.mp4) with texture 3
DEBUG: ===== CANVAS update_sphere_view_vector() CALLED =====
DEBUG: Canvas syncing view_vector with sphere vector_direction: [1. 0. 0.]
DEBUG: Normalized view_vector: [1. 0. 0.]
DEBUG: Red vector direction: [1. 0. 0.]
DEBUG: Normalized view vector: [1.000, 0.000, 0.000]
DEBUG: Red cube position: [2. 0. 2.]
DEBUG: Expected direction to cube: [0.70710678 0.         0.70710678]
DEBUG: Actual view vector: [1. 0. 0.]
DEBUG: Dot product: 0.707
DEBUG: ⚠️ WARNING: View vector not pointing toward cube!
DEBUG: Consider setting vector direction to point toward cube
DEBUG: Suggested vector direction: [2.12132034 0.         2.12132034]
DEBUG: Angle to cube: 45.0° (should be < 30° to be visible)
DEBUG: Cube direction: [0.707, 0.000, 0.707]
DEBUG: 2D screen using perspective projection - FOV: 60.0°
DEBUG: ===== SIMPLE MODE CAMERA SETUP =====
DEBUG: Simple mode sphere_pos: [0. 0. 0.]
DEBUG: Simple mode view_dir: [1. 0. 0.]
DEBUG: Simple mode look_at: [10.  0.  0.]
DEBUG: Cube position: [2. 0. 2.]
DEBUG: Direction to cube: [0.70710678 0.         0.70710678]
DEBUG: View direction: [1. 0. 0.]
DEBUG: Angle between view and cube direction: 45.0° (should be close to 0°)
DEBUG: Are we looking toward cube? False
DEBUG: ==============================================
DEBUG: ===== SIMPLE MODE CUBE ROTATION =====
DEBUG: Simple mode applying cube rotation: [0.0°, 0.0°, 0.0°]
DEBUG: =========================================
DEBUG: Simple 2D screen rendered - reference objects disabled to prevent yellow box artifact
DEBUG: Using perspective projection - FOV: 60.0°
DEBUG: Canvas mode: 'simple', Sphere mode: 'simple'
DEBUG: Sphere screen render check - canvas_enabled: True, canvas_mode: simple, sphere_enabled: True, should_render: False
DEBUG: Sphere skipping screen render (canvas mode: simple)
DEBUG: ===== SIMPLE MODE CUBE ROTATION =====
DEBUG: Simple mode applying cube rotation: [0.0°, 0.0°, 0.0°]
DEBUG: =========================================
DEBUG: ===== CANVAS draw_unified_screen() CALLED =====
DEBUG: screen_enabled: True, screen_render_mode: simple
DEBUG: Canvas drawing simple 2D screen
DEBUG: Drew unified screen in simple mode
DEBUG: Simple mode active - screen shows original 2D framebuffer view
DEBUG: Rendering 2 screens
DEBUG: Rendering screen Original 2D Screen of type screen_2d
DEBUG: ===== SIMPLE MODE CUBE ROTATION =====
DEBUG: Simple mode applying cube rotation: [0.0°, 0.0°, 0.0°]
DEBUG: =========================================
DEBUG: ===== CANVAS draw_unified_screen() CALLED =====
DEBUG: screen_enabled: True, screen_render_mode: simple
DEBUG: Canvas drawing simple 2D screen
DEBUG: Drew unified screen in simple mode
DEBUG: Simple mode active - screen shows original 2D framebuffer view
DEBUG: Rendering MediaScreen Video Screen (istockphoto-482277170-640_adpp_is.mp4) with texture 3
DEBUG: Rendering screen Video Screen (istockphoto-482277170-640_adpp_is.mp4) of type screen_2d
DEBUG: Rendering MediaScreen Video Screen (istockphoto-482277170-640_adpp_is.mp4) with texture 3
DEBUG: ===== CANVAS update_sphere_view_vector() CALLED =====
DEBUG: Canvas syncing view_vector with sphere vector_direction: [1. 0. 0.]
DEBUG: Normalized view_vector: [1. 0. 0.]
DEBUG: Red vector direction: [1. 0. 0.]
DEBUG: Normalized view vector: [1.000, 0.000, 0.000]
DEBUG: Red cube position: [2. 0. 2.]
DEBUG: Expected direction to cube: [0.70710678 0.         0.70710678]
DEBUG: Actual view vector: [1. 0. 0.]
DEBUG: Dot product: 0.707
DEBUG: ⚠️ WARNING: View vector not pointing toward cube!
DEBUG: Consider setting vector direction to point toward cube
DEBUG: Suggested vector direction: [2.12132034 0.         2.12132034]
DEBUG: Angle to cube: 45.0° (should be < 30° to be visible)
DEBUG: Cube direction: [0.707, 0.000, 0.707]
DEBUG: 2D screen using perspective projection - FOV: 60.0°
DEBUG: ===== SIMPLE MODE CAMERA SETUP =====
DEBUG: Simple mode sphere_pos: [0. 0. 0.]
DEBUG: Simple mode view_dir: [1. 0. 0.]
DEBUG: Simple mode look_at: [10.  0.  0.]
DEBUG: Cube position: [2. 0. 2.]
DEBUG: Direction to cube: [0.70710678 0.         0.70710678]
DEBUG: View direction: [1. 0. 0.]
DEBUG: Angle between view and cube direction: 45.0° (should be close to 0°)
DEBUG: Are we looking toward cube? False
DEBUG: ==============================================
DEBUG: ===== SIMPLE MODE CUBE ROTATION =====
DEBUG: Simple mode applying cube rotation: [0.0°, 0.0°, 0.0°]
DEBUG: =========================================
DEBUG: Simple 2D screen rendered - reference objects disabled to prevent yellow box artifact
DEBUG: Using perspective projection - FOV: 60.0°
DEBUG: Canvas mode: 'simple', Sphere mode: 'simple'
DEBUG: Sphere screen render check - canvas_enabled: True, canvas_mode: simple, sphere_enabled: True, should_render: False
DEBUG: Sphere skipping screen render (canvas mode: simple)
DEBUG: ===== SIMPLE MODE CUBE ROTATION =====
DEBUG: Simple mode applying cube rotation: [0.0°, 0.0°, 0.0°]
DEBUG: =========================================
DEBUG: ===== CANVAS draw_unified_screen() CALLED =====
DEBUG: screen_enabled: True, screen_render_mode: simple
DEBUG: Canvas drawing simple 2D screen
DEBUG: Drew unified screen in simple mode
DEBUG: Simple mode active - screen shows original 2D framebuffer view
DEBUG: Rendering 2 screens
DEBUG: Rendering screen Original 2D Screen of type screen_2d
DEBUG: ===== SIMPLE MODE CUBE ROTATION =====
DEBUG: Simple mode applying cube rotation: [0.0°, 0.0°, 0.0°]
DEBUG: =========================================
DEBUG: ===== CANVAS draw_unified_screen() CALLED =====
DEBUG: screen_enabled: True, screen_render_mode: simple
DEBUG: Canvas drawing simple 2D screen
DEBUG: Drew unified screen in simple mode
DEBUG: Simple mode active - screen shows original 2D framebuffer view
DEBUG: Rendering MediaScreen Video Screen (istockphoto-482277170-640_adpp_is.mp4) with texture 3
DEBUG: Rendering screen Video Screen (istockphoto-482277170-640_adpp_is.mp4) of type screen_2d
DEBUG: Rendering MediaScreen Video Screen (istockphoto-482277170-640_adpp_is.mp4) with texture 3
DEBUG: ===== CANVAS update_sphere_view_vector() CALLED =====
DEBUG: Canvas syncing view_vector with sphere vector_direction: [1. 0. 0.]
DEBUG: Normalized view_vector: [1. 0. 0.]
DEBUG: Red vector direction: [1. 0. 0.]
DEBUG: Normalized view vector: [1.000, 0.000, 0.000]
DEBUG: Red cube position: [2. 0. 2.]
DEBUG: Expected direction to cube: [0.70710678 0.         0.70710678]
DEBUG: Actual view vector: [1. 0. 0.]
DEBUG: Dot product: 0.707
DEBUG: ⚠️ WARNING: View vector not pointing toward cube!
DEBUG: Consider setting vector direction to point toward cube
DEBUG: Suggested vector direction: [2.12132034 0.         2.12132034]
DEBUG: Angle to cube: 45.0° (should be < 30° to be visible)
DEBUG: Cube direction: [0.707, 0.000, 0.707]
DEBUG: 2D screen using perspective projection - FOV: 60.0°
DEBUG: ===== SIMPLE MODE CAMERA SETUP =====
DEBUG: Simple mode sphere_pos: [0. 0. 0.]
DEBUG: Simple mode view_dir: [1. 0. 0.]
DEBUG: Simple mode look_at: [10.  0.  0.]
DEBUG: Cube position: [2. 0. 2.]
DEBUG: Direction to cube: [0.70710678 0.         0.70710678]
DEBUG: View direction: [1. 0. 0.]
DEBUG: Angle between view and cube direction: 45.0° (should be close to 0°)
DEBUG: Are we looking toward cube? False
DEBUG: ==============================================
DEBUG: ===== SIMPLE MODE CUBE ROTATION =====
DEBUG: Simple mode applying cube rotation: [0.0°, 0.0°, 0.0°]
DEBUG: =========================================
DEBUG: Simple 2D screen rendered - reference objects disabled to prevent yellow box artifact
DEBUG: Using perspective projection - FOV: 60.0°
DEBUG: Canvas mode: 'simple', Sphere mode: 'simple'
DEBUG: Sphere screen render check - canvas_enabled: True, canvas_mode: simple, sphere_enabled: True, should_render: False
DEBUG: Sphere skipping screen render (canvas mode: simple)
DEBUG: ===== SIMPLE MODE CUBE ROTATION =====
DEBUG: Simple mode applying cube rotation: [0.0°, 0.0°, 0.0°]
DEBUG: =========================================
DEBUG: ===== CANVAS draw_unified_screen() CALLED =====
DEBUG: screen_enabled: True, screen_render_mode: simple
DEBUG: Canvas drawing simple 2D screen
DEBUG: Drew unified screen in simple mode
DEBUG: Simple mode active - screen shows original 2D framebuffer view
DEBUG: Rendering 2 screens
DEBUG: Rendering screen Original 2D Screen of type screen_2d
DEBUG: ===== SIMPLE MODE CUBE ROTATION =====
DEBUG: Simple mode applying cube rotation: [0.0°, 0.0°, 0.0°]
DEBUG: =========================================
DEBUG: ===== CANVAS draw_unified_screen() CALLED =====
DEBUG: screen_enabled: True, screen_render_mode: simple
DEBUG: Canvas drawing simple 2D screen
DEBUG: Drew unified screen in simple mode
DEBUG: Simple mode active - screen shows original 2D framebuffer view
DEBUG: Rendering MediaScreen Video Screen (istockphoto-482277170-640_adpp_is.mp4) with texture 3
DEBUG: Rendering screen Video Screen (istockphoto-482277170-640_adpp_is.mp4) of type screen_2d
DEBUG: Rendering MediaScreen Video Screen (istockphoto-482277170-640_adpp_is.mp4) with texture 3
DEBUG: ===== CANVAS update_sphere_view_vector() CALLED =====
DEBUG: Canvas syncing view_vector with sphere vector_direction: [1. 0. 0.]
DEBUG: Normalized view_vector: [1. 0. 0.]
DEBUG: Red vector direction: [1. 0. 0.]
DEBUG: Normalized view vector: [1.000, 0.000, 0.000]
DEBUG: Red cube position: [2. 0. 2.]
DEBUG: Expected direction to cube: [0.70710678 0.         0.70710678]
DEBUG: Actual view vector: [1. 0. 0.]
DEBUG: Dot product: 0.707
DEBUG: ⚠️ WARNING: View vector not pointing toward cube!
DEBUG: Consider setting vector direction to point toward cube
DEBUG: Suggested vector direction: [2.12132034 0.         2.12132034]
DEBUG: Angle to cube: 45.0° (should be < 30° to be visible)
DEBUG: Cube direction: [0.707, 0.000, 0.707]
DEBUG: 2D screen using perspective projection - FOV: 60.0°
DEBUG: ===== SIMPLE MODE CAMERA SETUP =====
DEBUG: Simple mode sphere_pos: [0. 0. 0.]
DEBUG: Simple mode view_dir: [1. 0. 0.]
DEBUG: Simple mode look_at: [10.  0.  0.]
DEBUG: Cube position: [2. 0. 2.]
DEBUG: Direction to cube: [0.70710678 0.         0.70710678]
DEBUG: View direction: [1. 0. 0.]
DEBUG: Angle between view and cube direction: 45.0° (should be close to 0°)
DEBUG: Are we looking toward cube? False
DEBUG: ==============================================
DEBUG: ===== SIMPLE MODE CUBE ROTATION =====
DEBUG: Simple mode applying cube rotation: [0.0°, 0.0°, 0.0°]
DEBUG: =========================================
DEBUG: Simple 2D screen rendered - reference objects disabled to prevent yellow box artifact
DEBUG: Using perspective projection - FOV: 60.0°
DEBUG: Canvas mode: 'simple', Sphere mode: 'simple'
DEBUG: Sphere screen render check - canvas_enabled: True, canvas_mode: simple, sphere_enabled: True, should_render: False
DEBUG: Sphere skipping screen render (canvas mode: simple)
DEBUG: ===== SIMPLE MODE CUBE ROTATION =====
DEBUG: Simple mode applying cube rotation: [0.0°, 0.0°, 0.0°]
DEBUG: =========================================
DEBUG: ===== CANVAS draw_unified_screen() CALLED =====
DEBUG: screen_enabled: True, screen_render_mode: simple
DEBUG: Canvas drawing simple 2D screen
DEBUG: Drew unified screen in simple mode
DEBUG: Simple mode active - screen shows original 2D framebuffer view
DEBUG: Rendering 2 screens
DEBUG: Rendering screen Original 2D Screen of type screen_2d
DEBUG: ===== SIMPLE MODE CUBE ROTATION =====
DEBUG: Simple mode applying cube rotation: [0.0°, 0.0°, 0.0°]
DEBUG: =========================================
DEBUG: ===== CANVAS draw_unified_screen() CALLED =====
DEBUG: screen_enabled: True, screen_render_mode: simple
DEBUG: Canvas drawing simple 2D screen
DEBUG: Drew unified screen in simple mode
DEBUG: Simple mode active - screen shows original 2D framebuffer view
DEBUG: Rendering MediaScreen Video Screen (istockphoto-482277170-640_adpp_is.mp4) with texture 3
DEBUG: Rendering screen Video Screen (istockphoto-482277170-640_adpp_is.mp4) of type screen_2d
DEBUG: Rendering MediaScreen Video Screen (istockphoto-482277170-640_adpp_is.mp4) with texture 3
DEBUG: ===== CANVAS update_sphere_view_vector() CALLED =====
DEBUG: Canvas syncing view_vector with sphere vector_direction: [1. 0. 0.]
DEBUG: Normalized view_vector: [1. 0. 0.]
DEBUG: Red vector direction: [1. 0. 0.]
DEBUG: Normalized view vector: [1.000, 0.000, 0.000]
DEBUG: Red cube position: [2. 0. 2.]
DEBUG: Expected direction to cube: [0.70710678 0.         0.70710678]
DEBUG: Actual view vector: [1. 0. 0.]
DEBUG: Dot product: 0.707
DEBUG: ⚠️ WARNING: View vector not pointing toward cube!
DEBUG: Consider setting vector direction to point toward cube
DEBUG: Suggested vector direction: [2.12132034 0.         2.12132034]
DEBUG: Angle to cube: 45.0° (should be < 30° to be visible)
DEBUG: Cube direction: [0.707, 0.000, 0.707]
DEBUG: 2D screen using perspective projection - FOV: 60.0°
DEBUG: ===== SIMPLE MODE CAMERA SETUP =====
DEBUG: Simple mode sphere_pos: [0. 0. 0.]
DEBUG: Simple mode view_dir: [1. 0. 0.]
DEBUG: Simple mode look_at: [10.  0.  0.]
DEBUG: Cube position: [2. 0. 2.]
DEBUG: Direction to cube: [0.70710678 0.         0.70710678]
DEBUG: View direction: [1. 0. 0.]
DEBUG: Angle between view and cube direction: 45.0° (should be close to 0°)
DEBUG: Are we looking toward cube? False
DEBUG: ==============================================
DEBUG: ===== SIMPLE MODE CUBE ROTATION =====
DEBUG: Simple mode applying cube rotation: [0.0°, 0.0°, 0.0°]
DEBUG: =========================================
DEBUG: Simple 2D screen rendered - reference objects disabled to prevent yellow box artifact
DEBUG: Using perspective projection - FOV: 60.0°
DEBUG: Canvas mode: 'simple', Sphere mode: 'simple'
DEBUG: Sphere screen render check - canvas_enabled: True, canvas_mode: simple, sphere_enabled: True, should_render: False
DEBUG: Sphere skipping screen render (canvas mode: simple)
DEBUG: ===== SIMPLE MODE CUBE ROTATION =====
DEBUG: Simple mode applying cube rotation: [0.0°, 0.0°, 0.0°]
DEBUG: =========================================
DEBUG: ===== CANVAS draw_unified_screen() CALLED =====
DEBUG: screen_enabled: True, screen_render_mode: simple
DEBUG: Canvas drawing simple 2D screen
DEBUG: Drew unified screen in simple mode
DEBUG: Simple mode active - screen shows original 2D framebuffer view
DEBUG: Rendering 2 screens
DEBUG: Rendering screen Original 2D Screen of type screen_2d
DEBUG: ===== SIMPLE MODE CUBE ROTATION =====
DEBUG: Simple mode applying cube rotation: [0.0°, 0.0°, 0.0°]
DEBUG: =========================================
DEBUG: ===== CANVAS draw_unified_screen() CALLED =====
DEBUG: screen_enabled: True, screen_render_mode: simple
DEBUG: Canvas drawing simple 2D screen
DEBUG: Drew unified screen in simple mode
DEBUG: Simple mode active - screen shows original 2D framebuffer view
DEBUG: Rendering MediaScreen Video Screen (istockphoto-482277170-640_adpp_is.mp4) with texture 3
DEBUG: Rendering screen Video Screen (istockphoto-482277170-640_adpp_is.mp4) of type screen_2d
DEBUG: Rendering MediaScreen Video Screen (istockphoto-482277170-640_adpp_is.mp4) with texture 3
DEBUG: ===== CANVAS update_sphere_view_vector() CALLED =====
DEBUG: Canvas syncing view_vector with sphere vector_direction: [1. 0. 0.]
DEBUG: Normalized view_vector: [1. 0. 0.]
DEBUG: Red vector direction: [1. 0. 0.]
DEBUG: Normalized view vector: [1.000, 0.000, 0.000]
DEBUG: Red cube position: [2. 0. 2.]
DEBUG: Expected direction to cube: [0.70710678 0.         0.70710678]
DEBUG: Actual view vector: [1. 0. 0.]
DEBUG: Dot product: 0.707
DEBUG: ⚠️ WARNING: View vector not pointing toward cube!
DEBUG: Consider setting vector direction to point toward cube
DEBUG: Suggested vector direction: [2.12132034 0.         2.12132034]
DEBUG: Angle to cube: 45.0° (should be < 30° to be visible)
DEBUG: Cube direction: [0.707, 0.000, 0.707]
DEBUG: 2D screen using perspective projection - FOV: 60.0°
DEBUG: ===== SIMPLE MODE CAMERA SETUP =====
DEBUG: Simple mode sphere_pos: [0. 0. 0.]
DEBUG: Simple mode view_dir: [1. 0. 0.]
DEBUG: Simple mode look_at: [10.  0.  0.]
DEBUG: Cube position: [2. 0. 2.]
DEBUG: Direction to cube: [0.70710678 0.         0.70710678]
DEBUG: View direction: [1. 0. 0.]
DEBUG: Angle between view and cube direction: 45.0° (should be close to 0°)
DEBUG: Are we looking toward cube? False
DEBUG: ==============================================
DEBUG: ===== SIMPLE MODE CUBE ROTATION =====
DEBUG: Simple mode applying cube rotation: [0.0°, 0.0°, 0.0°]
DEBUG: =========================================
DEBUG: Simple 2D screen rendered - reference objects disabled to prevent yellow box artifact
DEBUG: Using perspective projection - FOV: 60.0°
DEBUG: Frame 330, audio: 11.00s, video: 11.00s, sync diff: 0.004s
DEBUG: Canvas mode: 'simple', Sphere mode: 'simple'
DEBUG: Sphere screen render check - canvas_enabled: True, canvas_mode: simple, sphere_enabled: True, should_render: False
DEBUG: Sphere skipping screen render (canvas mode: simple)
DEBUG: ===== SIMPLE MODE CUBE ROTATION =====
DEBUG: Simple mode applying cube rotation: [0.0°, 0.0°, 0.0°]
DEBUG: =========================================
DEBUG: ===== CANVAS draw_unified_screen() CALLED =====
DEBUG: screen_enabled: True, screen_render_mode: simple
DEBUG: Canvas drawing simple 2D screen
DEBUG: Drew unified screen in simple mode
DEBUG: Simple mode active - screen shows original 2D framebuffer view
DEBUG: Rendering 2 screens
DEBUG: Rendering screen Original 2D Screen of type screen_2d
DEBUG: ===== SIMPLE MODE CUBE ROTATION =====
DEBUG: Simple mode applying cube rotation: [0.0°, 0.0°, 0.0°]
DEBUG: =========================================
DEBUG: ===== CANVAS draw_unified_screen() CALLED =====
DEBUG: screen_enabled: True, screen_render_mode: simple
DEBUG: Canvas drawing simple 2D screen
DEBUG: Drew unified screen in simple mode
DEBUG: Simple mode active - screen shows original 2D framebuffer view
DEBUG: Rendering MediaScreen Video Screen (istockphoto-482277170-640_adpp_is.mp4) with texture 3
DEBUG: Rendering screen Video Screen (istockphoto-482277170-640_adpp_is.mp4) of type screen_2d
DEBUG: Rendering MediaScreen Video Screen (istockphoto-482277170-640_adpp_is.mp4) with texture 3
DEBUG: ===== CANVAS update_sphere_view_vector() CALLED =====
DEBUG: Canvas syncing view_vector with sphere vector_direction: [1. 0. 0.]
DEBUG: Normalized view_vector: [1. 0. 0.]
DEBUG: Red vector direction: [1. 0. 0.]
DEBUG: Normalized view vector: [1.000, 0.000, 0.000]
DEBUG: Red cube position: [2. 0. 2.]
DEBUG: Expected direction to cube: [0.70710678 0.         0.70710678]
DEBUG: Actual view vector: [1. 0. 0.]
DEBUG: Dot product: 0.707
DEBUG: ⚠️ WARNING: View vector not pointing toward cube!
DEBUG: Consider setting vector direction to point toward cube
DEBUG: Suggested vector direction: [2.12132034 0.         2.12132034]
DEBUG: Angle to cube: 45.0° (should be < 30° to be visible)
DEBUG: Cube direction: [0.707, 0.000, 0.707]
DEBUG: 2D screen using perspective projection - FOV: 60.0°
DEBUG: ===== SIMPLE MODE CAMERA SETUP =====
DEBUG: Simple mode sphere_pos: [0. 0. 0.]
DEBUG: Simple mode view_dir: [1. 0. 0.]
DEBUG: Simple mode look_at: [10.  0.  0.]
DEBUG: Cube position: [2. 0. 2.]
DEBUG: Direction to cube: [0.70710678 0.         0.70710678]
DEBUG: View direction: [1. 0. 0.]
DEBUG: Angle between view and cube direction: 45.0° (should be close to 0°)
DEBUG: Are we looking toward cube? False
DEBUG: ==============================================
DEBUG: ===== SIMPLE MODE CUBE ROTATION =====
DEBUG: Simple mode applying cube rotation: [0.0°, 0.0°, 0.0°]
DEBUG: =========================================
DEBUG: Simple 2D screen rendered - reference objects disabled to prevent yellow box artifact
DEBUG: Using perspective projection - FOV: 60.0°
DEBUG: Canvas mode: 'simple', Sphere mode: 'simple'
DEBUG: Sphere screen render check - canvas_enabled: True, canvas_mode: simple, sphere_enabled: True, should_render: False
DEBUG: Sphere skipping screen render (canvas mode: simple)
DEBUG: ===== SIMPLE MODE CUBE ROTATION =====
DEBUG: Simple mode applying cube rotation: [0.0°, 0.0°, 0.0°]
DEBUG: =========================================
DEBUG: ===== CANVAS draw_unified_screen() CALLED =====
DEBUG: screen_enabled: True, screen_render_mode: simple
DEBUG: Canvas drawing simple 2D screen
DEBUG: Drew unified screen in simple mode
DEBUG: Simple mode active - screen shows original 2D framebuffer view
DEBUG: Rendering 2 screens
DEBUG: Rendering screen Original 2D Screen of type screen_2d
DEBUG: ===== SIMPLE MODE CUBE ROTATION =====
DEBUG: Simple mode applying cube rotation: [0.0°, 0.0°, 0.0°]
DEBUG: =========================================
DEBUG: ===== CANVAS draw_unified_screen() CALLED =====
DEBUG: screen_enabled: True, screen_render_mode: simple
DEBUG: Canvas drawing simple 2D screen
DEBUG: Drew unified screen in simple mode
DEBUG: Simple mode active - screen shows original 2D framebuffer view
DEBUG: Rendering MediaScreen Video Screen (istockphoto-482277170-640_adpp_is.mp4) with texture 3
DEBUG: Rendering screen Video Screen (istockphoto-482277170-640_adpp_is.mp4) of type screen_2d
DEBUG: Rendering MediaScreen Video Screen (istockphoto-482277170-640_adpp_is.mp4) with texture 3
DEBUG: ===== CANVAS update_sphere_view_vector() CALLED =====
DEBUG: Canvas syncing view_vector with sphere vector_direction: [1. 0. 0.]
DEBUG: Normalized view_vector: [1. 0. 0.]
DEBUG: Red vector direction: [1. 0. 0.]
DEBUG: Normalized view vector: [1.000, 0.000, 0.000]
DEBUG: Red cube position: [2. 0. 2.]
DEBUG: Expected direction to cube: [0.70710678 0.         0.70710678]
DEBUG: Actual view vector: [1. 0. 0.]
DEBUG: Dot product: 0.707
DEBUG: ⚠️ WARNING: View vector not pointing toward cube!
DEBUG: Consider setting vector direction to point toward cube
DEBUG: Suggested vector direction: [2.12132034 0.         2.12132034]
DEBUG: Angle to cube: 45.0° (should be < 30° to be visible)
DEBUG: Cube direction: [0.707, 0.000, 0.707]
DEBUG: 2D screen using perspective projection - FOV: 60.0°
DEBUG: ===== SIMPLE MODE CAMERA SETUP =====
DEBUG: Simple mode sphere_pos: [0. 0. 0.]
DEBUG: Simple mode view_dir: [1. 0. 0.]
DEBUG: Simple mode look_at: [10.  0.  0.]
DEBUG: Cube position: [2. 0. 2.]
DEBUG: Direction to cube: [0.70710678 0.         0.70710678]
DEBUG: View direction: [1. 0. 0.]
DEBUG: Angle between view and cube direction: 45.0° (should be close to 0°)
DEBUG: Are we looking toward cube? False
DEBUG: ==============================================
DEBUG: ===== SIMPLE MODE CUBE ROTATION =====
DEBUG: Simple mode applying cube rotation: [0.0°, 0.0°, 0.0°]
DEBUG: =========================================
DEBUG: Simple 2D screen rendered - reference objects disabled to prevent yellow box artifact
DEBUG: Using perspective projection - FOV: 60.0°
DEBUG: Canvas mode: 'simple', Sphere mode: 'simple'
DEBUG: Sphere screen render check - canvas_enabled: True, canvas_mode: simple, sphere_enabled: True, should_render: False
DEBUG: Sphere skipping screen render (canvas mode: simple)
DEBUG: ===== SIMPLE MODE CUBE ROTATION =====
DEBUG: Simple mode applying cube rotation: [0.0°, 0.0°, 0.0°]
DEBUG: =========================================
DEBUG: ===== CANVAS draw_unified_screen() CALLED =====
DEBUG: screen_enabled: True, screen_render_mode: simple
DEBUG: Canvas drawing simple 2D screen
DEBUG: Drew unified screen in simple mode
DEBUG: Simple mode active - screen shows original 2D framebuffer view
DEBUG: Rendering 2 screens
DEBUG: Rendering screen Original 2D Screen of type screen_2d
DEBUG: ===== SIMPLE MODE CUBE ROTATION =====
DEBUG: Simple mode applying cube rotation: [0.0°, 0.0°, 0.0°]
DEBUG: =========================================
DEBUG: ===== CANVAS draw_unified_screen() CALLED =====
DEBUG: screen_enabled: True, screen_render_mode: simple
DEBUG: Canvas drawing simple 2D screen
DEBUG: Drew unified screen in simple mode
DEBUG: Simple mode active - screen shows original 2D framebuffer view
DEBUG: Rendering MediaScreen Video Screen (istockphoto-482277170-640_adpp_is.mp4) with texture 3
DEBUG: Rendering screen Video Screen (istockphoto-482277170-640_adpp_is.mp4) of type screen_2d
DEBUG: Rendering MediaScreen Video Screen (istockphoto-482277170-640_adpp_is.mp4) with texture 3
DEBUG: ===== CANVAS update_sphere_view_vector() CALLED =====
DEBUG: Canvas syncing view_vector with sphere vector_direction: [1. 0. 0.]
DEBUG: Normalized view_vector: [1. 0. 0.]
DEBUG: Red vector direction: [1. 0. 0.]
DEBUG: Normalized view vector: [1.000, 0.000, 0.000]
DEBUG: Red cube position: [2. 0. 2.]
DEBUG: Expected direction to cube: [0.70710678 0.         0.70710678]
DEBUG: Actual view vector: [1. 0. 0.]
DEBUG: Dot product: 0.707
DEBUG: ⚠️ WARNING: View vector not pointing toward cube!
DEBUG: Consider setting vector direction to point toward cube
DEBUG: Suggested vector direction: [2.12132034 0.         2.12132034]
DEBUG: Angle to cube: 45.0° (should be < 30° to be visible)
DEBUG: Cube direction: [0.707, 0.000, 0.707]
DEBUG: 2D screen using perspective projection - FOV: 60.0°
DEBUG: ===== SIMPLE MODE CAMERA SETUP =====
DEBUG: Simple mode sphere_pos: [0. 0. 0.]
DEBUG: Simple mode view_dir: [1. 0. 0.]
DEBUG: Simple mode look_at: [10.  0.  0.]
DEBUG: Cube position: [2. 0. 2.]
DEBUG: Direction to cube: [0.70710678 0.         0.70710678]
DEBUG: View direction: [1. 0. 0.]
DEBUG: Angle between view and cube direction: 45.0° (should be close to 0°)
DEBUG: Are we looking toward cube? False
DEBUG: ==============================================
DEBUG: ===== SIMPLE MODE CUBE ROTATION =====
DEBUG: Simple mode applying cube rotation: [0.0°, 0.0°, 0.0°]
DEBUG: =========================================
DEBUG: Simple 2D screen rendered - reference objects disabled to prevent yellow box artifact
DEBUG: Using perspective projection - FOV: 60.0°
DEBUG: Canvas mode: 'simple', Sphere mode: 'simple'
DEBUG: Sphere screen render check - canvas_enabled: True, canvas_mode: simple, sphere_enabled: True, should_render: False
DEBUG: Sphere skipping screen render (canvas mode: simple)
DEBUG: ===== SIMPLE MODE CUBE ROTATION =====
DEBUG: Simple mode applying cube rotation: [0.0°, 0.0°, 0.0°]
DEBUG: =========================================
DEBUG: ===== CANVAS draw_unified_screen() CALLED =====
DEBUG: screen_enabled: True, screen_render_mode: simple
DEBUG: Canvas drawing simple 2D screen
DEBUG: Drew unified screen in simple mode
DEBUG: Simple mode active - screen shows original 2D framebuffer view
DEBUG: Rendering 2 screens
DEBUG: Rendering screen Original 2D Screen of type screen_2d
DEBUG: ===== SIMPLE MODE CUBE ROTATION =====
DEBUG: Simple mode applying cube rotation: [0.0°, 0.0°, 0.0°]
DEBUG: =========================================
DEBUG: ===== CANVAS draw_unified_screen() CALLED =====
DEBUG: screen_enabled: True, screen_render_mode: simple
DEBUG: Canvas drawing simple 2D screen
DEBUG: Drew unified screen in simple mode
DEBUG: Simple mode active - screen shows original 2D framebuffer view
DEBUG: Rendering MediaScreen Video Screen (istockphoto-482277170-640_adpp_is.mp4) with texture 3
DEBUG: Rendering screen Video Screen (istockphoto-482277170-640_adpp_is.mp4) of type screen_2d
DEBUG: Rendering MediaScreen Video Screen (istockphoto-482277170-640_adpp_is.mp4) with texture 3
DEBUG: ===== CANVAS update_sphere_view_vector() CALLED =====
DEBUG: Canvas syncing view_vector with sphere vector_direction: [1. 0. 0.]
DEBUG: Normalized view_vector: [1. 0. 0.]
DEBUG: Red vector direction: [1. 0. 0.]
DEBUG: Normalized view vector: [1.000, 0.000, 0.000]
DEBUG: Red cube position: [2. 0. 2.]
DEBUG: Expected direction to cube: [0.70710678 0.         0.70710678]
DEBUG: Actual view vector: [1. 0. 0.]
DEBUG: Dot product: 0.707
DEBUG: ⚠️ WARNING: View vector not pointing toward cube!
DEBUG: Consider setting vector direction to point toward cube
DEBUG: Suggested vector direction: [2.12132034 0.         2.12132034]
DEBUG: Angle to cube: 45.0° (should be < 30° to be visible)
DEBUG: Cube direction: [0.707, 0.000, 0.707]
DEBUG: 2D screen using perspective projection - FOV: 60.0°
DEBUG: ===== SIMPLE MODE CAMERA SETUP =====
DEBUG: Simple mode sphere_pos: [0. 0. 0.]
DEBUG: Simple mode view_dir: [1. 0. 0.]
DEBUG: Simple mode look_at: [10.  0.  0.]
DEBUG: Cube position: [2. 0. 2.]
DEBUG: Direction to cube: [0.70710678 0.         0.70710678]
DEBUG: View direction: [1. 0. 0.]
DEBUG: Angle between view and cube direction: 45.0° (should be close to 0°)
DEBUG: Are we looking toward cube? False
DEBUG: ==============================================
DEBUG: ===== SIMPLE MODE CUBE ROTATION =====
DEBUG: Simple mode applying cube rotation: [0.0°, 0.0°, 0.0°]
DEBUG: =========================================
DEBUG: Simple 2D screen rendered - reference objects disabled to prevent yellow box artifact
DEBUG: Using perspective projection - FOV: 60.0°
DEBUG: Canvas mode: 'simple', Sphere mode: 'simple'
DEBUG: Sphere screen render check - canvas_enabled: True, canvas_mode: simple, sphere_enabled: True, should_render: False
DEBUG: Sphere skipping screen render (canvas mode: simple)
DEBUG: ===== SIMPLE MODE CUBE ROTATION =====
DEBUG: Simple mode applying cube rotation: [0.0°, 0.0°, 0.0°]
DEBUG: =========================================
DEBUG: ===== CANVAS draw_unified_screen() CALLED =====
DEBUG: screen_enabled: True, screen_render_mode: simple
DEBUG: Canvas drawing simple 2D screen
DEBUG: Drew unified screen in simple mode
DEBUG: Simple mode active - screen shows original 2D framebuffer view
DEBUG: Rendering 2 screens
DEBUG: Rendering screen Original 2D Screen of type screen_2d
DEBUG: End of video reached, restarting loop
DEBUG: Keeping frame cache with 0 frames for smooth subsequent loops
DEBUG: ===== LOOP RESTART: All timing variables reset =====
DEBUG: ===== SIMPLE MODE CUBE ROTATION =====
DEBUG: Simple mode applying cube rotation: [0.0°, 0.0°, 0.0°]
DEBUG: =========================================
DEBUG: ===== CANVAS draw_unified_screen() CALLED =====
DEBUG: screen_enabled: True, screen_render_mode: simple
DEBUG: Canvas drawing simple 2D screen
DEBUG: Drew unified screen in simple mode
DEBUG: Simple mode active - screen shows original 2D framebuffer view
DEBUG: Rendering MediaScreen Video Screen (istockphoto-482277170-640_adpp_is.mp4) with texture 3
DEBUG: Rendering screen Video Screen (istockphoto-482277170-640_adpp_is.mp4) of type screen_2d
DEBUG: Rendering MediaScreen Video Screen (istockphoto-482277170-640_adpp_is.mp4) with texture 3
DEBUG: ===== CANVAS update_sphere_view_vector() CALLED =====
DEBUG: Canvas syncing view_vector with sphere vector_direction: [1. 0. 0.]
DEBUG: Normalized view_vector: [1. 0. 0.]
DEBUG: Red vector direction: [1. 0. 0.]
DEBUG: Normalized view vector: [1.000, 0.000, 0.000]
DEBUG: Red cube position: [2. 0. 2.]
DEBUG: Expected direction to cube: [0.70710678 0.         0.70710678]
DEBUG: Actual view vector: [1. 0. 0.]
DEBUG: Dot product: 0.707
DEBUG: ⚠️ WARNING: View vector not pointing toward cube!
DEBUG: Consider setting vector direction to point toward cube
DEBUG: Suggested vector direction: [2.12132034 0.         2.12132034]
DEBUG: Angle to cube: 45.0° (should be < 30° to be visible)
DEBUG: Cube direction: [0.707, 0.000, 0.707]
DEBUG: 2D screen using perspective projection - FOV: 60.0°
DEBUG: ===== SIMPLE MODE CAMERA SETUP =====
DEBUG: Simple mode sphere_pos: [0. 0. 0.]
DEBUG: Simple mode view_dir: [1. 0. 0.]
DEBUG: Simple mode look_at: [10.  0.  0.]
DEBUG: Cube position: [2. 0. 2.]
DEBUG: Direction to cube: [0.70710678 0.         0.70710678]
DEBUG: View direction: [1. 0. 0.]
DEBUG: Angle between view and cube direction: 45.0° (should be close to 0°)
DEBUG: Are we looking toward cube? False
DEBUG: ==============================================
DEBUG: ===== SIMPLE MODE CUBE ROTATION =====
DEBUG: Simple mode applying cube rotation: [0.0°, 0.0°, 0.0°]
DEBUG: =========================================
DEBUG: Simple 2D screen rendered - reference objects disabled to prevent yellow box artifact
DEBUG: Using perspective projection - FOV: 60.0°
DEBUG: Canvas mode: 'simple', Sphere mode: 'simple'
DEBUG: Sphere screen render check - canvas_enabled: True, canvas_mode: simple, sphere_enabled: True, should_render: False
DEBUG: Sphere skipping screen render (canvas mode: simple)
DEBUG: ===== SIMPLE MODE CUBE ROTATION =====
DEBUG: Simple mode applying cube rotation: [0.0°, 0.0°, 0.0°]
DEBUG: =========================================
DEBUG: ===== CANVAS draw_unified_screen() CALLED =====
DEBUG: screen_enabled: True, screen_render_mode: simple
DEBUG: Canvas drawing simple 2D screen
DEBUG: Drew unified screen in simple mode
DEBUG: Simple mode active - screen shows original 2D framebuffer view
DEBUG: Rendering 2 screens
DEBUG: Rendering screen Original 2D Screen of type screen_2d
DEBUG: ===== RESTARTING AUDIO FOR NEW LOOP =====
DEBUG: ===== _start_audio_playback() called for Video Screen (istockphoto-482277170-640_adpp_is.mp4) =====
DEBUG: Audio file: /var/folders/70/3v8jf_916x99yvw421l0_cc00000gn/T/tmp8br_ttgv.wav
DEBUG: Speed adjusted audio: None
DEBUG: Starting audio playback: /var/folders/70/3v8jf_916x99yvw421l0_cc00000gn/T/tmp8br_ttgv.wav
DEBUG: Audio loaded successfully - duration: 11.31s
DEBUG: Music volume set to: 1.0
DEBUG: ===== SIMPLE MODE CUBE ROTATION =====
DEBUG: Simple mode applying cube rotation: [0.0°, 0.0°, 0.0°]
DEBUG: =========================================
DEBUG: ===== CANVAS draw_unified_screen() CALLED =====
DEBUG: screen_enabled: True, screen_render_mode: simple
DEBUG: Canvas drawing simple 2D screen
DEBUG: Drew unified screen in simple mode
DEBUG: Simple mode active - screen shows original 2D framebuffer view
DEBUG: Rendering MediaScreen Video Screen (istockphoto-482277170-640_adpp_is.mp4) with texture 3
DEBUG: Rendering screen Video Screen (istockphoto-482277170-640_adpp_is.mp4) of type screen_2d
DEBUG: Rendering MediaScreen Video Screen (istockphoto-482277170-640_adpp_is.mp4) with texture 3
DEBUG: ===== CANVAS update_sphere_view_vector() CALLED =====
DEBUG: Canvas syncing view_vector with sphere vector_direction: [1. 0. 0.]
DEBUG: Normalized view_vector: [1. 0. 0.]
DEBUG: Red vector direction: [1. 0. 0.]
DEBUG: Normalized view vector: [1.000, 0.000, 0.000]
DEBUG: Red cube position: [2. 0. 2.]
DEBUG: Expected direction to cube: [0.70710678 0.         0.70710678]
DEBUG: Actual view vector: [1. 0. 0.]
DEBUG: Dot product: 0.707
DEBUG: ⚠️ WARNING: View vector not pointing toward cube!
DEBUG: Consider setting vector direction to point toward cube
DEBUG: Suggested vector direction: [2.12132034 0.         2.12132034]
DEBUG: Angle to cube: 45.0° (should be < 30° to be visible)
DEBUG: Cube direction: [0.707, 0.000, 0.707]
DEBUG: 2D screen using perspective projection - FOV: 60.0°
DEBUG: ===== SIMPLE MODE CAMERA SETUP =====
DEBUG: Simple mode sphere_pos: [0. 0. 0.]
DEBUG: Simple mode view_dir: [1. 0. 0.]
DEBUG: Simple mode look_at: [10.  0.  0.]
DEBUG: Cube position: [2. 0. 2.]
DEBUG: Direction to cube: [0.70710678 0.         0.70710678]
DEBUG: View direction: [1. 0. 0.]
DEBUG: Angle between view and cube direction: 45.0° (should be close to 0°)
DEBUG: Are we looking toward cube? False
DEBUG: ==============================================
DEBUG: ===== SIMPLE MODE CUBE ROTATION =====
DEBUG: Simple mode applying cube rotation: [0.0°, 0.0°, 0.0°]
DEBUG: =========================================
DEBUG: Simple 2D screen rendered - reference objects disabled to prevent yellow box artifact
DEBUG: Using perspective projection - FOV: 60.0°
DEBUG: Canvas mode: 'simple', Sphere mode: 'simple'
DEBUG: Sphere screen render check - canvas_enabled: True, canvas_mode: simple, sphere_enabled: True, should_render: False
DEBUG: Sphere skipping screen render (canvas mode: simple)
DEBUG: ===== SIMPLE MODE CUBE ROTATION =====
DEBUG: Simple mode applying cube rotation: [0.0°, 0.0°, 0.0°]
DEBUG: =========================================
DEBUG: ===== CANVAS draw_unified_screen() CALLED =====
DEBUG: screen_enabled: True, screen_render_mode: simple
DEBUG: Canvas drawing simple 2D screen
DEBUG: Drew unified screen in simple mode
DEBUG: Simple mode active - screen shows original 2D framebuffer view
DEBUG: Rendering 2 screens
DEBUG: Rendering screen Original 2D Screen of type screen_2d
DEBUG: ===== SIMPLE MODE CUBE ROTATION =====
DEBUG: Simple mode applying cube rotation: [0.0°, 0.0°, 0.0°]
DEBUG: =========================================
DEBUG: ===== CANVAS draw_unified_screen() CALLED =====
DEBUG: screen_enabled: True, screen_render_mode: simple
DEBUG: Canvas drawing simple 2D screen
DEBUG: Drew unified screen in simple mode
DEBUG: Simple mode active - screen shows original 2D framebuffer view
DEBUG: Rendering MediaScreen Video Screen (istockphoto-482277170-640_adpp_is.mp4) with texture 3
DEBUG: Rendering screen Video Screen (istockphoto-482277170-640_adpp_is.mp4) of type screen_2d
DEBUG: Rendering MediaScreen Video Screen (istockphoto-482277170-640_adpp_is.mp4) with texture 3
DEBUG: ===== CANVAS update_sphere_view_vector() CALLED =====
DEBUG: Canvas syncing view_vector with sphere vector_direction: [1. 0. 0.]
DEBUG: Normalized view_vector: [1. 0. 0.]
DEBUG: Red vector direction: [1. 0. 0.]
DEBUG: Normalized view vector: [1.000, 0.000, 0.000]
DEBUG: Red cube position: [2. 0. 2.]
DEBUG: Expected direction to cube: [0.70710678 0.         0.70710678]
DEBUG: Actual view vector: [1. 0. 0.]
DEBUG: Dot product: 0.707
DEBUG: ⚠️ WARNING: View vector not pointing toward cube!
DEBUG: Consider setting vector direction to point toward cube
DEBUG: Suggested vector direction: [2.12132034 0.         2.12132034]
DEBUG: Angle to cube: 45.0° (should be < 30° to be visible)
DEBUG: Cube direction: [0.707, 0.000, 0.707]
DEBUG: 2D screen using perspective projection - FOV: 60.0°
DEBUG: ===== SIMPLE MODE CAMERA SETUP =====
DEBUG: Simple mode sphere_pos: [0. 0. 0.]
DEBUG: Simple mode view_dir: [1. 0. 0.]
DEBUG: Simple mode look_at: [10.  0.  0.]
DEBUG: Cube position: [2. 0. 2.]
DEBUG: Direction to cube: [0.70710678 0.         0.70710678]
DEBUG: View direction: [1. 0. 0.]
DEBUG: Angle between view and cube direction: 45.0° (should be close to 0°)
DEBUG: Are we looking toward cube? False
DEBUG: ==============================================
DEBUG: ===== SIMPLE MODE CUBE ROTATION =====
DEBUG: Simple mode applying cube rotation: [0.0°, 0.0°, 0.0°]
DEBUG: =========================================
DEBUG: Simple 2D screen rendered - reference objects disabled to prevent yellow box artifact
DEBUG: Using perspective projection - FOV: 60.0°
DEBUG: Canvas mode: 'simple', Sphere mode: 'simple'
DEBUG: Sphere screen render check - canvas_enabled: True, canvas_mode: simple, sphere_enabled: True, should_render: False
DEBUG: Sphere skipping screen render (canvas mode: simple)
DEBUG: ===== SIMPLE MODE CUBE ROTATION =====
DEBUG: Simple mode applying cube rotation: [0.0°, 0.0°, 0.0°]
DEBUG: =========================================
DEBUG: ===== CANVAS draw_unified_screen() CALLED =====
DEBUG: screen_enabled: True, screen_render_mode: simple
DEBUG: Canvas drawing simple 2D screen
DEBUG: Drew unified screen in simple mode
DEBUG: Simple mode active - screen shows original 2D framebuffer view
DEBUG: Rendering 2 screens
DEBUG: Rendering screen Original 2D Screen of type screen_2d
DEBUG: ===== SIMPLE MODE CUBE ROTATION =====
DEBUG: Simple mode applying cube rotation: [0.0°, 0.0°, 0.0°]
DEBUG: =========================================
DEBUG: ===== CANVAS draw_unified_screen() CALLED =====
DEBUG: screen_enabled: True, screen_render_mode: simple
DEBUG: Canvas drawing simple 2D screen
DEBUG: Drew unified screen in simple mode
DEBUG: Simple mode active - screen shows original 2D framebuffer view
DEBUG: Rendering MediaScreen Video Screen (istockphoto-482277170-640_adpp_is.mp4) with texture 3
DEBUG: Rendering screen Video Screen (istockphoto-482277170-640_adpp_is.mp4) of type screen_2d
DEBUG: Rendering MediaScreen Video Screen (istockphoto-482277170-640_adpp_is.mp4) with texture 3
DEBUG: ===== CANVAS update_sphere_view_vector() CALLED =====
DEBUG: Canvas syncing view_vector with sphere vector_direction: [1. 0. 0.]
DEBUG: Normalized view_vector: [1. 0. 0.]
DEBUG: Red vector direction: [1. 0. 0.]
DEBUG: Normalized view vector: [1.000, 0.000, 0.000]
DEBUG: Red cube position: [2. 0. 2.]
DEBUG: Expected direction to cube: [0.70710678 0.         0.70710678]
DEBUG: Actual view vector: [1. 0. 0.]
DEBUG: Dot product: 0.707
DEBUG: ⚠️ WARNING: View vector not pointing toward cube!
DEBUG: Consider setting vector direction to point toward cube
DEBUG: Suggested vector direction: [2.12132034 0.         2.12132034]
DEBUG: Angle to cube: 45.0° (should be < 30° to be visible)
DEBUG: Cube direction: [0.707, 0.000, 0.707]
DEBUG: 2D screen using perspective projection - FOV: 60.0°
DEBUG: ===== SIMPLE MODE CAMERA SETUP =====
DEBUG: Simple mode sphere_pos: [0. 0. 0.]
DEBUG: Simple mode view_dir: [1. 0. 0.]
DEBUG: Simple mode look_at: [10.  0.  0.]
DEBUG: Cube position: [2. 0. 2.]
DEBUG: Direction to cube: [0.70710678 0.         0.70710678]
DEBUG: View direction: [1. 0. 0.]
DEBUG: Angle between view and cube direction: 45.0° (should be close to 0°)
DEBUG: Are we looking toward cube? False
DEBUG: ==============================================
DEBUG: ===== SIMPLE MODE CUBE ROTATION =====
DEBUG: Simple mode applying cube rotation: [0.0°, 0.0°, 0.0°]
DEBUG: =========================================
DEBUG: Simple 2D screen rendered - reference objects disabled to prevent yellow box artifact
DEBUG: Using perspective projection - FOV: 60.0°
DEBUG: Canvas mode: 'simple', Sphere mode: 'simple'
DEBUG: Sphere screen render check - canvas_enabled: True, canvas_mode: simple, sphere_enabled: True, should_render: False
DEBUG: Sphere skipping screen render (canvas mode: simple)
DEBUG: ===== SIMPLE MODE CUBE ROTATION =====
DEBUG: Simple mode applying cube rotation: [0.0°, 0.0°, 0.0°]
DEBUG: =========================================
DEBUG: ===== CANVAS draw_unified_screen() CALLED =====
DEBUG: screen_enabled: True, screen_render_mode: simple
DEBUG: Canvas drawing simple 2D screen
DEBUG: Drew unified screen in simple mode
DEBUG: Simple mode active - screen shows original 2D framebuffer view
DEBUG: Rendering 2 screens
DEBUG: Rendering screen Original 2D Screen of type screen_2d
DEBUG: ✅ Audio playback started successfully using music mixer
DEBUG: 🔊 AUDIO SHOULD BE PLAYING NOW - Check your speakers/volume!
DEBUG: Channel backup prepared
DEBUG: Audio status - Music: True, Channel: False
DEBUG: ✅ Audio playback confirmed and synchronized
DEBUG: 🎵 If you don't hear anything, check:
DEBUG:    - System volume is up
DEBUG:    - Application isn't muted
DEBUG:    - Speakers/headphones are connected
DEBUG: ===== AUDIO RESTART RESULT: None =====
DEBUG: ===== VIDEO/AUDIO TIMING SYNCHRONIZED FOR LOOP RESTART =====
DEBUG: ===== SIMPLE MODE CUBE ROTATION =====
DEBUG: Simple mode applying cube rotation: [0.0°, 0.0°, 0.0°]
DEBUG: =========================================
DEBUG: ===== CANVAS draw_unified_screen() CALLED =====
DEBUG: screen_enabled: True, screen_render_mode: simple
DEBUG: Canvas drawing simple 2D screen
DEBUG: Drew unified screen in simple mode
DEBUG: Simple mode active - screen shows original 2D framebuffer view
DEBUG: Rendering MediaScreen Video Screen (istockphoto-482277170-640_adpp_is.mp4) with texture 3
DEBUG: Rendering screen Video Screen (istockphoto-482277170-640_adpp_is.mp4) of type screen_2d
DEBUG: Rendering MediaScreen Video Screen (istockphoto-482277170-640_adpp_is.mp4) with texture 3
DEBUG: ===== CANVAS update_sphere_view_vector() CALLED =====
DEBUG: Canvas syncing view_vector with sphere vector_direction: [1. 0. 0.]
DEBUG: Normalized view_vector: [1. 0. 0.]
DEBUG: Red vector direction: [1. 0. 0.]
DEBUG: Normalized view vector: [1.000, 0.000, 0.000]
DEBUG: Red cube position: [2. 0. 2.]
DEBUG: Expected direction to cube: [0.70710678 0.         0.70710678]
DEBUG: Actual view vector: [1. 0. 0.]
DEBUG: Dot product: 0.707
DEBUG: ⚠️ WARNING: View vector not pointing toward cube!
DEBUG: Consider setting vector direction to point toward cube
DEBUG: Suggested vector direction: [2.12132034 0.         2.12132034]
DEBUG: Angle to cube: 45.0° (should be < 30° to be visible)
DEBUG: Cube direction: [0.707, 0.000, 0.707]
DEBUG: 2D screen using perspective projection - FOV: 60.0°
DEBUG: ===== SIMPLE MODE CAMERA SETUP =====
DEBUG: Simple mode sphere_pos: [0. 0. 0.]
DEBUG: Simple mode view_dir: [1. 0. 0.]
DEBUG: Simple mode look_at: [10.  0.  0.]
DEBUG: Cube position: [2. 0. 2.]
DEBUG: Direction to cube: [0.70710678 0.         0.70710678]
DEBUG: View direction: [1. 0. 0.]
DEBUG: Angle between view and cube direction: 45.0° (should be close to 0°)
DEBUG: Are we looking toward cube? False
DEBUG: ==============================================
DEBUG: ===== SIMPLE MODE CUBE ROTATION =====
DEBUG: Simple mode applying cube rotation: [0.0°, 0.0°, 0.0°]
DEBUG: =========================================
DEBUG: Simple 2D screen rendered - reference objects disabled to prevent yellow box artifact
DEBUG: Using perspective projection - FOV: 60.0°
DEBUG: Canvas mode: 'simple', Sphere mode: 'simple'
DEBUG: Sphere screen render check - canvas_enabled: True, canvas_mode: simple, sphere_enabled: True, should_render: False
DEBUG: Sphere skipping screen render (canvas mode: simple)
DEBUG: ===== SIMPLE MODE CUBE ROTATION =====
DEBUG: Simple mode applying cube rotation: [0.0°, 0.0°, 0.0°]
DEBUG: =========================================
DEBUG: ===== CANVAS draw_unified_screen() CALLED =====
DEBUG: screen_enabled: True, screen_render_mode: simple
DEBUG: Canvas drawing simple 2D screen
DEBUG: Drew unified screen in simple mode
DEBUG: Simple mode active - screen shows original 2D framebuffer view
DEBUG: Rendering 2 screens
DEBUG: Rendering screen Original 2D Screen of type screen_2d
DEBUG: ===== SIMPLE MODE CUBE ROTATION =====
DEBUG: Simple mode applying cube rotation: [0.0°, 0.0°, 0.0°]
DEBUG: =========================================
DEBUG: ===== CANVAS draw_unified_screen() CALLED =====
DEBUG: screen_enabled: True, screen_render_mode: simple
DEBUG: Canvas drawing simple 2D screen
DEBUG: Drew unified screen in simple mode
DEBUG: Simple mode active - screen shows original 2D framebuffer view
DEBUG: Rendering MediaScreen Video Screen (istockphoto-482277170-640_adpp_is.mp4) with texture 3
DEBUG: Rendering screen Video Screen (istockphoto-482277170-640_adpp_is.mp4) of type screen_2d
DEBUG: Rendering MediaScreen Video Screen (istockphoto-482277170-640_adpp_is.mp4) with texture 3
DEBUG: ===== CANVAS update_sphere_view_vector() CALLED =====
DEBUG: Canvas syncing view_vector with sphere vector_direction: [1. 0. 0.]
DEBUG: Normalized view_vector: [1. 0. 0.]
DEBUG: Red vector direction: [1. 0. 0.]
DEBUG: Normalized view vector: [1.000, 0.000, 0.000]
DEBUG: Red cube position: [2. 0. 2.]
DEBUG: Expected direction to cube: [0.70710678 0.         0.70710678]
DEBUG: Actual view vector: [1. 0. 0.]
DEBUG: Dot product: 0.707
DEBUG: ⚠️ WARNING: View vector not pointing toward cube!
DEBUG: Consider setting vector direction to point toward cube
DEBUG: Suggested vector direction: [2.12132034 0.         2.12132034]
DEBUG: Angle to cube: 45.0° (should be < 30° to be visible)
DEBUG: Cube direction: [0.707, 0.000, 0.707]
DEBUG: 2D screen using perspective projection - FOV: 60.0°
DEBUG: ===== SIMPLE MODE CAMERA SETUP =====
DEBUG: Simple mode sphere_pos: [0. 0. 0.]
DEBUG: Simple mode view_dir: [1. 0. 0.]
DEBUG: Simple mode look_at: [10.  0.  0.]
DEBUG: Cube position: [2. 0. 2.]
DEBUG: Direction to cube: [0.70710678 0.         0.70710678]
DEBUG: View direction: [1. 0. 0.]
DEBUG: Angle between view and cube direction: 45.0° (should be close to 0°)
DEBUG: Are we looking toward cube? False
DEBUG: ==============================================
DEBUG: ===== SIMPLE MODE CUBE ROTATION =====
DEBUG: Simple mode applying cube rotation: [0.0°, 0.0°, 0.0°]
DEBUG: =========================================
DEBUG: Simple 2D screen rendered - reference objects disabled to prevent yellow box artifact
DEBUG: Using perspective projection - FOV: 60.0°
DEBUG: Canvas mode: 'simple', Sphere mode: 'simple'
DEBUG: Sphere screen render check - canvas_enabled: True, canvas_mode: simple, sphere_enabled: True, should_render: False
DEBUG: Sphere skipping screen render (canvas mode: simple)
DEBUG: ===== SIMPLE MODE CUBE ROTATION =====
DEBUG: Simple mode applying cube rotation: [0.0°, 0.0°, 0.0°]
DEBUG: =========================================
DEBUG: ===== CANVAS draw_unified_screen() CALLED =====
DEBUG: screen_enabled: True, screen_render_mode: simple
DEBUG: Canvas drawing simple 2D screen
DEBUG: Drew unified screen in simple mode
DEBUG: Simple mode active - screen shows original 2D framebuffer view
DEBUG: Rendering 2 screens
DEBUG: Rendering screen Original 2D Screen of type screen_2d
DEBUG: ===== SIMPLE MODE CUBE ROTATION =====
DEBUG: Simple mode applying cube rotation: [0.0°, 0.0°, 0.0°]
DEBUG: =========================================
DEBUG: ===== CANVAS draw_unified_screen() CALLED =====
DEBUG: screen_enabled: True, screen_render_mode: simple
DEBUG: Canvas drawing simple 2D screen
DEBUG: Drew unified screen in simple mode
DEBUG: Simple mode active - screen shows original 2D framebuffer view
DEBUG: Rendering MediaScreen Video Screen (istockphoto-482277170-640_adpp_is.mp4) with texture 3
DEBUG: Rendering screen Video Screen (istockphoto-482277170-640_adpp_is.mp4) of type screen_2d
DEBUG: Rendering MediaScreen Video Screen (istockphoto-482277170-640_adpp_is.mp4) with texture 3
DEBUG: ===== CANVAS update_sphere_view_vector() CALLED =====
DEBUG: Canvas syncing view_vector with sphere vector_direction: [1. 0. 0.]
DEBUG: Normalized view_vector: [1. 0. 0.]
DEBUG: Red vector direction: [1. 0. 0.]
DEBUG: Normalized view vector: [1.000, 0.000, 0.000]
DEBUG: Red cube position: [2. 0. 2.]
DEBUG: Expected direction to cube: [0.70710678 0.         0.70710678]
DEBUG: Actual view vector: [1. 0. 0.]
DEBUG: Dot product: 0.707
DEBUG: ⚠️ WARNING: View vector not pointing toward cube!
DEBUG: Consider setting vector direction to point toward cube
DEBUG: Suggested vector direction: [2.12132034 0.         2.12132034]
DEBUG: Angle to cube: 45.0° (should be < 30° to be visible)
DEBUG: Cube direction: [0.707, 0.000, 0.707]
DEBUG: 2D screen using perspective projection - FOV: 60.0°
DEBUG: ===== SIMPLE MODE CAMERA SETUP =====
DEBUG: Simple mode sphere_pos: [0. 0. 0.]
DEBUG: Simple mode view_dir: [1. 0. 0.]
DEBUG: Simple mode look_at: [10.  0.  0.]
DEBUG: Cube position: [2. 0. 2.]
DEBUG: Direction to cube: [0.70710678 0.         0.70710678]
DEBUG: View direction: [1. 0. 0.]
DEBUG: Angle between view and cube direction: 45.0° (should be close to 0°)
DEBUG: Are we looking toward cube? False
DEBUG: ==============================================
DEBUG: ===== SIMPLE MODE CUBE ROTATION =====
DEBUG: Simple mode applying cube rotation: [0.0°, 0.0°, 0.0°]
DEBUG: =========================================
DEBUG: Simple 2D screen rendered - reference objects disabled to prevent yellow box artifact
DEBUG: Using perspective projection - FOV: 60.0°
DEBUG: Canvas mode: 'simple', Sphere mode: 'simple'
DEBUG: Sphere screen render check - canvas_enabled: True, canvas_mode: simple, sphere_enabled: True, should_render: False
DEBUG: Sphere skipping screen render (canvas mode: simple)
DEBUG: ===== SIMPLE MODE CUBE ROTATION =====
DEBUG: Simple mode applying cube rotation: [0.0°, 0.0°, 0.0°]
DEBUG: =========================================
DEBUG: ===== CANVAS draw_unified_screen() CALLED =====
DEBUG: screen_enabled: True, screen_render_mode: simple
DEBUG: Canvas drawing simple 2D screen
DEBUG: Drew unified screen in simple mode
DEBUG: Simple mode active - screen shows original 2D framebuffer view
DEBUG: Rendering 2 screens
DEBUG: Rendering screen Original 2D Screen of type screen_2d
DEBUG: ===== SIMPLE MODE CUBE ROTATION =====
DEBUG: Simple mode applying cube rotation: [0.0°, 0.0°, 0.0°]
DEBUG: =========================================
DEBUG: ===== CANVAS draw_unified_screen() CALLED =====
DEBUG: screen_enabled: True, screen_render_mode: simple
DEBUG: Canvas drawing simple 2D screen
DEBUG: Drew unified screen in simple mode
DEBUG: Simple mode active - screen shows original 2D framebuffer view
DEBUG: Rendering MediaScreen Video Screen (istockphoto-482277170-640_adpp_is.mp4) with texture 3
DEBUG: Rendering screen Video Screen (istockphoto-482277170-640_adpp_is.mp4) of type screen_2d
DEBUG: Rendering MediaScreen Video Screen (istockphoto-482277170-640_adpp_is.mp4) with texture 3
DEBUG: ===== CANVAS update_sphere_view_vector() CALLED =====
DEBUG: Canvas syncing view_vector with sphere vector_direction: [1. 0. 0.]
DEBUG: Normalized view_vector: [1. 0. 0.]
DEBUG: Red vector direction: [1. 0. 0.]
DEBUG: Normalized view vector: [1.000, 0.000, 0.000]
DEBUG: Red cube position: [2. 0. 2.]
DEBUG: Expected direction to cube: [0.70710678 0.         0.70710678]
DEBUG: Actual view vector: [1. 0. 0.]
DEBUG: Dot product: 0.707
DEBUG: ⚠️ WARNING: View vector not pointing toward cube!
DEBUG: Consider setting vector direction to point toward cube
DEBUG: Suggested vector direction: [2.12132034 0.         2.12132034]
DEBUG: Angle to cube: 45.0° (should be < 30° to be visible)
DEBUG: Cube direction: [0.707, 0.000, 0.707]
DEBUG: 2D screen using perspective projection - FOV: 60.0°
DEBUG: ===== SIMPLE MODE CAMERA SETUP =====
DEBUG: Simple mode sphere_pos: [0. 0. 0.]
DEBUG: Simple mode view_dir: [1. 0. 0.]
DEBUG: Simple mode look_at: [10.  0.  0.]
DEBUG: Cube position: [2. 0. 2.]
DEBUG: Direction to cube: [0.70710678 0.         0.70710678]
DEBUG: View direction: [1. 0. 0.]
DEBUG: Angle between view and cube direction: 45.0° (should be close to 0°)
DEBUG: Are we looking toward cube? False
DEBUG: ==============================================
DEBUG: ===== SIMPLE MODE CUBE ROTATION =====
DEBUG: Simple mode applying cube rotation: [0.0°, 0.0°, 0.0°]
DEBUG: =========================================
DEBUG: Simple 2D screen rendered - reference objects disabled to prevent yellow box artifact
DEBUG: Using perspective projection - FOV: 60.0°
DEBUG: Canvas mode: 'simple', Sphere mode: 'simple'
DEBUG: Sphere screen render check - canvas_enabled: True, canvas_mode: simple, sphere_enabled: True, should_render: False
DEBUG: Sphere skipping screen render (canvas mode: simple)
DEBUG: ===== SIMPLE MODE CUBE ROTATION =====
DEBUG: Simple mode applying cube rotation: [0.0°, 0.0°, 0.0°]
DEBUG: =========================================
DEBUG: ===== CANVAS draw_unified_screen() CALLED =====
DEBUG: screen_enabled: True, screen_render_mode: simple
DEBUG: Canvas drawing simple 2D screen
DEBUG: Drew unified screen in simple mode
DEBUG: Simple mode active - screen shows original 2D framebuffer view
DEBUG: Rendering 2 screens
DEBUG: Rendering screen Original 2D Screen of type screen_2d
DEBUG: ===== SIMPLE MODE CUBE ROTATION =====
DEBUG: Simple mode applying cube rotation: [0.0°, 0.0°, 0.0°]
DEBUG: =========================================
DEBUG: ===== CANVAS draw_unified_screen() CALLED =====
DEBUG: screen_enabled: True, screen_render_mode: simple
DEBUG: Canvas drawing simple 2D screen
DEBUG: Drew unified screen in simple mode
DEBUG: Simple mode active - screen shows original 2D framebuffer view
DEBUG: Rendering MediaScreen Video Screen (istockphoto-482277170-640_adpp_is.mp4) with texture 3
DEBUG: Rendering screen Video Screen (istockphoto-482277170-640_adpp_is.mp4) of type screen_2d
DEBUG: Rendering MediaScreen Video Screen (istockphoto-482277170-640_adpp_is.mp4) with texture 3
DEBUG: ===== CANVAS update_sphere_view_vector() CALLED =====
DEBUG: Canvas syncing view_vector with sphere vector_direction: [1. 0. 0.]
DEBUG: Normalized view_vector: [1. 0. 0.]
DEBUG: Red vector direction: [1. 0. 0.]
DEBUG: Normalized view vector: [1.000, 0.000, 0.000]
DEBUG: Red cube position: [2. 0. 2.]
DEBUG: Expected direction to cube: [0.70710678 0.         0.70710678]
DEBUG: Actual view vector: [1. 0. 0.]
DEBUG: Dot product: 0.707
DEBUG: ⚠️ WARNING: View vector not pointing toward cube!
DEBUG: Consider setting vector direction to point toward cube
DEBUG: Suggested vector direction: [2.12132034 0.         2.12132034]
DEBUG: Angle to cube: 45.0° (should be < 30° to be visible)
DEBUG: Cube direction: [0.707, 0.000, 0.707]
DEBUG: 2D screen using perspective projection - FOV: 60.0°
DEBUG: ===== SIMPLE MODE CAMERA SETUP =====
DEBUG: Simple mode sphere_pos: [0. 0. 0.]
DEBUG: Simple mode view_dir: [1. 0. 0.]
DEBUG: Simple mode look_at: [10.  0.  0.]
DEBUG: Cube position: [2. 0. 2.]
DEBUG: Direction to cube: [0.70710678 0.         0.70710678]
DEBUG: View direction: [1. 0. 0.]
DEBUG: Angle between view and cube direction: 45.0° (should be close to 0°)
DEBUG: Are we looking toward cube? False
DEBUG: ==============================================
DEBUG: ===== SIMPLE MODE CUBE ROTATION =====
DEBUG: Simple mode applying cube rotation: [0.0°, 0.0°, 0.0°]
DEBUG: =========================================
DEBUG: Simple 2D screen rendered - reference objects disabled to prevent yellow box artifact
DEBUG: Using perspective projection - FOV: 60.0°
DEBUG: Canvas mode: 'simple', Sphere mode: 'simple'
DEBUG: Sphere screen render check - canvas_enabled: True, canvas_mode: simple, sphere_enabled: True, should_render: False
DEBUG: Sphere skipping screen render (canvas mode: simple)
DEBUG: ===== SIMPLE MODE CUBE ROTATION =====
DEBUG: Simple mode applying cube rotation: [0.0°, 0.0°, 0.0°]
DEBUG: =========================================
DEBUG: ===== CANVAS draw_unified_screen() CALLED =====
DEBUG: screen_enabled: True, screen_render_mode: simple
DEBUG: Canvas drawing simple 2D screen
DEBUG: Drew unified screen in simple mode
DEBUG: Simple mode active - screen shows original 2D framebuffer view
DEBUG: Rendering 2 screens
DEBUG: Rendering screen Original 2D Screen of type screen_2d
DEBUG: ===== SIMPLE MODE CUBE ROTATION =====
DEBUG: Simple mode applying cube rotation: [0.0°, 0.0°, 0.0°]
DEBUG: =========================================
DEBUG: ===== CANVAS draw_unified_screen() CALLED =====
DEBUG: screen_enabled: True, screen_render_mode: simple
DEBUG: Canvas drawing simple 2D screen
DEBUG: Drew unified screen in simple mode
DEBUG: Simple mode active - screen shows original 2D framebuffer view
DEBUG: Rendering MediaScreen Video Screen (istockphoto-482277170-640_adpp_is.mp4) with texture 3
DEBUG: Rendering screen Video Screen (istockphoto-482277170-640_adpp_is.mp4) of type screen_2d
DEBUG: Rendering MediaScreen Video Screen (istockphoto-482277170-640_adpp_is.mp4) with texture 3
DEBUG: ===== CANVAS update_sphere_view_vector() CALLED =====
DEBUG: Canvas syncing view_vector with sphere vector_direction: [1. 0. 0.]
DEBUG: Normalized view_vector: [1. 0. 0.]
DEBUG: Red vector direction: [1. 0. 0.]
DEBUG: Normalized view vector: [1.000, 0.000, 0.000]
DEBUG: Red cube position: [2. 0. 2.]
DEBUG: Expected direction to cube: [0.70710678 0.         0.70710678]
DEBUG: Actual view vector: [1. 0. 0.]
DEBUG: Dot product: 0.707
DEBUG: ⚠️ WARNING: View vector not pointing toward cube!
DEBUG: Consider setting vector direction to point toward cube
DEBUG: Suggested vector direction: [2.12132034 0.         2.12132034]
DEBUG: Angle to cube: 45.0° (should be < 30° to be visible)
DEBUG: Cube direction: [0.707, 0.000, 0.707]
DEBUG: 2D screen using perspective projection - FOV: 60.0°
DEBUG: ===== SIMPLE MODE CAMERA SETUP =====
DEBUG: Simple mode sphere_pos: [0. 0. 0.]
DEBUG: Simple mode view_dir: [1. 0. 0.]
DEBUG: Simple mode look_at: [10.  0.  0.]
DEBUG: Cube position: [2. 0. 2.]
DEBUG: Direction to cube: [0.70710678 0.         0.70710678]
DEBUG: View direction: [1. 0. 0.]
DEBUG: Angle between view and cube direction: 45.0° (should be close to 0°)
DEBUG: Are we looking toward cube? False
DEBUG: ==============================================
DEBUG: ===== SIMPLE MODE CUBE ROTATION =====
DEBUG: Simple mode applying cube rotation: [0.0°, 0.0°, 0.0°]
DEBUG: =========================================
DEBUG: Simple 2D screen rendered - reference objects disabled to prevent yellow box artifact
DEBUG: Using perspective projection - FOV: 60.0°
DEBUG: Canvas mode: 'simple', Sphere mode: 'simple'
DEBUG: Sphere screen render check - canvas_enabled: True, canvas_mode: simple, sphere_enabled: True, should_render: False
DEBUG: Sphere skipping screen render (canvas mode: simple)
DEBUG: ===== SIMPLE MODE CUBE ROTATION =====
DEBUG: Simple mode applying cube rotation: [0.0°, 0.0°, 0.0°]
DEBUG: =========================================
DEBUG: ===== CANVAS draw_unified_screen() CALLED =====
DEBUG: screen_enabled: True, screen_render_mode: simple
DEBUG: Canvas drawing simple 2D screen
DEBUG: Drew unified screen in simple mode
DEBUG: Simple mode active - screen shows original 2D framebuffer view
DEBUG: Rendering 2 screens
DEBUG: Rendering screen Original 2D Screen of type screen_2d
DEBUG: ===== SIMPLE MODE CUBE ROTATION =====
DEBUG: Simple mode applying cube rotation: [0.0°, 0.0°, 0.0°]
DEBUG: =========================================
DEBUG: ===== CANVAS draw_unified_screen() CALLED =====
DEBUG: screen_enabled: True, screen_render_mode: simple
DEBUG: Canvas drawing simple 2D screen
DEBUG: Drew unified screen in simple mode
DEBUG: Simple mode active - screen shows original 2D framebuffer view
DEBUG: Rendering MediaScreen Video Screen (istockphoto-482277170-640_adpp_is.mp4) with texture 3
DEBUG: Rendering screen Video Screen (istockphoto-482277170-640_adpp_is.mp4) of type screen_2d
DEBUG: Rendering MediaScreen Video Screen (istockphoto-482277170-640_adpp_is.mp4) with texture 3
DEBUG: ===== CANVAS update_sphere_view_vector() CALLED =====
DEBUG: Canvas syncing view_vector with sphere vector_direction: [1. 0. 0.]
DEBUG: Normalized view_vector: [1. 0. 0.]
DEBUG: Red vector direction: [1. 0. 0.]
DEBUG: Normalized view vector: [1.000, 0.000, 0.000]
DEBUG: Red cube position: [2. 0. 2.]
DEBUG: Expected direction to cube: [0.70710678 0.         0.70710678]
DEBUG: Actual view vector: [1. 0. 0.]
DEBUG: Dot product: 0.707
DEBUG: ⚠️ WARNING: View vector not pointing toward cube!
DEBUG: Consider setting vector direction to point toward cube
DEBUG: Suggested vector direction: [2.12132034 0.         2.12132034]
DEBUG: Angle to cube: 45.0° (should be < 30° to be visible)
DEBUG: Cube direction: [0.707, 0.000, 0.707]
DEBUG: 2D screen using perspective projection - FOV: 60.0°
DEBUG: ===== SIMPLE MODE CAMERA SETUP =====
DEBUG: Simple mode sphere_pos: [0. 0. 0.]
DEBUG: Simple mode view_dir: [1. 0. 0.]
DEBUG: Simple mode look_at: [10.  0.  0.]
DEBUG: Cube position: [2. 0. 2.]
DEBUG: Direction to cube: [0.70710678 0.         0.70710678]
DEBUG: View direction: [1. 0. 0.]
DEBUG: Angle between view and cube direction: 45.0° (should be close to 0°)
DEBUG: Are we looking toward cube? False
DEBUG: ==============================================
DEBUG: ===== SIMPLE MODE CUBE ROTATION =====
DEBUG: Simple mode applying cube rotation: [0.0°, 0.0°, 0.0°]
DEBUG: =========================================
DEBUG: Simple 2D screen rendered - reference objects disabled to prevent yellow box artifact
DEBUG: Using perspective projection - FOV: 60.0°
DEBUG: Canvas mode: 'simple', Sphere mode: 'simple'
DEBUG: Sphere screen render check - canvas_enabled: True, canvas_mode: simple, sphere_enabled: True, should_render: False
DEBUG: Sphere skipping screen render (canvas mode: simple)
DEBUG: ===== SIMPLE MODE CUBE ROTATION =====
DEBUG: Simple mode applying cube rotation: [0.0°, 0.0°, 0.0°]
DEBUG: =========================================
DEBUG: ===== CANVAS draw_unified_screen() CALLED =====
DEBUG: screen_enabled: True, screen_render_mode: simple
DEBUG: Canvas drawing simple 2D screen
DEBUG: Drew unified screen in simple mode
DEBUG: Simple mode active - screen shows original 2D framebuffer view
DEBUG: Rendering 2 screens
DEBUG: Rendering screen Original 2D Screen of type screen_2d
DEBUG: ===== SIMPLE MODE CUBE ROTATION =====
DEBUG: Simple mode applying cube rotation: [0.0°, 0.0°, 0.0°]
DEBUG: =========================================
DEBUG: ===== CANVAS draw_unified_screen() CALLED =====
DEBUG: screen_enabled: True, screen_render_mode: simple
DEBUG: Canvas drawing simple 2D screen
DEBUG: Drew unified screen in simple mode
DEBUG: Simple mode active - screen shows original 2D framebuffer view
DEBUG: Rendering MediaScreen Video Screen (istockphoto-482277170-640_adpp_is.mp4) with texture 3
DEBUG: Rendering screen Video Screen (istockphoto-482277170-640_adpp_is.mp4) of type screen_2d
DEBUG: Rendering MediaScreen Video Screen (istockphoto-482277170-640_adpp_is.mp4) with texture 3
DEBUG: ===== CANVAS update_sphere_view_vector() CALLED =====
DEBUG: Canvas syncing view_vector with sphere vector_direction: [1. 0. 0.]
DEBUG: Normalized view_vector: [1. 0. 0.]
DEBUG: Red vector direction: [1. 0. 0.]
DEBUG: Normalized view vector: [1.000, 0.000, 0.000]
DEBUG: Red cube position: [2. 0. 2.]
DEBUG: Expected direction to cube: [0.70710678 0.         0.70710678]
DEBUG: Actual view vector: [1. 0. 0.]
DEBUG: Dot product: 0.707
DEBUG: ⚠️ WARNING: View vector not pointing toward cube!
DEBUG: Consider setting vector direction to point toward cube
DEBUG: Suggested vector direction: [2.12132034 0.         2.12132034]
DEBUG: Angle to cube: 45.0° (should be < 30° to be visible)
DEBUG: Cube direction: [0.707, 0.000, 0.707]
DEBUG: 2D screen using perspective projection - FOV: 60.0°
DEBUG: ===== SIMPLE MODE CAMERA SETUP =====
DEBUG: Simple mode sphere_pos: [0. 0. 0.]
DEBUG: Simple mode view_dir: [1. 0. 0.]
DEBUG: Simple mode look_at: [10.  0.  0.]
DEBUG: Cube position: [2. 0. 2.]
DEBUG: Direction to cube: [0.70710678 0.         0.70710678]
DEBUG: View direction: [1. 0. 0.]
DEBUG: Angle between view and cube direction: 45.0° (should be close to 0°)
DEBUG: Are we looking toward cube? False
DEBUG: ==============================================
DEBUG: ===== SIMPLE MODE CUBE ROTATION =====
DEBUG: Simple mode applying cube rotation: [0.0°, 0.0°, 0.0°]
DEBUG: =========================================
DEBUG: Simple 2D screen rendered - reference objects disabled to prevent yellow box artifact
DEBUG: Using perspective projection - FOV: 60.0°
DEBUG: Canvas mode: 'simple', Sphere mode: 'simple'
DEBUG: Sphere screen render check - canvas_enabled: True, canvas_mode: simple, sphere_enabled: True, should_render: False
DEBUG: Sphere skipping screen render (canvas mode: simple)
DEBUG: ===== SIMPLE MODE CUBE ROTATION =====
DEBUG: Simple mode applying cube rotation: [0.0°, 0.0°, 0.0°]
DEBUG: =========================================
DEBUG: ===== CANVAS draw_unified_screen() CALLED =====
DEBUG: screen_enabled: True, screen_render_mode: simple
DEBUG: Canvas drawing simple 2D screen
DEBUG: Drew unified screen in simple mode
DEBUG: Simple mode active - screen shows original 2D framebuffer view
DEBUG: Rendering 2 screens
DEBUG: Rendering screen Original 2D Screen of type screen_2d
DEBUG: ===== SIMPLE MODE CUBE ROTATION =====
DEBUG: Simple mode applying cube rotation: [0.0°, 0.0°, 0.0°]
DEBUG: =========================================
DEBUG: ===== CANVAS draw_unified_screen() CALLED =====
DEBUG: screen_enabled: True, screen_render_mode: simple
DEBUG: Canvas drawing simple 2D screen
DEBUG: Drew unified screen in simple mode
DEBUG: Simple mode active - screen shows original 2D framebuffer view
DEBUG: Rendering MediaScreen Video Screen (istockphoto-482277170-640_adpp_is.mp4) with texture 3
DEBUG: Rendering screen Video Screen (istockphoto-482277170-640_adpp_is.mp4) of type screen_2d
DEBUG: Rendering MediaScreen Video Screen (istockphoto-482277170-640_adpp_is.mp4) with texture 3
DEBUG: ===== CANVAS update_sphere_view_vector() CALLED =====
DEBUG: Canvas syncing view_vector with sphere vector_direction: [1. 0. 0.]
DEBUG: Normalized view_vector: [1. 0. 0.]
DEBUG: Red vector direction: [1. 0. 0.]
DEBUG: Normalized view vector: [1.000, 0.000, 0.000]
DEBUG: Red cube position: [2. 0. 2.]
DEBUG: Expected direction to cube: [0.70710678 0.         0.70710678]
DEBUG: Actual view vector: [1. 0. 0.]
DEBUG: Dot product: 0.707
DEBUG: ⚠️ WARNING: View vector not pointing toward cube!
DEBUG: Consider setting vector direction to point toward cube
DEBUG: Suggested vector direction: [2.12132034 0.         2.12132034]
DEBUG: Angle to cube: 45.0° (should be < 30° to be visible)
DEBUG: Cube direction: [0.707, 0.000, 0.707]
DEBUG: 2D screen using perspective projection - FOV: 60.0°
DEBUG: ===== SIMPLE MODE CAMERA SETUP =====
DEBUG: Simple mode sphere_pos: [0. 0. 0.]
DEBUG: Simple mode view_dir: [1. 0. 0.]
DEBUG: Simple mode look_at: [10.  0.  0.]
DEBUG: Cube position: [2. 0. 2.]
DEBUG: Direction to cube: [0.70710678 0.         0.70710678]
DEBUG: View direction: [1. 0. 0.]
DEBUG: Angle between view and cube direction: 45.0° (should be close to 0°)
DEBUG: Are we looking toward cube? False
DEBUG: ==============================================
DEBUG: ===== SIMPLE MODE CUBE ROTATION =====
DEBUG: Simple mode applying cube rotation: [0.0°, 0.0°, 0.0°]
DEBUG: =========================================
DEBUG: Simple 2D screen rendered - reference objects disabled to prevent yellow box artifact
DEBUG: Using perspective projection - FOV: 60.0°
DEBUG: Canvas mode: 'simple', Sphere mode: 'simple'
DEBUG: Sphere screen render check - canvas_enabled: True, canvas_mode: simple, sphere_enabled: True, should_render: False
DEBUG: Sphere skipping screen render (canvas mode: simple)
DEBUG: ===== SIMPLE MODE CUBE ROTATION =====
DEBUG: Simple mode applying cube rotation: [0.0°, 0.0°, 0.0°]
DEBUG: =========================================
DEBUG: ===== CANVAS draw_unified_screen() CALLED =====
DEBUG: screen_enabled: True, screen_render_mode: simple
DEBUG: Canvas drawing simple 2D screen
DEBUG: Drew unified screen in simple mode
DEBUG: Simple mode active - screen shows original 2D framebuffer view
DEBUG: Rendering 2 screens
DEBUG: Rendering screen Original 2D Screen of type screen_2d
DEBUG: ===== SIMPLE MODE CUBE ROTATION =====
DEBUG: Simple mode applying cube rotation: [0.0°, 0.0°, 0.0°]
DEBUG: =========================================
DEBUG: ===== CANVAS draw_unified_screen() CALLED =====
DEBUG: screen_enabled: True, screen_render_mode: simple
DEBUG: Canvas drawing simple 2D screen
DEBUG: Drew unified screen in simple mode
DEBUG: Simple mode active - screen shows original 2D framebuffer view
DEBUG: Rendering MediaScreen Video Screen (istockphoto-482277170-640_adpp_is.mp4) with texture 3
DEBUG: Rendering screen Video Screen (istockphoto-482277170-640_adpp_is.mp4) of type screen_2d
DEBUG: Rendering MediaScreen Video Screen (istockphoto-482277170-640_adpp_is.mp4) with texture 3
DEBUG: ===== CANVAS update_sphere_view_vector() CALLED =====
DEBUG: Canvas syncing view_vector with sphere vector_direction: [1. 0. 0.]
DEBUG: Normalized view_vector: [1. 0. 0.]
DEBUG: Red vector direction: [1. 0. 0.]
DEBUG: Normalized view vector: [1.000, 0.000, 0.000]
DEBUG: Red cube position: [2. 0. 2.]
DEBUG: Expected direction to cube: [0.70710678 0.         0.70710678]
DEBUG: Actual view vector: [1. 0. 0.]
DEBUG: Dot product: 0.707
DEBUG: ⚠️ WARNING: View vector not pointing toward cube!
DEBUG: Consider setting vector direction to point toward cube
DEBUG: Suggested vector direction: [2.12132034 0.         2.12132034]
DEBUG: Angle to cube: 45.0° (should be < 30° to be visible)
DEBUG: Cube direction: [0.707, 0.000, 0.707]
DEBUG: 2D screen using perspective projection - FOV: 60.0°
DEBUG: ===== SIMPLE MODE CAMERA SETUP =====
DEBUG: Simple mode sphere_pos: [0. 0. 0.]
DEBUG: Simple mode view_dir: [1. 0. 0.]
DEBUG: Simple mode look_at: [10.  0.  0.]
DEBUG: Cube position: [2. 0. 2.]
DEBUG: Direction to cube: [0.70710678 0.         0.70710678]
DEBUG: View direction: [1. 0. 0.]
DEBUG: Angle between view and cube direction: 45.0° (should be close to 0°)
DEBUG: Are we looking toward cube? False
DEBUG: ==============================================
DEBUG: ===== SIMPLE MODE CUBE ROTATION =====
DEBUG: Simple mode applying cube rotation: [0.0°, 0.0°, 0.0°]
DEBUG: =========================================
DEBUG: Simple 2D screen rendered - reference objects disabled to prevent yellow box artifact
DEBUG: Using perspective projection - FOV: 60.0°
DEBUG: Canvas mode: 'simple', Sphere mode: 'simple'
DEBUG: Sphere screen render check - canvas_enabled: True, canvas_mode: simple, sphere_enabled: True, should_render: False
DEBUG: Sphere skipping screen render (canvas mode: simple)
DEBUG: ===== SIMPLE MODE CUBE ROTATION =====
DEBUG: Simple mode applying cube rotation: [0.0°, 0.0°, 0.0°]
DEBUG: =========================================
DEBUG: ===== CANVAS draw_unified_screen() CALLED =====
DEBUG: screen_enabled: True, screen_render_mode: simple
DEBUG: Canvas drawing simple 2D screen
DEBUG: Drew unified screen in simple mode
DEBUG: Simple mode active - screen shows original 2D framebuffer view
DEBUG: Rendering 2 screens
DEBUG: Rendering screen Original 2D Screen of type screen_2d
DEBUG: ===== SIMPLE MODE CUBE ROTATION =====
DEBUG: Simple mode applying cube rotation: [0.0°, 0.0°, 0.0°]
DEBUG: =========================================
DEBUG: ===== CANVAS draw_unified_screen() CALLED =====
DEBUG: screen_enabled: True, screen_render_mode: simple
DEBUG: Canvas drawing simple 2D screen
DEBUG: Drew unified screen in simple mode
DEBUG: Simple mode active - screen shows original 2D framebuffer view
DEBUG: Rendering MediaScreen Video Screen (istockphoto-482277170-640_adpp_is.mp4) with texture 3
DEBUG: Rendering screen Video Screen (istockphoto-482277170-640_adpp_is.mp4) of type screen_2d
DEBUG: Rendering MediaScreen Video Screen (istockphoto-482277170-640_adpp_is.mp4) with texture 3
DEBUG: ===== CANVAS update_sphere_view_vector() CALLED =====
DEBUG: Canvas syncing view_vector with sphere vector_direction: [1. 0. 0.]
DEBUG: Normalized view_vector: [1. 0. 0.]
DEBUG: Red vector direction: [1. 0. 0.]
DEBUG: Normalized view vector: [1.000, 0.000, 0.000]
DEBUG: Red cube position: [2. 0. 2.]
DEBUG: Expected direction to cube: [0.70710678 0.         0.70710678]
DEBUG: Actual view vector: [1. 0. 0.]
DEBUG: Dot product: 0.707
DEBUG: ⚠️ WARNING: View vector not pointing toward cube!
DEBUG: Consider setting vector direction to point toward cube
DEBUG: Suggested vector direction: [2.12132034 0.         2.12132034]
DEBUG: Angle to cube: 45.0° (should be < 30° to be visible)
DEBUG: Cube direction: [0.707, 0.000, 0.707]
DEBUG: 2D screen using perspective projection - FOV: 60.0°
DEBUG: ===== SIMPLE MODE CAMERA SETUP =====
DEBUG: Simple mode sphere_pos: [0. 0. 0.]
DEBUG: Simple mode view_dir: [1. 0. 0.]
DEBUG: Simple mode look_at: [10.  0.  0.]
DEBUG: Cube position: [2. 0. 2.]
DEBUG: Direction to cube: [0.70710678 0.         0.70710678]
DEBUG: View direction: [1. 0. 0.]
DEBUG: Angle between view and cube direction: 45.0° (should be close to 0°)
DEBUG: Are we looking toward cube? False
DEBUG: ==============================================
DEBUG: ===== SIMPLE MODE CUBE ROTATION =====
DEBUG: Simple mode applying cube rotation: [0.0°, 0.0°, 0.0°]
DEBUG: =========================================
DEBUG: Simple 2D screen rendered - reference objects disabled to prevent yellow box artifact
DEBUG: Using perspective projection - FOV: 60.0°
DEBUG: Canvas mode: 'simple', Sphere mode: 'simple'
DEBUG: Sphere screen render check - canvas_enabled: True, canvas_mode: simple, sphere_enabled: True, should_render: False
DEBUG: Sphere skipping screen render (canvas mode: simple)
DEBUG: ===== SIMPLE MODE CUBE ROTATION =====
DEBUG: Simple mode applying cube rotation: [0.0°, 0.0°, 0.0°]
DEBUG: =========================================
DEBUG: ===== CANVAS draw_unified_screen() CALLED =====
DEBUG: screen_enabled: True, screen_render_mode: simple
DEBUG: Canvas drawing simple 2D screen
DEBUG: Drew unified screen in simple mode
DEBUG: Simple mode active - screen shows original 2D framebuffer view
DEBUG: Rendering 2 screens
DEBUG: Rendering screen Original 2D Screen of type screen_2d
DEBUG: ===== SIMPLE MODE CUBE ROTATION =====
DEBUG: Simple mode applying cube rotation: [0.0°, 0.0°, 0.0°]
DEBUG: =========================================
DEBUG: ===== CANVAS draw_unified_screen() CALLED =====
DEBUG: screen_enabled: True, screen_render_mode: simple
DEBUG: Canvas drawing simple 2D screen
DEBUG: Drew unified screen in simple mode
DEBUG: Simple mode active - screen shows original 2D framebuffer view
DEBUG: Rendering MediaScreen Video Screen (istockphoto-482277170-640_adpp_is.mp4) with texture 3
DEBUG: Rendering screen Video Screen (istockphoto-482277170-640_adpp_is.mp4) of type screen_2d
DEBUG: Rendering MediaScreen Video Screen (istockphoto-482277170-640_adpp_is.mp4) with texture 3
DEBUG: ===== CANVAS update_sphere_view_vector() CALLED =====
DEBUG: Canvas syncing view_vector with sphere vector_direction: [1. 0. 0.]
DEBUG: Normalized view_vector: [1. 0. 0.]
DEBUG: Red vector direction: [1. 0. 0.]
DEBUG: Normalized view vector: [1.000, 0.000, 0.000]
DEBUG: Red cube position: [2. 0. 2.]
DEBUG: Expected direction to cube: [0.70710678 0.         0.70710678]
DEBUG: Actual view vector: [1. 0. 0.]
DEBUG: Dot product: 0.707
DEBUG: ⚠️ WARNING: View vector not pointing toward cube!
DEBUG: Consider setting vector direction to point toward cube
DEBUG: Suggested vector direction: [2.12132034 0.         2.12132034]
DEBUG: Angle to cube: 45.0° (should be < 30° to be visible)
DEBUG: Cube direction: [0.707, 0.000, 0.707]
DEBUG: 2D screen using perspective projection - FOV: 60.0°
DEBUG: ===== SIMPLE MODE CAMERA SETUP =====
DEBUG: Simple mode sphere_pos: [0. 0. 0.]
DEBUG: Simple mode view_dir: [1. 0. 0.]
DEBUG: Simple mode look_at: [10.  0.  0.]
DEBUG: Cube position: [2. 0. 2.]
DEBUG: Direction to cube: [0.70710678 0.         0.70710678]
DEBUG: View direction: [1. 0. 0.]
DEBUG: Angle between view and cube direction: 45.0° (should be close to 0°)
DEBUG: Are we looking toward cube? False
DEBUG: ==============================================
DEBUG: ===== SIMPLE MODE CUBE ROTATION =====
DEBUG: Simple mode applying cube rotation: [0.0°, 0.0°, 0.0°]
DEBUG: =========================================
DEBUG: Simple 2D screen rendered - reference objects disabled to prevent yellow box artifact
DEBUG: Using perspective projection - FOV: 60.0°
DEBUG: Canvas mode: 'simple', Sphere mode: 'simple'
DEBUG: Sphere screen render check - canvas_enabled: True, canvas_mode: simple, sphere_enabled: True, should_render: False
DEBUG: Sphere skipping screen render (canvas mode: simple)
DEBUG: ===== SIMPLE MODE CUBE ROTATION =====
DEBUG: Simple mode applying cube rotation: [0.0°, 0.0°, 0.0°]
DEBUG: =========================================
DEBUG: ===== CANVAS draw_unified_screen() CALLED =====
DEBUG: screen_enabled: True, screen_render_mode: simple
DEBUG: Canvas drawing simple 2D screen
DEBUG: Drew unified screen in simple mode
DEBUG: Simple mode active - screen shows original 2D framebuffer view
DEBUG: Rendering 2 screens
DEBUG: Rendering screen Original 2D Screen of type screen_2d
DEBUG: Frame 30, audio: 1.00s, video: 1.00s, sync diff: 0.002s
DEBUG: ===== SIMPLE MODE CUBE ROTATION =====
DEBUG: Simple mode applying cube rotation: [0.0°, 0.0°, 0.0°]
DEBUG: =========================================
DEBUG: ===== CANVAS draw_unified_screen() CALLED =====
DEBUG: screen_enabled: True, screen_render_mode: simple
DEBUG: Canvas drawing simple 2D screen
DEBUG: Drew unified screen in simple mode
DEBUG: Simple mode active - screen shows original 2D framebuffer view
DEBUG: Rendering MediaScreen Video Screen (istockphoto-482277170-640_adpp_is.mp4) with texture 3
DEBUG: Rendering screen Video Screen (istockphoto-482277170-640_adpp_is.mp4) of type screen_2d
DEBUG: Rendering MediaScreen Video Screen (istockphoto-482277170-640_adpp_is.mp4) with texture 3
DEBUG: ===== CANVAS update_sphere_view_vector() CALLED =====
DEBUG: Canvas syncing view_vector with sphere vector_direction: [1. 0. 0.]
DEBUG: Normalized view_vector: [1. 0. 0.]
DEBUG: Red vector direction: [1. 0. 0.]
DEBUG: Normalized view vector: [1.000, 0.000, 0.000]
DEBUG: Red cube position: [2. 0. 2.]
DEBUG: Expected direction to cube: [0.70710678 0.         0.70710678]
DEBUG: Actual view vector: [1. 0. 0.]
DEBUG: Dot product: 0.707
DEBUG: ⚠️ WARNING: View vector not pointing toward cube!
DEBUG: Consider setting vector direction to point toward cube
DEBUG: Suggested vector direction: [2.12132034 0.         2.12132034]
DEBUG: Angle to cube: 45.0° (should be < 30° to be visible)
DEBUG: Cube direction: [0.707, 0.000, 0.707]
DEBUG: 2D screen using perspective projection - FOV: 60.0°
DEBUG: ===== SIMPLE MODE CAMERA SETUP =====
DEBUG: Simple mode sphere_pos: [0. 0. 0.]
DEBUG: Simple mode view_dir: [1. 0. 0.]
DEBUG: Simple mode look_at: [10.  0.  0.]
DEBUG: Cube position: [2. 0. 2.]
DEBUG: Direction to cube: [0.70710678 0.         0.70710678]
DEBUG: View direction: [1. 0. 0.]
DEBUG: Angle between view and cube direction: 45.0° (should be close to 0°)
DEBUG: Are we looking toward cube? False
DEBUG: ==============================================
DEBUG: ===== SIMPLE MODE CUBE ROTATION =====
DEBUG: Simple mode applying cube rotation: [0.0°, 0.0°, 0.0°]
DEBUG: =========================================
DEBUG: Simple 2D screen rendered - reference objects disabled to prevent yellow box artifact
DEBUG: Using perspective projection - FOV: 60.0°
DEBUG: Canvas mode: 'simple', Sphere mode: 'simple'
DEBUG: Sphere screen render check - canvas_enabled: True, canvas_mode: simple, sphere_enabled: True, should_render: False
DEBUG: Sphere skipping screen render (canvas mode: simple)
DEBUG: ===== SIMPLE MODE CUBE ROTATION =====
DEBUG: Simple mode applying cube rotation: [0.0°, 0.0°, 0.0°]
DEBUG: =========================================
DEBUG: ===== CANVAS draw_unified_screen() CALLED =====
DEBUG: screen_enabled: True, screen_render_mode: simple
DEBUG: Canvas drawing simple 2D screen
DEBUG: Drew unified screen in simple mode
DEBUG: Simple mode active - screen shows original 2D framebuffer view
DEBUG: Rendering 2 screens
DEBUG: Rendering screen Original 2D Screen of type screen_2d
DEBUG: ===== SIMPLE MODE CUBE ROTATION =====
DEBUG: Simple mode applying cube rotation: [0.0°, 0.0°, 0.0°]
DEBUG: =========================================
DEBUG: ===== CANVAS draw_unified_screen() CALLED =====
DEBUG: screen_enabled: True, screen_render_mode: simple
DEBUG: Canvas drawing simple 2D screen
DEBUG: Drew unified screen in simple mode
DEBUG: Simple mode active - screen shows original 2D framebuffer view
DEBUG: Rendering MediaScreen Video Screen (istockphoto-482277170-640_adpp_is.mp4) with texture 3
DEBUG: Rendering screen Video Screen (istockphoto-482277170-640_adpp_is.mp4) of type screen_2d
DEBUG: Rendering MediaScreen Video Screen (istockphoto-482277170-640_adpp_is.mp4) with texture 3
DEBUG: ===== CANVAS update_sphere_view_vector() CALLED =====
DEBUG: Canvas syncing view_vector with sphere vector_direction: [1. 0. 0.]
DEBUG: Normalized view_vector: [1. 0. 0.]
DEBUG: Red vector direction: [1. 0. 0.]
DEBUG: Normalized view vector: [1.000, 0.000, 0.000]
DEBUG: Red cube position: [2. 0. 2.]
DEBUG: Expected direction to cube: [0.70710678 0.         0.70710678]
DEBUG: Actual view vector: [1. 0. 0.]
DEBUG: Dot product: 0.707
DEBUG: ⚠️ WARNING: View vector not pointing toward cube!
DEBUG: Consider setting vector direction to point toward cube
DEBUG: Suggested vector direction: [2.12132034 0.         2.12132034]
DEBUG: Angle to cube: 45.0° (should be < 30° to be visible)
DEBUG: Cube direction: [0.707, 0.000, 0.707]
DEBUG: 2D screen using perspective projection - FOV: 60.0°
DEBUG: ===== SIMPLE MODE CAMERA SETUP =====
DEBUG: Simple mode sphere_pos: [0. 0. 0.]
DEBUG: Simple mode view_dir: [1. 0. 0.]
DEBUG: Simple mode look_at: [10.  0.  0.]
DEBUG: Cube position: [2. 0. 2.]
DEBUG: Direction to cube: [0.70710678 0.         0.70710678]
DEBUG: View direction: [1. 0. 0.]
DEBUG: Angle between view and cube direction: 45.0° (should be close to 0°)
DEBUG: Are we looking toward cube? False
DEBUG: ==============================================
DEBUG: ===== SIMPLE MODE CUBE ROTATION =====
DEBUG: Simple mode applying cube rotation: [0.0°, 0.0°, 0.0°]
DEBUG: =========================================
DEBUG: Simple 2D screen rendered - reference objects disabled to prevent yellow box artifact
DEBUG: Using perspective projection - FOV: 60.0°
DEBUG: Canvas mode: 'simple', Sphere mode: 'simple'
DEBUG: Sphere screen render check - canvas_enabled: True, canvas_mode: simple, sphere_enabled: True, should_render: False
DEBUG: Sphere skipping screen render (canvas mode: simple)
DEBUG: ===== SIMPLE MODE CUBE ROTATION =====
DEBUG: Simple mode applying cube rotation: [0.0°, 0.0°, 0.0°]
DEBUG: =========================================
DEBUG: ===== CANVAS draw_unified_screen() CALLED =====
DEBUG: screen_enabled: True, screen_render_mode: simple
DEBUG: Canvas drawing simple 2D screen
DEBUG: Drew unified screen in simple mode
DEBUG: Simple mode active - screen shows original 2D framebuffer view
DEBUG: Rendering 2 screens
DEBUG: Rendering screen Original 2D Screen of type screen_2d
DEBUG: ===== SIMPLE MODE CUBE ROTATION =====
DEBUG: Simple mode applying cube rotation: [0.0°, 0.0°, 0.0°]
DEBUG: =========================================
DEBUG: ===== CANVAS draw_unified_screen() CALLED =====
DEBUG: screen_enabled: True, screen_render_mode: simple
DEBUG: Canvas drawing simple 2D screen
DEBUG: Drew unified screen in simple mode
DEBUG: Simple mode active - screen shows original 2D framebuffer view
DEBUG: Rendering MediaScreen Video Screen (istockphoto-482277170-640_adpp_is.mp4) with texture 3
DEBUG: Rendering screen Video Screen (istockphoto-482277170-640_adpp_is.mp4) of type screen_2d
DEBUG: Rendering MediaScreen Video Screen (istockphoto-482277170-640_adpp_is.mp4) with texture 3
DEBUG: ===== CANVAS update_sphere_view_vector() CALLED =====
DEBUG: Canvas syncing view_vector with sphere vector_direction: [1. 0. 0.]
DEBUG: Normalized view_vector: [1. 0. 0.]
DEBUG: Red vector direction: [1. 0. 0.]
DEBUG: Normalized view vector: [1.000, 0.000, 0.000]
DEBUG: Red cube position: [2. 0. 2.]
DEBUG: Expected direction to cube: [0.70710678 0.         0.70710678]
DEBUG: Actual view vector: [1. 0. 0.]
DEBUG: Dot product: 0.707
DEBUG: ⚠️ WARNING: View vector not pointing toward cube!
DEBUG: Consider setting vector direction to point toward cube
DEBUG: Suggested vector direction: [2.12132034 0.         2.12132034]
DEBUG: Angle to cube: 45.0° (should be < 30° to be visible)
DEBUG: Cube direction: [0.707, 0.000, 0.707]
DEBUG: 2D screen using perspective projection - FOV: 60.0°
DEBUG: ===== SIMPLE MODE CAMERA SETUP =====
DEBUG: Simple mode sphere_pos: [0. 0. 0.]
DEBUG: Simple mode view_dir: [1. 0. 0.]
DEBUG: Simple mode look_at: [10.  0.  0.]
DEBUG: Cube position: [2. 0. 2.]
DEBUG: Direction to cube: [0.70710678 0.         0.70710678]
DEBUG: View direction: [1. 0. 0.]
DEBUG: Angle between view and cube direction: 45.0° (should be close to 0°)
DEBUG: Are we looking toward cube? False
DEBUG: ==============================================
DEBUG: ===== SIMPLE MODE CUBE ROTATION =====
DEBUG: Simple mode applying cube rotation: [0.0°, 0.0°, 0.0°]
DEBUG: =========================================
DEBUG: Simple 2D screen rendered - reference objects disabled to prevent yellow box artifact
DEBUG: Using perspective projection - FOV: 60.0°
DEBUG: Canvas mode: 'simple', Sphere mode: 'simple'
DEBUG: Sphere screen render check - canvas_enabled: True, canvas_mode: simple, sphere_enabled: True, should_render: False
DEBUG: Sphere skipping screen render (canvas mode: simple)
DEBUG: ===== SIMPLE MODE CUBE ROTATION =====
DEBUG: Simple mode applying cube rotation: [0.0°, 0.0°, 0.0°]
DEBUG: =========================================
DEBUG: ===== CANVAS draw_unified_screen() CALLED =====
DEBUG: screen_enabled: True, screen_render_mode: simple
DEBUG: Canvas drawing simple 2D screen
DEBUG: Drew unified screen in simple mode
DEBUG: Simple mode active - screen shows original 2D framebuffer view
DEBUG: Rendering 2 screens
DEBUG: Rendering screen Original 2D Screen of type screen_2d
DEBUG: ===== SIMPLE MODE CUBE ROTATION =====
DEBUG: Simple mode applying cube rotation: [0.0°, 0.0°, 0.0°]
DEBUG: =========================================
DEBUG: ===== CANVAS draw_unified_screen() CALLED =====
DEBUG: screen_enabled: True, screen_render_mode: simple
DEBUG: Canvas drawing simple 2D screen
DEBUG: Drew unified screen in simple mode
DEBUG: Simple mode active - screen shows original 2D framebuffer view
DEBUG: Rendering MediaScreen Video Screen (istockphoto-482277170-640_adpp_is.mp4) with texture 3
DEBUG: Rendering screen Video Screen (istockphoto-482277170-640_adpp_is.mp4) of type screen_2d
DEBUG: Rendering MediaScreen Video Screen (istockphoto-482277170-640_adpp_is.mp4) with texture 3
DEBUG: ===== CANVAS update_sphere_view_vector() CALLED =====
DEBUG: Canvas syncing view_vector with sphere vector_direction: [1. 0. 0.]
DEBUG: Normalized view_vector: [1. 0. 0.]
DEBUG: Red vector direction: [1. 0. 0.]
DEBUG: Normalized view vector: [1.000, 0.000, 0.000]
DEBUG: Red cube position: [2. 0. 2.]
DEBUG: Expected direction to cube: [0.70710678 0.         0.70710678]
DEBUG: Actual view vector: [1. 0. 0.]
DEBUG: Dot product: 0.707
DEBUG: ⚠️ WARNING: View vector not pointing toward cube!
DEBUG: Consider setting vector direction to point toward cube
DEBUG: Suggested vector direction: [2.12132034 0.         2.12132034]
DEBUG: Angle to cube: 45.0° (should be < 30° to be visible)
DEBUG: Cube direction: [0.707, 0.000, 0.707]
DEBUG: 2D screen using perspective projection - FOV: 60.0°
DEBUG: ===== SIMPLE MODE CAMERA SETUP =====
DEBUG: Simple mode sphere_pos: [0. 0. 0.]
DEBUG: Simple mode view_dir: [1. 0. 0.]
DEBUG: Simple mode look_at: [10.  0.  0.]
DEBUG: Cube position: [2. 0. 2.]
DEBUG: Direction to cube: [0.70710678 0.         0.70710678]
DEBUG: View direction: [1. 0. 0.]
DEBUG: Angle between view and cube direction: 45.0° (should be close to 0°)
DEBUG: Are we looking toward cube? False
DEBUG: ==============================================
DEBUG: ===== SIMPLE MODE CUBE ROTATION =====
DEBUG: Simple mode applying cube rotation: [0.0°, 0.0°, 0.0°]
DEBUG: =========================================
DEBUG: Simple 2D screen rendered - reference objects disabled to prevent yellow box artifact
DEBUG: Using perspective projection - FOV: 60.0°
DEBUG: Canvas mode: 'simple', Sphere mode: 'simple'
DEBUG: Sphere screen render check - canvas_enabled: True, canvas_mode: simple, sphere_enabled: True, should_render: False
DEBUG: Sphere skipping screen render (canvas mode: simple)
DEBUG: ===== SIMPLE MODE CUBE ROTATION =====
DEBUG: Simple mode applying cube rotation: [0.0°, 0.0°, 0.0°]
DEBUG: =========================================
DEBUG: ===== CANVAS draw_unified_screen() CALLED =====
DEBUG: screen_enabled: True, screen_render_mode: simple
DEBUG: Canvas drawing simple 2D screen
DEBUG: Drew unified screen in simple mode
DEBUG: Simple mode active - screen shows original 2D framebuffer view
DEBUG: Rendering 2 screens
DEBUG: Rendering screen Original 2D Screen of type screen_2d
DEBUG: ===== SIMPLE MODE CUBE ROTATION =====
DEBUG: Simple mode applying cube rotation: [0.0°, 0.0°, 0.0°]
DEBUG: =========================================
DEBUG: ===== CANVAS draw_unified_screen() CALLED =====
DEBUG: screen_enabled: True, screen_render_mode: simple
DEBUG: Canvas drawing simple 2D screen
DEBUG: Drew unified screen in simple mode
DEBUG: Simple mode active - screen shows original 2D framebuffer view
DEBUG: Rendering MediaScreen Video Screen (istockphoto-482277170-640_adpp_is.mp4) with texture 3
DEBUG: Rendering screen Video Screen (istockphoto-482277170-640_adpp_is.mp4) of type screen_2d
DEBUG: Rendering MediaScreen Video Screen (istockphoto-482277170-640_adpp_is.mp4) with texture 3
DEBUG: ===== CANVAS update_sphere_view_vector() CALLED =====
DEBUG: Canvas syncing view_vector with sphere vector_direction: [1. 0. 0.]
DEBUG: Normalized view_vector: [1. 0. 0.]
DEBUG: Red vector direction: [1. 0. 0.]
DEBUG: Normalized view vector: [1.000, 0.000, 0.000]
DEBUG: Red cube position: [2. 0. 2.]
DEBUG: Expected direction to cube: [0.70710678 0.         0.70710678]
DEBUG: Actual view vector: [1. 0. 0.]
DEBUG: Dot product: 0.707
DEBUG: ⚠️ WARNING: View vector not pointing toward cube!
DEBUG: Consider setting vector direction to point toward cube
DEBUG: Suggested vector direction: [2.12132034 0.         2.12132034]
DEBUG: Angle to cube: 45.0° (should be < 30° to be visible)
DEBUG: Cube direction: [0.707, 0.000, 0.707]
DEBUG: 2D screen using perspective projection - FOV: 60.0°
DEBUG: ===== SIMPLE MODE CAMERA SETUP =====
DEBUG: Simple mode sphere_pos: [0. 0. 0.]
DEBUG: Simple mode view_dir: [1. 0. 0.]
DEBUG: Simple mode look_at: [10.  0.  0.]
DEBUG: Cube position: [2. 0. 2.]
DEBUG: Direction to cube: [0.70710678 0.         0.70710678]
DEBUG: View direction: [1. 0. 0.]
DEBUG: Angle between view and cube direction: 45.0° (should be close to 0°)
DEBUG: Are we looking toward cube? False
DEBUG: ==============================================
DEBUG: ===== SIMPLE MODE CUBE ROTATION =====
DEBUG: Simple mode applying cube rotation: [0.0°, 0.0°, 0.0°]
DEBUG: =========================================
DEBUG: Simple 2D screen rendered - reference objects disabled to prevent yellow box artifact
DEBUG: Using perspective projection - FOV: 60.0°
DEBUG: Canvas mode: 'simple', Sphere mode: 'simple'
DEBUG: Sphere screen render check - canvas_enabled: True, canvas_mode: simple, sphere_enabled: True, should_render: False
DEBUG: Sphere skipping screen render (canvas mode: simple)
DEBUG: ===== SIMPLE MODE CUBE ROTATION =====
DEBUG: Simple mode applying cube rotation: [0.0°, 0.0°, 0.0°]
DEBUG: =========================================
DEBUG: ===== CANVAS draw_unified_screen() CALLED =====
DEBUG: screen_enabled: True, screen_render_mode: simple
DEBUG: Canvas drawing simple 2D screen
DEBUG: Drew unified screen in simple mode
DEBUG: Simple mode active - screen shows original 2D framebuffer view
DEBUG: Rendering 2 screens
DEBUG: Rendering screen Original 2D Screen of type screen_2d
DEBUG: ===== SIMPLE MODE CUBE ROTATION =====
DEBUG: Simple mode applying cube rotation: [0.0°, 0.0°, 0.0°]
DEBUG: =========================================
DEBUG: ===== CANVAS draw_unified_screen() CALLED =====
DEBUG: screen_enabled: True, screen_render_mode: simple
DEBUG: Canvas drawing simple 2D screen
DEBUG: Drew unified screen in simple mode
DEBUG: Simple mode active - screen shows original 2D framebuffer view
DEBUG: Rendering MediaScreen Video Screen (istockphoto-482277170-640_adpp_is.mp4) with texture 3
DEBUG: Rendering screen Video Screen (istockphoto-482277170-640_adpp_is.mp4) of type screen_2d
DEBUG: Rendering MediaScreen Video Screen (istockphoto-482277170-640_adpp_is.mp4) with texture 3
DEBUG: ===== CANVAS update_sphere_view_vector() CALLED =====
DEBUG: Canvas syncing view_vector with sphere vector_direction: [1. 0. 0.]
DEBUG: Normalized view_vector: [1. 0. 0.]
DEBUG: Red vector direction: [1. 0. 0.]
DEBUG: Normalized view vector: [1.000, 0.000, 0.000]
DEBUG: Red cube position: [2. 0. 2.]
DEBUG: Expected direction to cube: [0.70710678 0.         0.70710678]
DEBUG: Actual view vector: [1. 0. 0.]
DEBUG: Dot product: 0.707
DEBUG: ⚠️ WARNING: View vector not pointing toward cube!
DEBUG: Consider setting vector direction to point toward cube
DEBUG: Suggested vector direction: [2.12132034 0.         2.12132034]
DEBUG: Angle to cube: 45.0° (should be < 30° to be visible)
DEBUG: Cube direction: [0.707, 0.000, 0.707]
DEBUG: 2D screen using perspective projection - FOV: 60.0°
DEBUG: ===== SIMPLE MODE CAMERA SETUP =====
DEBUG: Simple mode sphere_pos: [0. 0. 0.]
DEBUG: Simple mode view_dir: [1. 0. 0.]
DEBUG: Simple mode look_at: [10.  0.  0.]
DEBUG: Cube position: [2. 0. 2.]
DEBUG: Direction to cube: [0.70710678 0.         0.70710678]
DEBUG: View direction: [1. 0. 0.]
DEBUG: Angle between view and cube direction: 45.0° (should be close to 0°)
DEBUG: Are we looking toward cube? False
DEBUG: ==============================================
DEBUG: ===== SIMPLE MODE CUBE ROTATION =====
DEBUG: Simple mode applying cube rotation: [0.0°, 0.0°, 0.0°]
DEBUG: =========================================
DEBUG: Simple 2D screen rendered - reference objects disabled to prevent yellow box artifact
DEBUG: Using perspective projection - FOV: 60.0°
DEBUG: Canvas mode: 'simple', Sphere mode: 'simple'
DEBUG: Sphere screen render check - canvas_enabled: True, canvas_mode: simple, sphere_enabled: True, should_render: False
DEBUG: Sphere skipping screen render (canvas mode: simple)
DEBUG: ===== SIMPLE MODE CUBE ROTATION =====
DEBUG: Simple mode applying cube rotation: [0.0°, 0.0°, 0.0°]
DEBUG: =========================================
DEBUG: ===== CANVAS draw_unified_screen() CALLED =====
DEBUG: screen_enabled: True, screen_render_mode: simple
DEBUG: Canvas drawing simple 2D screen
DEBUG: Drew unified screen in simple mode
DEBUG: Simple mode active - screen shows original 2D framebuffer view
DEBUG: Rendering 2 screens
DEBUG: Rendering screen Original 2D Screen of type screen_2d
DEBUG: ===== SIMPLE MODE CUBE ROTATION =====
DEBUG: Simple mode applying cube rotation: [0.0°, 0.0°, 0.0°]
DEBUG: =========================================
DEBUG: ===== CANVAS draw_unified_screen() CALLED =====
DEBUG: screen_enabled: True, screen_render_mode: simple
DEBUG: Canvas drawing simple 2D screen
DEBUG: Drew unified screen in simple mode
DEBUG: Simple mode active - screen shows original 2D framebuffer view
DEBUG: Rendering MediaScreen Video Screen (istockphoto-482277170-640_adpp_is.mp4) with texture 3
DEBUG: Rendering screen Video Screen (istockphoto-482277170-640_adpp_is.mp4) of type screen_2d
DEBUG: Rendering MediaScreen Video Screen (istockphoto-482277170-640_adpp_is.mp4) with texture 3
DEBUG: ===== CANVAS update_sphere_view_vector() CALLED =====
DEBUG: Canvas syncing view_vector with sphere vector_direction: [1. 0. 0.]
DEBUG: Normalized view_vector: [1. 0. 0.]
DEBUG: Red vector direction: [1. 0. 0.]
DEBUG: Normalized view vector: [1.000, 0.000, 0.000]
DEBUG: Red cube position: [2. 0. 2.]
DEBUG: Expected direction to cube: [0.70710678 0.         0.70710678]
DEBUG: Actual view vector: [1. 0. 0.]
DEBUG: Dot product: 0.707
DEBUG: ⚠️ WARNING: View vector not pointing toward cube!
DEBUG: Consider setting vector direction to point toward cube
DEBUG: Suggested vector direction: [2.12132034 0.         2.12132034]
DEBUG: Angle to cube: 45.0° (should be < 30° to be visible)
DEBUG: Cube direction: [0.707, 0.000, 0.707]
DEBUG: 2D screen using perspective projection - FOV: 60.0°
DEBUG: ===== SIMPLE MODE CAMERA SETUP =====
DEBUG: Simple mode sphere_pos: [0. 0. 0.]
DEBUG: Simple mode view_dir: [1. 0. 0.]
DEBUG: Simple mode look_at: [10.  0.  0.]
DEBUG: Cube position: [2. 0. 2.]
DEBUG: Direction to cube: [0.70710678 0.         0.70710678]
DEBUG: View direction: [1. 0. 0.]
DEBUG: Angle between view and cube direction: 45.0° (should be close to 0°)
DEBUG: Are we looking toward cube? False
DEBUG: ==============================================
DEBUG: ===== SIMPLE MODE CUBE ROTATION =====
DEBUG: Simple mode applying cube rotation: [0.0°, 0.0°, 0.0°]
DEBUG: =========================================
DEBUG: Simple 2D screen rendered - reference objects disabled to prevent yellow box artifact
DEBUG: Using perspective projection - FOV: 60.0°
DEBUG: Canvas mode: 'simple', Sphere mode: 'simple'
DEBUG: Sphere screen render check - canvas_enabled: True, canvas_mode: simple, sphere_enabled: True, should_render: False
DEBUG: Sphere skipping screen render (canvas mode: simple)
DEBUG: ===== SIMPLE MODE CUBE ROTATION =====
DEBUG: Simple mode applying cube rotation: [0.0°, 0.0°, 0.0°]
DEBUG: =========================================
DEBUG: ===== CANVAS draw_unified_screen() CALLED =====
DEBUG: screen_enabled: True, screen_render_mode: simple
DEBUG: Canvas drawing simple 2D screen
DEBUG: Drew unified screen in simple mode
DEBUG: Simple mode active - screen shows original 2D framebuffer view
DEBUG: Rendering 2 screens
DEBUG: Rendering screen Original 2D Screen of type screen_2d
DEBUG: ===== SIMPLE MODE CUBE ROTATION =====
DEBUG: Simple mode applying cube rotation: [0.0°, 0.0°, 0.0°]
DEBUG: =========================================
DEBUG: ===== CANVAS draw_unified_screen() CALLED =====
DEBUG: screen_enabled: True, screen_render_mode: simple
DEBUG: Canvas drawing simple 2D screen
DEBUG: Drew unified screen in simple mode
DEBUG: Simple mode active - screen shows original 2D framebuffer view
DEBUG: Rendering MediaScreen Video Screen (istockphoto-482277170-640_adpp_is.mp4) with texture 3
DEBUG: Rendering screen Video Screen (istockphoto-482277170-640_adpp_is.mp4) of type screen_2d
DEBUG: Rendering MediaScreen Video Screen (istockphoto-482277170-640_adpp_is.mp4) with texture 3
DEBUG: ===== CANVAS update_sphere_view_vector() CALLED =====
DEBUG: Canvas syncing view_vector with sphere vector_direction: [1. 0. 0.]
DEBUG: Normalized view_vector: [1. 0. 0.]
DEBUG: Red vector direction: [1. 0. 0.]
DEBUG: Normalized view vector: [1.000, 0.000, 0.000]
DEBUG: Red cube position: [2. 0. 2.]
DEBUG: Expected direction to cube: [0.70710678 0.         0.70710678]
DEBUG: Actual view vector: [1. 0. 0.]
DEBUG: Dot product: 0.707
DEBUG: ⚠️ WARNING: View vector not pointing toward cube!
DEBUG: Consider setting vector direction to point toward cube
DEBUG: Suggested vector direction: [2.12132034 0.         2.12132034]
DEBUG: Angle to cube: 45.0° (should be < 30° to be visible)
DEBUG: Cube direction: [0.707, 0.000, 0.707]
DEBUG: 2D screen using perspective projection - FOV: 60.0°
DEBUG: ===== SIMPLE MODE CAMERA SETUP =====
DEBUG: Simple mode sphere_pos: [0. 0. 0.]
DEBUG: Simple mode view_dir: [1. 0. 0.]
DEBUG: Simple mode look_at: [10.  0.  0.]
DEBUG: Cube position: [2. 0. 2.]
DEBUG: Direction to cube: [0.70710678 0.         0.70710678]
DEBUG: View direction: [1. 0. 0.]
DEBUG: Angle between view and cube direction: 45.0° (should be close to 0°)
DEBUG: Are we looking toward cube? False
DEBUG: ==============================================
DEBUG: ===== SIMPLE MODE CUBE ROTATION =====
DEBUG: Simple mode applying cube rotation: [0.0°, 0.0°, 0.0°]
DEBUG: =========================================
DEBUG: Simple 2D screen rendered - reference objects disabled to prevent yellow box artifact
DEBUG: Using perspective projection - FOV: 60.0°
DEBUG: Canvas mode: 'simple', Sphere mode: 'simple'
DEBUG: Sphere screen render check - canvas_enabled: True, canvas_mode: simple, sphere_enabled: True, should_render: False
DEBUG: Sphere skipping screen render (canvas mode: simple)
DEBUG: ===== SIMPLE MODE CUBE ROTATION =====
DEBUG: Simple mode applying cube rotation: [0.0°, 0.0°, 0.0°]
DEBUG: =========================================
DEBUG: ===== CANVAS draw_unified_screen() CALLED =====
DEBUG: screen_enabled: True, screen_render_mode: simple
DEBUG: Canvas drawing simple 2D screen
DEBUG: Drew unified screen in simple mode
DEBUG: Simple mode active - screen shows original 2D framebuffer view
DEBUG: Rendering 2 screens
DEBUG: Rendering screen Original 2D Screen of type screen_2d
DEBUG: ===== SIMPLE MODE CUBE ROTATION =====
DEBUG: Simple mode applying cube rotation: [0.0°, 0.0°, 0.0°]
DEBUG: =========================================
DEBUG: ===== CANVAS draw_unified_screen() CALLED =====
DEBUG: screen_enabled: True, screen_render_mode: simple
DEBUG: Canvas drawing simple 2D screen
DEBUG: Drew unified screen in simple mode
DEBUG: Simple mode active - screen shows original 2D framebuffer view
DEBUG: Rendering MediaScreen Video Screen (istockphoto-482277170-640_adpp_is.mp4) with texture 3
DEBUG: Rendering screen Video Screen (istockphoto-482277170-640_adpp_is.mp4) of type screen_2d
DEBUG: Rendering MediaScreen Video Screen (istockphoto-482277170-640_adpp_is.mp4) with texture 3
DEBUG: ===== CANVAS update_sphere_view_vector() CALLED =====
DEBUG: Canvas syncing view_vector with sphere vector_direction: [1. 0. 0.]
DEBUG: Normalized view_vector: [1. 0. 0.]
DEBUG: Red vector direction: [1. 0. 0.]
DEBUG: Normalized view vector: [1.000, 0.000, 0.000]
DEBUG: Red cube position: [2. 0. 2.]
DEBUG: Expected direction to cube: [0.70710678 0.         0.70710678]
DEBUG: Actual view vector: [1. 0. 0.]
DEBUG: Dot product: 0.707
DEBUG: ⚠️ WARNING: View vector not pointing toward cube!
DEBUG: Consider setting vector direction to point toward cube
DEBUG: Suggested vector direction: [2.12132034 0.         2.12132034]
DEBUG: Angle to cube: 45.0° (should be < 30° to be visible)
DEBUG: Cube direction: [0.707, 0.000, 0.707]
DEBUG: 2D screen using perspective projection - FOV: 60.0°
DEBUG: ===== SIMPLE MODE CAMERA SETUP =====
DEBUG: Simple mode sphere_pos: [0. 0. 0.]
DEBUG: Simple mode view_dir: [1. 0. 0.]
DEBUG: Simple mode look_at: [10.  0.  0.]
DEBUG: Cube position: [2. 0. 2.]
DEBUG: Direction to cube: [0.70710678 0.         0.70710678]
DEBUG: View direction: [1. 0. 0.]
DEBUG: Angle between view and cube direction: 45.0° (should be close to 0°)
DEBUG: Are we looking toward cube? False
DEBUG: ==============================================
DEBUG: ===== SIMPLE MODE CUBE ROTATION =====
DEBUG: Simple mode applying cube rotation: [0.0°, 0.0°, 0.0°]
DEBUG: =========================================
DEBUG: Simple 2D screen rendered - reference objects disabled to prevent yellow box artifact
DEBUG: Using perspective projection - FOV: 60.0°
DEBUG: Canvas mode: 'simple', Sphere mode: 'simple'
DEBUG: Sphere screen render check - canvas_enabled: True, canvas_mode: simple, sphere_enabled: True, should_render: False
DEBUG: Sphere skipping screen render (canvas mode: simple)
DEBUG: ===== SIMPLE MODE CUBE ROTATION =====
DEBUG: Simple mode applying cube rotation: [0.0°, 0.0°, 0.0°]
DEBUG: =========================================
DEBUG: ===== CANVAS draw_unified_screen() CALLED =====
DEBUG: screen_enabled: True, screen_render_mode: simple
DEBUG: Canvas drawing simple 2D screen
DEBUG: Drew unified screen in simple mode
DEBUG: Simple mode active - screen shows original 2D framebuffer view
DEBUG: Rendering 2 screens
DEBUG: Rendering screen Original 2D Screen of type screen_2d
DEBUG: ===== SIMPLE MODE CUBE ROTATION =====
DEBUG: Simple mode applying cube rotation: [0.0°, 0.0°, 0.0°]
DEBUG: =========================================
DEBUG: ===== CANVAS draw_unified_screen() CALLED =====
DEBUG: screen_enabled: True, screen_render_mode: simple
DEBUG: Canvas drawing simple 2D screen
DEBUG: Drew unified screen in simple mode
DEBUG: Simple mode active - screen shows original 2D framebuffer view
DEBUG: Rendering MediaScreen Video Screen (istockphoto-482277170-640_adpp_is.mp4) with texture 3
DEBUG: Rendering screen Video Screen (istockphoto-482277170-640_adpp_is.mp4) of type screen_2d
DEBUG: Rendering MediaScreen Video Screen (istockphoto-482277170-640_adpp_is.mp4) with texture 3
DEBUG: ===== CANVAS update_sphere_view_vector() CALLED =====
DEBUG: Canvas syncing view_vector with sphere vector_direction: [1. 0. 0.]
DEBUG: Normalized view_vector: [1. 0. 0.]
DEBUG: Red vector direction: [1. 0. 0.]
DEBUG: Normalized view vector: [1.000, 0.000, 0.000]
DEBUG: Red cube position: [2. 0. 2.]
DEBUG: Expected direction to cube: [0.70710678 0.         0.70710678]
DEBUG: Actual view vector: [1. 0. 0.]
DEBUG: Dot product: 0.707
DEBUG: ⚠️ WARNING: View vector not pointing toward cube!
DEBUG: Consider setting vector direction to point toward cube
DEBUG: Suggested vector direction: [2.12132034 0.         2.12132034]
DEBUG: Angle to cube: 45.0° (should be < 30° to be visible)
DEBUG: Cube direction: [0.707, 0.000, 0.707]
DEBUG: 2D screen using perspective projection - FOV: 60.0°
DEBUG: ===== SIMPLE MODE CAMERA SETUP =====
DEBUG: Simple mode sphere_pos: [0. 0. 0.]
DEBUG: Simple mode view_dir: [1. 0. 0.]
DEBUG: Simple mode look_at: [10.  0.  0.]
DEBUG: Cube position: [2. 0. 2.]
DEBUG: Direction to cube: [0.70710678 0.         0.70710678]
DEBUG: View direction: [1. 0. 0.]
DEBUG: Angle between view and cube direction: 45.0° (should be close to 0°)
DEBUG: Are we looking toward cube? False
DEBUG: ==============================================
DEBUG: ===== SIMPLE MODE CUBE ROTATION =====
DEBUG: Simple mode applying cube rotation: [0.0°, 0.0°, 0.0°]
DEBUG: =========================================
DEBUG: Simple 2D screen rendered - reference objects disabled to prevent yellow box artifact
DEBUG: Using perspective projection - FOV: 60.0°
DEBUG: Canvas mode: 'simple', Sphere mode: 'simple'
DEBUG: Sphere screen render check - canvas_enabled: True, canvas_mode: simple, sphere_enabled: True, should_render: False
DEBUG: Sphere skipping screen render (canvas mode: simple)
DEBUG: ===== SIMPLE MODE CUBE ROTATION =====
DEBUG: Simple mode applying cube rotation: [0.0°, 0.0°, 0.0°]
DEBUG: =========================================
DEBUG: ===== CANVAS draw_unified_screen() CALLED =====
DEBUG: screen_enabled: True, screen_render_mode: simple
DEBUG: Canvas drawing simple 2D screen
DEBUG: Drew unified screen in simple mode
DEBUG: Simple mode active - screen shows original 2D framebuffer view
DEBUG: Rendering 2 screens
DEBUG: Rendering screen Original 2D Screen of type screen_2d
DEBUG: ===== SIMPLE MODE CUBE ROTATION =====
DEBUG: Simple mode applying cube rotation: [0.0°, 0.0°, 0.0°]
DEBUG: =========================================
DEBUG: ===== CANVAS draw_unified_screen() CALLED =====
DEBUG: screen_enabled: True, screen_render_mode: simple
DEBUG: Canvas drawing simple 2D screen
DEBUG: Drew unified screen in simple mode
DEBUG: Simple mode active - screen shows original 2D framebuffer view
DEBUG: Rendering MediaScreen Video Screen (istockphoto-482277170-640_adpp_is.mp4) with texture 3
DEBUG: Rendering screen Video Screen (istockphoto-482277170-640_adpp_is.mp4) of type screen_2d
DEBUG: Rendering MediaScreen Video Screen (istockphoto-482277170-640_adpp_is.mp4) with texture 3
DEBUG: ===== CANVAS update_sphere_view_vector() CALLED =====
DEBUG: Canvas syncing view_vector with sphere vector_direction: [1. 0. 0.]
DEBUG: Normalized view_vector: [1. 0. 0.]
DEBUG: Red vector direction: [1. 0. 0.]
DEBUG: Normalized view vector: [1.000, 0.000, 0.000]
DEBUG: Red cube position: [2. 0. 2.]
DEBUG: Expected direction to cube: [0.70710678 0.         0.70710678]
DEBUG: Actual view vector: [1. 0. 0.]
DEBUG: Dot product: 0.707
DEBUG: ⚠️ WARNING: View vector not pointing toward cube!
DEBUG: Consider setting vector direction to point toward cube
DEBUG: Suggested vector direction: [2.12132034 0.         2.12132034]
DEBUG: Angle to cube: 45.0° (should be < 30° to be visible)
DEBUG: Cube direction: [0.707, 0.000, 0.707]
DEBUG: 2D screen using perspective projection - FOV: 60.0°
DEBUG: ===== SIMPLE MODE CAMERA SETUP =====
DEBUG: Simple mode sphere_pos: [0. 0. 0.]
DEBUG: Simple mode view_dir: [1. 0. 0.]
DEBUG: Simple mode look_at: [10.  0.  0.]
DEBUG: Cube position: [2. 0. 2.]
DEBUG: Direction to cube: [0.70710678 0.         0.70710678]
DEBUG: View direction: [1. 0. 0.]
DEBUG: Angle between view and cube direction: 45.0° (should be close to 0°)
DEBUG: Are we looking toward cube? False
DEBUG: ==============================================
DEBUG: ===== SIMPLE MODE CUBE ROTATION =====
DEBUG: Simple mode applying cube rotation: [0.0°, 0.0°, 0.0°]
DEBUG: =========================================
DEBUG: Simple 2D screen rendered - reference objects disabled to prevent yellow box artifact
DEBUG: Using perspective projection - FOV: 60.0°
DEBUG: Canvas mode: 'simple', Sphere mode: 'simple'
DEBUG: Sphere screen render check - canvas_enabled: True, canvas_mode: simple, sphere_enabled: True, should_render: False
DEBUG: Sphere skipping screen render (canvas mode: simple)
DEBUG: ===== SIMPLE MODE CUBE ROTATION =====
DEBUG: Simple mode applying cube rotation: [0.0°, 0.0°, 0.0°]
DEBUG: =========================================
DEBUG: ===== CANVAS draw_unified_screen() CALLED =====
DEBUG: screen_enabled: True, screen_render_mode: simple
DEBUG: Canvas drawing simple 2D screen
DEBUG: Drew unified screen in simple mode
DEBUG: Simple mode active - screen shows original 2D framebuffer view
DEBUG: Rendering 2 screens
DEBUG: Rendering screen Original 2D Screen of type screen_2d
DEBUG: ===== SIMPLE MODE CUBE ROTATION =====
DEBUG: Simple mode applying cube rotation: [0.0°, 0.0°, 0.0°]
DEBUG: =========================================
DEBUG: ===== CANVAS draw_unified_screen() CALLED =====
DEBUG: screen_enabled: True, screen_render_mode: simple
DEBUG: Canvas drawing simple 2D screen
DEBUG: Drew unified screen in simple mode
DEBUG: Simple mode active - screen shows original 2D framebuffer view
DEBUG: Rendering MediaScreen Video Screen (istockphoto-482277170-640_adpp_is.mp4) with texture 3
DEBUG: Rendering screen Video Screen (istockphoto-482277170-640_adpp_is.mp4) of type screen_2d
DEBUG: Rendering MediaScreen Video Screen (istockphoto-482277170-640_adpp_is.mp4) with texture 3
DEBUG: ===== CANVAS update_sphere_view_vector() CALLED =====
DEBUG: Canvas syncing view_vector with sphere vector_direction: [1. 0. 0.]
DEBUG: Normalized view_vector: [1. 0. 0.]
DEBUG: Red vector direction: [1. 0. 0.]
DEBUG: Normalized view vector: [1.000, 0.000, 0.000]
DEBUG: Red cube position: [2. 0. 2.]
DEBUG: Expected direction to cube: [0.70710678 0.         0.70710678]
DEBUG: Actual view vector: [1. 0. 0.]
DEBUG: Dot product: 0.707
DEBUG: ⚠️ WARNING: View vector not pointing toward cube!
DEBUG: Consider setting vector direction to point toward cube
DEBUG: Suggested vector direction: [2.12132034 0.         2.12132034]
DEBUG: Angle to cube: 45.0° (should be < 30° to be visible)
DEBUG: Cube direction: [0.707, 0.000, 0.707]
DEBUG: 2D screen using perspective projection - FOV: 60.0°
DEBUG: ===== SIMPLE MODE CAMERA SETUP =====
DEBUG: Simple mode sphere_pos: [0. 0. 0.]
DEBUG: Simple mode view_dir: [1. 0. 0.]
DEBUG: Simple mode look_at: [10.  0.  0.]
DEBUG: Cube position: [2. 0. 2.]
DEBUG: Direction to cube: [0.70710678 0.         0.70710678]
DEBUG: View direction: [1. 0. 0.]
DEBUG: Angle between view and cube direction: 45.0° (should be close to 0°)
DEBUG: Are we looking toward cube? False
DEBUG: ==============================================
DEBUG: ===== SIMPLE MODE CUBE ROTATION =====
DEBUG: Simple mode applying cube rotation: [0.0°, 0.0°, 0.0°]
DEBUG: =========================================
DEBUG: Simple 2D screen rendered - reference objects disabled to prevent yellow box artifact
DEBUG: Using perspective projection - FOV: 60.0°
DEBUG: Canvas mode: 'simple', Sphere mode: 'simple'
DEBUG: Sphere screen render check - canvas_enabled: True, canvas_mode: simple, sphere_enabled: True, should_render: False
DEBUG: Sphere skipping screen render (canvas mode: simple)
DEBUG: ===== SIMPLE MODE CUBE ROTATION =====
DEBUG: Simple mode applying cube rotation: [0.0°, 0.0°, 0.0°]
DEBUG: =========================================
DEBUG: ===== CANVAS draw_unified_screen() CALLED =====
DEBUG: screen_enabled: True, screen_render_mode: simple
DEBUG: Canvas drawing simple 2D screen
DEBUG: Drew unified screen in simple mode
DEBUG: Simple mode active - screen shows original 2D framebuffer view
DEBUG: Rendering 2 screens
DEBUG: Rendering screen Original 2D Screen of type screen_2d
DEBUG: ===== SIMPLE MODE CUBE ROTATION =====
DEBUG: Simple mode applying cube rotation: [0.0°, 0.0°, 0.0°]
DEBUG: =========================================
DEBUG: ===== CANVAS draw_unified_screen() CALLED =====
DEBUG: screen_enabled: True, screen_render_mode: simple
DEBUG: Canvas drawing simple 2D screen
DEBUG: Drew unified screen in simple mode
DEBUG: Simple mode active - screen shows original 2D framebuffer view
DEBUG: Rendering MediaScreen Video Screen (istockphoto-482277170-640_adpp_is.mp4) with texture 3
DEBUG: Rendering screen Video Screen (istockphoto-482277170-640_adpp_is.mp4) of type screen_2d
DEBUG: Rendering MediaScreen Video Screen (istockphoto-482277170-640_adpp_is.mp4) with texture 3
DEBUG: ===== CANVAS update_sphere_view_vector() CALLED =====
DEBUG: Canvas syncing view_vector with sphere vector_direction: [1. 0. 0.]
DEBUG: Normalized view_vector: [1. 0. 0.]
DEBUG: Red vector direction: [1. 0. 0.]
DEBUG: Normalized view vector: [1.000, 0.000, 0.000]
DEBUG: Red cube position: [2. 0. 2.]
DEBUG: Expected direction to cube: [0.70710678 0.         0.70710678]
DEBUG: Actual view vector: [1. 0. 0.]
DEBUG: Dot product: 0.707
DEBUG: ⚠️ WARNING: View vector not pointing toward cube!
DEBUG: Consider setting vector direction to point toward cube
DEBUG: Suggested vector direction: [2.12132034 0.         2.12132034]
DEBUG: Angle to cube: 45.0° (should be < 30° to be visible)
DEBUG: Cube direction: [0.707, 0.000, 0.707]
DEBUG: 2D screen using perspective projection - FOV: 60.0°
DEBUG: ===== SIMPLE MODE CAMERA SETUP =====
DEBUG: Simple mode sphere_pos: [0. 0. 0.]
DEBUG: Simple mode view_dir: [1. 0. 0.]
DEBUG: Simple mode look_at: [10.  0.  0.]
DEBUG: Cube position: [2. 0. 2.]
DEBUG: Direction to cube: [0.70710678 0.         0.70710678]
DEBUG: View direction: [1. 0. 0.]
DEBUG: Angle between view and cube direction: 45.0° (should be close to 0°)
DEBUG: Are we looking toward cube? False
DEBUG: ==============================================
DEBUG: ===== SIMPLE MODE CUBE ROTATION =====
DEBUG: Simple mode applying cube rotation: [0.0°, 0.0°, 0.0°]
DEBUG: =========================================
DEBUG: Simple 2D screen rendered - reference objects disabled to prevent yellow box artifact
DEBUG: Using perspective projection - FOV: 60.0°
DEBUG: Canvas mode: 'simple', Sphere mode: 'simple'
DEBUG: Sphere screen render check - canvas_enabled: True, canvas_mode: simple, sphere_enabled: True, should_render: False
DEBUG: Sphere skipping screen render (canvas mode: simple)
DEBUG: ===== SIMPLE MODE CUBE ROTATION =====
DEBUG: Simple mode applying cube rotation: [0.0°, 0.0°, 0.0°]
DEBUG: =========================================
DEBUG: ===== CANVAS draw_unified_screen() CALLED =====
DEBUG: screen_enabled: True, screen_render_mode: simple
DEBUG: Canvas drawing simple 2D screen
DEBUG: Drew unified screen in simple mode
DEBUG: Simple mode active - screen shows original 2D framebuffer view
DEBUG: Rendering 2 screens
DEBUG: Rendering screen Original 2D Screen of type screen_2d
DEBUG: ===== SIMPLE MODE CUBE ROTATION =====
DEBUG: Simple mode applying cube rotation: [0.0°, 0.0°, 0.0°]
DEBUG: =========================================
DEBUG: ===== CANVAS draw_unified_screen() CALLED =====
DEBUG: screen_enabled: True, screen_render_mode: simple
DEBUG: Canvas drawing simple 2D screen
DEBUG: Drew unified screen in simple mode
DEBUG: Simple mode active - screen shows original 2D framebuffer view
DEBUG: Rendering MediaScreen Video Screen (istockphoto-482277170-640_adpp_is.mp4) with texture 3
DEBUG: Rendering screen Video Screen (istockphoto-482277170-640_adpp_is.mp4) of type screen_2d
DEBUG: Rendering MediaScreen Video Screen (istockphoto-482277170-640_adpp_is.mp4) with texture 3
DEBUG: ===== CANVAS update_sphere_view_vector() CALLED =====
DEBUG: Canvas syncing view_vector with sphere vector_direction: [1. 0. 0.]
DEBUG: Normalized view_vector: [1. 0. 0.]
DEBUG: Red vector direction: [1. 0. 0.]
DEBUG: Normalized view vector: [1.000, 0.000, 0.000]
DEBUG: Red cube position: [2. 0. 2.]
DEBUG: Expected direction to cube: [0.70710678 0.         0.70710678]
DEBUG: Actual view vector: [1. 0. 0.]
DEBUG: Dot product: 0.707
DEBUG: ⚠️ WARNING: View vector not pointing toward cube!
DEBUG: Consider setting vector direction to point toward cube
DEBUG: Suggested vector direction: [2.12132034 0.         2.12132034]
DEBUG: Angle to cube: 45.0° (should be < 30° to be visible)
DEBUG: Cube direction: [0.707, 0.000, 0.707]
DEBUG: 2D screen using perspective projection - FOV: 60.0°
DEBUG: ===== SIMPLE MODE CAMERA SETUP =====
DEBUG: Simple mode sphere_pos: [0. 0. 0.]
DEBUG: Simple mode view_dir: [1. 0. 0.]
DEBUG: Simple mode look_at: [10.  0.  0.]
DEBUG: Cube position: [2. 0. 2.]
DEBUG: Direction to cube: [0.70710678 0.         0.70710678]
DEBUG: View direction: [1. 0. 0.]
DEBUG: Angle between view and cube direction: 45.0° (should be close to 0°)
DEBUG: Are we looking toward cube? False
DEBUG: ==============================================
DEBUG: ===== SIMPLE MODE CUBE ROTATION =====
DEBUG: Simple mode applying cube rotation: [0.0°, 0.0°, 0.0°]
DEBUG: =========================================
DEBUG: Simple 2D screen rendered - reference objects disabled to prevent yellow box artifact
DEBUG: Using perspective projection - FOV: 60.0°
DEBUG: Canvas mode: 'simple', Sphere mode: 'simple'
DEBUG: Sphere screen render check - canvas_enabled: True, canvas_mode: simple, sphere_enabled: True, should_render: False
DEBUG: Sphere skipping screen render (canvas mode: simple)
DEBUG: ===== SIMPLE MODE CUBE ROTATION =====
DEBUG: Simple mode applying cube rotation: [0.0°, 0.0°, 0.0°]
DEBUG: =========================================
DEBUG: ===== CANVAS draw_unified_screen() CALLED =====
DEBUG: screen_enabled: True, screen_render_mode: simple
DEBUG: Canvas drawing simple 2D screen
DEBUG: Drew unified screen in simple mode
DEBUG: Simple mode active - screen shows original 2D framebuffer view
DEBUG: Rendering 2 screens
DEBUG: Rendering screen Original 2D Screen of type screen_2d
DEBUG: ===== SIMPLE MODE CUBE ROTATION =====
DEBUG: Simple mode applying cube rotation: [0.0°, 0.0°, 0.0°]
DEBUG: =========================================
DEBUG: ===== CANVAS draw_unified_screen() CALLED =====
DEBUG: screen_enabled: True, screen_render_mode: simple
DEBUG: Canvas drawing simple 2D screen
DEBUG: Drew unified screen in simple mode
DEBUG: Simple mode active - screen shows original 2D framebuffer view
DEBUG: Rendering MediaScreen Video Screen (istockphoto-482277170-640_adpp_is.mp4) with texture 3
DEBUG: Rendering screen Video Screen (istockphoto-482277170-640_adpp_is.mp4) of type screen_2d
DEBUG: Rendering MediaScreen Video Screen (istockphoto-482277170-640_adpp_is.mp4) with texture 3
DEBUG: ===== CANVAS update_sphere_view_vector() CALLED =====
DEBUG: Canvas syncing view_vector with sphere vector_direction: [1. 0. 0.]
DEBUG: Normalized view_vector: [1. 0. 0.]
DEBUG: Red vector direction: [1. 0. 0.]
DEBUG: Normalized view vector: [1.000, 0.000, 0.000]
DEBUG: Red cube position: [2. 0. 2.]
DEBUG: Expected direction to cube: [0.70710678 0.         0.70710678]
DEBUG: Actual view vector: [1. 0. 0.]
DEBUG: Dot product: 0.707
DEBUG: ⚠️ WARNING: View vector not pointing toward cube!
DEBUG: Consider setting vector direction to point toward cube
DEBUG: Suggested vector direction: [2.12132034 0.         2.12132034]
DEBUG: Angle to cube: 45.0° (should be < 30° to be visible)
DEBUG: Cube direction: [0.707, 0.000, 0.707]
DEBUG: 2D screen using perspective projection - FOV: 60.0°
DEBUG: ===== SIMPLE MODE CAMERA SETUP =====
DEBUG: Simple mode sphere_pos: [0. 0. 0.]
DEBUG: Simple mode view_dir: [1. 0. 0.]
DEBUG: Simple mode look_at: [10.  0.  0.]
DEBUG: Cube position: [2. 0. 2.]
DEBUG: Direction to cube: [0.70710678 0.         0.70710678]
DEBUG: View direction: [1. 0. 0.]
DEBUG: Angle between view and cube direction: 45.0° (should be close to 0°)
DEBUG: Are we looking toward cube? False
DEBUG: ==============================================
DEBUG: ===== SIMPLE MODE CUBE ROTATION =====
DEBUG: Simple mode applying cube rotation: [0.0°, 0.0°, 0.0°]
DEBUG: =========================================
DEBUG: Simple 2D screen rendered - reference objects disabled to prevent yellow box artifact
DEBUG: Using perspective projection - FOV: 60.0°
DEBUG: Canvas mode: 'simple', Sphere mode: 'simple'
DEBUG: Sphere screen render check - canvas_enabled: True, canvas_mode: simple, sphere_enabled: True, should_render: False
DEBUG: Sphere skipping screen render (canvas mode: simple)
DEBUG: ===== SIMPLE MODE CUBE ROTATION =====
DEBUG: Simple mode applying cube rotation: [0.0°, 0.0°, 0.0°]
DEBUG: =========================================
DEBUG: ===== CANVAS draw_unified_screen() CALLED =====
DEBUG: screen_enabled: True, screen_render_mode: simple
DEBUG: Canvas drawing simple 2D screen
DEBUG: Drew unified screen in simple mode
DEBUG: Simple mode active - screen shows original 2D framebuffer view
DEBUG: Rendering 2 screens
DEBUG: Rendering screen Original 2D Screen of type screen_2d
DEBUG: Frame 60, audio: 2.00s, video: 2.00s, sync diff: 0.001s
DEBUG: ===== SIMPLE MODE CUBE ROTATION =====
DEBUG: Simple mode applying cube rotation: [0.0°, 0.0°, 0.0°]
DEBUG: =========================================
DEBUG: ===== CANVAS draw_unified_screen() CALLED =====
DEBUG: screen_enabled: True, screen_render_mode: simple
DEBUG: Canvas drawing simple 2D screen
DEBUG: Drew unified screen in simple mode
DEBUG: Simple mode active - screen shows original 2D framebuffer view
DEBUG: Rendering MediaScreen Video Screen (istockphoto-482277170-640_adpp_is.mp4) with texture 3
DEBUG: Rendering screen Video Screen (istockphoto-482277170-640_adpp_is.mp4) of type screen_2d
DEBUG: Rendering MediaScreen Video Screen (istockphoto-482277170-640_adpp_is.mp4) with texture 3
DEBUG: ===== CANVAS update_sphere_view_vector() CALLED =====
DEBUG: Canvas syncing view_vector with sphere vector_direction: [1. 0. 0.]
DEBUG: Normalized view_vector: [1. 0. 0.]
DEBUG: Red vector direction: [1. 0. 0.]
DEBUG: Normalized view vector: [1.000, 0.000, 0.000]
DEBUG: Red cube position: [2. 0. 2.]
DEBUG: Expected direction to cube: [0.70710678 0.         0.70710678]
DEBUG: Actual view vector: [1. 0. 0.]
DEBUG: Dot product: 0.707
DEBUG: ⚠️ WARNING: View vector not pointing toward cube!
DEBUG: Consider setting vector direction to point toward cube
DEBUG: Suggested vector direction: [2.12132034 0.         2.12132034]
DEBUG: Angle to cube: 45.0° (should be < 30° to be visible)
DEBUG: Cube direction: [0.707, 0.000, 0.707]
DEBUG: 2D screen using perspective projection - FOV: 60.0°
DEBUG: ===== SIMPLE MODE CAMERA SETUP =====
DEBUG: Simple mode sphere_pos: [0. 0. 0.]
DEBUG: Simple mode view_dir: [1. 0. 0.]
DEBUG: Simple mode look_at: [10.  0.  0.]
DEBUG: Cube position: [2. 0. 2.]
DEBUG: Direction to cube: [0.70710678 0.         0.70710678]
DEBUG: View direction: [1. 0. 0.]
DEBUG: Angle between view and cube direction: 45.0° (should be close to 0°)
DEBUG: Are we looking toward cube? False
DEBUG: ==============================================
DEBUG: ===== SIMPLE MODE CUBE ROTATION =====
DEBUG: Simple mode applying cube rotation: [0.0°, 0.0°, 0.0°]
DEBUG: =========================================
DEBUG: Simple 2D screen rendered - reference objects disabled to prevent yellow box artifact
DEBUG: Using perspective projection - FOV: 60.0°
DEBUG: Canvas mode: 'simple', Sphere mode: 'simple'
DEBUG: Sphere screen render check - canvas_enabled: True, canvas_mode: simple, sphere_enabled: True, should_render: False
DEBUG: Sphere skipping screen render (canvas mode: simple)
DEBUG: ===== SIMPLE MODE CUBE ROTATION =====
DEBUG: Simple mode applying cube rotation: [0.0°, 0.0°, 0.0°]
DEBUG: =========================================
DEBUG: ===== CANVAS draw_unified_screen() CALLED =====
DEBUG: screen_enabled: True, screen_render_mode: simple
DEBUG: Canvas drawing simple 2D screen
DEBUG: Drew unified screen in simple mode
DEBUG: Simple mode active - screen shows original 2D framebuffer view
DEBUG: Rendering 2 screens
DEBUG: Rendering screen Original 2D Screen of type screen_2d
DEBUG: ===== SIMPLE MODE CUBE ROTATION =====
DEBUG: Simple mode applying cube rotation: [0.0°, 0.0°, 0.0°]
DEBUG: =========================================
DEBUG: ===== CANVAS draw_unified_screen() CALLED =====
DEBUG: screen_enabled: True, screen_render_mode: simple
DEBUG: Canvas drawing simple 2D screen
DEBUG: Drew unified screen in simple mode
DEBUG: Simple mode active - screen shows original 2D framebuffer view
DEBUG: Rendering MediaScreen Video Screen (istockphoto-482277170-640_adpp_is.mp4) with texture 3
DEBUG: Rendering screen Video Screen (istockphoto-482277170-640_adpp_is.mp4) of type screen_2d
DEBUG: Rendering MediaScreen Video Screen (istockphoto-482277170-640_adpp_is.mp4) with texture 3
DEBUG: ===== CANVAS update_sphere_view_vector() CALLED =====
DEBUG: Canvas syncing view_vector with sphere vector_direction: [1. 0. 0.]
DEBUG: Normalized view_vector: [1. 0. 0.]
DEBUG: Red vector direction: [1. 0. 0.]
DEBUG: Normalized view vector: [1.000, 0.000, 0.000]
DEBUG: Red cube position: [2. 0. 2.]
DEBUG: Expected direction to cube: [0.70710678 0.         0.70710678]
DEBUG: Actual view vector: [1. 0. 0.]
DEBUG: Dot product: 0.707
DEBUG: ⚠️ WARNING: View vector not pointing toward cube!
DEBUG: Consider setting vector direction to point toward cube
DEBUG: Suggested vector direction: [2.12132034 0.         2.12132034]
DEBUG: Angle to cube: 45.0° (should be < 30° to be visible)
DEBUG: Cube direction: [0.707, 0.000, 0.707]
DEBUG: 2D screen using perspective projection - FOV: 60.0°
DEBUG: ===== SIMPLE MODE CAMERA SETUP =====
DEBUG: Simple mode sphere_pos: [0. 0. 0.]
DEBUG: Simple mode view_dir: [1. 0. 0.]
DEBUG: Simple mode look_at: [10.  0.  0.]
DEBUG: Cube position: [2. 0. 2.]
DEBUG: Direction to cube: [0.70710678 0.         0.70710678]
DEBUG: View direction: [1. 0. 0.]
DEBUG: Angle between view and cube direction: 45.0° (should be close to 0°)
DEBUG: Are we looking toward cube? False
DEBUG: ==============================================
DEBUG: ===== SIMPLE MODE CUBE ROTATION =====
DEBUG: Simple mode applying cube rotation: [0.0°, 0.0°, 0.0°]
DEBUG: =========================================
DEBUG: Simple 2D screen rendered - reference objects disabled to prevent yellow box artifact
DEBUG: Using perspective projection - FOV: 60.0°
DEBUG: Canvas mode: 'simple', Sphere mode: 'simple'
DEBUG: Sphere screen render check - canvas_enabled: True, canvas_mode: simple, sphere_enabled: True, should_render: False
DEBUG: Sphere skipping screen render (canvas mode: simple)
DEBUG: ===== SIMPLE MODE CUBE ROTATION =====
DEBUG: Simple mode applying cube rotation: [0.0°, 0.0°, 0.0°]
DEBUG: =========================================
DEBUG: ===== CANVAS draw_unified_screen() CALLED =====
DEBUG: screen_enabled: True, screen_render_mode: simple
DEBUG: Canvas drawing simple 2D screen
DEBUG: Drew unified screen in simple mode
DEBUG: Simple mode active - screen shows original 2D framebuffer view
DEBUG: Rendering 2 screens
DEBUG: Rendering screen Original 2D Screen of type screen_2d
DEBUG: ===== SIMPLE MODE CUBE ROTATION =====
DEBUG: Simple mode applying cube rotation: [0.0°, 0.0°, 0.0°]
DEBUG: =========================================
DEBUG: ===== CANVAS draw_unified_screen() CALLED =====
DEBUG: screen_enabled: True, screen_render_mode: simple
DEBUG: Canvas drawing simple 2D screen
DEBUG: Drew unified screen in simple mode
DEBUG: Simple mode active - screen shows original 2D framebuffer view
DEBUG: Rendering MediaScreen Video Screen (istockphoto-482277170-640_adpp_is.mp4) with texture 3
DEBUG: Rendering screen Video Screen (istockphoto-482277170-640_adpp_is.mp4) of type screen_2d
DEBUG: Rendering MediaScreen Video Screen (istockphoto-482277170-640_adpp_is.mp4) with texture 3
DEBUG: ===== CANVAS update_sphere_view_vector() CALLED =====
DEBUG: Canvas syncing view_vector with sphere vector_direction: [1. 0. 0.]
DEBUG: Normalized view_vector: [1. 0. 0.]
DEBUG: Red vector direction: [1. 0. 0.]
DEBUG: Normalized view vector: [1.000, 0.000, 0.000]
DEBUG: Red cube position: [2. 0. 2.]
DEBUG: Expected direction to cube: [0.70710678 0.         0.70710678]
DEBUG: Actual view vector: [1. 0. 0.]
DEBUG: Dot product: 0.707
DEBUG: ⚠️ WARNING: View vector not pointing toward cube!
DEBUG: Consider setting vector direction to point toward cube
DEBUG: Suggested vector direction: [2.12132034 0.         2.12132034]
DEBUG: Angle to cube: 45.0° (should be < 30° to be visible)
DEBUG: Cube direction: [0.707, 0.000, 0.707]
DEBUG: 2D screen using perspective projection - FOV: 60.0°
DEBUG: ===== SIMPLE MODE CAMERA SETUP =====
DEBUG: Simple mode sphere_pos: [0. 0. 0.]
DEBUG: Simple mode view_dir: [1. 0. 0.]
DEBUG: Simple mode look_at: [10.  0.  0.]
DEBUG: Cube position: [2. 0. 2.]
DEBUG: Direction to cube: [0.70710678 0.         0.70710678]
DEBUG: View direction: [1. 0. 0.]
DEBUG: Angle between view and cube direction: 45.0° (should be close to 0°)
DEBUG: Are we looking toward cube? False
DEBUG: ==============================================
DEBUG: ===== SIMPLE MODE CUBE ROTATION =====
DEBUG: Simple mode applying cube rotation: [0.0°, 0.0°, 0.0°]
DEBUG: =========================================
DEBUG: Simple 2D screen rendered - reference objects disabled to prevent yellow box artifact
DEBUG: Using perspective projection - FOV: 60.0°
DEBUG: Canvas mode: 'simple', Sphere mode: 'simple'
DEBUG: Sphere screen render check - canvas_enabled: True, canvas_mode: simple, sphere_enabled: True, should_render: False
DEBUG: Sphere skipping screen render (canvas mode: simple)
DEBUG: ===== SIMPLE MODE CUBE ROTATION =====
DEBUG: Simple mode applying cube rotation: [0.0°, 0.0°, 0.0°]
DEBUG: =========================================
DEBUG: ===== CANVAS draw_unified_screen() CALLED =====
DEBUG: screen_enabled: True, screen_render_mode: simple
DEBUG: Canvas drawing simple 2D screen
DEBUG: Drew unified screen in simple mode
DEBUG: Simple mode active - screen shows original 2D framebuffer view
DEBUG: Rendering 2 screens
DEBUG: Rendering screen Original 2D Screen of type screen_2d
DEBUG: ===== SIMPLE MODE CUBE ROTATION =====
DEBUG: Simple mode applying cube rotation: [0.0°, 0.0°, 0.0°]
DEBUG: =========================================
DEBUG: ===== CANVAS draw_unified_screen() CALLED =====
DEBUG: screen_enabled: True, screen_render_mode: simple
DEBUG: Canvas drawing simple 2D screen
DEBUG: Drew unified screen in simple mode
DEBUG: Simple mode active - screen shows original 2D framebuffer view
DEBUG: Rendering MediaScreen Video Screen (istockphoto-482277170-640_adpp_is.mp4) with texture 3
DEBUG: Rendering screen Video Screen (istockphoto-482277170-640_adpp_is.mp4) of type screen_2d
DEBUG: Rendering MediaScreen Video Screen (istockphoto-482277170-640_adpp_is.mp4) with texture 3
DEBUG: ===== CANVAS update_sphere_view_vector() CALLED =====
DEBUG: Canvas syncing view_vector with sphere vector_direction: [1. 0. 0.]
DEBUG: Normalized view_vector: [1. 0. 0.]
DEBUG: Red vector direction: [1. 0. 0.]
DEBUG: Normalized view vector: [1.000, 0.000, 0.000]
DEBUG: Red cube position: [2. 0. 2.]
DEBUG: Expected direction to cube: [0.70710678 0.         0.70710678]
DEBUG: Actual view vector: [1. 0. 0.]
DEBUG: Dot product: 0.707
DEBUG: ⚠️ WARNING: View vector not pointing toward cube!
DEBUG: Consider setting vector direction to point toward cube
DEBUG: Suggested vector direction: [2.12132034 0.         2.12132034]
DEBUG: Angle to cube: 45.0° (should be < 30° to be visible)
DEBUG: Cube direction: [0.707, 0.000, 0.707]
DEBUG: 2D screen using perspective projection - FOV: 60.0°
DEBUG: ===== SIMPLE MODE CAMERA SETUP =====
DEBUG: Simple mode sphere_pos: [0. 0. 0.]
DEBUG: Simple mode view_dir: [1. 0. 0.]
DEBUG: Simple mode look_at: [10.  0.  0.]
DEBUG: Cube position: [2. 0. 2.]
DEBUG: Direction to cube: [0.70710678 0.         0.70710678]
DEBUG: View direction: [1. 0. 0.]
DEBUG: Angle between view and cube direction: 45.0° (should be close to 0°)
DEBUG: Are we looking toward cube? False
DEBUG: ==============================================
DEBUG: ===== SIMPLE MODE CUBE ROTATION =====
DEBUG: Simple mode applying cube rotation: [0.0°, 0.0°, 0.0°]
DEBUG: =========================================
DEBUG: Simple 2D screen rendered - reference objects disabled to prevent yellow box artifact
DEBUG: Using perspective projection - FOV: 60.0°
DEBUG: Canvas mode: 'simple', Sphere mode: 'simple'
DEBUG: Sphere screen render check - canvas_enabled: True, canvas_mode: simple, sphere_enabled: True, should_render: False
DEBUG: Sphere skipping screen render (canvas mode: simple)
DEBUG: ===== SIMPLE MODE CUBE ROTATION =====
DEBUG: Simple mode applying cube rotation: [0.0°, 0.0°, 0.0°]
DEBUG: =========================================
DEBUG: ===== CANVAS draw_unified_screen() CALLED =====
DEBUG: screen_enabled: True, screen_render_mode: simple
DEBUG: Canvas drawing simple 2D screen
DEBUG: Drew unified screen in simple mode
DEBUG: Simple mode active - screen shows original 2D framebuffer view
DEBUG: Rendering 2 screens
DEBUG: Rendering screen Original 2D Screen of type screen_2d
DEBUG: ===== SIMPLE MODE CUBE ROTATION =====
DEBUG: Simple mode applying cube rotation: [0.0°, 0.0°, 0.0°]
DEBUG: =========================================
DEBUG: ===== CANVAS draw_unified_screen() CALLED =====
DEBUG: screen_enabled: True, screen_render_mode: simple
DEBUG: Canvas drawing simple 2D screen
DEBUG: Drew unified screen in simple mode
DEBUG: Simple mode active - screen shows original 2D framebuffer view
DEBUG: Rendering MediaScreen Video Screen (istockphoto-482277170-640_adpp_is.mp4) with texture 3
DEBUG: Rendering screen Video Screen (istockphoto-482277170-640_adpp_is.mp4) of type screen_2d
DEBUG: Rendering MediaScreen Video Screen (istockphoto-482277170-640_adpp_is.mp4) with texture 3
DEBUG: ===== CANVAS update_sphere_view_vector() CALLED =====
DEBUG: Canvas syncing view_vector with sphere vector_direction: [1. 0. 0.]
DEBUG: Normalized view_vector: [1. 0. 0.]
DEBUG: Red vector direction: [1. 0. 0.]
DEBUG: Normalized view vector: [1.000, 0.000, 0.000]
DEBUG: Red cube position: [2. 0. 2.]
DEBUG: Expected direction to cube: [0.70710678 0.         0.70710678]
DEBUG: Actual view vector: [1. 0. 0.]
DEBUG: Dot product: 0.707
DEBUG: ⚠️ WARNING: View vector not pointing toward cube!
DEBUG: Consider setting vector direction to point toward cube
DEBUG: Suggested vector direction: [2.12132034 0.         2.12132034]
DEBUG: Angle to cube: 45.0° (should be < 30° to be visible)
DEBUG: Cube direction: [0.707, 0.000, 0.707]
DEBUG: 2D screen using perspective projection - FOV: 60.0°
DEBUG: ===== SIMPLE MODE CAMERA SETUP =====
DEBUG: Simple mode sphere_pos: [0. 0. 0.]
DEBUG: Simple mode view_dir: [1. 0. 0.]
DEBUG: Simple mode look_at: [10.  0.  0.]
DEBUG: Cube position: [2. 0. 2.]
DEBUG: Direction to cube: [0.70710678 0.         0.70710678]
DEBUG: View direction: [1. 0. 0.]
DEBUG: Angle between view and cube direction: 45.0° (should be close to 0°)
DEBUG: Are we looking toward cube? False
DEBUG: ==============================================
DEBUG: ===== SIMPLE MODE CUBE ROTATION =====
DEBUG: Simple mode applying cube rotation: [0.0°, 0.0°, 0.0°]
DEBUG: =========================================
DEBUG: Simple 2D screen rendered - reference objects disabled to prevent yellow box artifact
DEBUG: Using perspective projection - FOV: 60.0°
DEBUG: Canvas mode: 'simple', Sphere mode: 'simple'
DEBUG: Sphere screen render check - canvas_enabled: True, canvas_mode: simple, sphere_enabled: True, should_render: False
DEBUG: Sphere skipping screen render (canvas mode: simple)
DEBUG: ===== SIMPLE MODE CUBE ROTATION =====
DEBUG: Simple mode applying cube rotation: [0.0°, 0.0°, 0.0°]
DEBUG: =========================================
DEBUG: ===== CANVAS draw_unified_screen() CALLED =====
DEBUG: screen_enabled: True, screen_render_mode: simple
DEBUG: Canvas drawing simple 2D screen
DEBUG: Drew unified screen in simple mode
DEBUG: Simple mode active - screen shows original 2D framebuffer view
DEBUG: Rendering 2 screens
DEBUG: Rendering screen Original 2D Screen of type screen_2d
DEBUG: ===== SIMPLE MODE CUBE ROTATION =====
DEBUG: Simple mode applying cube rotation: [0.0°, 0.0°, 0.0°]
DEBUG: =========================================
DEBUG: ===== CANVAS draw_unified_screen() CALLED =====
DEBUG: screen_enabled: True, screen_render_mode: simple
DEBUG: Canvas drawing simple 2D screen
DEBUG: Drew unified screen in simple mode
DEBUG: Simple mode active - screen shows original 2D framebuffer view
DEBUG: Rendering MediaScreen Video Screen (istockphoto-482277170-640_adpp_is.mp4) with texture 3
DEBUG: Rendering screen Video Screen (istockphoto-482277170-640_adpp_is.mp4) of type screen_2d
DEBUG: Rendering MediaScreen Video Screen (istockphoto-482277170-640_adpp_is.mp4) with texture 3
DEBUG: ===== CANVAS update_sphere_view_vector() CALLED =====
DEBUG: Canvas syncing view_vector with sphere vector_direction: [1. 0. 0.]
DEBUG: Normalized view_vector: [1. 0. 0.]
DEBUG: Red vector direction: [1. 0. 0.]
DEBUG: Normalized view vector: [1.000, 0.000, 0.000]
DEBUG: Red cube position: [2. 0. 2.]
DEBUG: Expected direction to cube: [0.70710678 0.         0.70710678]
DEBUG: Actual view vector: [1. 0. 0.]
DEBUG: Dot product: 0.707
DEBUG: ⚠️ WARNING: View vector not pointing toward cube!
DEBUG: Consider setting vector direction to point toward cube
DEBUG: Suggested vector direction: [2.12132034 0.         2.12132034]
DEBUG: Angle to cube: 45.0° (should be < 30° to be visible)
DEBUG: Cube direction: [0.707, 0.000, 0.707]
DEBUG: 2D screen using perspective projection - FOV: 60.0°
DEBUG: ===== SIMPLE MODE CAMERA SETUP =====
DEBUG: Simple mode sphere_pos: [0. 0. 0.]
DEBUG: Simple mode view_dir: [1. 0. 0.]
DEBUG: Simple mode look_at: [10.  0.  0.]
DEBUG: Cube position: [2. 0. 2.]
DEBUG: Direction to cube: [0.70710678 0.         0.70710678]
DEBUG: View direction: [1. 0. 0.]
DEBUG: Angle between view and cube direction: 45.0° (should be close to 0°)
DEBUG: Are we looking toward cube? False
DEBUG: ==============================================
DEBUG: ===== SIMPLE MODE CUBE ROTATION =====
DEBUG: Simple mode applying cube rotation: [0.0°, 0.0°, 0.0°]
DEBUG: =========================================
DEBUG: Simple 2D screen rendered - reference objects disabled to prevent yellow box artifact
DEBUG: Using perspective projection - FOV: 60.0°
DEBUG: Canvas mode: 'simple', Sphere mode: 'simple'
DEBUG: Sphere screen render check - canvas_enabled: True, canvas_mode: simple, sphere_enabled: True, should_render: False
DEBUG: Sphere skipping screen render (canvas mode: simple)
DEBUG: ===== SIMPLE MODE CUBE ROTATION =====
DEBUG: Simple mode applying cube rotation: [0.0°, 0.0°, 0.0°]
DEBUG: =========================================
DEBUG: ===== CANVAS draw_unified_screen() CALLED =====
DEBUG: screen_enabled: True, screen_render_mode: simple
DEBUG: Canvas drawing simple 2D screen
DEBUG: Drew unified screen in simple mode
DEBUG: Simple mode active - screen shows original 2D framebuffer view
DEBUG: Rendering 2 screens
DEBUG: Rendering screen Original 2D Screen of type screen_2d
DEBUG: ===== SIMPLE MODE CUBE ROTATION =====
DEBUG: Simple mode applying cube rotation: [0.0°, 0.0°, 0.0°]
DEBUG: =========================================
DEBUG: ===== CANVAS draw_unified_screen() CALLED =====
DEBUG: screen_enabled: True, screen_render_mode: simple
DEBUG: Canvas drawing simple 2D screen
DEBUG: Drew unified screen in simple mode
DEBUG: Simple mode active - screen shows original 2D framebuffer view
DEBUG: Rendering MediaScreen Video Screen (istockphoto-482277170-640_adpp_is.mp4) with texture 3
DEBUG: Rendering screen Video Screen (istockphoto-482277170-640_adpp_is.mp4) of type screen_2d
DEBUG: Rendering MediaScreen Video Screen (istockphoto-482277170-640_adpp_is.mp4) with texture 3
DEBUG: ===== CANVAS update_sphere_view_vector() CALLED =====
DEBUG: Canvas syncing view_vector with sphere vector_direction: [1. 0. 0.]
DEBUG: Normalized view_vector: [1. 0. 0.]
DEBUG: Red vector direction: [1. 0. 0.]
DEBUG: Normalized view vector: [1.000, 0.000, 0.000]
DEBUG: Red cube position: [2. 0. 2.]
DEBUG: Expected direction to cube: [0.70710678 0.         0.70710678]
DEBUG: Actual view vector: [1. 0. 0.]
DEBUG: Dot product: 0.707
DEBUG: ⚠️ WARNING: View vector not pointing toward cube!
DEBUG: Consider setting vector direction to point toward cube
DEBUG: Suggested vector direction: [2.12132034 0.         2.12132034]
DEBUG: Angle to cube: 45.0° (should be < 30° to be visible)
DEBUG: Cube direction: [0.707, 0.000, 0.707]
DEBUG: 2D screen using perspective projection - FOV: 60.0°
DEBUG: ===== SIMPLE MODE CAMERA SETUP =====
DEBUG: Simple mode sphere_pos: [0. 0. 0.]
DEBUG: Simple mode view_dir: [1. 0. 0.]
DEBUG: Simple mode look_at: [10.  0.  0.]
DEBUG: Cube position: [2. 0. 2.]
DEBUG: Direction to cube: [0.70710678 0.         0.70710678]
DEBUG: View direction: [1. 0. 0.]
DEBUG: Angle between view and cube direction: 45.0° (should be close to 0°)
DEBUG: Are we looking toward cube? False
DEBUG: ==============================================
DEBUG: ===== SIMPLE MODE CUBE ROTATION =====
DEBUG: Simple mode applying cube rotation: [0.0°, 0.0°, 0.0°]
DEBUG: =========================================
DEBUG: Simple 2D screen rendered - reference objects disabled to prevent yellow box artifact
DEBUG: Using perspective projection - FOV: 60.0°
DEBUG: Canvas mode: 'simple', Sphere mode: 'simple'
DEBUG: Sphere screen render check - canvas_enabled: True, canvas_mode: simple, sphere_enabled: True, should_render: False
DEBUG: Sphere skipping screen render (canvas mode: simple)
DEBUG: ===== SIMPLE MODE CUBE ROTATION =====
DEBUG: Simple mode applying cube rotation: [0.0°, 0.0°, 0.0°]
DEBUG: =========================================
DEBUG: ===== CANVAS draw_unified_screen() CALLED =====
DEBUG: screen_enabled: True, screen_render_mode: simple
DEBUG: Canvas drawing simple 2D screen
DEBUG: Drew unified screen in simple mode
DEBUG: Simple mode active - screen shows original 2D framebuffer view
DEBUG: Rendering 2 screens
DEBUG: Rendering screen Original 2D Screen of type screen_2d
DEBUG: ===== SIMPLE MODE CUBE ROTATION =====
DEBUG: Simple mode applying cube rotation: [0.0°, 0.0°, 0.0°]
DEBUG: =========================================
DEBUG: ===== CANVAS draw_unified_screen() CALLED =====
DEBUG: screen_enabled: True, screen_render_mode: simple
DEBUG: Canvas drawing simple 2D screen
DEBUG: Drew unified screen in simple mode
DEBUG: Simple mode active - screen shows original 2D framebuffer view
DEBUG: Rendering MediaScreen Video Screen (istockphoto-482277170-640_adpp_is.mp4) with texture 3
DEBUG: Rendering screen Video Screen (istockphoto-482277170-640_adpp_is.mp4) of type screen_2d
DEBUG: Rendering MediaScreen Video Screen (istockphoto-482277170-640_adpp_is.mp4) with texture 3
DEBUG: ===== CANVAS update_sphere_view_vector() CALLED =====
DEBUG: Canvas syncing view_vector with sphere vector_direction: [1. 0. 0.]
DEBUG: Normalized view_vector: [1. 0. 0.]
DEBUG: Red vector direction: [1. 0. 0.]
DEBUG: Normalized view vector: [1.000, 0.000, 0.000]
DEBUG: Red cube position: [2. 0. 2.]
DEBUG: Expected direction to cube: [0.70710678 0.         0.70710678]
DEBUG: Actual view vector: [1. 0. 0.]
DEBUG: Dot product: 0.707
DEBUG: ⚠️ WARNING: View vector not pointing toward cube!
DEBUG: Consider setting vector direction to point toward cube
DEBUG: Suggested vector direction: [2.12132034 0.         2.12132034]
DEBUG: Angle to cube: 45.0° (should be < 30° to be visible)
DEBUG: Cube direction: [0.707, 0.000, 0.707]
DEBUG: 2D screen using perspective projection - FOV: 60.0°
DEBUG: ===== SIMPLE MODE CAMERA SETUP =====
DEBUG: Simple mode sphere_pos: [0. 0. 0.]
DEBUG: Simple mode view_dir: [1. 0. 0.]
DEBUG: Simple mode look_at: [10.  0.  0.]
DEBUG: Cube position: [2. 0. 2.]
DEBUG: Direction to cube: [0.70710678 0.         0.70710678]
DEBUG: View direction: [1. 0. 0.]
DEBUG: Angle between view and cube direction: 45.0° (should be close to 0°)
DEBUG: Are we looking toward cube? False
DEBUG: ==============================================
DEBUG: ===== SIMPLE MODE CUBE ROTATION =====
DEBUG: Simple mode applying cube rotation: [0.0°, 0.0°, 0.0°]
DEBUG: =========================================
DEBUG: Simple 2D screen rendered - reference objects disabled to prevent yellow box artifact
DEBUG: Using perspective projection - FOV: 60.0°
DEBUG: Canvas mode: 'simple', Sphere mode: 'simple'
DEBUG: Sphere screen render check - canvas_enabled: True, canvas_mode: simple, sphere_enabled: True, should_render: False
DEBUG: Sphere skipping screen render (canvas mode: simple)
DEBUG: ===== SIMPLE MODE CUBE ROTATION =====
DEBUG: Simple mode applying cube rotation: [0.0°, 0.0°, 0.0°]
DEBUG: =========================================
DEBUG: ===== CANVAS draw_unified_screen() CALLED =====
DEBUG: screen_enabled: True, screen_render_mode: simple
DEBUG: Canvas drawing simple 2D screen
DEBUG: Drew unified screen in simple mode
DEBUG: Simple mode active - screen shows original 2D framebuffer view
DEBUG: Rendering 2 screens
DEBUG: Rendering screen Original 2D Screen of type screen_2d
DEBUG: ===== SIMPLE MODE CUBE ROTATION =====
DEBUG: Simple mode applying cube rotation: [0.0°, 0.0°, 0.0°]
DEBUG: =========================================
DEBUG: ===== CANVAS draw_unified_screen() CALLED =====
DEBUG: screen_enabled: True, screen_render_mode: simple
DEBUG: Canvas drawing simple 2D screen
DEBUG: Drew unified screen in simple mode
DEBUG: Simple mode active - screen shows original 2D framebuffer view
DEBUG: Rendering MediaScreen Video Screen (istockphoto-482277170-640_adpp_is.mp4) with texture 3
DEBUG: Rendering screen Video Screen (istockphoto-482277170-640_adpp_is.mp4) of type screen_2d
DEBUG: Rendering MediaScreen Video Screen (istockphoto-482277170-640_adpp_is.mp4) with texture 3
DEBUG: ===== CANVAS update_sphere_view_vector() CALLED =====
DEBUG: Canvas syncing view_vector with sphere vector_direction: [1. 0. 0.]
DEBUG: Normalized view_vector: [1. 0. 0.]
DEBUG: Red vector direction: [1. 0. 0.]
DEBUG: Normalized view vector: [1.000, 0.000, 0.000]
DEBUG: Red cube position: [2. 0. 2.]
DEBUG: Expected direction to cube: [0.70710678 0.         0.70710678]
DEBUG: Actual view vector: [1. 0. 0.]
DEBUG: Dot product: 0.707
DEBUG: ⚠️ WARNING: View vector not pointing toward cube!
DEBUG: Consider setting vector direction to point toward cube
DEBUG: Suggested vector direction: [2.12132034 0.         2.12132034]
DEBUG: Angle to cube: 45.0° (should be < 30° to be visible)
DEBUG: Cube direction: [0.707, 0.000, 0.707]
DEBUG: 2D screen using perspective projection - FOV: 60.0°
DEBUG: ===== SIMPLE MODE CAMERA SETUP =====
DEBUG: Simple mode sphere_pos: [0. 0. 0.]
DEBUG: Simple mode view_dir: [1. 0. 0.]
DEBUG: Simple mode look_at: [10.  0.  0.]
DEBUG: Cube position: [2. 0. 2.]
DEBUG: Direction to cube: [0.70710678 0.         0.70710678]
DEBUG: View direction: [1. 0. 0.]
DEBUG: Angle between view and cube direction: 45.0° (should be close to 0°)
DEBUG: Are we looking toward cube? False
DEBUG: ==============================================
DEBUG: ===== SIMPLE MODE CUBE ROTATION =====
DEBUG: Simple mode applying cube rotation: [0.0°, 0.0°, 0.0°]
DEBUG: =========================================
DEBUG: Simple 2D screen rendered - reference objects disabled to prevent yellow box artifact
DEBUG: Using perspective projection - FOV: 60.0°
DEBUG: Canvas mode: 'simple', Sphere mode: 'simple'
DEBUG: Sphere screen render check - canvas_enabled: True, canvas_mode: simple, sphere_enabled: True, should_render: False
DEBUG: Sphere skipping screen render (canvas mode: simple)
DEBUG: ===== SIMPLE MODE CUBE ROTATION =====
DEBUG: Simple mode applying cube rotation: [0.0°, 0.0°, 0.0°]
DEBUG: =========================================
DEBUG: ===== CANVAS draw_unified_screen() CALLED =====
DEBUG: screen_enabled: True, screen_render_mode: simple
DEBUG: Canvas drawing simple 2D screen
DEBUG: Drew unified screen in simple mode
DEBUG: Simple mode active - screen shows original 2D framebuffer view
DEBUG: Rendering 2 screens
DEBUG: Rendering screen Original 2D Screen of type screen_2d
DEBUG: ===== SIMPLE MODE CUBE ROTATION =====
DEBUG: Simple mode applying cube rotation: [0.0°, 0.0°, 0.0°]
DEBUG: =========================================
DEBUG: ===== CANVAS draw_unified_screen() CALLED =====
DEBUG: screen_enabled: True, screen_render_mode: simple
DEBUG: Canvas drawing simple 2D screen
DEBUG: Drew unified screen in simple mode
DEBUG: Simple mode active - screen shows original 2D framebuffer view
DEBUG: Rendering MediaScreen Video Screen (istockphoto-482277170-640_adpp_is.mp4) with texture 3
DEBUG: Rendering screen Video Screen (istockphoto-482277170-640_adpp_is.mp4) of type screen_2d
DEBUG: Rendering MediaScreen Video Screen (istockphoto-482277170-640_adpp_is.mp4) with texture 3
DEBUG: ===== CANVAS update_sphere_view_vector() CALLED =====
DEBUG: Canvas syncing view_vector with sphere vector_direction: [1. 0. 0.]
DEBUG: Normalized view_vector: [1. 0. 0.]
DEBUG: Red vector direction: [1. 0. 0.]
DEBUG: Normalized view vector: [1.000, 0.000, 0.000]
DEBUG: Red cube position: [2. 0. 2.]
DEBUG: Expected direction to cube: [0.70710678 0.         0.70710678]
DEBUG: Actual view vector: [1. 0. 0.]
DEBUG: Dot product: 0.707
DEBUG: ⚠️ WARNING: View vector not pointing toward cube!
DEBUG: Consider setting vector direction to point toward cube
DEBUG: Suggested vector direction: [2.12132034 0.         2.12132034]
DEBUG: Angle to cube: 45.0° (should be < 30° to be visible)
DEBUG: Cube direction: [0.707, 0.000, 0.707]
DEBUG: 2D screen using perspective projection - FOV: 60.0°
DEBUG: ===== SIMPLE MODE CAMERA SETUP =====
DEBUG: Simple mode sphere_pos: [0. 0. 0.]
DEBUG: Simple mode view_dir: [1. 0. 0.]
DEBUG: Simple mode look_at: [10.  0.  0.]
DEBUG: Cube position: [2. 0. 2.]
DEBUG: Direction to cube: [0.70710678 0.         0.70710678]
DEBUG: View direction: [1. 0. 0.]
DEBUG: Angle between view and cube direction: 45.0° (should be close to 0°)
DEBUG: Are we looking toward cube? False
DEBUG: ==============================================
DEBUG: ===== SIMPLE MODE CUBE ROTATION =====
DEBUG: Simple mode applying cube rotation: [0.0°, 0.0°, 0.0°]
DEBUG: =========================================
DEBUG: Simple 2D screen rendered - reference objects disabled to prevent yellow box artifact
DEBUG: Using perspective projection - FOV: 60.0°
DEBUG: Canvas mode: 'simple', Sphere mode: 'simple'
DEBUG: Sphere screen render check - canvas_enabled: True, canvas_mode: simple, sphere_enabled: True, should_render: False
DEBUG: Sphere skipping screen render (canvas mode: simple)
DEBUG: ===== SIMPLE MODE CUBE ROTATION =====
DEBUG: Simple mode applying cube rotation: [0.0°, 0.0°, 0.0°]
DEBUG: =========================================
DEBUG: ===== CANVAS draw_unified_screen() CALLED =====
DEBUG: screen_enabled: True, screen_render_mode: simple
DEBUG: Canvas drawing simple 2D screen
DEBUG: Drew unified screen in simple mode
DEBUG: Simple mode active - screen shows original 2D framebuffer view
DEBUG: Rendering 2 screens
DEBUG: Rendering screen Original 2D Screen of type screen_2d
DEBUG: ===== SIMPLE MODE CUBE ROTATION =====
DEBUG: Simple mode applying cube rotation: [0.0°, 0.0°, 0.0°]
DEBUG: =========================================
DEBUG: ===== CANVAS draw_unified_screen() CALLED =====
DEBUG: screen_enabled: True, screen_render_mode: simple
DEBUG: Canvas drawing simple 2D screen
DEBUG: Drew unified screen in simple mode
DEBUG: Simple mode active - screen shows original 2D framebuffer view
DEBUG: Rendering MediaScreen Video Screen (istockphoto-482277170-640_adpp_is.mp4) with texture 3
DEBUG: Rendering screen Video Screen (istockphoto-482277170-640_adpp_is.mp4) of type screen_2d
DEBUG: Rendering MediaScreen Video Screen (istockphoto-482277170-640_adpp_is.mp4) with texture 3
DEBUG: ===== CANVAS update_sphere_view_vector() CALLED =====
DEBUG: Canvas syncing view_vector with sphere vector_direction: [1. 0. 0.]
DEBUG: Normalized view_vector: [1. 0. 0.]
DEBUG: Red vector direction: [1. 0. 0.]
DEBUG: Normalized view vector: [1.000, 0.000, 0.000]
DEBUG: Red cube position: [2. 0. 2.]
DEBUG: Expected direction to cube: [0.70710678 0.         0.70710678]
DEBUG: Actual view vector: [1. 0. 0.]
DEBUG: Dot product: 0.707
DEBUG: ⚠️ WARNING: View vector not pointing toward cube!
DEBUG: Consider setting vector direction to point toward cube
DEBUG: Suggested vector direction: [2.12132034 0.         2.12132034]
DEBUG: Angle to cube: 45.0° (should be < 30° to be visible)
DEBUG: Cube direction: [0.707, 0.000, 0.707]
DEBUG: 2D screen using perspective projection - FOV: 60.0°
DEBUG: ===== SIMPLE MODE CAMERA SETUP =====
DEBUG: Simple mode sphere_pos: [0. 0. 0.]
DEBUG: Simple mode view_dir: [1. 0. 0.]
DEBUG: Simple mode look_at: [10.  0.  0.]
DEBUG: Cube position: [2. 0. 2.]
DEBUG: Direction to cube: [0.70710678 0.         0.70710678]
DEBUG: View direction: [1. 0. 0.]
DEBUG: Angle between view and cube direction: 45.0° (should be close to 0°)
DEBUG: Are we looking toward cube? False
DEBUG: ==============================================
DEBUG: ===== SIMPLE MODE CUBE ROTATION =====
DEBUG: Simple mode applying cube rotation: [0.0°, 0.0°, 0.0°]
DEBUG: =========================================
DEBUG: Simple 2D screen rendered - reference objects disabled to prevent yellow box artifact
DEBUG: Using perspective projection - FOV: 60.0°
DEBUG: Canvas mode: 'simple', Sphere mode: 'simple'
DEBUG: Sphere screen render check - canvas_enabled: True, canvas_mode: simple, sphere_enabled: True, should_render: False
DEBUG: Sphere skipping screen render (canvas mode: simple)
DEBUG: ===== SIMPLE MODE CUBE ROTATION =====
DEBUG: Simple mode applying cube rotation: [0.0°, 0.0°, 0.0°]
DEBUG: =========================================
DEBUG: ===== CANVAS draw_unified_screen() CALLED =====
DEBUG: screen_enabled: True, screen_render_mode: simple
DEBUG: Canvas drawing simple 2D screen
DEBUG: Drew unified screen in simple mode
DEBUG: Simple mode active - screen shows original 2D framebuffer view
DEBUG: Rendering 2 screens
DEBUG: Rendering screen Original 2D Screen of type screen_2d
DEBUG: ===== SIMPLE MODE CUBE ROTATION =====
DEBUG: Simple mode applying cube rotation: [0.0°, 0.0°, 0.0°]
DEBUG: =========================================
DEBUG: ===== CANVAS draw_unified_screen() CALLED =====
DEBUG: screen_enabled: True, screen_render_mode: simple
DEBUG: Canvas drawing simple 2D screen
DEBUG: Drew unified screen in simple mode
DEBUG: Simple mode active - screen shows original 2D framebuffer view
DEBUG: Rendering MediaScreen Video Screen (istockphoto-482277170-640_adpp_is.mp4) with texture 3
DEBUG: Rendering screen Video Screen (istockphoto-482277170-640_adpp_is.mp4) of type screen_2d
DEBUG: Rendering MediaScreen Video Screen (istockphoto-482277170-640_adpp_is.mp4) with texture 3
DEBUG: ===== CANVAS update_sphere_view_vector() CALLED =====
DEBUG: Canvas syncing view_vector with sphere vector_direction: [1. 0. 0.]
DEBUG: Normalized view_vector: [1. 0. 0.]
DEBUG: Red vector direction: [1. 0. 0.]
DEBUG: Normalized view vector: [1.000, 0.000, 0.000]
DEBUG: Red cube position: [2. 0. 2.]
DEBUG: Expected direction to cube: [0.70710678 0.         0.70710678]
DEBUG: Actual view vector: [1. 0. 0.]
DEBUG: Dot product: 0.707
DEBUG: ⚠️ WARNING: View vector not pointing toward cube!
DEBUG: Consider setting vector direction to point toward cube
DEBUG: Suggested vector direction: [2.12132034 0.         2.12132034]
DEBUG: Angle to cube: 45.0° (should be < 30° to be visible)
DEBUG: Cube direction: [0.707, 0.000, 0.707]
DEBUG: 2D screen using perspective projection - FOV: 60.0°
DEBUG: ===== SIMPLE MODE CAMERA SETUP =====
DEBUG: Simple mode sphere_pos: [0. 0. 0.]
DEBUG: Simple mode view_dir: [1. 0. 0.]
DEBUG: Simple mode look_at: [10.  0.  0.]
DEBUG: Cube position: [2. 0. 2.]
DEBUG: Direction to cube: [0.70710678 0.         0.70710678]
DEBUG: View direction: [1. 0. 0.]
DEBUG: Angle between view and cube direction: 45.0° (should be close to 0°)
DEBUG: Are we looking toward cube? False
DEBUG: ==============================================
DEBUG: ===== SIMPLE MODE CUBE ROTATION =====
DEBUG: Simple mode applying cube rotation: [0.0°, 0.0°, 0.0°]
DEBUG: =========================================
DEBUG: Simple 2D screen rendered - reference objects disabled to prevent yellow box artifact
DEBUG: Using perspective projection - FOV: 60.0°
DEBUG: Canvas mode: 'simple', Sphere mode: 'simple'
DEBUG: Sphere screen render check - canvas_enabled: True, canvas_mode: simple, sphere_enabled: True, should_render: False
DEBUG: Sphere skipping screen render (canvas mode: simple)
DEBUG: ===== SIMPLE MODE CUBE ROTATION =====
DEBUG: Simple mode applying cube rotation: [0.0°, 0.0°, 0.0°]
DEBUG: =========================================
DEBUG: ===== CANVAS draw_unified_screen() CALLED =====
DEBUG: screen_enabled: True, screen_render_mode: simple
DEBUG: Canvas drawing simple 2D screen
DEBUG: Drew unified screen in simple mode
DEBUG: Simple mode active - screen shows original 2D framebuffer view
DEBUG: Rendering 2 screens
DEBUG: Rendering screen Original 2D Screen of type screen_2d
DEBUG: ===== SIMPLE MODE CUBE ROTATION =====
DEBUG: Simple mode applying cube rotation: [0.0°, 0.0°, 0.0°]
DEBUG: =========================================
DEBUG: ===== CANVAS draw_unified_screen() CALLED =====
DEBUG: screen_enabled: True, screen_render_mode: simple
DEBUG: Canvas drawing simple 2D screen
DEBUG: Drew unified screen in simple mode
DEBUG: Simple mode active - screen shows original 2D framebuffer view
DEBUG: Rendering MediaScreen Video Screen (istockphoto-482277170-640_adpp_is.mp4) with texture 3
DEBUG: Rendering screen Video Screen (istockphoto-482277170-640_adpp_is.mp4) of type screen_2d
DEBUG: Rendering MediaScreen Video Screen (istockphoto-482277170-640_adpp_is.mp4) with texture 3
DEBUG: ===== CANVAS update_sphere_view_vector() CALLED =====
DEBUG: Canvas syncing view_vector with sphere vector_direction: [1. 0. 0.]
DEBUG: Normalized view_vector: [1. 0. 0.]
DEBUG: Red vector direction: [1. 0. 0.]
DEBUG: Normalized view vector: [1.000, 0.000, 0.000]
DEBUG: Red cube position: [2. 0. 2.]
DEBUG: Expected direction to cube: [0.70710678 0.         0.70710678]
DEBUG: Actual view vector: [1. 0. 0.]
DEBUG: Dot product: 0.707
DEBUG: ⚠️ WARNING: View vector not pointing toward cube!
DEBUG: Consider setting vector direction to point toward cube
DEBUG: Suggested vector direction: [2.12132034 0.         2.12132034]
DEBUG: Angle to cube: 45.0° (should be < 30° to be visible)
DEBUG: Cube direction: [0.707, 0.000, 0.707]
DEBUG: 2D screen using perspective projection - FOV: 60.0°
DEBUG: ===== SIMPLE MODE CAMERA SETUP =====
DEBUG: Simple mode sphere_pos: [0. 0. 0.]
DEBUG: Simple mode view_dir: [1. 0. 0.]
DEBUG: Simple mode look_at: [10.  0.  0.]
DEBUG: Cube position: [2. 0. 2.]
DEBUG: Direction to cube: [0.70710678 0.         0.70710678]
DEBUG: View direction: [1. 0. 0.]
DEBUG: Angle between view and cube direction: 45.0° (should be close to 0°)
DEBUG: Are we looking toward cube? False
DEBUG: ==============================================
DEBUG: ===== SIMPLE MODE CUBE ROTATION =====
DEBUG: Simple mode applying cube rotation: [0.0°, 0.0°, 0.0°]
DEBUG: =========================================
DEBUG: Simple 2D screen rendered - reference objects disabled to prevent yellow box artifact
DEBUG: Using perspective projection - FOV: 60.0°
DEBUG: Canvas mode: 'simple', Sphere mode: 'simple'
DEBUG: Sphere screen render check - canvas_enabled: True, canvas_mode: simple, sphere_enabled: True, should_render: False
DEBUG: Sphere skipping screen render (canvas mode: simple)
DEBUG: ===== SIMPLE MODE CUBE ROTATION =====
DEBUG: Simple mode applying cube rotation: [0.0°, 0.0°, 0.0°]
DEBUG: =========================================
DEBUG: ===== CANVAS draw_unified_screen() CALLED =====
DEBUG: screen_enabled: True, screen_render_mode: simple
DEBUG: Canvas drawing simple 2D screen
DEBUG: Drew unified screen in simple mode
DEBUG: Simple mode active - screen shows original 2D framebuffer view
DEBUG: Rendering 2 screens
DEBUG: Rendering screen Original 2D Screen of type screen_2d
DEBUG: ===== SIMPLE MODE CUBE ROTATION =====
DEBUG: Simple mode applying cube rotation: [0.0°, 0.0°, 0.0°]
DEBUG: =========================================
DEBUG: ===== CANVAS draw_unified_screen() CALLED =====
DEBUG: screen_enabled: True, screen_render_mode: simple
DEBUG: Canvas drawing simple 2D screen
DEBUG: Drew unified screen in simple mode
DEBUG: Simple mode active - screen shows original 2D framebuffer view
DEBUG: Rendering MediaScreen Video Screen (istockphoto-482277170-640_adpp_is.mp4) with texture 3
DEBUG: Rendering screen Video Screen (istockphoto-482277170-640_adpp_is.mp4) of type screen_2d
DEBUG: Rendering MediaScreen Video Screen (istockphoto-482277170-640_adpp_is.mp4) with texture 3
DEBUG: ===== CANVAS update_sphere_view_vector() CALLED =====
DEBUG: Canvas syncing view_vector with sphere vector_direction: [1. 0. 0.]
DEBUG: Normalized view_vector: [1. 0. 0.]
DEBUG: Red vector direction: [1. 0. 0.]
DEBUG: Normalized view vector: [1.000, 0.000, 0.000]
DEBUG: Red cube position: [2. 0. 2.]
DEBUG: Expected direction to cube: [0.70710678 0.         0.70710678]
DEBUG: Actual view vector: [1. 0. 0.]
DEBUG: Dot product: 0.707
DEBUG: ⚠️ WARNING: View vector not pointing toward cube!
DEBUG: Consider setting vector direction to point toward cube
DEBUG: Suggested vector direction: [2.12132034 0.         2.12132034]
DEBUG: Angle to cube: 45.0° (should be < 30° to be visible)
DEBUG: Cube direction: [0.707, 0.000, 0.707]
DEBUG: 2D screen using perspective projection - FOV: 60.0°
DEBUG: ===== SIMPLE MODE CAMERA SETUP =====
DEBUG: Simple mode sphere_pos: [0. 0. 0.]
DEBUG: Simple mode view_dir: [1. 0. 0.]
DEBUG: Simple mode look_at: [10.  0.  0.]
DEBUG: Cube position: [2. 0. 2.]
DEBUG: Direction to cube: [0.70710678 0.         0.70710678]
DEBUG: View direction: [1. 0. 0.]
DEBUG: Angle between view and cube direction: 45.0° (should be close to 0°)
DEBUG: Are we looking toward cube? False
DEBUG: ==============================================
DEBUG: ===== SIMPLE MODE CUBE ROTATION =====
DEBUG: Simple mode applying cube rotation: [0.0°, 0.0°, 0.0°]
DEBUG: =========================================
DEBUG: Simple 2D screen rendered - reference objects disabled to prevent yellow box artifact
DEBUG: Using perspective projection - FOV: 60.0°
DEBUG: Canvas mode: 'simple', Sphere mode: 'simple'
DEBUG: Sphere screen render check - canvas_enabled: True, canvas_mode: simple, sphere_enabled: True, should_render: False
DEBUG: Sphere skipping screen render (canvas mode: simple)
DEBUG: ===== SIMPLE MODE CUBE ROTATION =====
DEBUG: Simple mode applying cube rotation: [0.0°, 0.0°, 0.0°]
DEBUG: =========================================
DEBUG: ===== CANVAS draw_unified_screen() CALLED =====
DEBUG: screen_enabled: True, screen_render_mode: simple
DEBUG: Canvas drawing simple 2D screen
DEBUG: Drew unified screen in simple mode
DEBUG: Simple mode active - screen shows original 2D framebuffer view
DEBUG: Rendering 2 screens
DEBUG: Rendering screen Original 2D Screen of type screen_2d
DEBUG: ===== SIMPLE MODE CUBE ROTATION =====
DEBUG: Simple mode applying cube rotation: [0.0°, 0.0°, 0.0°]
DEBUG: =========================================
DEBUG: ===== CANVAS draw_unified_screen() CALLED =====
DEBUG: screen_enabled: True, screen_render_mode: simple
DEBUG: Canvas drawing simple 2D screen
DEBUG: Drew unified screen in simple mode
DEBUG: Simple mode active - screen shows original 2D framebuffer view
DEBUG: Rendering MediaScreen Video Screen (istockphoto-482277170-640_adpp_is.mp4) with texture 3
DEBUG: Rendering screen Video Screen (istockphoto-482277170-640_adpp_is.mp4) of type screen_2d
DEBUG: Rendering MediaScreen Video Screen (istockphoto-482277170-640_adpp_is.mp4) with texture 3
DEBUG: ===== CANVAS update_sphere_view_vector() CALLED =====
DEBUG: Canvas syncing view_vector with sphere vector_direction: [1. 0. 0.]
DEBUG: Normalized view_vector: [1. 0. 0.]
DEBUG: Red vector direction: [1. 0. 0.]
DEBUG: Normalized view vector: [1.000, 0.000, 0.000]
DEBUG: Red cube position: [2. 0. 2.]
DEBUG: Expected direction to cube: [0.70710678 0.         0.70710678]
DEBUG: Actual view vector: [1. 0. 0.]
DEBUG: Dot product: 0.707
DEBUG: ⚠️ WARNING: View vector not pointing toward cube!
DEBUG: Consider setting vector direction to point toward cube
DEBUG: Suggested vector direction: [2.12132034 0.         2.12132034]
DEBUG: Angle to cube: 45.0° (should be < 30° to be visible)
DEBUG: Cube direction: [0.707, 0.000, 0.707]
DEBUG: 2D screen using perspective projection - FOV: 60.0°
DEBUG: ===== SIMPLE MODE CAMERA SETUP =====
DEBUG: Simple mode sphere_pos: [0. 0. 0.]
DEBUG: Simple mode view_dir: [1. 0. 0.]
DEBUG: Simple mode look_at: [10.  0.  0.]
DEBUG: Cube position: [2. 0. 2.]
DEBUG: Direction to cube: [0.70710678 0.         0.70710678]
DEBUG: View direction: [1. 0. 0.]
DEBUG: Angle between view and cube direction: 45.0° (should be close to 0°)
DEBUG: Are we looking toward cube? False
DEBUG: ==============================================
DEBUG: ===== SIMPLE MODE CUBE ROTATION =====
DEBUG: Simple mode applying cube rotation: [0.0°, 0.0°, 0.0°]
DEBUG: =========================================
DEBUG: Simple 2D screen rendered - reference objects disabled to prevent yellow box artifact
DEBUG: Using perspective projection - FOV: 60.0°
DEBUG: Canvas mode: 'simple', Sphere mode: 'simple'
DEBUG: Sphere screen render check - canvas_enabled: True, canvas_mode: simple, sphere_enabled: True, should_render: False
DEBUG: Sphere skipping screen render (canvas mode: simple)
DEBUG: ===== SIMPLE MODE CUBE ROTATION =====
DEBUG: Simple mode applying cube rotation: [0.0°, 0.0°, 0.0°]
DEBUG: =========================================
DEBUG: ===== CANVAS draw_unified_screen() CALLED =====
DEBUG: screen_enabled: True, screen_render_mode: simple
DEBUG: Canvas drawing simple 2D screen
DEBUG: Drew unified screen in simple mode
DEBUG: Simple mode active - screen shows original 2D framebuffer view
DEBUG: Rendering 2 screens
DEBUG: Rendering screen Original 2D Screen of type screen_2d
DEBUG: Frame 90, audio: 3.00s, video: 3.00s, sync diff: 0.003s
DEBUG: ===== SIMPLE MODE CUBE ROTATION =====
DEBUG: Simple mode applying cube rotation: [0.0°, 0.0°, 0.0°]
DEBUG: =========================================
DEBUG: ===== CANVAS draw_unified_screen() CALLED =====
DEBUG: screen_enabled: True, screen_render_mode: simple
DEBUG: Canvas drawing simple 2D screen
DEBUG: Drew unified screen in simple mode
DEBUG: Simple mode active - screen shows original 2D framebuffer view
DEBUG: Rendering MediaScreen Video Screen (istockphoto-482277170-640_adpp_is.mp4) with texture 3
DEBUG: Rendering screen Video Screen (istockphoto-482277170-640_adpp_is.mp4) of type screen_2d
DEBUG: Rendering MediaScreen Video Screen (istockphoto-482277170-640_adpp_is.mp4) with texture 3
DEBUG: ===== CANVAS update_sphere_view_vector() CALLED =====
DEBUG: Canvas syncing view_vector with sphere vector_direction: [1. 0. 0.]
DEBUG: Normalized view_vector: [1. 0. 0.]
DEBUG: Red vector direction: [1. 0. 0.]
DEBUG: Normalized view vector: [1.000, 0.000, 0.000]
DEBUG: Red cube position: [2. 0. 2.]
DEBUG: Expected direction to cube: [0.70710678 0.         0.70710678]
DEBUG: Actual view vector: [1. 0. 0.]
DEBUG: Dot product: 0.707
DEBUG: ⚠️ WARNING: View vector not pointing toward cube!
DEBUG: Consider setting vector direction to point toward cube
DEBUG: Suggested vector direction: [2.12132034 0.         2.12132034]
DEBUG: Angle to cube: 45.0° (should be < 30° to be visible)
DEBUG: Cube direction: [0.707, 0.000, 0.707]
DEBUG: 2D screen using perspective projection - FOV: 60.0°
DEBUG: ===== SIMPLE MODE CAMERA SETUP =====
DEBUG: Simple mode sphere_pos: [0. 0. 0.]
DEBUG: Simple mode view_dir: [1. 0. 0.]
DEBUG: Simple mode look_at: [10.  0.  0.]
DEBUG: Cube position: [2. 0. 2.]
DEBUG: Direction to cube: [0.70710678 0.         0.70710678]
DEBUG: View direction: [1. 0. 0.]
DEBUG: Angle between view and cube direction: 45.0° (should be close to 0°)
DEBUG: Are we looking toward cube? False
DEBUG: ==============================================
DEBUG: ===== SIMPLE MODE CUBE ROTATION =====
DEBUG: Simple mode applying cube rotation: [0.0°, 0.0°, 0.0°]
DEBUG: =========================================
DEBUG: Simple 2D screen rendered - reference objects disabled to prevent yellow box artifact
DEBUG: Using perspective projection - FOV: 60.0°
DEBUG: Canvas mode: 'simple', Sphere mode: 'simple'
DEBUG: Sphere screen render check - canvas_enabled: True, canvas_mode: simple, sphere_enabled: True, should_render: False
DEBUG: Sphere skipping screen render (canvas mode: simple)
DEBUG: ===== SIMPLE MODE CUBE ROTATION =====
DEBUG: Simple mode applying cube rotation: [0.0°, 0.0°, 0.0°]
DEBUG: =========================================
DEBUG: ===== CANVAS draw_unified_screen() CALLED =====
DEBUG: screen_enabled: True, screen_render_mode: simple
DEBUG: Canvas drawing simple 2D screen
DEBUG: Drew unified screen in simple mode
DEBUG: Simple mode active - screen shows original 2D framebuffer view
DEBUG: Rendering 2 screens
DEBUG: Rendering screen Original 2D Screen of type screen_2d
DEBUG: ===== SIMPLE MODE CUBE ROTATION =====
DEBUG: Simple mode applying cube rotation: [0.0°, 0.0°, 0.0°]
DEBUG: =========================================
DEBUG: ===== CANVAS draw_unified_screen() CALLED =====
DEBUG: screen_enabled: True, screen_render_mode: simple
DEBUG: Canvas drawing simple 2D screen
DEBUG: Drew unified screen in simple mode
DEBUG: Simple mode active - screen shows original 2D framebuffer view
DEBUG: Rendering MediaScreen Video Screen (istockphoto-482277170-640_adpp_is.mp4) with texture 3
DEBUG: Rendering screen Video Screen (istockphoto-482277170-640_adpp_is.mp4) of type screen_2d
DEBUG: Rendering MediaScreen Video Screen (istockphoto-482277170-640_adpp_is.mp4) with texture 3
DEBUG: ===== CANVAS update_sphere_view_vector() CALLED =====
DEBUG: Canvas syncing view_vector with sphere vector_direction: [1. 0. 0.]
DEBUG: Normalized view_vector: [1. 0. 0.]
DEBUG: Red vector direction: [1. 0. 0.]
DEBUG: Normalized view vector: [1.000, 0.000, 0.000]
DEBUG: Red cube position: [2. 0. 2.]
DEBUG: Expected direction to cube: [0.70710678 0.         0.70710678]
DEBUG: Actual view vector: [1. 0. 0.]
DEBUG: Dot product: 0.707
DEBUG: ⚠️ WARNING: View vector not pointing toward cube!
DEBUG: Consider setting vector direction to point toward cube
DEBUG: Suggested vector direction: [2.12132034 0.         2.12132034]
DEBUG: Angle to cube: 45.0° (should be < 30° to be visible)
DEBUG: Cube direction: [0.707, 0.000, 0.707]
DEBUG: 2D screen using perspective projection - FOV: 60.0°
DEBUG: ===== SIMPLE MODE CAMERA SETUP =====
DEBUG: Simple mode sphere_pos: [0. 0. 0.]
DEBUG: Simple mode view_dir: [1. 0. 0.]
DEBUG: Simple mode look_at: [10.  0.  0.]
DEBUG: Cube position: [2. 0. 2.]
DEBUG: Direction to cube: [0.70710678 0.         0.70710678]
DEBUG: View direction: [1. 0. 0.]
DEBUG: Angle between view and cube direction: 45.0° (should be close to 0°)
DEBUG: Are we looking toward cube? False
DEBUG: ==============================================
DEBUG: ===== SIMPLE MODE CUBE ROTATION =====
DEBUG: Simple mode applying cube rotation: [0.0°, 0.0°, 0.0°]
DEBUG: =========================================
DEBUG: Simple 2D screen rendered - reference objects disabled to prevent yellow box artifact
DEBUG: Using perspective projection - FOV: 60.0°
DEBUG: Canvas mode: 'simple', Sphere mode: 'simple'
DEBUG: Sphere screen render check - canvas_enabled: True, canvas_mode: simple, sphere_enabled: True, should_render: False
DEBUG: Sphere skipping screen render (canvas mode: simple)
DEBUG: ===== SIMPLE MODE CUBE ROTATION =====
DEBUG: Simple mode applying cube rotation: [0.0°, 0.0°, 0.0°]
DEBUG: =========================================
DEBUG: ===== CANVAS draw_unified_screen() CALLED =====
DEBUG: screen_enabled: True, screen_render_mode: simple
DEBUG: Canvas drawing simple 2D screen
DEBUG: Drew unified screen in simple mode
DEBUG: Simple mode active - screen shows original 2D framebuffer view
DEBUG: Rendering 2 screens
DEBUG: Rendering screen Original 2D Screen of type screen_2d
DEBUG: ===== SIMPLE MODE CUBE ROTATION =====
DEBUG: Simple mode applying cube rotation: [0.0°, 0.0°, 0.0°]
DEBUG: =========================================
DEBUG: ===== CANVAS draw_unified_screen() CALLED =====
DEBUG: screen_enabled: True, screen_render_mode: simple
DEBUG: Canvas drawing simple 2D screen
DEBUG: Drew unified screen in simple mode
DEBUG: Simple mode active - screen shows original 2D framebuffer view
DEBUG: Rendering MediaScreen Video Screen (istockphoto-482277170-640_adpp_is.mp4) with texture 3
DEBUG: Rendering screen Video Screen (istockphoto-482277170-640_adpp_is.mp4) of type screen_2d
DEBUG: Rendering MediaScreen Video Screen (istockphoto-482277170-640_adpp_is.mp4) with texture 3
DEBUG: ===== CANVAS update_sphere_view_vector() CALLED =====
DEBUG: Canvas syncing view_vector with sphere vector_direction: [1. 0. 0.]
DEBUG: Normalized view_vector: [1. 0. 0.]
DEBUG: Red vector direction: [1. 0. 0.]
DEBUG: Normalized view vector: [1.000, 0.000, 0.000]
DEBUG: Red cube position: [2. 0. 2.]
DEBUG: Expected direction to cube: [0.70710678 0.         0.70710678]
DEBUG: Actual view vector: [1. 0. 0.]
DEBUG: Dot product: 0.707
DEBUG: ⚠️ WARNING: View vector not pointing toward cube!
DEBUG: Consider setting vector direction to point toward cube
DEBUG: Suggested vector direction: [2.12132034 0.         2.12132034]
DEBUG: Angle to cube: 45.0° (should be < 30° to be visible)
DEBUG: Cube direction: [0.707, 0.000, 0.707]
DEBUG: 2D screen using perspective projection - FOV: 60.0°
DEBUG: ===== SIMPLE MODE CAMERA SETUP =====
DEBUG: Simple mode sphere_pos: [0. 0. 0.]
DEBUG: Simple mode view_dir: [1. 0. 0.]
DEBUG: Simple mode look_at: [10.  0.  0.]
DEBUG: Cube position: [2. 0. 2.]
DEBUG: Direction to cube: [0.70710678 0.         0.70710678]
DEBUG: View direction: [1. 0. 0.]
DEBUG: Angle between view and cube direction: 45.0° (should be close to 0°)
DEBUG: Are we looking toward cube? False
DEBUG: ==============================================
DEBUG: ===== SIMPLE MODE CUBE ROTATION =====
DEBUG: Simple mode applying cube rotation: [0.0°, 0.0°, 0.0°]
DEBUG: =========================================
DEBUG: Simple 2D screen rendered - reference objects disabled to prevent yellow box artifact
DEBUG: Using perspective projection - FOV: 60.0°
DEBUG: Canvas mode: 'simple', Sphere mode: 'simple'
DEBUG: Sphere screen render check - canvas_enabled: True, canvas_mode: simple, sphere_enabled: True, should_render: False
DEBUG: Sphere skipping screen render (canvas mode: simple)
DEBUG: ===== SIMPLE MODE CUBE ROTATION =====
DEBUG: Simple mode applying cube rotation: [0.0°, 0.0°, 0.0°]
DEBUG: =========================================
DEBUG: ===== CANVAS draw_unified_screen() CALLED =====
DEBUG: screen_enabled: True, screen_render_mode: simple
DEBUG: Canvas drawing simple 2D screen
DEBUG: Drew unified screen in simple mode
DEBUG: Simple mode active - screen shows original 2D framebuffer view
DEBUG: Rendering 2 screens
DEBUG: Rendering screen Original 2D Screen of type screen_2d
DEBUG: ===== SIMPLE MODE CUBE ROTATION =====
DEBUG: Simple mode applying cube rotation: [0.0°, 0.0°, 0.0°]
DEBUG: =========================================
DEBUG: ===== CANVAS draw_unified_screen() CALLED =====
DEBUG: screen_enabled: True, screen_render_mode: simple
DEBUG: Canvas drawing simple 2D screen
DEBUG: Drew unified screen in simple mode
DEBUG: Simple mode active - screen shows original 2D framebuffer view
DEBUG: Rendering MediaScreen Video Screen (istockphoto-482277170-640_adpp_is.mp4) with texture 3
DEBUG: Rendering screen Video Screen (istockphoto-482277170-640_adpp_is.mp4) of type screen_2d
DEBUG: Rendering MediaScreen Video Screen (istockphoto-482277170-640_adpp_is.mp4) with texture 3
DEBUG: ===== CANVAS update_sphere_view_vector() CALLED =====
DEBUG: Canvas syncing view_vector with sphere vector_direction: [1. 0. 0.]
DEBUG: Normalized view_vector: [1. 0. 0.]
DEBUG: Red vector direction: [1. 0. 0.]
DEBUG: Normalized view vector: [1.000, 0.000, 0.000]
DEBUG: Red cube position: [2. 0. 2.]
DEBUG: Expected direction to cube: [0.70710678 0.         0.70710678]
DEBUG: Actual view vector: [1. 0. 0.]
DEBUG: Dot product: 0.707
DEBUG: ⚠️ WARNING: View vector not pointing toward cube!
DEBUG: Consider setting vector direction to point toward cube
DEBUG: Suggested vector direction: [2.12132034 0.         2.12132034]
DEBUG: Angle to cube: 45.0° (should be < 30° to be visible)
DEBUG: Cube direction: [0.707, 0.000, 0.707]
DEBUG: 2D screen using perspective projection - FOV: 60.0°
DEBUG: ===== SIMPLE MODE CAMERA SETUP =====
DEBUG: Simple mode sphere_pos: [0. 0. 0.]
DEBUG: Simple mode view_dir: [1. 0. 0.]
DEBUG: Simple mode look_at: [10.  0.  0.]
DEBUG: Cube position: [2. 0. 2.]
DEBUG: Direction to cube: [0.70710678 0.         0.70710678]
DEBUG: View direction: [1. 0. 0.]
DEBUG: Angle between view and cube direction: 45.0° (should be close to 0°)
DEBUG: Are we looking toward cube? False
DEBUG: ==============================================
DEBUG: ===== SIMPLE MODE CUBE ROTATION =====
DEBUG: Simple mode applying cube rotation: [0.0°, 0.0°, 0.0°]
DEBUG: =========================================
DEBUG: Simple 2D screen rendered - reference objects disabled to prevent yellow box artifact
DEBUG: Using perspective projection - FOV: 60.0°
DEBUG: Canvas mode: 'simple', Sphere mode: 'simple'
DEBUG: Sphere screen render check - canvas_enabled: True, canvas_mode: simple, sphere_enabled: True, should_render: False
DEBUG: Sphere skipping screen render (canvas mode: simple)
DEBUG: ===== SIMPLE MODE CUBE ROTATION =====
DEBUG: Simple mode applying cube rotation: [0.0°, 0.0°, 0.0°]
DEBUG: =========================================
DEBUG: ===== CANVAS draw_unified_screen() CALLED =====
DEBUG: screen_enabled: True, screen_render_mode: simple
DEBUG: Canvas drawing simple 2D screen
DEBUG: Drew unified screen in simple mode
DEBUG: Simple mode active - screen shows original 2D framebuffer view
DEBUG: Rendering 2 screens
DEBUG: Rendering screen Original 2D Screen of type screen_2d
DEBUG: ===== SIMPLE MODE CUBE ROTATION =====
DEBUG: Simple mode applying cube rotation: [0.0°, 0.0°, 0.0°]
DEBUG: =========================================
DEBUG: ===== CANVAS draw_unified_screen() CALLED =====
DEBUG: screen_enabled: True, screen_render_mode: simple
DEBUG: Canvas drawing simple 2D screen
DEBUG: Drew unified screen in simple mode
DEBUG: Simple mode active - screen shows original 2D framebuffer view
DEBUG: Rendering MediaScreen Video Screen (istockphoto-482277170-640_adpp_is.mp4) with texture 3
DEBUG: Rendering screen Video Screen (istockphoto-482277170-640_adpp_is.mp4) of type screen_2d
DEBUG: Rendering MediaScreen Video Screen (istockphoto-482277170-640_adpp_is.mp4) with texture 3
DEBUG: ===== CANVAS update_sphere_view_vector() CALLED =====
DEBUG: Canvas syncing view_vector with sphere vector_direction: [1. 0. 0.]
DEBUG: Normalized view_vector: [1. 0. 0.]
DEBUG: Red vector direction: [1. 0. 0.]
DEBUG: Normalized view vector: [1.000, 0.000, 0.000]
DEBUG: Red cube position: [2. 0. 2.]
DEBUG: Expected direction to cube: [0.70710678 0.         0.70710678]
DEBUG: Actual view vector: [1. 0. 0.]
DEBUG: Dot product: 0.707
DEBUG: ⚠️ WARNING: View vector not pointing toward cube!
DEBUG: Consider setting vector direction to point toward cube
DEBUG: Suggested vector direction: [2.12132034 0.         2.12132034]
DEBUG: Angle to cube: 45.0° (should be < 30° to be visible)
DEBUG: Cube direction: [0.707, 0.000, 0.707]
DEBUG: 2D screen using perspective projection - FOV: 60.0°
DEBUG: ===== SIMPLE MODE CAMERA SETUP =====
DEBUG: Simple mode sphere_pos: [0. 0. 0.]
DEBUG: Simple mode view_dir: [1. 0. 0.]
DEBUG: Simple mode look_at: [10.  0.  0.]
DEBUG: Cube position: [2. 0. 2.]
DEBUG: Direction to cube: [0.70710678 0.         0.70710678]
DEBUG: View direction: [1. 0. 0.]
DEBUG: Angle between view and cube direction: 45.0° (should be close to 0°)
DEBUG: Are we looking toward cube? False
DEBUG: ==============================================
DEBUG: ===== SIMPLE MODE CUBE ROTATION =====
DEBUG: Simple mode applying cube rotation: [0.0°, 0.0°, 0.0°]
DEBUG: =========================================
DEBUG: Simple 2D screen rendered - reference objects disabled to prevent yellow box artifact
DEBUG: Using perspective projection - FOV: 60.0°
DEBUG: Canvas mode: 'simple', Sphere mode: 'simple'
DEBUG: Sphere screen render check - canvas_enabled: True, canvas_mode: simple, sphere_enabled: True, should_render: False
DEBUG: Sphere skipping screen render (canvas mode: simple)
DEBUG: ===== SIMPLE MODE CUBE ROTATION =====
DEBUG: Simple mode applying cube rotation: [0.0°, 0.0°, 0.0°]
DEBUG: =========================================
DEBUG: ===== CANVAS draw_unified_screen() CALLED =====
DEBUG: screen_enabled: True, screen_render_mode: simple
DEBUG: Canvas drawing simple 2D screen
DEBUG: Drew unified screen in simple mode
DEBUG: Simple mode active - screen shows original 2D framebuffer view
DEBUG: Rendering 2 screens
DEBUG: Rendering screen Original 2D Screen of type screen_2d
DEBUG: ===== SIMPLE MODE CUBE ROTATION =====
DEBUG: Simple mode applying cube rotation: [0.0°, 0.0°, 0.0°]
DEBUG: =========================================
DEBUG: ===== CANVAS draw_unified_screen() CALLED =====
DEBUG: screen_enabled: True, screen_render_mode: simple
DEBUG: Canvas drawing simple 2D screen
DEBUG: Drew unified screen in simple mode
DEBUG: Simple mode active - screen shows original 2D framebuffer view
DEBUG: Rendering MediaScreen Video Screen (istockphoto-482277170-640_adpp_is.mp4) with texture 3
DEBUG: Rendering screen Video Screen (istockphoto-482277170-640_adpp_is.mp4) of type screen_2d
DEBUG: Rendering MediaScreen Video Screen (istockphoto-482277170-640_adpp_is.mp4) with texture 3
DEBUG: ===== CANVAS update_sphere_view_vector() CALLED =====
DEBUG: Canvas syncing view_vector with sphere vector_direction: [1. 0. 0.]
DEBUG: Normalized view_vector: [1. 0. 0.]
DEBUG: Red vector direction: [1. 0. 0.]
DEBUG: Normalized view vector: [1.000, 0.000, 0.000]
DEBUG: Red cube position: [2. 0. 2.]
DEBUG: Expected direction to cube: [0.70710678 0.         0.70710678]
DEBUG: Actual view vector: [1. 0. 0.]
DEBUG: Dot product: 0.707
DEBUG: ⚠️ WARNING: View vector not pointing toward cube!
DEBUG: Consider setting vector direction to point toward cube
DEBUG: Suggested vector direction: [2.12132034 0.         2.12132034]
DEBUG: Angle to cube: 45.0° (should be < 30° to be visible)
DEBUG: Cube direction: [0.707, 0.000, 0.707]
DEBUG: 2D screen using perspective projection - FOV: 60.0°
DEBUG: ===== SIMPLE MODE CAMERA SETUP =====
DEBUG: Simple mode sphere_pos: [0. 0. 0.]
DEBUG: Simple mode view_dir: [1. 0. 0.]
DEBUG: Simple mode look_at: [10.  0.  0.]
DEBUG: Cube position: [2. 0. 2.]
DEBUG: Direction to cube: [0.70710678 0.         0.70710678]
DEBUG: View direction: [1. 0. 0.]
DEBUG: Angle between view and cube direction: 45.0° (should be close to 0°)
DEBUG: Are we looking toward cube? False
DEBUG: ==============================================
DEBUG: ===== SIMPLE MODE CUBE ROTATION =====
DEBUG: Simple mode applying cube rotation: [0.0°, 0.0°, 0.0°]
DEBUG: =========================================
DEBUG: Simple 2D screen rendered - reference objects disabled to prevent yellow box artifact
DEBUG: Using perspective projection - FOV: 60.0°
DEBUG: Canvas mode: 'simple', Sphere mode: 'simple'
DEBUG: Sphere screen render check - canvas_enabled: True, canvas_mode: simple, sphere_enabled: True, should_render: False
DEBUG: Sphere skipping screen render (canvas mode: simple)
DEBUG: ===== SIMPLE MODE CUBE ROTATION =====
DEBUG: Simple mode applying cube rotation: [0.0°, 0.0°, 0.0°]
DEBUG: =========================================
DEBUG: ===== CANVAS draw_unified_screen() CALLED =====
DEBUG: screen_enabled: True, screen_render_mode: simple
DEBUG: Canvas drawing simple 2D screen
DEBUG: Drew unified screen in simple mode
DEBUG: Simple mode active - screen shows original 2D framebuffer view
DEBUG: Rendering 2 screens
DEBUG: Rendering screen Original 2D Screen of type screen_2d
DEBUG: ===== SIMPLE MODE CUBE ROTATION =====
DEBUG: Simple mode applying cube rotation: [0.0°, 0.0°, 0.0°]
DEBUG: =========================================
DEBUG: ===== CANVAS draw_unified_screen() CALLED =====
DEBUG: screen_enabled: True, screen_render_mode: simple
DEBUG: Canvas drawing simple 2D screen
DEBUG: Drew unified screen in simple mode
DEBUG: Simple mode active - screen shows original 2D framebuffer view
DEBUG: Rendering MediaScreen Video Screen (istockphoto-482277170-640_adpp_is.mp4) with texture 3
DEBUG: Rendering screen Video Screen (istockphoto-482277170-640_adpp_is.mp4) of type screen_2d
DEBUG: Rendering MediaScreen Video Screen (istockphoto-482277170-640_adpp_is.mp4) with texture 3
DEBUG: ===== CANVAS update_sphere_view_vector() CALLED =====
DEBUG: Canvas syncing view_vector with sphere vector_direction: [1. 0. 0.]
DEBUG: Normalized view_vector: [1. 0. 0.]
DEBUG: Red vector direction: [1. 0. 0.]
DEBUG: Normalized view vector: [1.000, 0.000, 0.000]
DEBUG: Red cube position: [2. 0. 2.]
DEBUG: Expected direction to cube: [0.70710678 0.         0.70710678]
DEBUG: Actual view vector: [1. 0. 0.]
DEBUG: Dot product: 0.707
DEBUG: ⚠️ WARNING: View vector not pointing toward cube!
DEBUG: Consider setting vector direction to point toward cube
DEBUG: Suggested vector direction: [2.12132034 0.         2.12132034]
DEBUG: Angle to cube: 45.0° (should be < 30° to be visible)
DEBUG: Cube direction: [0.707, 0.000, 0.707]
DEBUG: 2D screen using perspective projection - FOV: 60.0°
DEBUG: ===== SIMPLE MODE CAMERA SETUP =====
DEBUG: Simple mode sphere_pos: [0. 0. 0.]
DEBUG: Simple mode view_dir: [1. 0. 0.]
DEBUG: Simple mode look_at: [10.  0.  0.]
DEBUG: Cube position: [2. 0. 2.]
DEBUG: Direction to cube: [0.70710678 0.         0.70710678]
DEBUG: View direction: [1. 0. 0.]
DEBUG: Angle between view and cube direction: 45.0° (should be close to 0°)
DEBUG: Are we looking toward cube? False
DEBUG: ==============================================
DEBUG: ===== SIMPLE MODE CUBE ROTATION =====
DEBUG: Simple mode applying cube rotation: [0.0°, 0.0°, 0.0°]
DEBUG: =========================================
DEBUG: Simple 2D screen rendered - reference objects disabled to prevent yellow box artifact
DEBUG: Using perspective projection - FOV: 60.0°
DEBUG: Canvas mode: 'simple', Sphere mode: 'simple'
DEBUG: Sphere screen render check - canvas_enabled: True, canvas_mode: simple, sphere_enabled: True, should_render: False
DEBUG: Sphere skipping screen render (canvas mode: simple)
DEBUG: ===== SIMPLE MODE CUBE ROTATION =====
DEBUG: Simple mode applying cube rotation: [0.0°, 0.0°, 0.0°]
DEBUG: =========================================
DEBUG: ===== CANVAS draw_unified_screen() CALLED =====
DEBUG: screen_enabled: True, screen_render_mode: simple
DEBUG: Canvas drawing simple 2D screen
DEBUG: Drew unified screen in simple mode
DEBUG: Simple mode active - screen shows original 2D framebuffer view
DEBUG: Rendering 2 screens
DEBUG: Rendering screen Original 2D Screen of type screen_2d
DEBUG: ===== SIMPLE MODE CUBE ROTATION =====
DEBUG: Simple mode applying cube rotation: [0.0°, 0.0°, 0.0°]
DEBUG: =========================================
DEBUG: ===== CANVAS draw_unified_screen() CALLED =====
DEBUG: screen_enabled: True, screen_render_mode: simple
DEBUG: Canvas drawing simple 2D screen
DEBUG: Drew unified screen in simple mode
DEBUG: Simple mode active - screen shows original 2D framebuffer view
DEBUG: Rendering MediaScreen Video Screen (istockphoto-482277170-640_adpp_is.mp4) with texture 3
DEBUG: Rendering screen Video Screen (istockphoto-482277170-640_adpp_is.mp4) of type screen_2d
DEBUG: Rendering MediaScreen Video Screen (istockphoto-482277170-640_adpp_is.mp4) with texture 3
DEBUG: ===== CANVAS update_sphere_view_vector() CALLED =====
DEBUG: Canvas syncing view_vector with sphere vector_direction: [1. 0. 0.]
DEBUG: Normalized view_vector: [1. 0. 0.]
DEBUG: Red vector direction: [1. 0. 0.]
DEBUG: Normalized view vector: [1.000, 0.000, 0.000]
DEBUG: Red cube position: [2. 0. 2.]
DEBUG: Expected direction to cube: [0.70710678 0.         0.70710678]
DEBUG: Actual view vector: [1. 0. 0.]
DEBUG: Dot product: 0.707
DEBUG: ⚠️ WARNING: View vector not pointing toward cube!
DEBUG: Consider setting vector direction to point toward cube
DEBUG: Suggested vector direction: [2.12132034 0.         2.12132034]
DEBUG: Angle to cube: 45.0° (should be < 30° to be visible)
DEBUG: Cube direction: [0.707, 0.000, 0.707]
DEBUG: 2D screen using perspective projection - FOV: 60.0°
DEBUG: ===== SIMPLE MODE CAMERA SETUP =====
DEBUG: Simple mode sphere_pos: [0. 0. 0.]
DEBUG: Simple mode view_dir: [1. 0. 0.]
DEBUG: Simple mode look_at: [10.  0.  0.]
DEBUG: Cube position: [2. 0. 2.]
DEBUG: Direction to cube: [0.70710678 0.         0.70710678]
DEBUG: View direction: [1. 0. 0.]
DEBUG: Angle between view and cube direction: 45.0° (should be close to 0°)
DEBUG: Are we looking toward cube? False
DEBUG: ==============================================
DEBUG: ===== SIMPLE MODE CUBE ROTATION =====
DEBUG: Simple mode applying cube rotation: [0.0°, 0.0°, 0.0°]
DEBUG: =========================================
DEBUG: Simple 2D screen rendered - reference objects disabled to prevent yellow box artifact
DEBUG: Using perspective projection - FOV: 60.0°
DEBUG: Canvas mode: 'simple', Sphere mode: 'simple'
DEBUG: Sphere screen render check - canvas_enabled: True, canvas_mode: simple, sphere_enabled: True, should_render: False
DEBUG: Sphere skipping screen render (canvas mode: simple)
DEBUG: ===== SIMPLE MODE CUBE ROTATION =====
DEBUG: Simple mode applying cube rotation: [0.0°, 0.0°, 0.0°]
DEBUG: =========================================
DEBUG: ===== CANVAS draw_unified_screen() CALLED =====
DEBUG: screen_enabled: True, screen_render_mode: simple
DEBUG: Canvas drawing simple 2D screen
DEBUG: Drew unified screen in simple mode
DEBUG: Simple mode active - screen shows original 2D framebuffer view
DEBUG: Rendering 2 screens
DEBUG: Rendering screen Original 2D Screen of type screen_2d
DEBUG: ===== SIMPLE MODE CUBE ROTATION =====
DEBUG: Simple mode applying cube rotation: [0.0°, 0.0°, 0.0°]
DEBUG: =========================================
DEBUG: ===== CANVAS draw_unified_screen() CALLED =====
DEBUG: screen_enabled: True, screen_render_mode: simple
DEBUG: Canvas drawing simple 2D screen
DEBUG: Drew unified screen in simple mode
DEBUG: Simple mode active - screen shows original 2D framebuffer view
DEBUG: Rendering MediaScreen Video Screen (istockphoto-482277170-640_adpp_is.mp4) with texture 3
DEBUG: Rendering screen Video Screen (istockphoto-482277170-640_adpp_is.mp4) of type screen_2d
DEBUG: Rendering MediaScreen Video Screen (istockphoto-482277170-640_adpp_is.mp4) with texture 3
DEBUG: ===== CANVAS update_sphere_view_vector() CALLED =====
DEBUG: Canvas syncing view_vector with sphere vector_direction: [1. 0. 0.]
DEBUG: Normalized view_vector: [1. 0. 0.]
DEBUG: Red vector direction: [1. 0. 0.]
DEBUG: Normalized view vector: [1.000, 0.000, 0.000]
DEBUG: Red cube position: [2. 0. 2.]
DEBUG: Expected direction to cube: [0.70710678 0.         0.70710678]
DEBUG: Actual view vector: [1. 0. 0.]
DEBUG: Dot product: 0.707
DEBUG: ⚠️ WARNING: View vector not pointing toward cube!
DEBUG: Consider setting vector direction to point toward cube
DEBUG: Suggested vector direction: [2.12132034 0.         2.12132034]
DEBUG: Angle to cube: 45.0° (should be < 30° to be visible)
DEBUG: Cube direction: [0.707, 0.000, 0.707]
DEBUG: 2D screen using perspective projection - FOV: 60.0°
DEBUG: ===== SIMPLE MODE CAMERA SETUP =====
DEBUG: Simple mode sphere_pos: [0. 0. 0.]
DEBUG: Simple mode view_dir: [1. 0. 0.]
DEBUG: Simple mode look_at: [10.  0.  0.]
DEBUG: Cube position: [2. 0. 2.]
DEBUG: Direction to cube: [0.70710678 0.         0.70710678]
DEBUG: View direction: [1. 0. 0.]
DEBUG: Angle between view and cube direction: 45.0° (should be close to 0°)
DEBUG: Are we looking toward cube? False
DEBUG: ==============================================
DEBUG: ===== SIMPLE MODE CUBE ROTATION =====
DEBUG: Simple mode applying cube rotation: [0.0°, 0.0°, 0.0°]
DEBUG: =========================================
DEBUG: Simple 2D screen rendered - reference objects disabled to prevent yellow box artifact
DEBUG: Using perspective projection - FOV: 60.0°
DEBUG: Canvas mode: 'simple', Sphere mode: 'simple'
DEBUG: Sphere screen render check - canvas_enabled: True, canvas_mode: simple, sphere_enabled: True, should_render: False
DEBUG: Sphere skipping screen render (canvas mode: simple)
DEBUG: ===== SIMPLE MODE CUBE ROTATION =====
DEBUG: Simple mode applying cube rotation: [0.0°, 0.0°, 0.0°]
DEBUG: =========================================
DEBUG: ===== CANVAS draw_unified_screen() CALLED =====
DEBUG: screen_enabled: True, screen_render_mode: simple
DEBUG: Canvas drawing simple 2D screen
DEBUG: Drew unified screen in simple mode
DEBUG: Simple mode active - screen shows original 2D framebuffer view
DEBUG: Rendering 2 screens
DEBUG: Rendering screen Original 2D Screen of type screen_2d
DEBUG: ===== SIMPLE MODE CUBE ROTATION =====
DEBUG: Simple mode applying cube rotation: [0.0°, 0.0°, 0.0°]
DEBUG: =========================================
DEBUG: ===== CANVAS draw_unified_screen() CALLED =====
DEBUG: screen_enabled: True, screen_render_mode: simple
DEBUG: Canvas drawing simple 2D screen
DEBUG: Drew unified screen in simple mode
DEBUG: Simple mode active - screen shows original 2D framebuffer view
DEBUG: Rendering MediaScreen Video Screen (istockphoto-482277170-640_adpp_is.mp4) with texture 3
DEBUG: Rendering screen Video Screen (istockphoto-482277170-640_adpp_is.mp4) of type screen_2d
DEBUG: Rendering MediaScreen Video Screen (istockphoto-482277170-640_adpp_is.mp4) with texture 3
DEBUG: ===== CANVAS update_sphere_view_vector() CALLED =====
DEBUG: Canvas syncing view_vector with sphere vector_direction: [1. 0. 0.]
DEBUG: Normalized view_vector: [1. 0. 0.]
DEBUG: Red vector direction: [1. 0. 0.]
DEBUG: Normalized view vector: [1.000, 0.000, 0.000]
DEBUG: Red cube position: [2. 0. 2.]
DEBUG: Expected direction to cube: [0.70710678 0.         0.70710678]
DEBUG: Actual view vector: [1. 0. 0.]
DEBUG: Dot product: 0.707
DEBUG: ⚠️ WARNING: View vector not pointing toward cube!
DEBUG: Consider setting vector direction to point toward cube
DEBUG: Suggested vector direction: [2.12132034 0.         2.12132034]
DEBUG: Angle to cube: 45.0° (should be < 30° to be visible)
DEBUG: Cube direction: [0.707, 0.000, 0.707]
DEBUG: 2D screen using perspective projection - FOV: 60.0°
DEBUG: ===== SIMPLE MODE CAMERA SETUP =====
DEBUG: Simple mode sphere_pos: [0. 0. 0.]
DEBUG: Simple mode view_dir: [1. 0. 0.]
DEBUG: Simple mode look_at: [10.  0.  0.]
DEBUG: Cube position: [2. 0. 2.]
DEBUG: Direction to cube: [0.70710678 0.         0.70710678]
DEBUG: View direction: [1. 0. 0.]
DEBUG: Angle between view and cube direction: 45.0° (should be close to 0°)
DEBUG: Are we looking toward cube? False
DEBUG: ==============================================
DEBUG: ===== SIMPLE MODE CUBE ROTATION =====
DEBUG: Simple mode applying cube rotation: [0.0°, 0.0°, 0.0°]
DEBUG: =========================================
DEBUG: Simple 2D screen rendered - reference objects disabled to prevent yellow box artifact
DEBUG: Using perspective projection - FOV: 60.0°
DEBUG: Canvas mode: 'simple', Sphere mode: 'simple'
DEBUG: Sphere screen render check - canvas_enabled: True, canvas_mode: simple, sphere_enabled: True, should_render: False
DEBUG: Sphere skipping screen render (canvas mode: simple)
DEBUG: ===== SIMPLE MODE CUBE ROTATION =====
DEBUG: Simple mode applying cube rotation: [0.0°, 0.0°, 0.0°]
DEBUG: =========================================
DEBUG: ===== CANVAS draw_unified_screen() CALLED =====
DEBUG: screen_enabled: True, screen_render_mode: simple
DEBUG: Canvas drawing simple 2D screen
DEBUG: Drew unified screen in simple mode
DEBUG: Simple mode active - screen shows original 2D framebuffer view
DEBUG: Rendering 2 screens
DEBUG: Rendering screen Original 2D Screen of type screen_2d
DEBUG: ===== SIMPLE MODE CUBE ROTATION =====
DEBUG: Simple mode applying cube rotation: [0.0°, 0.0°, 0.0°]
DEBUG: =========================================
DEBUG: ===== CANVAS draw_unified_screen() CALLED =====
DEBUG: screen_enabled: True, screen_render_mode: simple
DEBUG: Canvas drawing simple 2D screen
DEBUG: Drew unified screen in simple mode
DEBUG: Simple mode active - screen shows original 2D framebuffer view
DEBUG: Rendering MediaScreen Video Screen (istockphoto-482277170-640_adpp_is.mp4) with texture 3
DEBUG: Rendering screen Video Screen (istockphoto-482277170-640_adpp_is.mp4) of type screen_2d
DEBUG: Rendering MediaScreen Video Screen (istockphoto-482277170-640_adpp_is.mp4) with texture 3
DEBUG: ===== CANVAS update_sphere_view_vector() CALLED =====
DEBUG: Canvas syncing view_vector with sphere vector_direction: [1. 0. 0.]
DEBUG: Normalized view_vector: [1. 0. 0.]
DEBUG: Red vector direction: [1. 0. 0.]
DEBUG: Normalized view vector: [1.000, 0.000, 0.000]
DEBUG: Red cube position: [2. 0. 2.]
DEBUG: Expected direction to cube: [0.70710678 0.         0.70710678]
DEBUG: Actual view vector: [1. 0. 0.]
DEBUG: Dot product: 0.707
DEBUG: ⚠️ WARNING: View vector not pointing toward cube!
DEBUG: Consider setting vector direction to point toward cube
DEBUG: Suggested vector direction: [2.12132034 0.         2.12132034]
DEBUG: Angle to cube: 45.0° (should be < 30° to be visible)
DEBUG: Cube direction: [0.707, 0.000, 0.707]
DEBUG: 2D screen using perspective projection - FOV: 60.0°
DEBUG: ===== SIMPLE MODE CAMERA SETUP =====
DEBUG: Simple mode sphere_pos: [0. 0. 0.]
DEBUG: Simple mode view_dir: [1. 0. 0.]
DEBUG: Simple mode look_at: [10.  0.  0.]
DEBUG: Cube position: [2. 0. 2.]
DEBUG: Direction to cube: [0.70710678 0.         0.70710678]
DEBUG: View direction: [1. 0. 0.]
DEBUG: Angle between view and cube direction: 45.0° (should be close to 0°)
DEBUG: Are we looking toward cube? False
DEBUG: ==============================================
DEBUG: ===== SIMPLE MODE CUBE ROTATION =====
DEBUG: Simple mode applying cube rotation: [0.0°, 0.0°, 0.0°]
DEBUG: =========================================
DEBUG: Simple 2D screen rendered - reference objects disabled to prevent yellow box artifact
DEBUG: Using perspective projection - FOV: 60.0°
DEBUG: Canvas mode: 'simple', Sphere mode: 'simple'
DEBUG: Sphere screen render check - canvas_enabled: True, canvas_mode: simple, sphere_enabled: True, should_render: False
DEBUG: Sphere skipping screen render (canvas mode: simple)
DEBUG: ===== SIMPLE MODE CUBE ROTATION =====
DEBUG: Simple mode applying cube rotation: [0.0°, 0.0°, 0.0°]
DEBUG: =========================================
DEBUG: ===== CANVAS draw_unified_screen() CALLED =====
DEBUG: screen_enabled: True, screen_render_mode: simple
DEBUG: Canvas drawing simple 2D screen
DEBUG: Drew unified screen in simple mode
DEBUG: Simple mode active - screen shows original 2D framebuffer view
DEBUG: Rendering 2 screens
DEBUG: Rendering screen Original 2D Screen of type screen_2d
DEBUG: ===== SIMPLE MODE CUBE ROTATION =====
DEBUG: Simple mode applying cube rotation: [0.0°, 0.0°, 0.0°]
DEBUG: =========================================
DEBUG: ===== CANVAS draw_unified_screen() CALLED =====
DEBUG: screen_enabled: True, screen_render_mode: simple
DEBUG: Canvas drawing simple 2D screen
DEBUG: Drew unified screen in simple mode
DEBUG: Simple mode active - screen shows original 2D framebuffer view
DEBUG: Rendering MediaScreen Video Screen (istockphoto-482277170-640_adpp_is.mp4) with texture 3
DEBUG: Rendering screen Video Screen (istockphoto-482277170-640_adpp_is.mp4) of type screen_2d
DEBUG: Rendering MediaScreen Video Screen (istockphoto-482277170-640_adpp_is.mp4) with texture 3
DEBUG: ===== CANVAS update_sphere_view_vector() CALLED =====
DEBUG: Canvas syncing view_vector with sphere vector_direction: [1. 0. 0.]
DEBUG: Normalized view_vector: [1. 0. 0.]
DEBUG: Red vector direction: [1. 0. 0.]
DEBUG: Normalized view vector: [1.000, 0.000, 0.000]
DEBUG: Red cube position: [2. 0. 2.]
DEBUG: Expected direction to cube: [0.70710678 0.         0.70710678]
DEBUG: Actual view vector: [1. 0. 0.]
DEBUG: Dot product: 0.707
DEBUG: ⚠️ WARNING: View vector not pointing toward cube!
DEBUG: Consider setting vector direction to point toward cube
DEBUG: Suggested vector direction: [2.12132034 0.         2.12132034]
DEBUG: Angle to cube: 45.0° (should be < 30° to be visible)
DEBUG: Cube direction: [0.707, 0.000, 0.707]
DEBUG: 2D screen using perspective projection - FOV: 60.0°
DEBUG: ===== SIMPLE MODE CAMERA SETUP =====
DEBUG: Simple mode sphere_pos: [0. 0. 0.]
DEBUG: Simple mode view_dir: [1. 0. 0.]
DEBUG: Simple mode look_at: [10.  0.  0.]
DEBUG: Cube position: [2. 0. 2.]
DEBUG: Direction to cube: [0.70710678 0.         0.70710678]
DEBUG: View direction: [1. 0. 0.]
DEBUG: Angle between view and cube direction: 45.0° (should be close to 0°)
DEBUG: Are we looking toward cube? False
DEBUG: ==============================================
DEBUG: ===== SIMPLE MODE CUBE ROTATION =====
DEBUG: Simple mode applying cube rotation: [0.0°, 0.0°, 0.0°]
DEBUG: =========================================
DEBUG: Simple 2D screen rendered - reference objects disabled to prevent yellow box artifact
DEBUG: Using perspective projection - FOV: 60.0°
DEBUG: Canvas mode: 'simple', Sphere mode: 'simple'
DEBUG: Sphere screen render check - canvas_enabled: True, canvas_mode: simple, sphere_enabled: True, should_render: False
DEBUG: Sphere skipping screen render (canvas mode: simple)
DEBUG: ===== SIMPLE MODE CUBE ROTATION =====
DEBUG: Simple mode applying cube rotation: [0.0°, 0.0°, 0.0°]
DEBUG: =========================================
DEBUG: ===== CANVAS draw_unified_screen() CALLED =====
DEBUG: screen_enabled: True, screen_render_mode: simple
DEBUG: Canvas drawing simple 2D screen
DEBUG: Drew unified screen in simple mode
DEBUG: Simple mode active - screen shows original 2D framebuffer view
DEBUG: Rendering 2 screens
DEBUG: Rendering screen Original 2D Screen of type screen_2d
DEBUG: ===== SIMPLE MODE CUBE ROTATION =====
DEBUG: Simple mode applying cube rotation: [0.0°, 0.0°, 0.0°]
DEBUG: =========================================
DEBUG: ===== CANVAS draw_unified_screen() CALLED =====
DEBUG: screen_enabled: True, screen_render_mode: simple
DEBUG: Canvas drawing simple 2D screen
DEBUG: Drew unified screen in simple mode
DEBUG: Simple mode active - screen shows original 2D framebuffer view
DEBUG: Rendering MediaScreen Video Screen (istockphoto-482277170-640_adpp_is.mp4) with texture 3
DEBUG: Rendering screen Video Screen (istockphoto-482277170-640_adpp_is.mp4) of type screen_2d
DEBUG: Rendering MediaScreen Video Screen (istockphoto-482277170-640_adpp_is.mp4) with texture 3
DEBUG: ===== CANVAS update_sphere_view_vector() CALLED =====
DEBUG: Canvas syncing view_vector with sphere vector_direction: [1. 0. 0.]
DEBUG: Normalized view_vector: [1. 0. 0.]
DEBUG: Red vector direction: [1. 0. 0.]
DEBUG: Normalized view vector: [1.000, 0.000, 0.000]
DEBUG: Red cube position: [2. 0. 2.]
DEBUG: Expected direction to cube: [0.70710678 0.         0.70710678]
DEBUG: Actual view vector: [1. 0. 0.]
DEBUG: Dot product: 0.707
DEBUG: ⚠️ WARNING: View vector not pointing toward cube!
DEBUG: Consider setting vector direction to point toward cube
DEBUG: Suggested vector direction: [2.12132034 0.         2.12132034]
DEBUG: Angle to cube: 45.0° (should be < 30° to be visible)
DEBUG: Cube direction: [0.707, 0.000, 0.707]
DEBUG: 2D screen using perspective projection - FOV: 60.0°
DEBUG: ===== SIMPLE MODE CAMERA SETUP =====
DEBUG: Simple mode sphere_pos: [0. 0. 0.]
DEBUG: Simple mode view_dir: [1. 0. 0.]
DEBUG: Simple mode look_at: [10.  0.  0.]
DEBUG: Cube position: [2. 0. 2.]
DEBUG: Direction to cube: [0.70710678 0.         0.70710678]
DEBUG: View direction: [1. 0. 0.]
DEBUG: Angle between view and cube direction: 45.0° (should be close to 0°)
DEBUG: Are we looking toward cube? False
DEBUG: ==============================================
DEBUG: ===== SIMPLE MODE CUBE ROTATION =====
DEBUG: Simple mode applying cube rotation: [0.0°, 0.0°, 0.0°]
DEBUG: =========================================
DEBUG: Simple 2D screen rendered - reference objects disabled to prevent yellow box artifact
DEBUG: Using perspective projection - FOV: 60.0°
DEBUG: Canvas mode: 'simple', Sphere mode: 'simple'
DEBUG: Sphere screen render check - canvas_enabled: True, canvas_mode: simple, sphere_enabled: True, should_render: False
DEBUG: Sphere skipping screen render (canvas mode: simple)
DEBUG: ===== SIMPLE MODE CUBE ROTATION =====
DEBUG: Simple mode applying cube rotation: [0.0°, 0.0°, 0.0°]
DEBUG: =========================================
DEBUG: ===== CANVAS draw_unified_screen() CALLED =====
DEBUG: screen_enabled: True, screen_render_mode: simple
DEBUG: Canvas drawing simple 2D screen
DEBUG: Drew unified screen in simple mode
DEBUG: Simple mode active - screen shows original 2D framebuffer view
DEBUG: Rendering 2 screens
DEBUG: Rendering screen Original 2D Screen of type screen_2d
DEBUG: ===== SIMPLE MODE CUBE ROTATION =====
DEBUG: Simple mode applying cube rotation: [0.0°, 0.0°, 0.0°]
DEBUG: =========================================
DEBUG: ===== CANVAS draw_unified_screen() CALLED =====
DEBUG: screen_enabled: True, screen_render_mode: simple
DEBUG: Canvas drawing simple 2D screen
DEBUG: Drew unified screen in simple mode
DEBUG: Simple mode active - screen shows original 2D framebuffer view
DEBUG: Rendering MediaScreen Video Screen (istockphoto-482277170-640_adpp_is.mp4) with texture 3
DEBUG: Rendering screen Video Screen (istockphoto-482277170-640_adpp_is.mp4) of type screen_2d
DEBUG: Rendering MediaScreen Video Screen (istockphoto-482277170-640_adpp_is.mp4) with texture 3
DEBUG: ===== CANVAS update_sphere_view_vector() CALLED =====
DEBUG: Canvas syncing view_vector with sphere vector_direction: [1. 0. 0.]
DEBUG: Normalized view_vector: [1. 0. 0.]
DEBUG: Red vector direction: [1. 0. 0.]
DEBUG: Normalized view vector: [1.000, 0.000, 0.000]
DEBUG: Red cube position: [2. 0. 2.]
DEBUG: Expected direction to cube: [0.70710678 0.         0.70710678]
DEBUG: Actual view vector: [1. 0. 0.]
DEBUG: Dot product: 0.707
DEBUG: ⚠️ WARNING: View vector not pointing toward cube!
DEBUG: Consider setting vector direction to point toward cube
DEBUG: Suggested vector direction: [2.12132034 0.         2.12132034]
DEBUG: Angle to cube: 45.0° (should be < 30° to be visible)
DEBUG: Cube direction: [0.707, 0.000, 0.707]
DEBUG: 2D screen using perspective projection - FOV: 60.0°
DEBUG: ===== SIMPLE MODE CAMERA SETUP =====
DEBUG: Simple mode sphere_pos: [0. 0. 0.]
DEBUG: Simple mode view_dir: [1. 0. 0.]
DEBUG: Simple mode look_at: [10.  0.  0.]
DEBUG: Cube position: [2. 0. 2.]
DEBUG: Direction to cube: [0.70710678 0.         0.70710678]
DEBUG: View direction: [1. 0. 0.]
DEBUG: Angle between view and cube direction: 45.0° (should be close to 0°)
DEBUG: Are we looking toward cube? False
DEBUG: ==============================================
DEBUG: ===== SIMPLE MODE CUBE ROTATION =====
DEBUG: Simple mode applying cube rotation: [0.0°, 0.0°, 0.0°]
DEBUG: =========================================
DEBUG: Simple 2D screen rendered - reference objects disabled to prevent yellow box artifact
DEBUG: Using perspective projection - FOV: 60.0°
DEBUG: Canvas mode: 'simple', Sphere mode: 'simple'
DEBUG: Sphere screen render check - canvas_enabled: True, canvas_mode: simple, sphere_enabled: True, should_render: False
DEBUG: Sphere skipping screen render (canvas mode: simple)
DEBUG: ===== SIMPLE MODE CUBE ROTATION =====
DEBUG: Simple mode applying cube rotation: [0.0°, 0.0°, 0.0°]
DEBUG: =========================================
DEBUG: ===== CANVAS draw_unified_screen() CALLED =====
DEBUG: screen_enabled: True, screen_render_mode: simple
DEBUG: Canvas drawing simple 2D screen
DEBUG: Drew unified screen in simple mode
DEBUG: Simple mode active - screen shows original 2D framebuffer view
DEBUG: Rendering 2 screens
DEBUG: Rendering screen Original 2D Screen of type screen_2d
DEBUG: ===== SIMPLE MODE CUBE ROTATION =====
DEBUG: Simple mode applying cube rotation: [0.0°, 0.0°, 0.0°]
DEBUG: =========================================
DEBUG: ===== CANVAS draw_unified_screen() CALLED =====
DEBUG: screen_enabled: True, screen_render_mode: simple
DEBUG: Canvas drawing simple 2D screen
DEBUG: Drew unified screen in simple mode
DEBUG: Simple mode active - screen shows original 2D framebuffer view
DEBUG: Rendering MediaScreen Video Screen (istockphoto-482277170-640_adpp_is.mp4) with texture 3
DEBUG: Rendering screen Video Screen (istockphoto-482277170-640_adpp_is.mp4) of type screen_2d
DEBUG: Rendering MediaScreen Video Screen (istockphoto-482277170-640_adpp_is.mp4) with texture 3
DEBUG: ===== CANVAS update_sphere_view_vector() CALLED =====
DEBUG: Canvas syncing view_vector with sphere vector_direction: [1. 0. 0.]
DEBUG: Normalized view_vector: [1. 0. 0.]
DEBUG: Red vector direction: [1. 0. 0.]
DEBUG: Normalized view vector: [1.000, 0.000, 0.000]
DEBUG: Red cube position: [2. 0. 2.]
DEBUG: Expected direction to cube: [0.70710678 0.         0.70710678]
DEBUG: Actual view vector: [1. 0. 0.]
DEBUG: Dot product: 0.707
DEBUG: ⚠️ WARNING: View vector not pointing toward cube!
DEBUG: Consider setting vector direction to point toward cube
DEBUG: Suggested vector direction: [2.12132034 0.         2.12132034]
DEBUG: Angle to cube: 45.0° (should be < 30° to be visible)
DEBUG: Cube direction: [0.707, 0.000, 0.707]
DEBUG: 2D screen using perspective projection - FOV: 60.0°
DEBUG: ===== SIMPLE MODE CAMERA SETUP =====
DEBUG: Simple mode sphere_pos: [0. 0. 0.]
DEBUG: Simple mode view_dir: [1. 0. 0.]
DEBUG: Simple mode look_at: [10.  0.  0.]
DEBUG: Cube position: [2. 0. 2.]
DEBUG: Direction to cube: [0.70710678 0.         0.70710678]
DEBUG: View direction: [1. 0. 0.]
DEBUG: Angle between view and cube direction: 45.0° (should be close to 0°)
DEBUG: Are we looking toward cube? False
DEBUG: ==============================================
DEBUG: ===== SIMPLE MODE CUBE ROTATION =====
DEBUG: Simple mode applying cube rotation: [0.0°, 0.0°, 0.0°]
DEBUG: =========================================
DEBUG: Simple 2D screen rendered - reference objects disabled to prevent yellow box artifact
DEBUG: Using perspective projection - FOV: 60.0°
DEBUG: Canvas mode: 'simple', Sphere mode: 'simple'
DEBUG: Sphere screen render check - canvas_enabled: True, canvas_mode: simple, sphere_enabled: True, should_render: False
DEBUG: Sphere skipping screen render (canvas mode: simple)
DEBUG: ===== SIMPLE MODE CUBE ROTATION =====
DEBUG: Simple mode applying cube rotation: [0.0°, 0.0°, 0.0°]
DEBUG: =========================================
DEBUG: ===== CANVAS draw_unified_screen() CALLED =====
DEBUG: screen_enabled: True, screen_render_mode: simple
DEBUG: Canvas drawing simple 2D screen
DEBUG: Drew unified screen in simple mode
DEBUG: Simple mode active - screen shows original 2D framebuffer view
DEBUG: Rendering 2 screens
DEBUG: Rendering screen Original 2D Screen of type screen_2d
DEBUG: Frame 120, audio: 4.00s, video: 4.00s, sync diff: 0.002s
DEBUG: ===== SIMPLE MODE CUBE ROTATION =====
DEBUG: Simple mode applying cube rotation: [0.0°, 0.0°, 0.0°]
DEBUG: =========================================
DEBUG: ===== CANVAS draw_unified_screen() CALLED =====
DEBUG: screen_enabled: True, screen_render_mode: simple
DEBUG: Canvas drawing simple 2D screen
DEBUG: Drew unified screen in simple mode
DEBUG: Simple mode active - screen shows original 2D framebuffer view
DEBUG: Rendering MediaScreen Video Screen (istockphoto-482277170-640_adpp_is.mp4) with texture 3
DEBUG: Rendering screen Video Screen (istockphoto-482277170-640_adpp_is.mp4) of type screen_2d
DEBUG: Rendering MediaScreen Video Screen (istockphoto-482277170-640_adpp_is.mp4) with texture 3
DEBUG: ===== CANVAS update_sphere_view_vector() CALLED =====
DEBUG: Canvas syncing view_vector with sphere vector_direction: [1. 0. 0.]
DEBUG: Normalized view_vector: [1. 0. 0.]
DEBUG: Red vector direction: [1. 0. 0.]
DEBUG: Normalized view vector: [1.000, 0.000, 0.000]
DEBUG: Red cube position: [2. 0. 2.]
DEBUG: Expected direction to cube: [0.70710678 0.         0.70710678]
DEBUG: Actual view vector: [1. 0. 0.]
DEBUG: Dot product: 0.707
DEBUG: ⚠️ WARNING: View vector not pointing toward cube!
DEBUG: Consider setting vector direction to point toward cube
DEBUG: Suggested vector direction: [2.12132034 0.         2.12132034]
DEBUG: Angle to cube: 45.0° (should be < 30° to be visible)
DEBUG: Cube direction: [0.707, 0.000, 0.707]
DEBUG: 2D screen using perspective projection - FOV: 60.0°
DEBUG: ===== SIMPLE MODE CAMERA SETUP =====
DEBUG: Simple mode sphere_pos: [0. 0. 0.]
DEBUG: Simple mode view_dir: [1. 0. 0.]
DEBUG: Simple mode look_at: [10.  0.  0.]
DEBUG: Cube position: [2. 0. 2.]
DEBUG: Direction to cube: [0.70710678 0.         0.70710678]
DEBUG: View direction: [1. 0. 0.]
DEBUG: Angle between view and cube direction: 45.0° (should be close to 0°)
DEBUG: Are we looking toward cube? False
DEBUG: ==============================================
DEBUG: ===== SIMPLE MODE CUBE ROTATION =====
DEBUG: Simple mode applying cube rotation: [0.0°, 0.0°, 0.0°]
DEBUG: =========================================
DEBUG: Simple 2D screen rendered - reference objects disabled to prevent yellow box artifact
DEBUG: Using perspective projection - FOV: 60.0°
DEBUG: Canvas mode: 'simple', Sphere mode: 'simple'
DEBUG: Sphere screen render check - canvas_enabled: True, canvas_mode: simple, sphere_enabled: True, should_render: False
DEBUG: Sphere skipping screen render (canvas mode: simple)
DEBUG: ===== SIMPLE MODE CUBE ROTATION =====
DEBUG: Simple mode applying cube rotation: [0.0°, 0.0°, 0.0°]
DEBUG: =========================================
DEBUG: ===== CANVAS draw_unified_screen() CALLED =====
DEBUG: screen_enabled: True, screen_render_mode: simple
DEBUG: Canvas drawing simple 2D screen
DEBUG: Drew unified screen in simple mode
DEBUG: Simple mode active - screen shows original 2D framebuffer view
DEBUG: Rendering 2 screens
DEBUG: Rendering screen Original 2D Screen of type screen_2d
DEBUG: ===== SIMPLE MODE CUBE ROTATION =====
DEBUG: Simple mode applying cube rotation: [0.0°, 0.0°, 0.0°]
DEBUG: =========================================
DEBUG: ===== CANVAS draw_unified_screen() CALLED =====
DEBUG: screen_enabled: True, screen_render_mode: simple
DEBUG: Canvas drawing simple 2D screen
DEBUG: Drew unified screen in simple mode
DEBUG: Simple mode active - screen shows original 2D framebuffer view
DEBUG: Rendering MediaScreen Video Screen (istockphoto-482277170-640_adpp_is.mp4) with texture 3
DEBUG: Rendering screen Video Screen (istockphoto-482277170-640_adpp_is.mp4) of type screen_2d
DEBUG: Rendering MediaScreen Video Screen (istockphoto-482277170-640_adpp_is.mp4) with texture 3
DEBUG: ===== CANVAS update_sphere_view_vector() CALLED =====
DEBUG: Canvas syncing view_vector with sphere vector_direction: [1. 0. 0.]
DEBUG: Normalized view_vector: [1. 0. 0.]
DEBUG: Red vector direction: [1. 0. 0.]
DEBUG: Normalized view vector: [1.000, 0.000, 0.000]
DEBUG: Red cube position: [2. 0. 2.]
DEBUG: Expected direction to cube: [0.70710678 0.         0.70710678]
DEBUG: Actual view vector: [1. 0. 0.]
DEBUG: Dot product: 0.707
DEBUG: ⚠️ WARNING: View vector not pointing toward cube!
DEBUG: Consider setting vector direction to point toward cube
DEBUG: Suggested vector direction: [2.12132034 0.         2.12132034]
DEBUG: Angle to cube: 45.0° (should be < 30° to be visible)
DEBUG: Cube direction: [0.707, 0.000, 0.707]
DEBUG: 2D screen using perspective projection - FOV: 60.0°
DEBUG: ===== SIMPLE MODE CAMERA SETUP =====
DEBUG: Simple mode sphere_pos: [0. 0. 0.]
DEBUG: Simple mode view_dir: [1. 0. 0.]
DEBUG: Simple mode look_at: [10.  0.  0.]
DEBUG: Cube position: [2. 0. 2.]
DEBUG: Direction to cube: [0.70710678 0.         0.70710678]
DEBUG: View direction: [1. 0. 0.]
DEBUG: Angle between view and cube direction: 45.0° (should be close to 0°)
DEBUG: Are we looking toward cube? False
DEBUG: ==============================================
DEBUG: ===== SIMPLE MODE CUBE ROTATION =====
DEBUG: Simple mode applying cube rotation: [0.0°, 0.0°, 0.0°]
DEBUG: =========================================
DEBUG: Simple 2D screen rendered - reference objects disabled to prevent yellow box artifact
DEBUG: Using perspective projection - FOV: 60.0°
DEBUG: Canvas mode: 'simple', Sphere mode: 'simple'
DEBUG: Sphere screen render check - canvas_enabled: True, canvas_mode: simple, sphere_enabled: True, should_render: False
DEBUG: Sphere skipping screen render (canvas mode: simple)
DEBUG: ===== SIMPLE MODE CUBE ROTATION =====
DEBUG: Simple mode applying cube rotation: [0.0°, 0.0°, 0.0°]
DEBUG: =========================================
DEBUG: ===== CANVAS draw_unified_screen() CALLED =====
DEBUG: screen_enabled: True, screen_render_mode: simple
DEBUG: Canvas drawing simple 2D screen
DEBUG: Drew unified screen in simple mode
DEBUG: Simple mode active - screen shows original 2D framebuffer view
DEBUG: Rendering 2 screens
DEBUG: Rendering screen Original 2D Screen of type screen_2d
DEBUG: ===== SIMPLE MODE CUBE ROTATION =====
DEBUG: Simple mode applying cube rotation: [0.0°, 0.0°, 0.0°]
DEBUG: =========================================
DEBUG: ===== CANVAS draw_unified_screen() CALLED =====
DEBUG: screen_enabled: True, screen_render_mode: simple
DEBUG: Canvas drawing simple 2D screen
DEBUG: Drew unified screen in simple mode
DEBUG: Simple mode active - screen shows original 2D framebuffer view
DEBUG: Rendering MediaScreen Video Screen (istockphoto-482277170-640_adpp_is.mp4) with texture 3
DEBUG: Rendering screen Video Screen (istockphoto-482277170-640_adpp_is.mp4) of type screen_2d
DEBUG: Rendering MediaScreen Video Screen (istockphoto-482277170-640_adpp_is.mp4) with texture 3
DEBUG: ===== CANVAS update_sphere_view_vector() CALLED =====
DEBUG: Canvas syncing view_vector with sphere vector_direction: [1. 0. 0.]
DEBUG: Normalized view_vector: [1. 0. 0.]
DEBUG: Red vector direction: [1. 0. 0.]
DEBUG: Normalized view vector: [1.000, 0.000, 0.000]
DEBUG: Red cube position: [2. 0. 2.]
DEBUG: Expected direction to cube: [0.70710678 0.         0.70710678]
DEBUG: Actual view vector: [1. 0. 0.]
DEBUG: Dot product: 0.707
DEBUG: ⚠️ WARNING: View vector not pointing toward cube!
DEBUG: Consider setting vector direction to point toward cube
DEBUG: Suggested vector direction: [2.12132034 0.         2.12132034]
DEBUG: Angle to cube: 45.0° (should be < 30° to be visible)
DEBUG: Cube direction: [0.707, 0.000, 0.707]
DEBUG: 2D screen using perspective projection - FOV: 60.0°
DEBUG: ===== SIMPLE MODE CAMERA SETUP =====
DEBUG: Simple mode sphere_pos: [0. 0. 0.]
DEBUG: Simple mode view_dir: [1. 0. 0.]
DEBUG: Simple mode look_at: [10.  0.  0.]
DEBUG: Cube position: [2. 0. 2.]
DEBUG: Direction to cube: [0.70710678 0.         0.70710678]
DEBUG: View direction: [1. 0. 0.]
DEBUG: Angle between view and cube direction: 45.0° (should be close to 0°)
DEBUG: Are we looking toward cube? False
DEBUG: ==============================================
DEBUG: ===== SIMPLE MODE CUBE ROTATION =====
DEBUG: Simple mode applying cube rotation: [0.0°, 0.0°, 0.0°]
DEBUG: =========================================
DEBUG: Simple 2D screen rendered - reference objects disabled to prevent yellow box artifact
DEBUG: Using perspective projection - FOV: 60.0°
DEBUG: Canvas mode: 'simple', Sphere mode: 'simple'
DEBUG: Sphere screen render check - canvas_enabled: True, canvas_mode: simple, sphere_enabled: True, should_render: False
DEBUG: Sphere skipping screen render (canvas mode: simple)
DEBUG: ===== SIMPLE MODE CUBE ROTATION =====
DEBUG: Simple mode applying cube rotation: [0.0°, 0.0°, 0.0°]
DEBUG: =========================================
DEBUG: ===== CANVAS draw_unified_screen() CALLED =====
DEBUG: screen_enabled: True, screen_render_mode: simple
DEBUG: Canvas drawing simple 2D screen
DEBUG: Drew unified screen in simple mode
DEBUG: Simple mode active - screen shows original 2D framebuffer view
DEBUG: Rendering 2 screens
DEBUG: Rendering screen Original 2D Screen of type screen_2d
DEBUG: ===== SIMPLE MODE CUBE ROTATION =====
DEBUG: Simple mode applying cube rotation: [0.0°, 0.0°, 0.0°]
DEBUG: =========================================
DEBUG: ===== CANVAS draw_unified_screen() CALLED =====
DEBUG: screen_enabled: True, screen_render_mode: simple
DEBUG: Canvas drawing simple 2D screen
DEBUG: Drew unified screen in simple mode
DEBUG: Simple mode active - screen shows original 2D framebuffer view
DEBUG: Rendering MediaScreen Video Screen (istockphoto-482277170-640_adpp_is.mp4) with texture 3
DEBUG: Rendering screen Video Screen (istockphoto-482277170-640_adpp_is.mp4) of type screen_2d
DEBUG: Rendering MediaScreen Video Screen (istockphoto-482277170-640_adpp_is.mp4) with texture 3
DEBUG: ===== CANVAS update_sphere_view_vector() CALLED =====
DEBUG: Canvas syncing view_vector with sphere vector_direction: [1. 0. 0.]
DEBUG: Normalized view_vector: [1. 0. 0.]
DEBUG: Red vector direction: [1. 0. 0.]
DEBUG: Normalized view vector: [1.000, 0.000, 0.000]
DEBUG: Red cube position: [2. 0. 2.]
DEBUG: Expected direction to cube: [0.70710678 0.         0.70710678]
DEBUG: Actual view vector: [1. 0. 0.]
DEBUG: Dot product: 0.707
DEBUG: ⚠️ WARNING: View vector not pointing toward cube!
DEBUG: Consider setting vector direction to point toward cube
DEBUG: Suggested vector direction: [2.12132034 0.         2.12132034]
DEBUG: Angle to cube: 45.0° (should be < 30° to be visible)
DEBUG: Cube direction: [0.707, 0.000, 0.707]
DEBUG: 2D screen using perspective projection - FOV: 60.0°
DEBUG: ===== SIMPLE MODE CAMERA SETUP =====
DEBUG: Simple mode sphere_pos: [0. 0. 0.]
DEBUG: Simple mode view_dir: [1. 0. 0.]
DEBUG: Simple mode look_at: [10.  0.  0.]
DEBUG: Cube position: [2. 0. 2.]
DEBUG: Direction to cube: [0.70710678 0.         0.70710678]
DEBUG: View direction: [1. 0. 0.]
DEBUG: Angle between view and cube direction: 45.0° (should be close to 0°)
DEBUG: Are we looking toward cube? False
DEBUG: ==============================================
DEBUG: ===== SIMPLE MODE CUBE ROTATION =====
DEBUG: Simple mode applying cube rotation: [0.0°, 0.0°, 0.0°]
DEBUG: =========================================
DEBUG: Simple 2D screen rendered - reference objects disabled to prevent yellow box artifact
DEBUG: Using perspective projection - FOV: 60.0°
DEBUG: Canvas mode: 'simple', Sphere mode: 'simple'
DEBUG: Sphere screen render check - canvas_enabled: True, canvas_mode: simple, sphere_enabled: True, should_render: False
DEBUG: Sphere skipping screen render (canvas mode: simple)
DEBUG: ===== SIMPLE MODE CUBE ROTATION =====
DEBUG: Simple mode applying cube rotation: [0.0°, 0.0°, 0.0°]
DEBUG: =========================================
DEBUG: ===== CANVAS draw_unified_screen() CALLED =====
DEBUG: screen_enabled: True, screen_render_mode: simple
DEBUG: Canvas drawing simple 2D screen
DEBUG: Drew unified screen in simple mode
DEBUG: Simple mode active - screen shows original 2D framebuffer view
DEBUG: Rendering 2 screens
DEBUG: Rendering screen Original 2D Screen of type screen_2d
DEBUG: ===== SIMPLE MODE CUBE ROTATION =====
DEBUG: Simple mode applying cube rotation: [0.0°, 0.0°, 0.0°]
DEBUG: =========================================
DEBUG: ===== CANVAS draw_unified_screen() CALLED =====
DEBUG: screen_enabled: True, screen_render_mode: simple
DEBUG: Canvas drawing simple 2D screen
DEBUG: Drew unified screen in simple mode
DEBUG: Simple mode active - screen shows original 2D framebuffer view
DEBUG: Rendering MediaScreen Video Screen (istockphoto-482277170-640_adpp_is.mp4) with texture 3
DEBUG: Rendering screen Video Screen (istockphoto-482277170-640_adpp_is.mp4) of type screen_2d
DEBUG: Rendering MediaScreen Video Screen (istockphoto-482277170-640_adpp_is.mp4) with texture 3
DEBUG: ===== CANVAS update_sphere_view_vector() CALLED =====
DEBUG: Canvas syncing view_vector with sphere vector_direction: [1. 0. 0.]
DEBUG: Normalized view_vector: [1. 0. 0.]
DEBUG: Red vector direction: [1. 0. 0.]
DEBUG: Normalized view vector: [1.000, 0.000, 0.000]
DEBUG: Red cube position: [2. 0. 2.]
DEBUG: Expected direction to cube: [0.70710678 0.         0.70710678]
DEBUG: Actual view vector: [1. 0. 0.]
DEBUG: Dot product: 0.707
DEBUG: ⚠️ WARNING: View vector not pointing toward cube!
DEBUG: Consider setting vector direction to point toward cube
DEBUG: Suggested vector direction: [2.12132034 0.         2.12132034]
DEBUG: Angle to cube: 45.0° (should be < 30° to be visible)
DEBUG: Cube direction: [0.707, 0.000, 0.707]
DEBUG: 2D screen using perspective projection - FOV: 60.0°
DEBUG: ===== SIMPLE MODE CAMERA SETUP =====
DEBUG: Simple mode sphere_pos: [0. 0. 0.]
DEBUG: Simple mode view_dir: [1. 0. 0.]
DEBUG: Simple mode look_at: [10.  0.  0.]
DEBUG: Cube position: [2. 0. 2.]
DEBUG: Direction to cube: [0.70710678 0.         0.70710678]
DEBUG: View direction: [1. 0. 0.]
DEBUG: Angle between view and cube direction: 45.0° (should be close to 0°)
DEBUG: Are we looking toward cube? False
DEBUG: ==============================================
DEBUG: ===== SIMPLE MODE CUBE ROTATION =====
DEBUG: Simple mode applying cube rotation: [0.0°, 0.0°, 0.0°]
DEBUG: =========================================
DEBUG: Simple 2D screen rendered - reference objects disabled to prevent yellow box artifact
DEBUG: Using perspective projection - FOV: 60.0°
DEBUG: Canvas mode: 'simple', Sphere mode: 'simple'
DEBUG: Sphere screen render check - canvas_enabled: True, canvas_mode: simple, sphere_enabled: True, should_render: False
DEBUG: Sphere skipping screen render (canvas mode: simple)
DEBUG: ===== SIMPLE MODE CUBE ROTATION =====
DEBUG: Simple mode applying cube rotation: [0.0°, 0.0°, 0.0°]
DEBUG: =========================================
DEBUG: ===== CANVAS draw_unified_screen() CALLED =====
DEBUG: screen_enabled: True, screen_render_mode: simple
DEBUG: Canvas drawing simple 2D screen
DEBUG: Drew unified screen in simple mode
DEBUG: Simple mode active - screen shows original 2D framebuffer view
DEBUG: Rendering 2 screens
DEBUG: Rendering screen Original 2D Screen of type screen_2d
DEBUG: ===== SIMPLE MODE CUBE ROTATION =====
DEBUG: Simple mode applying cube rotation: [0.0°, 0.0°, 0.0°]
DEBUG: =========================================
DEBUG: ===== CANVAS draw_unified_screen() CALLED =====
DEBUG: screen_enabled: True, screen_render_mode: simple
DEBUG: Canvas drawing simple 2D screen
DEBUG: Drew unified screen in simple mode
DEBUG: Simple mode active - screen shows original 2D framebuffer view
DEBUG: Rendering MediaScreen Video Screen (istockphoto-482277170-640_adpp_is.mp4) with texture 3
DEBUG: Rendering screen Video Screen (istockphoto-482277170-640_adpp_is.mp4) of type screen_2d
DEBUG: Rendering MediaScreen Video Screen (istockphoto-482277170-640_adpp_is.mp4) with texture 3
DEBUG: ===== CANVAS update_sphere_view_vector() CALLED =====
DEBUG: Canvas syncing view_vector with sphere vector_direction: [1. 0. 0.]
DEBUG: Normalized view_vector: [1. 0. 0.]
DEBUG: Red vector direction: [1. 0. 0.]
DEBUG: Normalized view vector: [1.000, 0.000, 0.000]
DEBUG: Red cube position: [2. 0. 2.]
DEBUG: Expected direction to cube: [0.70710678 0.         0.70710678]
DEBUG: Actual view vector: [1. 0. 0.]
DEBUG: Dot product: 0.707
DEBUG: ⚠️ WARNING: View vector not pointing toward cube!
DEBUG: Consider setting vector direction to point toward cube
DEBUG: Suggested vector direction: [2.12132034 0.         2.12132034]
DEBUG: Angle to cube: 45.0° (should be < 30° to be visible)
DEBUG: Cube direction: [0.707, 0.000, 0.707]
DEBUG: 2D screen using perspective projection - FOV: 60.0°
DEBUG: ===== SIMPLE MODE CAMERA SETUP =====
DEBUG: Simple mode sphere_pos: [0. 0. 0.]
DEBUG: Simple mode view_dir: [1. 0. 0.]
DEBUG: Simple mode look_at: [10.  0.  0.]
DEBUG: Cube position: [2. 0. 2.]
DEBUG: Direction to cube: [0.70710678 0.         0.70710678]
DEBUG: View direction: [1. 0. 0.]
DEBUG: Angle between view and cube direction: 45.0° (should be close to 0°)
DEBUG: Are we looking toward cube? False
DEBUG: ==============================================
DEBUG: ===== SIMPLE MODE CUBE ROTATION =====
DEBUG: Simple mode applying cube rotation: [0.0°, 0.0°, 0.0°]
DEBUG: =========================================
DEBUG: Simple 2D screen rendered - reference objects disabled to prevent yellow box artifact
DEBUG: Using perspective projection - FOV: 60.0°
DEBUG: Canvas mode: 'simple', Sphere mode: 'simple'
DEBUG: Sphere screen render check - canvas_enabled: True, canvas_mode: simple, sphere_enabled: True, should_render: False
DEBUG: Sphere skipping screen render (canvas mode: simple)
DEBUG: ===== SIMPLE MODE CUBE ROTATION =====
DEBUG: Simple mode applying cube rotation: [0.0°, 0.0°, 0.0°]
DEBUG: =========================================
DEBUG: ===== CANVAS draw_unified_screen() CALLED =====
DEBUG: screen_enabled: True, screen_render_mode: simple
DEBUG: Canvas drawing simple 2D screen
DEBUG: Drew unified screen in simple mode
DEBUG: Simple mode active - screen shows original 2D framebuffer view
DEBUG: Rendering 2 screens
DEBUG: Rendering screen Original 2D Screen of type screen_2d
DEBUG: ===== SIMPLE MODE CUBE ROTATION =====
DEBUG: Simple mode applying cube rotation: [0.0°, 0.0°, 0.0°]
DEBUG: =========================================
DEBUG: ===== CANVAS draw_unified_screen() CALLED =====
DEBUG: screen_enabled: True, screen_render_mode: simple
DEBUG: Canvas drawing simple 2D screen
DEBUG: Drew unified screen in simple mode
DEBUG: Simple mode active - screen shows original 2D framebuffer view
DEBUG: Rendering MediaScreen Video Screen (istockphoto-482277170-640_adpp_is.mp4) with texture 3
DEBUG: Rendering screen Video Screen (istockphoto-482277170-640_adpp_is.mp4) of type screen_2d
DEBUG: Rendering MediaScreen Video Screen (istockphoto-482277170-640_adpp_is.mp4) with texture 3
DEBUG: ===== CANVAS update_sphere_view_vector() CALLED =====
DEBUG: Canvas syncing view_vector with sphere vector_direction: [1. 0. 0.]
DEBUG: Normalized view_vector: [1. 0. 0.]
DEBUG: Red vector direction: [1. 0. 0.]
DEBUG: Normalized view vector: [1.000, 0.000, 0.000]
DEBUG: Red cube position: [2. 0. 2.]
DEBUG: Expected direction to cube: [0.70710678 0.         0.70710678]
DEBUG: Actual view vector: [1. 0. 0.]
DEBUG: Dot product: 0.707
DEBUG: ⚠️ WARNING: View vector not pointing toward cube!
DEBUG: Consider setting vector direction to point toward cube
DEBUG: Suggested vector direction: [2.12132034 0.         2.12132034]
DEBUG: Angle to cube: 45.0° (should be < 30° to be visible)
DEBUG: Cube direction: [0.707, 0.000, 0.707]
DEBUG: 2D screen using perspective projection - FOV: 60.0°
DEBUG: ===== SIMPLE MODE CAMERA SETUP =====
DEBUG: Simple mode sphere_pos: [0. 0. 0.]
DEBUG: Simple mode view_dir: [1. 0. 0.]
DEBUG: Simple mode look_at: [10.  0.  0.]
DEBUG: Cube position: [2. 0. 2.]
DEBUG: Direction to cube: [0.70710678 0.         0.70710678]
DEBUG: View direction: [1. 0. 0.]
DEBUG: Angle between view and cube direction: 45.0° (should be close to 0°)
DEBUG: Are we looking toward cube? False
DEBUG: ==============================================
DEBUG: ===== SIMPLE MODE CUBE ROTATION =====
DEBUG: Simple mode applying cube rotation: [0.0°, 0.0°, 0.0°]
DEBUG: =========================================
DEBUG: Simple 2D screen rendered - reference objects disabled to prevent yellow box artifact
DEBUG: Using perspective projection - FOV: 60.0°
DEBUG: Canvas mode: 'simple', Sphere mode: 'simple'
DEBUG: Sphere screen render check - canvas_enabled: True, canvas_mode: simple, sphere_enabled: True, should_render: False
DEBUG: Sphere skipping screen render (canvas mode: simple)
DEBUG: ===== SIMPLE MODE CUBE ROTATION =====
DEBUG: Simple mode applying cube rotation: [0.0°, 0.0°, 0.0°]
DEBUG: =========================================
DEBUG: ===== CANVAS draw_unified_screen() CALLED =====
DEBUG: screen_enabled: True, screen_render_mode: simple
DEBUG: Canvas drawing simple 2D screen
DEBUG: Drew unified screen in simple mode
DEBUG: Simple mode active - screen shows original 2D framebuffer view
DEBUG: Rendering 2 screens
DEBUG: Rendering screen Original 2D Screen of type screen_2d
DEBUG: ===== SIMPLE MODE CUBE ROTATION =====
DEBUG: Simple mode applying cube rotation: [0.0°, 0.0°, 0.0°]
DEBUG: =========================================
DEBUG: ===== CANVAS draw_unified_screen() CALLED =====
DEBUG: screen_enabled: True, screen_render_mode: simple
DEBUG: Canvas drawing simple 2D screen
DEBUG: Drew unified screen in simple mode
DEBUG: Simple mode active - screen shows original 2D framebuffer view
DEBUG: Rendering MediaScreen Video Screen (istockphoto-482277170-640_adpp_is.mp4) with texture 3
DEBUG: Rendering screen Video Screen (istockphoto-482277170-640_adpp_is.mp4) of type screen_2d
DEBUG: Rendering MediaScreen Video Screen (istockphoto-482277170-640_adpp_is.mp4) with texture 3
DEBUG: ===== CANVAS update_sphere_view_vector() CALLED =====
DEBUG: Canvas syncing view_vector with sphere vector_direction: [1. 0. 0.]
DEBUG: Normalized view_vector: [1. 0. 0.]
DEBUG: Red vector direction: [1. 0. 0.]
DEBUG: Normalized view vector: [1.000, 0.000, 0.000]
DEBUG: Red cube position: [2. 0. 2.]
DEBUG: Expected direction to cube: [0.70710678 0.         0.70710678]
DEBUG: Actual view vector: [1. 0. 0.]
DEBUG: Dot product: 0.707
DEBUG: ⚠️ WARNING: View vector not pointing toward cube!
DEBUG: Consider setting vector direction to point toward cube
DEBUG: Suggested vector direction: [2.12132034 0.         2.12132034]
DEBUG: Angle to cube: 45.0° (should be < 30° to be visible)
DEBUG: Cube direction: [0.707, 0.000, 0.707]
DEBUG: 2D screen using perspective projection - FOV: 60.0°
DEBUG: ===== SIMPLE MODE CAMERA SETUP =====
DEBUG: Simple mode sphere_pos: [0. 0. 0.]
DEBUG: Simple mode view_dir: [1. 0. 0.]
DEBUG: Simple mode look_at: [10.  0.  0.]
DEBUG: Cube position: [2. 0. 2.]
DEBUG: Direction to cube: [0.70710678 0.         0.70710678]
DEBUG: View direction: [1. 0. 0.]
DEBUG: Angle between view and cube direction: 45.0° (should be close to 0°)
DEBUG: Are we looking toward cube? False
DEBUG: ==============================================
DEBUG: ===== SIMPLE MODE CUBE ROTATION =====
DEBUG: Simple mode applying cube rotation: [0.0°, 0.0°, 0.0°]
DEBUG: =========================================
DEBUG: Simple 2D screen rendered - reference objects disabled to prevent yellow box artifact
DEBUG: Using perspective projection - FOV: 60.0°
DEBUG: Canvas mode: 'simple', Sphere mode: 'simple'
DEBUG: Sphere screen render check - canvas_enabled: True, canvas_mode: simple, sphere_enabled: True, should_render: False
DEBUG: Sphere skipping screen render (canvas mode: simple)
DEBUG: ===== SIMPLE MODE CUBE ROTATION =====
DEBUG: Simple mode applying cube rotation: [0.0°, 0.0°, 0.0°]
DEBUG: =========================================
DEBUG: ===== CANVAS draw_unified_screen() CALLED =====
DEBUG: screen_enabled: True, screen_render_mode: simple
DEBUG: Canvas drawing simple 2D screen
DEBUG: Drew unified screen in simple mode
DEBUG: Simple mode active - screen shows original 2D framebuffer view
DEBUG: Rendering 2 screens
DEBUG: Rendering screen Original 2D Screen of type screen_2d
DEBUG: ===== SIMPLE MODE CUBE ROTATION =====
DEBUG: Simple mode applying cube rotation: [0.0°, 0.0°, 0.0°]
DEBUG: =========================================
DEBUG: ===== CANVAS draw_unified_screen() CALLED =====
DEBUG: screen_enabled: True, screen_render_mode: simple
DEBUG: Canvas drawing simple 2D screen
DEBUG: Drew unified screen in simple mode
DEBUG: Simple mode active - screen shows original 2D framebuffer view
DEBUG: Rendering MediaScreen Video Screen (istockphoto-482277170-640_adpp_is.mp4) with texture 3
DEBUG: Rendering screen Video Screen (istockphoto-482277170-640_adpp_is.mp4) of type screen_2d
DEBUG: Rendering MediaScreen Video Screen (istockphoto-482277170-640_adpp_is.mp4) with texture 3
DEBUG: ===== CANVAS update_sphere_view_vector() CALLED =====
DEBUG: Canvas syncing view_vector with sphere vector_direction: [1. 0. 0.]
DEBUG: Normalized view_vector: [1. 0. 0.]
DEBUG: Red vector direction: [1. 0. 0.]
DEBUG: Normalized view vector: [1.000, 0.000, 0.000]
DEBUG: Red cube position: [2. 0. 2.]
DEBUG: Expected direction to cube: [0.70710678 0.         0.70710678]
DEBUG: Actual view vector: [1. 0. 0.]
DEBUG: Dot product: 0.707
DEBUG: ⚠️ WARNING: View vector not pointing toward cube!
DEBUG: Consider setting vector direction to point toward cube
DEBUG: Suggested vector direction: [2.12132034 0.         2.12132034]
DEBUG: Angle to cube: 45.0° (should be < 30° to be visible)
DEBUG: Cube direction: [0.707, 0.000, 0.707]
DEBUG: 2D screen using perspective projection - FOV: 60.0°
DEBUG: ===== SIMPLE MODE CAMERA SETUP =====
DEBUG: Simple mode sphere_pos: [0. 0. 0.]
DEBUG: Simple mode view_dir: [1. 0. 0.]
DEBUG: Simple mode look_at: [10.  0.  0.]
DEBUG: Cube position: [2. 0. 2.]
DEBUG: Direction to cube: [0.70710678 0.         0.70710678]
DEBUG: View direction: [1. 0. 0.]
DEBUG: Angle between view and cube direction: 45.0° (should be close to 0°)
DEBUG: Are we looking toward cube? False
DEBUG: ==============================================
DEBUG: ===== SIMPLE MODE CUBE ROTATION =====
DEBUG: Simple mode applying cube rotation: [0.0°, 0.0°, 0.0°]
DEBUG: =========================================
DEBUG: Simple 2D screen rendered - reference objects disabled to prevent yellow box artifact
DEBUG: Using perspective projection - FOV: 60.0°
DEBUG: Canvas mode: 'simple', Sphere mode: 'simple'
DEBUG: Sphere screen render check - canvas_enabled: True, canvas_mode: simple, sphere_enabled: True, should_render: False
DEBUG: Sphere skipping screen render (canvas mode: simple)
DEBUG: ===== SIMPLE MODE CUBE ROTATION =====
DEBUG: Simple mode applying cube rotation: [0.0°, 0.0°, 0.0°]
DEBUG: =========================================
DEBUG: ===== CANVAS draw_unified_screen() CALLED =====
DEBUG: screen_enabled: True, screen_render_mode: simple
DEBUG: Canvas drawing simple 2D screen
DEBUG: Drew unified screen in simple mode
DEBUG: Simple mode active - screen shows original 2D framebuffer view
DEBUG: Rendering 2 screens
DEBUG: Rendering screen Original 2D Screen of type screen_2d
DEBUG: ===== SIMPLE MODE CUBE ROTATION =====
DEBUG: Simple mode applying cube rotation: [0.0°, 0.0°, 0.0°]
DEBUG: =========================================
DEBUG: ===== CANVAS draw_unified_screen() CALLED =====
DEBUG: screen_enabled: True, screen_render_mode: simple
DEBUG: Canvas drawing simple 2D screen
DEBUG: Drew unified screen in simple mode
DEBUG: Simple mode active - screen shows original 2D framebuffer view
DEBUG: Rendering MediaScreen Video Screen (istockphoto-482277170-640_adpp_is.mp4) with texture 3
DEBUG: Rendering screen Video Screen (istockphoto-482277170-640_adpp_is.mp4) of type screen_2d
DEBUG: Rendering MediaScreen Video Screen (istockphoto-482277170-640_adpp_is.mp4) with texture 3
DEBUG: ===== CANVAS update_sphere_view_vector() CALLED =====
DEBUG: Canvas syncing view_vector with sphere vector_direction: [1. 0. 0.]
DEBUG: Normalized view_vector: [1. 0. 0.]
DEBUG: Red vector direction: [1. 0. 0.]
DEBUG: Normalized view vector: [1.000, 0.000, 0.000]
DEBUG: Red cube position: [2. 0. 2.]
DEBUG: Expected direction to cube: [0.70710678 0.         0.70710678]
DEBUG: Actual view vector: [1. 0. 0.]
DEBUG: Dot product: 0.707
DEBUG: ⚠️ WARNING: View vector not pointing toward cube!
DEBUG: Consider setting vector direction to point toward cube
DEBUG: Suggested vector direction: [2.12132034 0.         2.12132034]
DEBUG: Angle to cube: 45.0° (should be < 30° to be visible)
DEBUG: Cube direction: [0.707, 0.000, 0.707]
DEBUG: 2D screen using perspective projection - FOV: 60.0°
DEBUG: ===== SIMPLE MODE CAMERA SETUP =====
DEBUG: Simple mode sphere_pos: [0. 0. 0.]
DEBUG: Simple mode view_dir: [1. 0. 0.]
DEBUG: Simple mode look_at: [10.  0.  0.]
DEBUG: Cube position: [2. 0. 2.]
DEBUG: Direction to cube: [0.70710678 0.         0.70710678]
DEBUG: View direction: [1. 0. 0.]
DEBUG: Angle between view and cube direction: 45.0° (should be close to 0°)
DEBUG: Are we looking toward cube? False
DEBUG: ==============================================
DEBUG: ===== SIMPLE MODE CUBE ROTATION =====
DEBUG: Simple mode applying cube rotation: [0.0°, 0.0°, 0.0°]
DEBUG: =========================================
DEBUG: Simple 2D screen rendered - reference objects disabled to prevent yellow box artifact
DEBUG: Using perspective projection - FOV: 60.0°
DEBUG: Canvas mode: 'simple', Sphere mode: 'simple'
DEBUG: Sphere screen render check - canvas_enabled: True, canvas_mode: simple, sphere_enabled: True, should_render: False
DEBUG: Sphere skipping screen render (canvas mode: simple)
DEBUG: ===== SIMPLE MODE CUBE ROTATION =====
DEBUG: Simple mode applying cube rotation: [0.0°, 0.0°, 0.0°]
DEBUG: =========================================
DEBUG: ===== CANVAS draw_unified_screen() CALLED =====
DEBUG: screen_enabled: True, screen_render_mode: simple
DEBUG: Canvas drawing simple 2D screen
DEBUG: Drew unified screen in simple mode
DEBUG: Simple mode active - screen shows original 2D framebuffer view
DEBUG: Rendering 2 screens
DEBUG: Rendering screen Original 2D Screen of type screen_2d
DEBUG: ===== SIMPLE MODE CUBE ROTATION =====
DEBUG: Simple mode applying cube rotation: [0.0°, 0.0°, 0.0°]
DEBUG: =========================================
DEBUG: ===== CANVAS draw_unified_screen() CALLED =====
DEBUG: screen_enabled: True, screen_render_mode: simple
DEBUG: Canvas drawing simple 2D screen
DEBUG: Drew unified screen in simple mode
DEBUG: Simple mode active - screen shows original 2D framebuffer view
DEBUG: Rendering MediaScreen Video Screen (istockphoto-482277170-640_adpp_is.mp4) with texture 3
DEBUG: Rendering screen Video Screen (istockphoto-482277170-640_adpp_is.mp4) of type screen_2d
DEBUG: Rendering MediaScreen Video Screen (istockphoto-482277170-640_adpp_is.mp4) with texture 3
DEBUG: ===== CANVAS update_sphere_view_vector() CALLED =====
DEBUG: Canvas syncing view_vector with sphere vector_direction: [1. 0. 0.]
DEBUG: Normalized view_vector: [1. 0. 0.]
DEBUG: Red vector direction: [1. 0. 0.]
DEBUG: Normalized view vector: [1.000, 0.000, 0.000]
DEBUG: Red cube position: [2. 0. 2.]
DEBUG: Expected direction to cube: [0.70710678 0.         0.70710678]
DEBUG: Actual view vector: [1. 0. 0.]
DEBUG: Dot product: 0.707
DEBUG: ⚠️ WARNING: View vector not pointing toward cube!
DEBUG: Consider setting vector direction to point toward cube
DEBUG: Suggested vector direction: [2.12132034 0.         2.12132034]
DEBUG: Angle to cube: 45.0° (should be < 30° to be visible)
DEBUG: Cube direction: [0.707, 0.000, 0.707]
DEBUG: 2D screen using perspective projection - FOV: 60.0°
DEBUG: ===== SIMPLE MODE CAMERA SETUP =====
DEBUG: Simple mode sphere_pos: [0. 0. 0.]
DEBUG: Simple mode view_dir: [1. 0. 0.]
DEBUG: Simple mode look_at: [10.  0.  0.]
DEBUG: Cube position: [2. 0. 2.]
DEBUG: Direction to cube: [0.70710678 0.         0.70710678]
DEBUG: View direction: [1. 0. 0.]
DEBUG: Angle between view and cube direction: 45.0° (should be close to 0°)
DEBUG: Are we looking toward cube? False
DEBUG: ==============================================
DEBUG: ===== SIMPLE MODE CUBE ROTATION =====
DEBUG: Simple mode applying cube rotation: [0.0°, 0.0°, 0.0°]
DEBUG: =========================================
DEBUG: Simple 2D screen rendered - reference objects disabled to prevent yellow box artifact
DEBUG: Using perspective projection - FOV: 60.0°
DEBUG: Canvas mode: 'simple', Sphere mode: 'simple'
DEBUG: Sphere screen render check - canvas_enabled: True, canvas_mode: simple, sphere_enabled: True, should_render: False
DEBUG: Sphere skipping screen render (canvas mode: simple)
DEBUG: ===== SIMPLE MODE CUBE ROTATION =====
DEBUG: Simple mode applying cube rotation: [0.0°, 0.0°, 0.0°]
DEBUG: =========================================
DEBUG: ===== CANVAS draw_unified_screen() CALLED =====
DEBUG: screen_enabled: True, screen_render_mode: simple
DEBUG: Canvas drawing simple 2D screen
DEBUG: Drew unified screen in simple mode
DEBUG: Simple mode active - screen shows original 2D framebuffer view
DEBUG: Rendering 2 screens
DEBUG: Rendering screen Original 2D Screen of type screen_2d
DEBUG: ===== SIMPLE MODE CUBE ROTATION =====
DEBUG: Simple mode applying cube rotation: [0.0°, 0.0°, 0.0°]
DEBUG: =========================================
DEBUG: ===== CANVAS draw_unified_screen() CALLED =====
DEBUG: screen_enabled: True, screen_render_mode: simple
DEBUG: Canvas drawing simple 2D screen
DEBUG: Drew unified screen in simple mode
DEBUG: Simple mode active - screen shows original 2D framebuffer view
DEBUG: Rendering MediaScreen Video Screen (istockphoto-482277170-640_adpp_is.mp4) with texture 3
DEBUG: Rendering screen Video Screen (istockphoto-482277170-640_adpp_is.mp4) of type screen_2d
DEBUG: Rendering MediaScreen Video Screen (istockphoto-482277170-640_adpp_is.mp4) with texture 3
DEBUG: ===== CANVAS update_sphere_view_vector() CALLED =====
DEBUG: Canvas syncing view_vector with sphere vector_direction: [1. 0. 0.]
DEBUG: Normalized view_vector: [1. 0. 0.]
DEBUG: Red vector direction: [1. 0. 0.]
DEBUG: Normalized view vector: [1.000, 0.000, 0.000]
DEBUG: Red cube position: [2. 0. 2.]
DEBUG: Expected direction to cube: [0.70710678 0.         0.70710678]
DEBUG: Actual view vector: [1. 0. 0.]
DEBUG: Dot product: 0.707
DEBUG: ⚠️ WARNING: View vector not pointing toward cube!
DEBUG: Consider setting vector direction to point toward cube
DEBUG: Suggested vector direction: [2.12132034 0.         2.12132034]
DEBUG: Angle to cube: 45.0° (should be < 30° to be visible)
DEBUG: Cube direction: [0.707, 0.000, 0.707]
DEBUG: 2D screen using perspective projection - FOV: 60.0°
DEBUG: ===== SIMPLE MODE CAMERA SETUP =====
DEBUG: Simple mode sphere_pos: [0. 0. 0.]
DEBUG: Simple mode view_dir: [1. 0. 0.]
DEBUG: Simple mode look_at: [10.  0.  0.]
DEBUG: Cube position: [2. 0. 2.]
DEBUG: Direction to cube: [0.70710678 0.         0.70710678]
DEBUG: View direction: [1. 0. 0.]
DEBUG: Angle between view and cube direction: 45.0° (should be close to 0°)
DEBUG: Are we looking toward cube? False
DEBUG: ==============================================
DEBUG: ===== SIMPLE MODE CUBE ROTATION =====
DEBUG: Simple mode applying cube rotation: [0.0°, 0.0°, 0.0°]
DEBUG: =========================================
DEBUG: Simple 2D screen rendered - reference objects disabled to prevent yellow box artifact
DEBUG: Using perspective projection - FOV: 60.0°
DEBUG: Canvas mode: 'simple', Sphere mode: 'simple'
DEBUG: Sphere screen render check - canvas_enabled: True, canvas_mode: simple, sphere_enabled: True, should_render: False
DEBUG: Sphere skipping screen render (canvas mode: simple)
DEBUG: ===== SIMPLE MODE CUBE ROTATION =====
DEBUG: Simple mode applying cube rotation: [0.0°, 0.0°, 0.0°]
DEBUG: =========================================
DEBUG: ===== CANVAS draw_unified_screen() CALLED =====
DEBUG: screen_enabled: True, screen_render_mode: simple
DEBUG: Canvas drawing simple 2D screen
DEBUG: Drew unified screen in simple mode
DEBUG: Simple mode active - screen shows original 2D framebuffer view
DEBUG: Rendering 2 screens
DEBUG: Rendering screen Original 2D Screen of type screen_2d
DEBUG: ===== SIMPLE MODE CUBE ROTATION =====
DEBUG: Simple mode applying cube rotation: [0.0°, 0.0°, 0.0°]
DEBUG: =========================================
DEBUG: ===== CANVAS draw_unified_screen() CALLED =====
DEBUG: screen_enabled: True, screen_render_mode: simple
DEBUG: Canvas drawing simple 2D screen
DEBUG: Drew unified screen in simple mode
DEBUG: Simple mode active - screen shows original 2D framebuffer view
DEBUG: Rendering MediaScreen Video Screen (istockphoto-482277170-640_adpp_is.mp4) with texture 3
DEBUG: Rendering screen Video Screen (istockphoto-482277170-640_adpp_is.mp4) of type screen_2d
DEBUG: Rendering MediaScreen Video Screen (istockphoto-482277170-640_adpp_is.mp4) with texture 3
DEBUG: ===== CANVAS update_sphere_view_vector() CALLED =====
DEBUG: Canvas syncing view_vector with sphere vector_direction: [1. 0. 0.]
DEBUG: Normalized view_vector: [1. 0. 0.]
DEBUG: Red vector direction: [1. 0. 0.]
DEBUG: Normalized view vector: [1.000, 0.000, 0.000]
DEBUG: Red cube position: [2. 0. 2.]
DEBUG: Expected direction to cube: [0.70710678 0.         0.70710678]
DEBUG: Actual view vector: [1. 0. 0.]
DEBUG: Dot product: 0.707
DEBUG: ⚠️ WARNING: View vector not pointing toward cube!
DEBUG: Consider setting vector direction to point toward cube
DEBUG: Suggested vector direction: [2.12132034 0.         2.12132034]
DEBUG: Angle to cube: 45.0° (should be < 30° to be visible)
DEBUG: Cube direction: [0.707, 0.000, 0.707]
DEBUG: 2D screen using perspective projection - FOV: 60.0°
DEBUG: ===== SIMPLE MODE CAMERA SETUP =====
DEBUG: Simple mode sphere_pos: [0. 0. 0.]
DEBUG: Simple mode view_dir: [1. 0. 0.]
DEBUG: Simple mode look_at: [10.  0.  0.]
DEBUG: Cube position: [2. 0. 2.]
DEBUG: Direction to cube: [0.70710678 0.         0.70710678]
DEBUG: View direction: [1. 0. 0.]
DEBUG: Angle between view and cube direction: 45.0° (should be close to 0°)
DEBUG: Are we looking toward cube? False
DEBUG: ==============================================
DEBUG: ===== SIMPLE MODE CUBE ROTATION =====
DEBUG: Simple mode applying cube rotation: [0.0°, 0.0°, 0.0°]
DEBUG: =========================================
DEBUG: Simple 2D screen rendered - reference objects disabled to prevent yellow box artifact
DEBUG: Using perspective projection - FOV: 60.0°
DEBUG: Canvas mode: 'simple', Sphere mode: 'simple'
DEBUG: Sphere screen render check - canvas_enabled: True, canvas_mode: simple, sphere_enabled: True, should_render: False
DEBUG: Sphere skipping screen render (canvas mode: simple)
DEBUG: ===== SIMPLE MODE CUBE ROTATION =====
DEBUG: Simple mode applying cube rotation: [0.0°, 0.0°, 0.0°]
DEBUG: =========================================
DEBUG: ===== CANVAS draw_unified_screen() CALLED =====
DEBUG: screen_enabled: True, screen_render_mode: simple
DEBUG: Canvas drawing simple 2D screen
DEBUG: Drew unified screen in simple mode
DEBUG: Simple mode active - screen shows original 2D framebuffer view
DEBUG: Rendering 2 screens
DEBUG: Rendering screen Original 2D Screen of type screen_2d
DEBUG: ===== SIMPLE MODE CUBE ROTATION =====
DEBUG: Simple mode applying cube rotation: [0.0°, 0.0°, 0.0°]
DEBUG: =========================================
DEBUG: ===== CANVAS draw_unified_screen() CALLED =====
DEBUG: screen_enabled: True, screen_render_mode: simple
DEBUG: Canvas drawing simple 2D screen
DEBUG: Drew unified screen in simple mode
DEBUG: Simple mode active - screen shows original 2D framebuffer view
DEBUG: Rendering MediaScreen Video Screen (istockphoto-482277170-640_adpp_is.mp4) with texture 3
DEBUG: Rendering screen Video Screen (istockphoto-482277170-640_adpp_is.mp4) of type screen_2d
DEBUG: Rendering MediaScreen Video Screen (istockphoto-482277170-640_adpp_is.mp4) with texture 3
DEBUG: ===== CANVAS update_sphere_view_vector() CALLED =====
DEBUG: Canvas syncing view_vector with sphere vector_direction: [1. 0. 0.]
DEBUG: Normalized view_vector: [1. 0. 0.]
DEBUG: Red vector direction: [1. 0. 0.]
DEBUG: Normalized view vector: [1.000, 0.000, 0.000]
DEBUG: Red cube position: [2. 0. 2.]
DEBUG: Expected direction to cube: [0.70710678 0.         0.70710678]
DEBUG: Actual view vector: [1. 0. 0.]
DEBUG: Dot product: 0.707
DEBUG: ⚠️ WARNING: View vector not pointing toward cube!
DEBUG: Consider setting vector direction to point toward cube
DEBUG: Suggested vector direction: [2.12132034 0.         2.12132034]
DEBUG: Angle to cube: 45.0° (should be < 30° to be visible)
DEBUG: Cube direction: [0.707, 0.000, 0.707]
DEBUG: 2D screen using perspective projection - FOV: 60.0°
DEBUG: ===== SIMPLE MODE CAMERA SETUP =====
DEBUG: Simple mode sphere_pos: [0. 0. 0.]
DEBUG: Simple mode view_dir: [1. 0. 0.]
DEBUG: Simple mode look_at: [10.  0.  0.]
DEBUG: Cube position: [2. 0. 2.]
DEBUG: Direction to cube: [0.70710678 0.         0.70710678]
DEBUG: View direction: [1. 0. 0.]
DEBUG: Angle between view and cube direction: 45.0° (should be close to 0°)
DEBUG: Are we looking toward cube? False
DEBUG: ==============================================
DEBUG: ===== SIMPLE MODE CUBE ROTATION =====
DEBUG: Simple mode applying cube rotation: [0.0°, 0.0°, 0.0°]
DEBUG: =========================================
DEBUG: Simple 2D screen rendered - reference objects disabled to prevent yellow box artifact
DEBUG: Using perspective projection - FOV: 60.0°
DEBUG: Canvas mode: 'simple', Sphere mode: 'simple'
DEBUG: Sphere screen render check - canvas_enabled: True, canvas_mode: simple, sphere_enabled: True, should_render: False
DEBUG: Sphere skipping screen render (canvas mode: simple)
DEBUG: ===== SIMPLE MODE CUBE ROTATION =====
DEBUG: Simple mode applying cube rotation: [0.0°, 0.0°, 0.0°]
DEBUG: =========================================
DEBUG: ===== CANVAS draw_unified_screen() CALLED =====
DEBUG: screen_enabled: True, screen_render_mode: simple
DEBUG: Canvas drawing simple 2D screen
DEBUG: Drew unified screen in simple mode
DEBUG: Simple mode active - screen shows original 2D framebuffer view
DEBUG: Rendering 2 screens
DEBUG: Rendering screen Original 2D Screen of type screen_2d
DEBUG: ===== SIMPLE MODE CUBE ROTATION =====
DEBUG: Simple mode applying cube rotation: [0.0°, 0.0°, 0.0°]
DEBUG: =========================================
DEBUG: ===== CANVAS draw_unified_screen() CALLED =====
DEBUG: screen_enabled: True, screen_render_mode: simple
DEBUG: Canvas drawing simple 2D screen
DEBUG: Drew unified screen in simple mode
DEBUG: Simple mode active - screen shows original 2D framebuffer view
DEBUG: Rendering MediaScreen Video Screen (istockphoto-482277170-640_adpp_is.mp4) with texture 3
DEBUG: Rendering screen Video Screen (istockphoto-482277170-640_adpp_is.mp4) of type screen_2d
DEBUG: Rendering MediaScreen Video Screen (istockphoto-482277170-640_adpp_is.mp4) with texture 3
DEBUG: ===== CANVAS update_sphere_view_vector() CALLED =====
DEBUG: Canvas syncing view_vector with sphere vector_direction: [1. 0. 0.]
DEBUG: Normalized view_vector: [1. 0. 0.]
DEBUG: Red vector direction: [1. 0. 0.]
DEBUG: Normalized view vector: [1.000, 0.000, 0.000]
DEBUG: Red cube position: [2. 0. 2.]
DEBUG: Expected direction to cube: [0.70710678 0.         0.70710678]
DEBUG: Actual view vector: [1. 0. 0.]
DEBUG: Dot product: 0.707
DEBUG: ⚠️ WARNING: View vector not pointing toward cube!
DEBUG: Consider setting vector direction to point toward cube
DEBUG: Suggested vector direction: [2.12132034 0.         2.12132034]
DEBUG: Angle to cube: 45.0° (should be < 30° to be visible)
DEBUG: Cube direction: [0.707, 0.000, 0.707]
DEBUG: 2D screen using perspective projection - FOV: 60.0°
DEBUG: ===== SIMPLE MODE CAMERA SETUP =====
DEBUG: Simple mode sphere_pos: [0. 0. 0.]
DEBUG: Simple mode view_dir: [1. 0. 0.]
DEBUG: Simple mode look_at: [10.  0.  0.]
DEBUG: Cube position: [2. 0. 2.]
DEBUG: Direction to cube: [0.70710678 0.         0.70710678]
DEBUG: View direction: [1. 0. 0.]
DEBUG: Angle between view and cube direction: 45.0° (should be close to 0°)
DEBUG: Are we looking toward cube? False
DEBUG: ==============================================
DEBUG: ===== SIMPLE MODE CUBE ROTATION =====
DEBUG: Simple mode applying cube rotation: [0.0°, 0.0°, 0.0°]
DEBUG: =========================================
DEBUG: Simple 2D screen rendered - reference objects disabled to prevent yellow box artifact
DEBUG: Using perspective projection - FOV: 60.0°
DEBUG: Canvas mode: 'simple', Sphere mode: 'simple'
DEBUG: Sphere screen render check - canvas_enabled: True, canvas_mode: simple, sphere_enabled: True, should_render: False
DEBUG: Sphere skipping screen render (canvas mode: simple)
DEBUG: ===== SIMPLE MODE CUBE ROTATION =====
DEBUG: Simple mode applying cube rotation: [0.0°, 0.0°, 0.0°]
DEBUG: =========================================
DEBUG: ===== CANVAS draw_unified_screen() CALLED =====
DEBUG: screen_enabled: True, screen_render_mode: simple
DEBUG: Canvas drawing simple 2D screen
DEBUG: Drew unified screen in simple mode
DEBUG: Simple mode active - screen shows original 2D framebuffer view
DEBUG: Rendering 2 screens
DEBUG: Rendering screen Original 2D Screen of type screen_2d
DEBUG: Frame 150, audio: 5.00s, video: 5.00s, sync diff: 0.002s
DEBUG: ===== SIMPLE MODE CUBE ROTATION =====
DEBUG: Simple mode applying cube rotation: [0.0°, 0.0°, 0.0°]
DEBUG: =========================================
DEBUG: ===== CANVAS draw_unified_screen() CALLED =====
DEBUG: screen_enabled: True, screen_render_mode: simple
DEBUG: Canvas drawing simple 2D screen
DEBUG: Drew unified screen in simple mode
DEBUG: Simple mode active - screen shows original 2D framebuffer view
DEBUG: Rendering MediaScreen Video Screen (istockphoto-482277170-640_adpp_is.mp4) with texture 3
DEBUG: Rendering screen Video Screen (istockphoto-482277170-640_adpp_is.mp4) of type screen_2d
DEBUG: Rendering MediaScreen Video Screen (istockphoto-482277170-640_adpp_is.mp4) with texture 3
DEBUG: ===== CANVAS update_sphere_view_vector() CALLED =====
DEBUG: Canvas syncing view_vector with sphere vector_direction: [1. 0. 0.]
DEBUG: Normalized view_vector: [1. 0. 0.]
DEBUG: Red vector direction: [1. 0. 0.]
DEBUG: Normalized view vector: [1.000, 0.000, 0.000]
DEBUG: Red cube position: [2. 0. 2.]
DEBUG: Expected direction to cube: [0.70710678 0.         0.70710678]
DEBUG: Actual view vector: [1. 0. 0.]
DEBUG: Dot product: 0.707
DEBUG: ⚠️ WARNING: View vector not pointing toward cube!
DEBUG: Consider setting vector direction to point toward cube
DEBUG: Suggested vector direction: [2.12132034 0.         2.12132034]
DEBUG: Angle to cube: 45.0° (should be < 30° to be visible)
DEBUG: Cube direction: [0.707, 0.000, 0.707]
DEBUG: 2D screen using perspective projection - FOV: 60.0°
DEBUG: ===== SIMPLE MODE CAMERA SETUP =====
DEBUG: Simple mode sphere_pos: [0. 0. 0.]
DEBUG: Simple mode view_dir: [1. 0. 0.]
DEBUG: Simple mode look_at: [10.  0.  0.]
DEBUG: Cube position: [2. 0. 2.]
DEBUG: Direction to cube: [0.70710678 0.         0.70710678]
DEBUG: View direction: [1. 0. 0.]
DEBUG: Angle between view and cube direction: 45.0° (should be close to 0°)
DEBUG: Are we looking toward cube? False
DEBUG: ==============================================
DEBUG: ===== SIMPLE MODE CUBE ROTATION =====
DEBUG: Simple mode applying cube rotation: [0.0°, 0.0°, 0.0°]
DEBUG: =========================================
DEBUG: Simple 2D screen rendered - reference objects disabled to prevent yellow box artifact
DEBUG: Using perspective projection - FOV: 60.0°
DEBUG: Canvas mode: 'simple', Sphere mode: 'simple'
DEBUG: Sphere screen render check - canvas_enabled: True, canvas_mode: simple, sphere_enabled: True, should_render: False
DEBUG: Sphere skipping screen render (canvas mode: simple)
DEBUG: ===== SIMPLE MODE CUBE ROTATION =====
DEBUG: Simple mode applying cube rotation: [0.0°, 0.0°, 0.0°]
DEBUG: =========================================
DEBUG: ===== CANVAS draw_unified_screen() CALLED =====
DEBUG: screen_enabled: True, screen_render_mode: simple
DEBUG: Canvas drawing simple 2D screen
DEBUG: Drew unified screen in simple mode
DEBUG: Simple mode active - screen shows original 2D framebuffer view
DEBUG: Rendering 2 screens
DEBUG: Rendering screen Original 2D Screen of type screen_2d
DEBUG: ===== SIMPLE MODE CUBE ROTATION =====
DEBUG: Simple mode applying cube rotation: [0.0°, 0.0°, 0.0°]
DEBUG: =========================================
DEBUG: ===== CANVAS draw_unified_screen() CALLED =====
DEBUG: screen_enabled: True, screen_render_mode: simple
DEBUG: Canvas drawing simple 2D screen
DEBUG: Drew unified screen in simple mode
DEBUG: Simple mode active - screen shows original 2D framebuffer view
DEBUG: Rendering MediaScreen Video Screen (istockphoto-482277170-640_adpp_is.mp4) with texture 3
DEBUG: Rendering screen Video Screen (istockphoto-482277170-640_adpp_is.mp4) of type screen_2d
DEBUG: Rendering MediaScreen Video Screen (istockphoto-482277170-640_adpp_is.mp4) with texture 3
DEBUG: ===== CANVAS update_sphere_view_vector() CALLED =====
DEBUG: Canvas syncing view_vector with sphere vector_direction: [1. 0. 0.]
DEBUG: Normalized view_vector: [1. 0. 0.]
DEBUG: Red vector direction: [1. 0. 0.]
DEBUG: Normalized view vector: [1.000, 0.000, 0.000]
DEBUG: Red cube position: [2. 0. 2.]
DEBUG: Expected direction to cube: [0.70710678 0.         0.70710678]
DEBUG: Actual view vector: [1. 0. 0.]
DEBUG: Dot product: 0.707
DEBUG: ⚠️ WARNING: View vector not pointing toward cube!
DEBUG: Consider setting vector direction to point toward cube
DEBUG: Suggested vector direction: [2.12132034 0.         2.12132034]
DEBUG: Angle to cube: 45.0° (should be < 30° to be visible)
DEBUG: Cube direction: [0.707, 0.000, 0.707]
DEBUG: 2D screen using perspective projection - FOV: 60.0°
DEBUG: ===== SIMPLE MODE CAMERA SETUP =====
DEBUG: Simple mode sphere_pos: [0. 0. 0.]
DEBUG: Simple mode view_dir: [1. 0. 0.]
DEBUG: Simple mode look_at: [10.  0.  0.]
DEBUG: Cube position: [2. 0. 2.]
DEBUG: Direction to cube: [0.70710678 0.         0.70710678]
DEBUG: View direction: [1. 0. 0.]
DEBUG: Angle between view and cube direction: 45.0° (should be close to 0°)
DEBUG: Are we looking toward cube? False
DEBUG: ==============================================
DEBUG: ===== SIMPLE MODE CUBE ROTATION =====
DEBUG: Simple mode applying cube rotation: [0.0°, 0.0°, 0.0°]
DEBUG: =========================================
DEBUG: Simple 2D screen rendered - reference objects disabled to prevent yellow box artifact
DEBUG: Using perspective projection - FOV: 60.0°
DEBUG: Canvas mode: 'simple', Sphere mode: 'simple'
DEBUG: Sphere screen render check - canvas_enabled: True, canvas_mode: simple, sphere_enabled: True, should_render: False
DEBUG: Sphere skipping screen render (canvas mode: simple)
DEBUG: ===== SIMPLE MODE CUBE ROTATION =====
DEBUG: Simple mode applying cube rotation: [0.0°, 0.0°, 0.0°]
DEBUG: =========================================
DEBUG: ===== CANVAS draw_unified_screen() CALLED =====
DEBUG: screen_enabled: True, screen_render_mode: simple
DEBUG: Canvas drawing simple 2D screen
DEBUG: Drew unified screen in simple mode
DEBUG: Simple mode active - screen shows original 2D framebuffer view
DEBUG: Rendering 2 screens
DEBUG: Rendering screen Original 2D Screen of type screen_2d
DEBUG: ===== SIMPLE MODE CUBE ROTATION =====
DEBUG: Simple mode applying cube rotation: [0.0°, 0.0°, 0.0°]
DEBUG: =========================================
DEBUG: ===== CANVAS draw_unified_screen() CALLED =====
DEBUG: screen_enabled: True, screen_render_mode: simple
DEBUG: Canvas drawing simple 2D screen
DEBUG: Drew unified screen in simple mode
DEBUG: Simple mode active - screen shows original 2D framebuffer view
DEBUG: Rendering MediaScreen Video Screen (istockphoto-482277170-640_adpp_is.mp4) with texture 3
DEBUG: Rendering screen Video Screen (istockphoto-482277170-640_adpp_is.mp4) of type screen_2d
DEBUG: Rendering MediaScreen Video Screen (istockphoto-482277170-640_adpp_is.mp4) with texture 3
DEBUG: ===== CANVAS update_sphere_view_vector() CALLED =====
DEBUG: Canvas syncing view_vector with sphere vector_direction: [1. 0. 0.]
DEBUG: Normalized view_vector: [1. 0. 0.]
DEBUG: Red vector direction: [1. 0. 0.]
DEBUG: Normalized view vector: [1.000, 0.000, 0.000]
DEBUG: Red cube position: [2. 0. 2.]
DEBUG: Expected direction to cube: [0.70710678 0.         0.70710678]
DEBUG: Actual view vector: [1. 0. 0.]
DEBUG: Dot product: 0.707
DEBUG: ⚠️ WARNING: View vector not pointing toward cube!
DEBUG: Consider setting vector direction to point toward cube
DEBUG: Suggested vector direction: [2.12132034 0.         2.12132034]
DEBUG: Angle to cube: 45.0° (should be < 30° to be visible)
DEBUG: Cube direction: [0.707, 0.000, 0.707]
DEBUG: 2D screen using perspective projection - FOV: 60.0°
DEBUG: ===== SIMPLE MODE CAMERA SETUP =====
DEBUG: Simple mode sphere_pos: [0. 0. 0.]
DEBUG: Simple mode view_dir: [1. 0. 0.]
DEBUG: Simple mode look_at: [10.  0.  0.]
DEBUG: Cube position: [2. 0. 2.]
DEBUG: Direction to cube: [0.70710678 0.         0.70710678]
DEBUG: View direction: [1. 0. 0.]
DEBUG: Angle between view and cube direction: 45.0° (should be close to 0°)
DEBUG: Are we looking toward cube? False
DEBUG: ==============================================
DEBUG: ===== SIMPLE MODE CUBE ROTATION =====
DEBUG: Simple mode applying cube rotation: [0.0°, 0.0°, 0.0°]
DEBUG: =========================================
DEBUG: Simple 2D screen rendered - reference objects disabled to prevent yellow box artifact
DEBUG: Using perspective projection - FOV: 60.0°
DEBUG: Canvas mode: 'simple', Sphere mode: 'simple'
DEBUG: Sphere screen render check - canvas_enabled: True, canvas_mode: simple, sphere_enabled: True, should_render: False
DEBUG: Sphere skipping screen render (canvas mode: simple)
DEBUG: ===== SIMPLE MODE CUBE ROTATION =====
DEBUG: Simple mode applying cube rotation: [0.0°, 0.0°, 0.0°]
DEBUG: =========================================
DEBUG: ===== CANVAS draw_unified_screen() CALLED =====
DEBUG: screen_enabled: True, screen_render_mode: simple
DEBUG: Canvas drawing simple 2D screen
DEBUG: Drew unified screen in simple mode
DEBUG: Simple mode active - screen shows original 2D framebuffer view
DEBUG: Rendering 2 screens
DEBUG: Rendering screen Original 2D Screen of type screen_2d
DEBUG: ===== SIMPLE MODE CUBE ROTATION =====
DEBUG: Simple mode applying cube rotation: [0.0°, 0.0°, 0.0°]
DEBUG: =========================================
DEBUG: ===== CANVAS draw_unified_screen() CALLED =====
DEBUG: screen_enabled: True, screen_render_mode: simple
DEBUG: Canvas drawing simple 2D screen
DEBUG: Drew unified screen in simple mode
DEBUG: Simple mode active - screen shows original 2D framebuffer view
DEBUG: Rendering MediaScreen Video Screen (istockphoto-482277170-640_adpp_is.mp4) with texture 3
DEBUG: Rendering screen Video Screen (istockphoto-482277170-640_adpp_is.mp4) of type screen_2d
DEBUG: Rendering MediaScreen Video Screen (istockphoto-482277170-640_adpp_is.mp4) with texture 3
DEBUG: ===== CANVAS update_sphere_view_vector() CALLED =====
DEBUG: Canvas syncing view_vector with sphere vector_direction: [1. 0. 0.]
DEBUG: Normalized view_vector: [1. 0. 0.]
DEBUG: Red vector direction: [1. 0. 0.]
DEBUG: Normalized view vector: [1.000, 0.000, 0.000]
DEBUG: Red cube position: [2. 0. 2.]
DEBUG: Expected direction to cube: [0.70710678 0.         0.70710678]
DEBUG: Actual view vector: [1. 0. 0.]
DEBUG: Dot product: 0.707
DEBUG: ⚠️ WARNING: View vector not pointing toward cube!
DEBUG: Consider setting vector direction to point toward cube
DEBUG: Suggested vector direction: [2.12132034 0.         2.12132034]
DEBUG: Angle to cube: 45.0° (should be < 30° to be visible)
DEBUG: Cube direction: [0.707, 0.000, 0.707]
DEBUG: 2D screen using perspective projection - FOV: 60.0°
DEBUG: ===== SIMPLE MODE CAMERA SETUP =====
DEBUG: Simple mode sphere_pos: [0. 0. 0.]
DEBUG: Simple mode view_dir: [1. 0. 0.]
DEBUG: Simple mode look_at: [10.  0.  0.]
DEBUG: Cube position: [2. 0. 2.]
DEBUG: Direction to cube: [0.70710678 0.         0.70710678]
DEBUG: View direction: [1. 0. 0.]
DEBUG: Angle between view and cube direction: 45.0° (should be close to 0°)
DEBUG: Are we looking toward cube? False
DEBUG: ==============================================
DEBUG: ===== SIMPLE MODE CUBE ROTATION =====
DEBUG: Simple mode applying cube rotation: [0.0°, 0.0°, 0.0°]
DEBUG: =========================================
DEBUG: Simple 2D screen rendered - reference objects disabled to prevent yellow box artifact
DEBUG: Using perspective projection - FOV: 60.0°
DEBUG: Canvas mode: 'simple', Sphere mode: 'simple'
DEBUG: Sphere screen render check - canvas_enabled: True, canvas_mode: simple, sphere_enabled: True, should_render: False
DEBUG: Sphere skipping screen render (canvas mode: simple)
DEBUG: ===== SIMPLE MODE CUBE ROTATION =====
DEBUG: Simple mode applying cube rotation: [0.0°, 0.0°, 0.0°]
DEBUG: =========================================
DEBUG: ===== CANVAS draw_unified_screen() CALLED =====
DEBUG: screen_enabled: True, screen_render_mode: simple
DEBUG: Canvas drawing simple 2D screen
DEBUG: Drew unified screen in simple mode
DEBUG: Simple mode active - screen shows original 2D framebuffer view
DEBUG: Rendering 2 screens
DEBUG: Rendering screen Original 2D Screen of type screen_2d
DEBUG: ===== SIMPLE MODE CUBE ROTATION =====
DEBUG: Simple mode applying cube rotation: [0.0°, 0.0°, 0.0°]
DEBUG: =========================================
DEBUG: ===== CANVAS draw_unified_screen() CALLED =====
DEBUG: screen_enabled: True, screen_render_mode: simple
DEBUG: Canvas drawing simple 2D screen
DEBUG: Drew unified screen in simple mode
DEBUG: Simple mode active - screen shows original 2D framebuffer view
DEBUG: Rendering MediaScreen Video Screen (istockphoto-482277170-640_adpp_is.mp4) with texture 3
DEBUG: Rendering screen Video Screen (istockphoto-482277170-640_adpp_is.mp4) of type screen_2d
DEBUG: Rendering MediaScreen Video Screen (istockphoto-482277170-640_adpp_is.mp4) with texture 3
DEBUG: ===== CANVAS update_sphere_view_vector() CALLED =====
DEBUG: Canvas syncing view_vector with sphere vector_direction: [1. 0. 0.]
DEBUG: Normalized view_vector: [1. 0. 0.]
DEBUG: Red vector direction: [1. 0. 0.]
DEBUG: Normalized view vector: [1.000, 0.000, 0.000]
DEBUG: Red cube position: [2. 0. 2.]
DEBUG: Expected direction to cube: [0.70710678 0.         0.70710678]
DEBUG: Actual view vector: [1. 0. 0.]
DEBUG: Dot product: 0.707
DEBUG: ⚠️ WARNING: View vector not pointing toward cube!
DEBUG: Consider setting vector direction to point toward cube
DEBUG: Suggested vector direction: [2.12132034 0.         2.12132034]
DEBUG: Angle to cube: 45.0° (should be < 30° to be visible)
DEBUG: Cube direction: [0.707, 0.000, 0.707]
DEBUG: 2D screen using perspective projection - FOV: 60.0°
DEBUG: ===== SIMPLE MODE CAMERA SETUP =====
DEBUG: Simple mode sphere_pos: [0. 0. 0.]
DEBUG: Simple mode view_dir: [1. 0. 0.]
DEBUG: Simple mode look_at: [10.  0.  0.]
DEBUG: Cube position: [2. 0. 2.]
DEBUG: Direction to cube: [0.70710678 0.         0.70710678]
DEBUG: View direction: [1. 0. 0.]
DEBUG: Angle between view and cube direction: 45.0° (should be close to 0°)
DEBUG: Are we looking toward cube? False
DEBUG: ==============================================
DEBUG: ===== SIMPLE MODE CUBE ROTATION =====
DEBUG: Simple mode applying cube rotation: [0.0°, 0.0°, 0.0°]
DEBUG: =========================================
DEBUG: Simple 2D screen rendered - reference objects disabled to prevent yellow box artifact
DEBUG: Using perspective projection - FOV: 60.0°
DEBUG: Canvas mode: 'simple', Sphere mode: 'simple'
DEBUG: Sphere screen render check - canvas_enabled: True, canvas_mode: simple, sphere_enabled: True, should_render: False
DEBUG: Sphere skipping screen render (canvas mode: simple)
DEBUG: ===== SIMPLE MODE CUBE ROTATION =====
DEBUG: Simple mode applying cube rotation: [0.0°, 0.0°, 0.0°]
DEBUG: =========================================
DEBUG: ===== CANVAS draw_unified_screen() CALLED =====
DEBUG: screen_enabled: True, screen_render_mode: simple
DEBUG: Canvas drawing simple 2D screen
DEBUG: Drew unified screen in simple mode
DEBUG: Simple mode active - screen shows original 2D framebuffer view
DEBUG: Rendering 2 screens
DEBUG: Rendering screen Original 2D Screen of type screen_2d
DEBUG: ===== SIMPLE MODE CUBE ROTATION =====
DEBUG: Simple mode applying cube rotation: [0.0°, 0.0°, 0.0°]
DEBUG: =========================================
DEBUG: ===== CANVAS draw_unified_screen() CALLED =====
DEBUG: screen_enabled: True, screen_render_mode: simple
DEBUG: Canvas drawing simple 2D screen
DEBUG: Drew unified screen in simple mode
DEBUG: Simple mode active - screen shows original 2D framebuffer view
DEBUG: Rendering MediaScreen Video Screen (istockphoto-482277170-640_adpp_is.mp4) with texture 3
DEBUG: Rendering screen Video Screen (istockphoto-482277170-640_adpp_is.mp4) of type screen_2d
DEBUG: Rendering MediaScreen Video Screen (istockphoto-482277170-640_adpp_is.mp4) with texture 3
DEBUG: ===== CANVAS update_sphere_view_vector() CALLED =====
DEBUG: Canvas syncing view_vector with sphere vector_direction: [1. 0. 0.]
DEBUG: Normalized view_vector: [1. 0. 0.]
DEBUG: Red vector direction: [1. 0. 0.]
DEBUG: Normalized view vector: [1.000, 0.000, 0.000]
DEBUG: Red cube position: [2. 0. 2.]
DEBUG: Expected direction to cube: [0.70710678 0.         0.70710678]
DEBUG: Actual view vector: [1. 0. 0.]
DEBUG: Dot product: 0.707
DEBUG: ⚠️ WARNING: View vector not pointing toward cube!
DEBUG: Consider setting vector direction to point toward cube
DEBUG: Suggested vector direction: [2.12132034 0.         2.12132034]
DEBUG: Angle to cube: 45.0° (should be < 30° to be visible)
DEBUG: Cube direction: [0.707, 0.000, 0.707]
DEBUG: 2D screen using perspective projection - FOV: 60.0°
DEBUG: ===== SIMPLE MODE CAMERA SETUP =====
DEBUG: Simple mode sphere_pos: [0. 0. 0.]
DEBUG: Simple mode view_dir: [1. 0. 0.]
DEBUG: Simple mode look_at: [10.  0.  0.]
DEBUG: Cube position: [2. 0. 2.]
DEBUG: Direction to cube: [0.70710678 0.         0.70710678]
DEBUG: View direction: [1. 0. 0.]
DEBUG: Angle between view and cube direction: 45.0° (should be close to 0°)
DEBUG: Are we looking toward cube? False
DEBUG: ==============================================
DEBUG: ===== SIMPLE MODE CUBE ROTATION =====
DEBUG: Simple mode applying cube rotation: [0.0°, 0.0°, 0.0°]
DEBUG: =========================================
DEBUG: Simple 2D screen rendered - reference objects disabled to prevent yellow box artifact
DEBUG: Using perspective projection - FOV: 60.0°
DEBUG: Canvas mode: 'simple', Sphere mode: 'simple'
DEBUG: Sphere screen render check - canvas_enabled: True, canvas_mode: simple, sphere_enabled: True, should_render: False
DEBUG: Sphere skipping screen render (canvas mode: simple)
DEBUG: ===== SIMPLE MODE CUBE ROTATION =====
DEBUG: Simple mode applying cube rotation: [0.0°, 0.0°, 0.0°]
DEBUG: =========================================
DEBUG: ===== CANVAS draw_unified_screen() CALLED =====
DEBUG: screen_enabled: True, screen_render_mode: simple
DEBUG: Canvas drawing simple 2D screen
DEBUG: Drew unified screen in simple mode
DEBUG: Simple mode active - screen shows original 2D framebuffer view
DEBUG: Rendering 2 screens
DEBUG: Rendering screen Original 2D Screen of type screen_2d
DEBUG: ===== SIMPLE MODE CUBE ROTATION =====
DEBUG: Simple mode applying cube rotation: [0.0°, 0.0°, 0.0°]
DEBUG: =========================================
DEBUG: ===== CANVAS draw_unified_screen() CALLED =====
DEBUG: screen_enabled: True, screen_render_mode: simple
DEBUG: Canvas drawing simple 2D screen
DEBUG: Drew unified screen in simple mode
DEBUG: Simple mode active - screen shows original 2D framebuffer view
DEBUG: Rendering MediaScreen Video Screen (istockphoto-482277170-640_adpp_is.mp4) with texture 3
DEBUG: Rendering screen Video Screen (istockphoto-482277170-640_adpp_is.mp4) of type screen_2d
DEBUG: Rendering MediaScreen Video Screen (istockphoto-482277170-640_adpp_is.mp4) with texture 3
DEBUG: ===== CANVAS update_sphere_view_vector() CALLED =====
DEBUG: Canvas syncing view_vector with sphere vector_direction: [1. 0. 0.]
DEBUG: Normalized view_vector: [1. 0. 0.]
DEBUG: Red vector direction: [1. 0. 0.]
DEBUG: Normalized view vector: [1.000, 0.000, 0.000]
DEBUG: Red cube position: [2. 0. 2.]
DEBUG: Expected direction to cube: [0.70710678 0.         0.70710678]
DEBUG: Actual view vector: [1. 0. 0.]
DEBUG: Dot product: 0.707
DEBUG: ⚠️ WARNING: View vector not pointing toward cube!
DEBUG: Consider setting vector direction to point toward cube
DEBUG: Suggested vector direction: [2.12132034 0.         2.12132034]
DEBUG: Angle to cube: 45.0° (should be < 30° to be visible)
DEBUG: Cube direction: [0.707, 0.000, 0.707]
DEBUG: 2D screen using perspective projection - FOV: 60.0°
DEBUG: ===== SIMPLE MODE CAMERA SETUP =====
DEBUG: Simple mode sphere_pos: [0. 0. 0.]
DEBUG: Simple mode view_dir: [1. 0. 0.]
DEBUG: Simple mode look_at: [10.  0.  0.]
DEBUG: Cube position: [2. 0. 2.]
DEBUG: Direction to cube: [0.70710678 0.         0.70710678]
DEBUG: View direction: [1. 0. 0.]
DEBUG: Angle between view and cube direction: 45.0° (should be close to 0°)
DEBUG: Are we looking toward cube? False
DEBUG: ==============================================
DEBUG: ===== SIMPLE MODE CUBE ROTATION =====
DEBUG: Simple mode applying cube rotation: [0.0°, 0.0°, 0.0°]
DEBUG: =========================================
DEBUG: Simple 2D screen rendered - reference objects disabled to prevent yellow box artifact
DEBUG: Using perspective projection - FOV: 60.0°
DEBUG: Canvas mode: 'simple', Sphere mode: 'simple'
DEBUG: Sphere screen render check - canvas_enabled: True, canvas_mode: simple, sphere_enabled: True, should_render: False
DEBUG: Sphere skipping screen render (canvas mode: simple)
DEBUG: ===== SIMPLE MODE CUBE ROTATION =====
DEBUG: Simple mode applying cube rotation: [0.0°, 0.0°, 0.0°]
DEBUG: =========================================
DEBUG: ===== CANVAS draw_unified_screen() CALLED =====
DEBUG: screen_enabled: True, screen_render_mode: simple
DEBUG: Canvas drawing simple 2D screen
DEBUG: Drew unified screen in simple mode
DEBUG: Simple mode active - screen shows original 2D framebuffer view
DEBUG: Rendering 2 screens
DEBUG: Rendering screen Original 2D Screen of type screen_2d
DEBUG: ===== SIMPLE MODE CUBE ROTATION =====
DEBUG: Simple mode applying cube rotation: [0.0°, 0.0°, 0.0°]
DEBUG: =========================================
DEBUG: ===== CANVAS draw_unified_screen() CALLED =====
DEBUG: screen_enabled: True, screen_render_mode: simple
DEBUG: Canvas drawing simple 2D screen
DEBUG: Drew unified screen in simple mode
DEBUG: Simple mode active - screen shows original 2D framebuffer view
DEBUG: Rendering MediaScreen Video Screen (istockphoto-482277170-640_adpp_is.mp4) with texture 3
DEBUG: Rendering screen Video Screen (istockphoto-482277170-640_adpp_is.mp4) of type screen_2d
DEBUG: Rendering MediaScreen Video Screen (istockphoto-482277170-640_adpp_is.mp4) with texture 3
DEBUG: ===== CANVAS update_sphere_view_vector() CALLED =====
DEBUG: Canvas syncing view_vector with sphere vector_direction: [1. 0. 0.]
DEBUG: Normalized view_vector: [1. 0. 0.]
DEBUG: Red vector direction: [1. 0. 0.]
DEBUG: Normalized view vector: [1.000, 0.000, 0.000]
DEBUG: Red cube position: [2. 0. 2.]
DEBUG: Expected direction to cube: [0.70710678 0.         0.70710678]
DEBUG: Actual view vector: [1. 0. 0.]
DEBUG: Dot product: 0.707
DEBUG: ⚠️ WARNING: View vector not pointing toward cube!
DEBUG: Consider setting vector direction to point toward cube
DEBUG: Suggested vector direction: [2.12132034 0.         2.12132034]
DEBUG: Angle to cube: 45.0° (should be < 30° to be visible)
DEBUG: Cube direction: [0.707, 0.000, 0.707]
DEBUG: 2D screen using perspective projection - FOV: 60.0°
DEBUG: ===== SIMPLE MODE CAMERA SETUP =====
DEBUG: Simple mode sphere_pos: [0. 0. 0.]
DEBUG: Simple mode view_dir: [1. 0. 0.]
DEBUG: Simple mode look_at: [10.  0.  0.]
DEBUG: Cube position: [2. 0. 2.]
DEBUG: Direction to cube: [0.70710678 0.         0.70710678]
DEBUG: View direction: [1. 0. 0.]
DEBUG: Angle between view and cube direction: 45.0° (should be close to 0°)
DEBUG: Are we looking toward cube? False
DEBUG: ==============================================
DEBUG: ===== SIMPLE MODE CUBE ROTATION =====
DEBUG: Simple mode applying cube rotation: [0.0°, 0.0°, 0.0°]
DEBUG: =========================================
DEBUG: Simple 2D screen rendered - reference objects disabled to prevent yellow box artifact
DEBUG: Using perspective projection - FOV: 60.0°
DEBUG: Canvas mode: 'simple', Sphere mode: 'simple'
DEBUG: Sphere screen render check - canvas_enabled: True, canvas_mode: simple, sphere_enabled: True, should_render: False
DEBUG: Sphere skipping screen render (canvas mode: simple)
DEBUG: ===== SIMPLE MODE CUBE ROTATION =====
DEBUG: Simple mode applying cube rotation: [0.0°, 0.0°, 0.0°]
DEBUG: =========================================
DEBUG: ===== CANVAS draw_unified_screen() CALLED =====
DEBUG: screen_enabled: True, screen_render_mode: simple
DEBUG: Canvas drawing simple 2D screen
DEBUG: Drew unified screen in simple mode
DEBUG: Simple mode active - screen shows original 2D framebuffer view
DEBUG: Rendering 2 screens
DEBUG: Rendering screen Original 2D Screen of type screen_2d
DEBUG: ===== SIMPLE MODE CUBE ROTATION =====
DEBUG: Simple mode applying cube rotation: [0.0°, 0.0°, 0.0°]
DEBUG: =========================================
DEBUG: ===== CANVAS draw_unified_screen() CALLED =====
DEBUG: screen_enabled: True, screen_render_mode: simple
DEBUG: Canvas drawing simple 2D screen
DEBUG: Drew unified screen in simple mode
DEBUG: Simple mode active - screen shows original 2D framebuffer view
DEBUG: Rendering MediaScreen Video Screen (istockphoto-482277170-640_adpp_is.mp4) with texture 3
DEBUG: Rendering screen Video Screen (istockphoto-482277170-640_adpp_is.mp4) of type screen_2d
DEBUG: Rendering MediaScreen Video Screen (istockphoto-482277170-640_adpp_is.mp4) with texture 3
DEBUG: ===== CANVAS update_sphere_view_vector() CALLED =====
DEBUG: Canvas syncing view_vector with sphere vector_direction: [1. 0. 0.]
DEBUG: Normalized view_vector: [1. 0. 0.]
DEBUG: Red vector direction: [1. 0. 0.]
DEBUG: Normalized view vector: [1.000, 0.000, 0.000]
DEBUG: Red cube position: [2. 0. 2.]
DEBUG: Expected direction to cube: [0.70710678 0.         0.70710678]
DEBUG: Actual view vector: [1. 0. 0.]
DEBUG: Dot product: 0.707
DEBUG: ⚠️ WARNING: View vector not pointing toward cube!
DEBUG: Consider setting vector direction to point toward cube
DEBUG: Suggested vector direction: [2.12132034 0.         2.12132034]
DEBUG: Angle to cube: 45.0° (should be < 30° to be visible)
DEBUG: Cube direction: [0.707, 0.000, 0.707]
DEBUG: 2D screen using perspective projection - FOV: 60.0°
DEBUG: ===== SIMPLE MODE CAMERA SETUP =====
DEBUG: Simple mode sphere_pos: [0. 0. 0.]
DEBUG: Simple mode view_dir: [1. 0. 0.]
DEBUG: Simple mode look_at: [10.  0.  0.]
DEBUG: Cube position: [2. 0. 2.]
DEBUG: Direction to cube: [0.70710678 0.         0.70710678]
DEBUG: View direction: [1. 0. 0.]
DEBUG: Angle between view and cube direction: 45.0° (should be close to 0°)
DEBUG: Are we looking toward cube? False
DEBUG: ==============================================
DEBUG: ===== SIMPLE MODE CUBE ROTATION =====
DEBUG: Simple mode applying cube rotation: [0.0°, 0.0°, 0.0°]
DEBUG: =========================================
DEBUG: Simple 2D screen rendered - reference objects disabled to prevent yellow box artifact
DEBUG: Using perspective projection - FOV: 60.0°
DEBUG: Canvas mode: 'simple', Sphere mode: 'simple'
DEBUG: Sphere screen render check - canvas_enabled: True, canvas_mode: simple, sphere_enabled: True, should_render: False
DEBUG: Sphere skipping screen render (canvas mode: simple)
DEBUG: ===== SIMPLE MODE CUBE ROTATION =====
DEBUG: Simple mode applying cube rotation: [0.0°, 0.0°, 0.0°]
DEBUG: =========================================
DEBUG: ===== CANVAS draw_unified_screen() CALLED =====
DEBUG: screen_enabled: True, screen_render_mode: simple
DEBUG: Canvas drawing simple 2D screen
DEBUG: Drew unified screen in simple mode
DEBUG: Simple mode active - screen shows original 2D framebuffer view
DEBUG: Rendering 2 screens
DEBUG: Rendering screen Original 2D Screen of type screen_2d
DEBUG: ===== SIMPLE MODE CUBE ROTATION =====
DEBUG: Simple mode applying cube rotation: [0.0°, 0.0°, 0.0°]
DEBUG: =========================================
DEBUG: ===== CANVAS draw_unified_screen() CALLED =====
DEBUG: screen_enabled: True, screen_render_mode: simple
DEBUG: Canvas drawing simple 2D screen
DEBUG: Drew unified screen in simple mode
DEBUG: Simple mode active - screen shows original 2D framebuffer view
DEBUG: Rendering MediaScreen Video Screen (istockphoto-482277170-640_adpp_is.mp4) with texture 3
DEBUG: Rendering screen Video Screen (istockphoto-482277170-640_adpp_is.mp4) of type screen_2d
DEBUG: Rendering MediaScreen Video Screen (istockphoto-482277170-640_adpp_is.mp4) with texture 3
DEBUG: ===== CANVAS update_sphere_view_vector() CALLED =====
DEBUG: Canvas syncing view_vector with sphere vector_direction: [1. 0. 0.]
DEBUG: Normalized view_vector: [1. 0. 0.]
DEBUG: Red vector direction: [1. 0. 0.]
DEBUG: Normalized view vector: [1.000, 0.000, 0.000]
DEBUG: Red cube position: [2. 0. 2.]
DEBUG: Expected direction to cube: [0.70710678 0.         0.70710678]
DEBUG: Actual view vector: [1. 0. 0.]
DEBUG: Dot product: 0.707
DEBUG: ⚠️ WARNING: View vector not pointing toward cube!
DEBUG: Consider setting vector direction to point toward cube
DEBUG: Suggested vector direction: [2.12132034 0.         2.12132034]
DEBUG: Angle to cube: 45.0° (should be < 30° to be visible)
DEBUG: Cube direction: [0.707, 0.000, 0.707]
DEBUG: 2D screen using perspective projection - FOV: 60.0°
DEBUG: ===== SIMPLE MODE CAMERA SETUP =====
DEBUG: Simple mode sphere_pos: [0. 0. 0.]
DEBUG: Simple mode view_dir: [1. 0. 0.]
DEBUG: Simple mode look_at: [10.  0.  0.]
DEBUG: Cube position: [2. 0. 2.]
DEBUG: Direction to cube: [0.70710678 0.         0.70710678]
DEBUG: View direction: [1. 0. 0.]
DEBUG: Angle between view and cube direction: 45.0° (should be close to 0°)
DEBUG: Are we looking toward cube? False
DEBUG: ==============================================
DEBUG: ===== SIMPLE MODE CUBE ROTATION =====
DEBUG: Simple mode applying cube rotation: [0.0°, 0.0°, 0.0°]
DEBUG: =========================================
DEBUG: Simple 2D screen rendered - reference objects disabled to prevent yellow box artifact
DEBUG: Using perspective projection - FOV: 60.0°
DEBUG: Canvas mode: 'simple', Sphere mode: 'simple'
DEBUG: Sphere screen render check - canvas_enabled: True, canvas_mode: simple, sphere_enabled: True, should_render: False
DEBUG: Sphere skipping screen render (canvas mode: simple)
DEBUG: ===== SIMPLE MODE CUBE ROTATION =====
DEBUG: Simple mode applying cube rotation: [0.0°, 0.0°, 0.0°]
DEBUG: =========================================
DEBUG: ===== CANVAS draw_unified_screen() CALLED =====
DEBUG: screen_enabled: True, screen_render_mode: simple
DEBUG: Canvas drawing simple 2D screen
DEBUG: Drew unified screen in simple mode
DEBUG: Simple mode active - screen shows original 2D framebuffer view
DEBUG: Rendering 2 screens
DEBUG: Rendering screen Original 2D Screen of type screen_2d
DEBUG: ===== SIMPLE MODE CUBE ROTATION =====
DEBUG: Simple mode applying cube rotation: [0.0°, 0.0°, 0.0°]
DEBUG: =========================================
DEBUG: ===== CANVAS draw_unified_screen() CALLED =====
DEBUG: screen_enabled: True, screen_render_mode: simple
DEBUG: Canvas drawing simple 2D screen
DEBUG: Drew unified screen in simple mode
DEBUG: Simple mode active - screen shows original 2D framebuffer view
DEBUG: Rendering MediaScreen Video Screen (istockphoto-482277170-640_adpp_is.mp4) with texture 3
DEBUG: Rendering screen Video Screen (istockphoto-482277170-640_adpp_is.mp4) of type screen_2d
DEBUG: Rendering MediaScreen Video Screen (istockphoto-482277170-640_adpp_is.mp4) with texture 3
DEBUG: ===== CANVAS update_sphere_view_vector() CALLED =====
DEBUG: Canvas syncing view_vector with sphere vector_direction: [1. 0. 0.]
DEBUG: Normalized view_vector: [1. 0. 0.]
DEBUG: Red vector direction: [1. 0. 0.]
DEBUG: Normalized view vector: [1.000, 0.000, 0.000]
DEBUG: Red cube position: [2. 0. 2.]
DEBUG: Expected direction to cube: [0.70710678 0.         0.70710678]
DEBUG: Actual view vector: [1. 0. 0.]
DEBUG: Dot product: 0.707
DEBUG: ⚠️ WARNING: View vector not pointing toward cube!
DEBUG: Consider setting vector direction to point toward cube
DEBUG: Suggested vector direction: [2.12132034 0.         2.12132034]
DEBUG: Angle to cube: 45.0° (should be < 30° to be visible)
DEBUG: Cube direction: [0.707, 0.000, 0.707]
DEBUG: 2D screen using perspective projection - FOV: 60.0°
DEBUG: ===== SIMPLE MODE CAMERA SETUP =====
DEBUG: Simple mode sphere_pos: [0. 0. 0.]
DEBUG: Simple mode view_dir: [1. 0. 0.]
DEBUG: Simple mode look_at: [10.  0.  0.]
DEBUG: Cube position: [2. 0. 2.]
DEBUG: Direction to cube: [0.70710678 0.         0.70710678]
DEBUG: View direction: [1. 0. 0.]
DEBUG: Angle between view and cube direction: 45.0° (should be close to 0°)
DEBUG: Are we looking toward cube? False
DEBUG: ==============================================
DEBUG: ===== SIMPLE MODE CUBE ROTATION =====
DEBUG: Simple mode applying cube rotation: [0.0°, 0.0°, 0.0°]
DEBUG: =========================================
DEBUG: Simple 2D screen rendered - reference objects disabled to prevent yellow box artifact
DEBUG: Using perspective projection - FOV: 60.0°
DEBUG: Canvas mode: 'simple', Sphere mode: 'simple'
DEBUG: Sphere screen render check - canvas_enabled: True, canvas_mode: simple, sphere_enabled: True, should_render: False
DEBUG: Sphere skipping screen render (canvas mode: simple)
DEBUG: ===== SIMPLE MODE CUBE ROTATION =====
DEBUG: Simple mode applying cube rotation: [0.0°, 0.0°, 0.0°]
DEBUG: =========================================
DEBUG: ===== CANVAS draw_unified_screen() CALLED =====
DEBUG: screen_enabled: True, screen_render_mode: simple
DEBUG: Canvas drawing simple 2D screen
DEBUG: Drew unified screen in simple mode
DEBUG: Simple mode active - screen shows original 2D framebuffer view
DEBUG: Rendering 2 screens
DEBUG: Rendering screen Original 2D Screen of type screen_2d
DEBUG: ===== SIMPLE MODE CUBE ROTATION =====
DEBUG: Simple mode applying cube rotation: [0.0°, 0.0°, 0.0°]
DEBUG: =========================================
DEBUG: ===== CANVAS draw_unified_screen() CALLED =====
DEBUG: screen_enabled: True, screen_render_mode: simple
DEBUG: Canvas drawing simple 2D screen
DEBUG: Drew unified screen in simple mode
DEBUG: Simple mode active - screen shows original 2D framebuffer view
DEBUG: Rendering MediaScreen Video Screen (istockphoto-482277170-640_adpp_is.mp4) with texture 3
DEBUG: Rendering screen Video Screen (istockphoto-482277170-640_adpp_is.mp4) of type screen_2d
DEBUG: Rendering MediaScreen Video Screen (istockphoto-482277170-640_adpp_is.mp4) with texture 3
DEBUG: ===== CANVAS update_sphere_view_vector() CALLED =====
DEBUG: Canvas syncing view_vector with sphere vector_direction: [1. 0. 0.]
DEBUG: Normalized view_vector: [1. 0. 0.]
DEBUG: Red vector direction: [1. 0. 0.]
DEBUG: Normalized view vector: [1.000, 0.000, 0.000]
DEBUG: Red cube position: [2. 0. 2.]
DEBUG: Expected direction to cube: [0.70710678 0.         0.70710678]
DEBUG: Actual view vector: [1. 0. 0.]
DEBUG: Dot product: 0.707
DEBUG: ⚠️ WARNING: View vector not pointing toward cube!
DEBUG: Consider setting vector direction to point toward cube
DEBUG: Suggested vector direction: [2.12132034 0.         2.12132034]
DEBUG: Angle to cube: 45.0° (should be < 30° to be visible)
DEBUG: Cube direction: [0.707, 0.000, 0.707]
DEBUG: 2D screen using perspective projection - FOV: 60.0°
DEBUG: ===== SIMPLE MODE CAMERA SETUP =====
DEBUG: Simple mode sphere_pos: [0. 0. 0.]
DEBUG: Simple mode view_dir: [1. 0. 0.]
DEBUG: Simple mode look_at: [10.  0.  0.]
DEBUG: Cube position: [2. 0. 2.]
DEBUG: Direction to cube: [0.70710678 0.         0.70710678]
DEBUG: View direction: [1. 0. 0.]
DEBUG: Angle between view and cube direction: 45.0° (should be close to 0°)
DEBUG: Are we looking toward cube? False
DEBUG: ==============================================
DEBUG: ===== SIMPLE MODE CUBE ROTATION =====
DEBUG: Simple mode applying cube rotation: [0.0°, 0.0°, 0.0°]
DEBUG: =========================================
DEBUG: Simple 2D screen rendered - reference objects disabled to prevent yellow box artifact
DEBUG: Using perspective projection - FOV: 60.0°
DEBUG: Canvas mode: 'simple', Sphere mode: 'simple'
DEBUG: Sphere screen render check - canvas_enabled: True, canvas_mode: simple, sphere_enabled: True, should_render: False
DEBUG: Sphere skipping screen render (canvas mode: simple)
DEBUG: ===== SIMPLE MODE CUBE ROTATION =====
DEBUG: Simple mode applying cube rotation: [0.0°, 0.0°, 0.0°]
DEBUG: =========================================
DEBUG: ===== CANVAS draw_unified_screen() CALLED =====
DEBUG: screen_enabled: True, screen_render_mode: simple
DEBUG: Canvas drawing simple 2D screen
DEBUG: Drew unified screen in simple mode
DEBUG: Simple mode active - screen shows original 2D framebuffer view
DEBUG: Rendering 2 screens
DEBUG: Rendering screen Original 2D Screen of type screen_2d
DEBUG: ===== SIMPLE MODE CUBE ROTATION =====
DEBUG: Simple mode applying cube rotation: [0.0°, 0.0°, 0.0°]
DEBUG: =========================================
DEBUG: ===== CANVAS draw_unified_screen() CALLED =====
DEBUG: screen_enabled: True, screen_render_mode: simple
DEBUG: Canvas drawing simple 2D screen
DEBUG: Drew unified screen in simple mode
DEBUG: Simple mode active - screen shows original 2D framebuffer view
DEBUG: Rendering MediaScreen Video Screen (istockphoto-482277170-640_adpp_is.mp4) with texture 3
DEBUG: Rendering screen Video Screen (istockphoto-482277170-640_adpp_is.mp4) of type screen_2d
DEBUG: Rendering MediaScreen Video Screen (istockphoto-482277170-640_adpp_is.mp4) with texture 3
DEBUG: ===== CANVAS update_sphere_view_vector() CALLED =====
DEBUG: Canvas syncing view_vector with sphere vector_direction: [1. 0. 0.]
DEBUG: Normalized view_vector: [1. 0. 0.]
DEBUG: Red vector direction: [1. 0. 0.]
DEBUG: Normalized view vector: [1.000, 0.000, 0.000]
DEBUG: Red cube position: [2. 0. 2.]
DEBUG: Expected direction to cube: [0.70710678 0.         0.70710678]
DEBUG: Actual view vector: [1. 0. 0.]
DEBUG: Dot product: 0.707
DEBUG: ⚠️ WARNING: View vector not pointing toward cube!
DEBUG: Consider setting vector direction to point toward cube
DEBUG: Suggested vector direction: [2.12132034 0.         2.12132034]
DEBUG: Angle to cube: 45.0° (should be < 30° to be visible)
DEBUG: Cube direction: [0.707, 0.000, 0.707]
DEBUG: 2D screen using perspective projection - FOV: 60.0°
DEBUG: ===== SIMPLE MODE CAMERA SETUP =====
DEBUG: Simple mode sphere_pos: [0. 0. 0.]
DEBUG: Simple mode view_dir: [1. 0. 0.]
DEBUG: Simple mode look_at: [10.  0.  0.]
DEBUG: Cube position: [2. 0. 2.]
DEBUG: Direction to cube: [0.70710678 0.         0.70710678]
DEBUG: View direction: [1. 0. 0.]
DEBUG: Angle between view and cube direction: 45.0° (should be close to 0°)
DEBUG: Are we looking toward cube? False
DEBUG: ==============================================
DEBUG: ===== SIMPLE MODE CUBE ROTATION =====
DEBUG: Simple mode applying cube rotation: [0.0°, 0.0°, 0.0°]
DEBUG: =========================================
DEBUG: Simple 2D screen rendered - reference objects disabled to prevent yellow box artifact
DEBUG: Using perspective projection - FOV: 60.0°
DEBUG: Canvas mode: 'simple', Sphere mode: 'simple'
DEBUG: Sphere screen render check - canvas_enabled: True, canvas_mode: simple, sphere_enabled: True, should_render: False
DEBUG: Sphere skipping screen render (canvas mode: simple)
DEBUG: ===== SIMPLE MODE CUBE ROTATION =====
DEBUG: Simple mode applying cube rotation: [0.0°, 0.0°, 0.0°]
DEBUG: =========================================
DEBUG: ===== CANVAS draw_unified_screen() CALLED =====
DEBUG: screen_enabled: True, screen_render_mode: simple
DEBUG: Canvas drawing simple 2D screen
DEBUG: Drew unified screen in simple mode
DEBUG: Simple mode active - screen shows original 2D framebuffer view
DEBUG: Rendering 2 screens
DEBUG: Rendering screen Original 2D Screen of type screen_2d
DEBUG: ===== SIMPLE MODE CUBE ROTATION =====
DEBUG: Simple mode applying cube rotation: [0.0°, 0.0°, 0.0°]
DEBUG: =========================================
DEBUG: ===== CANVAS draw_unified_screen() CALLED =====
DEBUG: screen_enabled: True, screen_render_mode: simple
DEBUG: Canvas drawing simple 2D screen
DEBUG: Drew unified screen in simple mode
DEBUG: Simple mode active - screen shows original 2D framebuffer view
DEBUG: Rendering MediaScreen Video Screen (istockphoto-482277170-640_adpp_is.mp4) with texture 3
DEBUG: Rendering screen Video Screen (istockphoto-482277170-640_adpp_is.mp4) of type screen_2d
DEBUG: Rendering MediaScreen Video Screen (istockphoto-482277170-640_adpp_is.mp4) with texture 3
DEBUG: Frame 180, audio: 6.00s, video: 6.00s, sync diff: 0.001s
DEBUG: ===== CANVAS update_sphere_view_vector() CALLED =====
DEBUG: Canvas syncing view_vector with sphere vector_direction: [1. 0. 0.]
DEBUG: Normalized view_vector: [1. 0. 0.]
DEBUG: Red vector direction: [1. 0. 0.]
DEBUG: Normalized view vector: [1.000, 0.000, 0.000]
DEBUG: Red cube position: [2. 0. 2.]
DEBUG: Expected direction to cube: [0.70710678 0.         0.70710678]
DEBUG: Actual view vector: [1. 0. 0.]
DEBUG: Dot product: 0.707
DEBUG: ⚠️ WARNING: View vector not pointing toward cube!
DEBUG: Consider setting vector direction to point toward cube
DEBUG: Suggested vector direction: [2.12132034 0.         2.12132034]
DEBUG: Angle to cube: 45.0° (should be < 30° to be visible)
DEBUG: Cube direction: [0.707, 0.000, 0.707]
DEBUG: 2D screen using perspective projection - FOV: 60.0°
DEBUG: ===== SIMPLE MODE CAMERA SETUP =====
DEBUG: Simple mode sphere_pos: [0. 0. 0.]
DEBUG: Simple mode view_dir: [1. 0. 0.]
DEBUG: Simple mode look_at: [10.  0.  0.]
DEBUG: Cube position: [2. 0. 2.]
DEBUG: Direction to cube: [0.70710678 0.         0.70710678]
DEBUG: View direction: [1. 0. 0.]
DEBUG: Angle between view and cube direction: 45.0° (should be close to 0°)
DEBUG: Are we looking toward cube? False
DEBUG: ==============================================
DEBUG: ===== SIMPLE MODE CUBE ROTATION =====
DEBUG: Simple mode applying cube rotation: [0.0°, 0.0°, 0.0°]
DEBUG: =========================================
DEBUG: Simple 2D screen rendered - reference objects disabled to prevent yellow box artifact
DEBUG: Using perspective projection - FOV: 60.0°
DEBUG: Canvas mode: 'simple', Sphere mode: 'simple'
DEBUG: Sphere screen render check - canvas_enabled: True, canvas_mode: simple, sphere_enabled: True, should_render: False
DEBUG: Sphere skipping screen render (canvas mode: simple)
DEBUG: ===== SIMPLE MODE CUBE ROTATION =====
DEBUG: Simple mode applying cube rotation: [0.0°, 0.0°, 0.0°]
DEBUG: =========================================
DEBUG: ===== CANVAS draw_unified_screen() CALLED =====
DEBUG: screen_enabled: True, screen_render_mode: simple
DEBUG: Canvas drawing simple 2D screen
DEBUG: Drew unified screen in simple mode
DEBUG: Simple mode active - screen shows original 2D framebuffer view
DEBUG: Rendering 2 screens
DEBUG: Rendering screen Original 2D Screen of type screen_2d
DEBUG: ===== SIMPLE MODE CUBE ROTATION =====
DEBUG: Simple mode applying cube rotation: [0.0°, 0.0°, 0.0°]
DEBUG: =========================================
DEBUG: ===== CANVAS draw_unified_screen() CALLED =====
DEBUG: screen_enabled: True, screen_render_mode: simple
DEBUG: Canvas drawing simple 2D screen
DEBUG: Drew unified screen in simple mode
DEBUG: Simple mode active - screen shows original 2D framebuffer view
DEBUG: Rendering MediaScreen Video Screen (istockphoto-482277170-640_adpp_is.mp4) with texture 3
DEBUG: Rendering screen Video Screen (istockphoto-482277170-640_adpp_is.mp4) of type screen_2d
DEBUG: Rendering MediaScreen Video Screen (istockphoto-482277170-640_adpp_is.mp4) with texture 3
DEBUG: ===== CANVAS update_sphere_view_vector() CALLED =====
DEBUG: Canvas syncing view_vector with sphere vector_direction: [1. 0. 0.]
DEBUG: Normalized view_vector: [1. 0. 0.]
DEBUG: Red vector direction: [1. 0. 0.]
DEBUG: Normalized view vector: [1.000, 0.000, 0.000]
DEBUG: Red cube position: [2. 0. 2.]
DEBUG: Expected direction to cube: [0.70710678 0.         0.70710678]
DEBUG: Actual view vector: [1. 0. 0.]
DEBUG: Dot product: 0.707
DEBUG: ⚠️ WARNING: View vector not pointing toward cube!
DEBUG: Consider setting vector direction to point toward cube
DEBUG: Suggested vector direction: [2.12132034 0.         2.12132034]
DEBUG: Angle to cube: 45.0° (should be < 30° to be visible)
DEBUG: Cube direction: [0.707, 0.000, 0.707]
DEBUG: 2D screen using perspective projection - FOV: 60.0°
DEBUG: ===== SIMPLE MODE CAMERA SETUP =====
DEBUG: Simple mode sphere_pos: [0. 0. 0.]
DEBUG: Simple mode view_dir: [1. 0. 0.]
DEBUG: Simple mode look_at: [10.  0.  0.]
DEBUG: Cube position: [2. 0. 2.]
DEBUG: Direction to cube: [0.70710678 0.         0.70710678]
DEBUG: View direction: [1. 0. 0.]
DEBUG: Angle between view and cube direction: 45.0° (should be close to 0°)
DEBUG: Are we looking toward cube? False
DEBUG: ==============================================
DEBUG: ===== SIMPLE MODE CUBE ROTATION =====
DEBUG: Simple mode applying cube rotation: [0.0°, 0.0°, 0.0°]
DEBUG: =========================================
DEBUG: Simple 2D screen rendered - reference objects disabled to prevent yellow box artifact
DEBUG: Using perspective projection - FOV: 60.0°
DEBUG: Canvas mode: 'simple', Sphere mode: 'simple'
DEBUG: Sphere screen render check - canvas_enabled: True, canvas_mode: simple, sphere_enabled: True, should_render: False
DEBUG: Sphere skipping screen render (canvas mode: simple)
DEBUG: ===== SIMPLE MODE CUBE ROTATION =====
DEBUG: Simple mode applying cube rotation: [0.0°, 0.0°, 0.0°]
DEBUG: =========================================
DEBUG: ===== CANVAS draw_unified_screen() CALLED =====
DEBUG: screen_enabled: True, screen_render_mode: simple
DEBUG: Canvas drawing simple 2D screen
DEBUG: Drew unified screen in simple mode
DEBUG: Simple mode active - screen shows original 2D framebuffer view
DEBUG: Rendering 2 screens
DEBUG: Rendering screen Original 2D Screen of type screen_2d
DEBUG: ===== SIMPLE MODE CUBE ROTATION =====
DEBUG: Simple mode applying cube rotation: [0.0°, 0.0°, 0.0°]
DEBUG: =========================================
DEBUG: ===== CANVAS draw_unified_screen() CALLED =====
DEBUG: screen_enabled: True, screen_render_mode: simple
DEBUG: Canvas drawing simple 2D screen
DEBUG: Drew unified screen in simple mode
DEBUG: Simple mode active - screen shows original 2D framebuffer view
DEBUG: Rendering MediaScreen Video Screen (istockphoto-482277170-640_adpp_is.mp4) with texture 3
DEBUG: Rendering screen Video Screen (istockphoto-482277170-640_adpp_is.mp4) of type screen_2d
DEBUG: Rendering MediaScreen Video Screen (istockphoto-482277170-640_adpp_is.mp4) with texture 3
DEBUG: ===== CANVAS update_sphere_view_vector() CALLED =====
DEBUG: Canvas syncing view_vector with sphere vector_direction: [1. 0. 0.]
DEBUG: Normalized view_vector: [1. 0. 0.]
DEBUG: Red vector direction: [1. 0. 0.]
DEBUG: Normalized view vector: [1.000, 0.000, 0.000]
DEBUG: Red cube position: [2. 0. 2.]
DEBUG: Expected direction to cube: [0.70710678 0.         0.70710678]
DEBUG: Actual view vector: [1. 0. 0.]
DEBUG: Dot product: 0.707
DEBUG: ⚠️ WARNING: View vector not pointing toward cube!
DEBUG: Consider setting vector direction to point toward cube
DEBUG: Suggested vector direction: [2.12132034 0.         2.12132034]
DEBUG: Angle to cube: 45.0° (should be < 30° to be visible)
DEBUG: Cube direction: [0.707, 0.000, 0.707]
DEBUG: 2D screen using perspective projection - FOV: 60.0°
DEBUG: ===== SIMPLE MODE CAMERA SETUP =====
DEBUG: Simple mode sphere_pos: [0. 0. 0.]
DEBUG: Simple mode view_dir: [1. 0. 0.]
DEBUG: Simple mode look_at: [10.  0.  0.]
DEBUG: Cube position: [2. 0. 2.]
DEBUG: Direction to cube: [0.70710678 0.         0.70710678]
DEBUG: View direction: [1. 0. 0.]
DEBUG: Angle between view and cube direction: 45.0° (should be close to 0°)
DEBUG: Are we looking toward cube? False
DEBUG: ==============================================
DEBUG: ===== SIMPLE MODE CUBE ROTATION =====
DEBUG: Simple mode applying cube rotation: [0.0°, 0.0°, 0.0°]
DEBUG: =========================================
DEBUG: Simple 2D screen rendered - reference objects disabled to prevent yellow box artifact
DEBUG: Using perspective projection - FOV: 60.0°
DEBUG: Canvas mode: 'simple', Sphere mode: 'simple'
DEBUG: Sphere screen render check - canvas_enabled: True, canvas_mode: simple, sphere_enabled: True, should_render: False
DEBUG: Sphere skipping screen render (canvas mode: simple)
DEBUG: ===== SIMPLE MODE CUBE ROTATION =====
DEBUG: Simple mode applying cube rotation: [0.0°, 0.0°, 0.0°]
DEBUG: =========================================
DEBUG: ===== CANVAS draw_unified_screen() CALLED =====
DEBUG: screen_enabled: True, screen_render_mode: simple
DEBUG: Canvas drawing simple 2D screen
DEBUG: Drew unified screen in simple mode
DEBUG: Simple mode active - screen shows original 2D framebuffer view
DEBUG: Rendering 2 screens
DEBUG: Rendering screen Original 2D Screen of type screen_2d
DEBUG: ===== SIMPLE MODE CUBE ROTATION =====
DEBUG: Simple mode applying cube rotation: [0.0°, 0.0°, 0.0°]
DEBUG: =========================================
DEBUG: ===== CANVAS draw_unified_screen() CALLED =====
DEBUG: screen_enabled: True, screen_render_mode: simple
DEBUG: Canvas drawing simple 2D screen
DEBUG: Drew unified screen in simple mode
DEBUG: Simple mode active - screen shows original 2D framebuffer view
DEBUG: Rendering MediaScreen Video Screen (istockphoto-482277170-640_adpp_is.mp4) with texture 3
DEBUG: Rendering screen Video Screen (istockphoto-482277170-640_adpp_is.mp4) of type screen_2d
DEBUG: Rendering MediaScreen Video Screen (istockphoto-482277170-640_adpp_is.mp4) with texture 3
DEBUG: ===== CANVAS update_sphere_view_vector() CALLED =====
DEBUG: Canvas syncing view_vector with sphere vector_direction: [1. 0. 0.]
DEBUG: Normalized view_vector: [1. 0. 0.]
DEBUG: Red vector direction: [1. 0. 0.]
DEBUG: Normalized view vector: [1.000, 0.000, 0.000]
DEBUG: Red cube position: [2. 0. 2.]
DEBUG: Expected direction to cube: [0.70710678 0.         0.70710678]
DEBUG: Actual view vector: [1. 0. 0.]
DEBUG: Dot product: 0.707
DEBUG: ⚠️ WARNING: View vector not pointing toward cube!
DEBUG: Consider setting vector direction to point toward cube
DEBUG: Suggested vector direction: [2.12132034 0.         2.12132034]
DEBUG: Angle to cube: 45.0° (should be < 30° to be visible)
DEBUG: Cube direction: [0.707, 0.000, 0.707]
DEBUG: 2D screen using perspective projection - FOV: 60.0°
DEBUG: ===== SIMPLE MODE CAMERA SETUP =====
DEBUG: Simple mode sphere_pos: [0. 0. 0.]
DEBUG: Simple mode view_dir: [1. 0. 0.]
DEBUG: Simple mode look_at: [10.  0.  0.]
DEBUG: Cube position: [2. 0. 2.]
DEBUG: Direction to cube: [0.70710678 0.         0.70710678]
DEBUG: View direction: [1. 0. 0.]
DEBUG: Angle between view and cube direction: 45.0° (should be close to 0°)
DEBUG: Are we looking toward cube? False
DEBUG: ==============================================
DEBUG: ===== SIMPLE MODE CUBE ROTATION =====
DEBUG: Simple mode applying cube rotation: [0.0°, 0.0°, 0.0°]
DEBUG: =========================================
DEBUG: Simple 2D screen rendered - reference objects disabled to prevent yellow box artifact
DEBUG: Using perspective projection - FOV: 60.0°
DEBUG: Canvas mode: 'simple', Sphere mode: 'simple'
DEBUG: Sphere screen render check - canvas_enabled: True, canvas_mode: simple, sphere_enabled: True, should_render: False
DEBUG: Sphere skipping screen render (canvas mode: simple)
DEBUG: ===== SIMPLE MODE CUBE ROTATION =====
DEBUG: Simple mode applying cube rotation: [0.0°, 0.0°, 0.0°]
DEBUG: =========================================
DEBUG: ===== CANVAS draw_unified_screen() CALLED =====
DEBUG: screen_enabled: True, screen_render_mode: simple
DEBUG: Canvas drawing simple 2D screen
DEBUG: Drew unified screen in simple mode
DEBUG: Simple mode active - screen shows original 2D framebuffer view
DEBUG: Rendering 2 screens
DEBUG: Rendering screen Original 2D Screen of type screen_2d
DEBUG: ===== SIMPLE MODE CUBE ROTATION =====
DEBUG: Simple mode applying cube rotation: [0.0°, 0.0°, 0.0°]
DEBUG: =========================================
DEBUG: ===== CANVAS draw_unified_screen() CALLED =====
DEBUG: screen_enabled: True, screen_render_mode: simple
DEBUG: Canvas drawing simple 2D screen
DEBUG: Drew unified screen in simple mode
DEBUG: Simple mode active - screen shows original 2D framebuffer view
DEBUG: Rendering MediaScreen Video Screen (istockphoto-482277170-640_adpp_is.mp4) with texture 3
DEBUG: Rendering screen Video Screen (istockphoto-482277170-640_adpp_is.mp4) of type screen_2d
DEBUG: Rendering MediaScreen Video Screen (istockphoto-482277170-640_adpp_is.mp4) with texture 3
DEBUG: ===== CANVAS update_sphere_view_vector() CALLED =====
DEBUG: Canvas syncing view_vector with sphere vector_direction: [1. 0. 0.]
DEBUG: Normalized view_vector: [1. 0. 0.]
DEBUG: Red vector direction: [1. 0. 0.]
DEBUG: Normalized view vector: [1.000, 0.000, 0.000]
DEBUG: Red cube position: [2. 0. 2.]
DEBUG: Expected direction to cube: [0.70710678 0.         0.70710678]
DEBUG: Actual view vector: [1. 0. 0.]
DEBUG: Dot product: 0.707
DEBUG: ⚠️ WARNING: View vector not pointing toward cube!
DEBUG: Consider setting vector direction to point toward cube
DEBUG: Suggested vector direction: [2.12132034 0.         2.12132034]
DEBUG: Angle to cube: 45.0° (should be < 30° to be visible)
DEBUG: Cube direction: [0.707, 0.000, 0.707]
DEBUG: 2D screen using perspective projection - FOV: 60.0°
DEBUG: ===== SIMPLE MODE CAMERA SETUP =====
DEBUG: Simple mode sphere_pos: [0. 0. 0.]
DEBUG: Simple mode view_dir: [1. 0. 0.]
DEBUG: Simple mode look_at: [10.  0.  0.]
DEBUG: Cube position: [2. 0. 2.]
DEBUG: Direction to cube: [0.70710678 0.         0.70710678]
DEBUG: View direction: [1. 0. 0.]
DEBUG: Angle between view and cube direction: 45.0° (should be close to 0°)
DEBUG: Are we looking toward cube? False
DEBUG: ==============================================
DEBUG: ===== SIMPLE MODE CUBE ROTATION =====
DEBUG: Simple mode applying cube rotation: [0.0°, 0.0°, 0.0°]
DEBUG: =========================================
DEBUG: Simple 2D screen rendered - reference objects disabled to prevent yellow box artifact
DEBUG: Using perspective projection - FOV: 60.0°
DEBUG: Canvas mode: 'simple', Sphere mode: 'simple'
DEBUG: Sphere screen render check - canvas_enabled: True, canvas_mode: simple, sphere_enabled: True, should_render: False
DEBUG: Sphere skipping screen render (canvas mode: simple)
DEBUG: ===== SIMPLE MODE CUBE ROTATION =====
DEBUG: Simple mode applying cube rotation: [0.0°, 0.0°, 0.0°]
DEBUG: =========================================
DEBUG: ===== CANVAS draw_unified_screen() CALLED =====
DEBUG: screen_enabled: True, screen_render_mode: simple
DEBUG: Canvas drawing simple 2D screen
DEBUG: Drew unified screen in simple mode
DEBUG: Simple mode active - screen shows original 2D framebuffer view
DEBUG: Rendering 2 screens
DEBUG: Rendering screen Original 2D Screen of type screen_2d
DEBUG: ===== SIMPLE MODE CUBE ROTATION =====
DEBUG: Simple mode applying cube rotation: [0.0°, 0.0°, 0.0°]
DEBUG: =========================================
DEBUG: ===== CANVAS draw_unified_screen() CALLED =====
DEBUG: screen_enabled: True, screen_render_mode: simple
DEBUG: Canvas drawing simple 2D screen
DEBUG: Drew unified screen in simple mode
DEBUG: Simple mode active - screen shows original 2D framebuffer view
DEBUG: Rendering MediaScreen Video Screen (istockphoto-482277170-640_adpp_is.mp4) with texture 3
DEBUG: Rendering screen Video Screen (istockphoto-482277170-640_adpp_is.mp4) of type screen_2d
DEBUG: Rendering MediaScreen Video Screen (istockphoto-482277170-640_adpp_is.mp4) with texture 3
DEBUG: ===== CANVAS update_sphere_view_vector() CALLED =====
DEBUG: Canvas syncing view_vector with sphere vector_direction: [1. 0. 0.]
DEBUG: Normalized view_vector: [1. 0. 0.]
DEBUG: Red vector direction: [1. 0. 0.]
DEBUG: Normalized view vector: [1.000, 0.000, 0.000]
DEBUG: Red cube position: [2. 0. 2.]
DEBUG: Expected direction to cube: [0.70710678 0.         0.70710678]
DEBUG: Actual view vector: [1. 0. 0.]
DEBUG: Dot product: 0.707
DEBUG: ⚠️ WARNING: View vector not pointing toward cube!
DEBUG: Consider setting vector direction to point toward cube
DEBUG: Suggested vector direction: [2.12132034 0.         2.12132034]
DEBUG: Angle to cube: 45.0° (should be < 30° to be visible)
DEBUG: Cube direction: [0.707, 0.000, 0.707]
DEBUG: 2D screen using perspective projection - FOV: 60.0°
DEBUG: ===== SIMPLE MODE CAMERA SETUP =====
DEBUG: Simple mode sphere_pos: [0. 0. 0.]
DEBUG: Simple mode view_dir: [1. 0. 0.]
DEBUG: Simple mode look_at: [10.  0.  0.]
DEBUG: Cube position: [2. 0. 2.]
DEBUG: Direction to cube: [0.70710678 0.         0.70710678]
DEBUG: View direction: [1. 0. 0.]
DEBUG: Angle between view and cube direction: 45.0° (should be close to 0°)
DEBUG: Are we looking toward cube? False
DEBUG: ==============================================
DEBUG: ===== SIMPLE MODE CUBE ROTATION =====
DEBUG: Simple mode applying cube rotation: [0.0°, 0.0°, 0.0°]
DEBUG: =========================================
DEBUG: Simple 2D screen rendered - reference objects disabled to prevent yellow box artifact
DEBUG: Using perspective projection - FOV: 60.0°
DEBUG: Canvas mode: 'simple', Sphere mode: 'simple'
DEBUG: Sphere screen render check - canvas_enabled: True, canvas_mode: simple, sphere_enabled: True, should_render: False
DEBUG: Sphere skipping screen render (canvas mode: simple)
DEBUG: ===== SIMPLE MODE CUBE ROTATION =====
DEBUG: Simple mode applying cube rotation: [0.0°, 0.0°, 0.0°]
DEBUG: =========================================
DEBUG: ===== CANVAS draw_unified_screen() CALLED =====
DEBUG: screen_enabled: True, screen_render_mode: simple
DEBUG: Canvas drawing simple 2D screen
DEBUG: Drew unified screen in simple mode
DEBUG: Simple mode active - screen shows original 2D framebuffer view
DEBUG: Rendering 2 screens
DEBUG: Rendering screen Original 2D Screen of type screen_2d
DEBUG: ===== SIMPLE MODE CUBE ROTATION =====
DEBUG: Simple mode applying cube rotation: [0.0°, 0.0°, 0.0°]
DEBUG: =========================================
DEBUG: ===== CANVAS draw_unified_screen() CALLED =====
DEBUG: screen_enabled: True, screen_render_mode: simple
DEBUG: Canvas drawing simple 2D screen
DEBUG: Drew unified screen in simple mode
DEBUG: Simple mode active - screen shows original 2D framebuffer view
DEBUG: Rendering MediaScreen Video Screen (istockphoto-482277170-640_adpp_is.mp4) with texture 3
DEBUG: Rendering screen Video Screen (istockphoto-482277170-640_adpp_is.mp4) of type screen_2d
DEBUG: Rendering MediaScreen Video Screen (istockphoto-482277170-640_adpp_is.mp4) with texture 3
DEBUG: ===== CANVAS update_sphere_view_vector() CALLED =====
DEBUG: Canvas syncing view_vector with sphere vector_direction: [1. 0. 0.]
DEBUG: Normalized view_vector: [1. 0. 0.]
DEBUG: Red vector direction: [1. 0. 0.]
DEBUG: Normalized view vector: [1.000, 0.000, 0.000]
DEBUG: Red cube position: [2. 0. 2.]
DEBUG: Expected direction to cube: [0.70710678 0.         0.70710678]
DEBUG: Actual view vector: [1. 0. 0.]
DEBUG: Dot product: 0.707
DEBUG: ⚠️ WARNING: View vector not pointing toward cube!
DEBUG: Consider setting vector direction to point toward cube
DEBUG: Suggested vector direction: [2.12132034 0.         2.12132034]
DEBUG: Angle to cube: 45.0° (should be < 30° to be visible)
DEBUG: Cube direction: [0.707, 0.000, 0.707]
DEBUG: 2D screen using perspective projection - FOV: 60.0°
DEBUG: ===== SIMPLE MODE CAMERA SETUP =====
DEBUG: Simple mode sphere_pos: [0. 0. 0.]
DEBUG: Simple mode view_dir: [1. 0. 0.]
DEBUG: Simple mode look_at: [10.  0.  0.]
DEBUG: Cube position: [2. 0. 2.]
DEBUG: Direction to cube: [0.70710678 0.         0.70710678]
DEBUG: View direction: [1. 0. 0.]
DEBUG: Angle between view and cube direction: 45.0° (should be close to 0°)
DEBUG: Are we looking toward cube? False
DEBUG: ==============================================
DEBUG: ===== SIMPLE MODE CUBE ROTATION =====
DEBUG: Simple mode applying cube rotation: [0.0°, 0.0°, 0.0°]
DEBUG: =========================================
DEBUG: Simple 2D screen rendered - reference objects disabled to prevent yellow box artifact
DEBUG: Using perspective projection - FOV: 60.0°
DEBUG: Canvas mode: 'simple', Sphere mode: 'simple'
DEBUG: Sphere screen render check - canvas_enabled: True, canvas_mode: simple, sphere_enabled: True, should_render: False
DEBUG: Sphere skipping screen render (canvas mode: simple)
DEBUG: ===== SIMPLE MODE CUBE ROTATION =====
DEBUG: Simple mode applying cube rotation: [0.0°, 0.0°, 0.0°]
DEBUG: =========================================
DEBUG: ===== CANVAS draw_unified_screen() CALLED =====
DEBUG: screen_enabled: True, screen_render_mode: simple
DEBUG: Canvas drawing simple 2D screen
DEBUG: Drew unified screen in simple mode
DEBUG: Simple mode active - screen shows original 2D framebuffer view
DEBUG: Rendering 2 screens
DEBUG: Rendering screen Original 2D Screen of type screen_2d
DEBUG: ===== SIMPLE MODE CUBE ROTATION =====
DEBUG: Simple mode applying cube rotation: [0.0°, 0.0°, 0.0°]
DEBUG: =========================================
DEBUG: ===== CANVAS draw_unified_screen() CALLED =====
DEBUG: screen_enabled: True, screen_render_mode: simple
DEBUG: Canvas drawing simple 2D screen
DEBUG: Drew unified screen in simple mode
DEBUG: Simple mode active - screen shows original 2D framebuffer view
DEBUG: Rendering MediaScreen Video Screen (istockphoto-482277170-640_adpp_is.mp4) with texture 3
DEBUG: Rendering screen Video Screen (istockphoto-482277170-640_adpp_is.mp4) of type screen_2d
DEBUG: Rendering MediaScreen Video Screen (istockphoto-482277170-640_adpp_is.mp4) with texture 3
DEBUG: ===== CANVAS update_sphere_view_vector() CALLED =====
DEBUG: Canvas syncing view_vector with sphere vector_direction: [1. 0. 0.]
DEBUG: Normalized view_vector: [1. 0. 0.]
DEBUG: Red vector direction: [1. 0. 0.]
DEBUG: Normalized view vector: [1.000, 0.000, 0.000]
DEBUG: Red cube position: [2. 0. 2.]
DEBUG: Expected direction to cube: [0.70710678 0.         0.70710678]
DEBUG: Actual view vector: [1. 0. 0.]
DEBUG: Dot product: 0.707
DEBUG: ⚠️ WARNING: View vector not pointing toward cube!
DEBUG: Consider setting vector direction to point toward cube
DEBUG: Suggested vector direction: [2.12132034 0.         2.12132034]
DEBUG: Angle to cube: 45.0° (should be < 30° to be visible)
DEBUG: Cube direction: [0.707, 0.000, 0.707]
DEBUG: 2D screen using perspective projection - FOV: 60.0°
DEBUG: ===== SIMPLE MODE CAMERA SETUP =====
DEBUG: Simple mode sphere_pos: [0. 0. 0.]
DEBUG: Simple mode view_dir: [1. 0. 0.]
DEBUG: Simple mode look_at: [10.  0.  0.]
DEBUG: Cube position: [2. 0. 2.]
DEBUG: Direction to cube: [0.70710678 0.         0.70710678]
DEBUG: View direction: [1. 0. 0.]
DEBUG: Angle between view and cube direction: 45.0° (should be close to 0°)
DEBUG: Are we looking toward cube? False
DEBUG: ==============================================
DEBUG: ===== SIMPLE MODE CUBE ROTATION =====
DEBUG: Simple mode applying cube rotation: [0.0°, 0.0°, 0.0°]
DEBUG: =========================================
DEBUG: Simple 2D screen rendered - reference objects disabled to prevent yellow box artifact
DEBUG: Using perspective projection - FOV: 60.0°
DEBUG: Canvas mode: 'simple', Sphere mode: 'simple'
DEBUG: Sphere screen render check - canvas_enabled: True, canvas_mode: simple, sphere_enabled: True, should_render: False
DEBUG: Sphere skipping screen render (canvas mode: simple)
DEBUG: ===== SIMPLE MODE CUBE ROTATION =====
DEBUG: Simple mode applying cube rotation: [0.0°, 0.0°, 0.0°]
DEBUG: =========================================
DEBUG: ===== CANVAS draw_unified_screen() CALLED =====
DEBUG: screen_enabled: True, screen_render_mode: simple
DEBUG: Canvas drawing simple 2D screen
DEBUG: Drew unified screen in simple mode
DEBUG: Simple mode active - screen shows original 2D framebuffer view
DEBUG: Rendering 2 screens
DEBUG: Rendering screen Original 2D Screen of type screen_2d
DEBUG: ===== SIMPLE MODE CUBE ROTATION =====
DEBUG: Simple mode applying cube rotation: [0.0°, 0.0°, 0.0°]
DEBUG: =========================================
DEBUG: ===== CANVAS draw_unified_screen() CALLED =====
DEBUG: screen_enabled: True, screen_render_mode: simple
DEBUG: Canvas drawing simple 2D screen
DEBUG: Drew unified screen in simple mode
DEBUG: Simple mode active - screen shows original 2D framebuffer view
DEBUG: Rendering MediaScreen Video Screen (istockphoto-482277170-640_adpp_is.mp4) with texture 3
DEBUG: Rendering screen Video Screen (istockphoto-482277170-640_adpp_is.mp4) of type screen_2d
DEBUG: Rendering MediaScreen Video Screen (istockphoto-482277170-640_adpp_is.mp4) with texture 3
DEBUG: ===== CANVAS update_sphere_view_vector() CALLED =====
DEBUG: Canvas syncing view_vector with sphere vector_direction: [1. 0. 0.]
DEBUG: Normalized view_vector: [1. 0. 0.]
DEBUG: Red vector direction: [1. 0. 0.]
DEBUG: Normalized view vector: [1.000, 0.000, 0.000]
DEBUG: Red cube position: [2. 0. 2.]
DEBUG: Expected direction to cube: [0.70710678 0.         0.70710678]
DEBUG: Actual view vector: [1. 0. 0.]
DEBUG: Dot product: 0.707
DEBUG: ⚠️ WARNING: View vector not pointing toward cube!
DEBUG: Consider setting vector direction to point toward cube
DEBUG: Suggested vector direction: [2.12132034 0.         2.12132034]
DEBUG: Angle to cube: 45.0° (should be < 30° to be visible)
DEBUG: Cube direction: [0.707, 0.000, 0.707]
DEBUG: 2D screen using perspective projection - FOV: 60.0°
DEBUG: ===== SIMPLE MODE CAMERA SETUP =====
DEBUG: Simple mode sphere_pos: [0. 0. 0.]
DEBUG: Simple mode view_dir: [1. 0. 0.]
DEBUG: Simple mode look_at: [10.  0.  0.]
DEBUG: Cube position: [2. 0. 2.]
DEBUG: Direction to cube: [0.70710678 0.         0.70710678]
DEBUG: View direction: [1. 0. 0.]
DEBUG: Angle between view and cube direction: 45.0° (should be close to 0°)
DEBUG: Are we looking toward cube? False
DEBUG: ==============================================
DEBUG: ===== SIMPLE MODE CUBE ROTATION =====
DEBUG: Simple mode applying cube rotation: [0.0°, 0.0°, 0.0°]
DEBUG: =========================================
DEBUG: Simple 2D screen rendered - reference objects disabled to prevent yellow box artifact
DEBUG: Using perspective projection - FOV: 60.0°
DEBUG: Canvas mode: 'simple', Sphere mode: 'simple'
DEBUG: Sphere screen render check - canvas_enabled: True, canvas_mode: simple, sphere_enabled: True, should_render: False
DEBUG: Sphere skipping screen render (canvas mode: simple)
DEBUG: ===== SIMPLE MODE CUBE ROTATION =====
DEBUG: Simple mode applying cube rotation: [0.0°, 0.0°, 0.0°]
DEBUG: =========================================
DEBUG: ===== CANVAS draw_unified_screen() CALLED =====
DEBUG: screen_enabled: True, screen_render_mode: simple
DEBUG: Canvas drawing simple 2D screen
DEBUG: Drew unified screen in simple mode
DEBUG: Simple mode active - screen shows original 2D framebuffer view
DEBUG: Rendering 2 screens
DEBUG: Rendering screen Original 2D Screen of type screen_2d
DEBUG: ===== SIMPLE MODE CUBE ROTATION =====
DEBUG: Simple mode applying cube rotation: [0.0°, 0.0°, 0.0°]
DEBUG: =========================================
DEBUG: ===== CANVAS draw_unified_screen() CALLED =====
DEBUG: screen_enabled: True, screen_render_mode: simple
DEBUG: Canvas drawing simple 2D screen
DEBUG: Drew unified screen in simple mode
DEBUG: Simple mode active - screen shows original 2D framebuffer view
DEBUG: Rendering MediaScreen Video Screen (istockphoto-482277170-640_adpp_is.mp4) with texture 3
DEBUG: Rendering screen Video Screen (istockphoto-482277170-640_adpp_is.mp4) of type screen_2d
DEBUG: Rendering MediaScreen Video Screen (istockphoto-482277170-640_adpp_is.mp4) with texture 3
DEBUG: ===== CANVAS update_sphere_view_vector() CALLED =====
DEBUG: Canvas syncing view_vector with sphere vector_direction: [1. 0. 0.]
DEBUG: Normalized view_vector: [1. 0. 0.]
DEBUG: Red vector direction: [1. 0. 0.]
DEBUG: Normalized view vector: [1.000, 0.000, 0.000]
DEBUG: Red cube position: [2. 0. 2.]
DEBUG: Expected direction to cube: [0.70710678 0.         0.70710678]
DEBUG: Actual view vector: [1. 0. 0.]
DEBUG: Dot product: 0.707
DEBUG: ⚠️ WARNING: View vector not pointing toward cube!
DEBUG: Consider setting vector direction to point toward cube
DEBUG: Suggested vector direction: [2.12132034 0.         2.12132034]
DEBUG: Angle to cube: 45.0° (should be < 30° to be visible)
DEBUG: Cube direction: [0.707, 0.000, 0.707]
DEBUG: 2D screen using perspective projection - FOV: 60.0°
DEBUG: ===== SIMPLE MODE CAMERA SETUP =====
DEBUG: Simple mode sphere_pos: [0. 0. 0.]
DEBUG: Simple mode view_dir: [1. 0. 0.]
DEBUG: Simple mode look_at: [10.  0.  0.]
DEBUG: Cube position: [2. 0. 2.]
DEBUG: Direction to cube: [0.70710678 0.         0.70710678]
DEBUG: View direction: [1. 0. 0.]
DEBUG: Angle between view and cube direction: 45.0° (should be close to 0°)
DEBUG: Are we looking toward cube? False
DEBUG: ==============================================
DEBUG: ===== SIMPLE MODE CUBE ROTATION =====
DEBUG: Simple mode applying cube rotation: [0.0°, 0.0°, 0.0°]
DEBUG: =========================================
DEBUG: Simple 2D screen rendered - reference objects disabled to prevent yellow box artifact
DEBUG: Using perspective projection - FOV: 60.0°
DEBUG: Canvas mode: 'simple', Sphere mode: 'simple'
DEBUG: Sphere screen render check - canvas_enabled: True, canvas_mode: simple, sphere_enabled: True, should_render: False
DEBUG: Sphere skipping screen render (canvas mode: simple)
DEBUG: ===== SIMPLE MODE CUBE ROTATION =====
DEBUG: Simple mode applying cube rotation: [0.0°, 0.0°, 0.0°]
DEBUG: =========================================
DEBUG: ===== CANVAS draw_unified_screen() CALLED =====
DEBUG: screen_enabled: True, screen_render_mode: simple
DEBUG: Canvas drawing simple 2D screen
DEBUG: Drew unified screen in simple mode
DEBUG: Simple mode active - screen shows original 2D framebuffer view
DEBUG: Rendering 2 screens
DEBUG: Rendering screen Original 2D Screen of type screen_2d
DEBUG: ===== SIMPLE MODE CUBE ROTATION =====
DEBUG: Simple mode applying cube rotation: [0.0°, 0.0°, 0.0°]
DEBUG: =========================================
DEBUG: ===== CANVAS draw_unified_screen() CALLED =====
DEBUG: screen_enabled: True, screen_render_mode: simple
DEBUG: Canvas drawing simple 2D screen
DEBUG: Drew unified screen in simple mode
DEBUG: Simple mode active - screen shows original 2D framebuffer view
DEBUG: Rendering MediaScreen Video Screen (istockphoto-482277170-640_adpp_is.mp4) with texture 3
DEBUG: Rendering screen Video Screen (istockphoto-482277170-640_adpp_is.mp4) of type screen_2d
DEBUG: Rendering MediaScreen Video Screen (istockphoto-482277170-640_adpp_is.mp4) with texture 3
DEBUG: ===== CANVAS update_sphere_view_vector() CALLED =====
DEBUG: Canvas syncing view_vector with sphere vector_direction: [1. 0. 0.]
DEBUG: Normalized view_vector: [1. 0. 0.]
DEBUG: Red vector direction: [1. 0. 0.]
DEBUG: Normalized view vector: [1.000, 0.000, 0.000]
DEBUG: Red cube position: [2. 0. 2.]
DEBUG: Expected direction to cube: [0.70710678 0.         0.70710678]
DEBUG: Actual view vector: [1. 0. 0.]
DEBUG: Dot product: 0.707
DEBUG: ⚠️ WARNING: View vector not pointing toward cube!
DEBUG: Consider setting vector direction to point toward cube
DEBUG: Suggested vector direction: [2.12132034 0.         2.12132034]
DEBUG: Angle to cube: 45.0° (should be < 30° to be visible)
DEBUG: Cube direction: [0.707, 0.000, 0.707]
DEBUG: 2D screen using perspective projection - FOV: 60.0°
DEBUG: ===== SIMPLE MODE CAMERA SETUP =====
DEBUG: Simple mode sphere_pos: [0. 0. 0.]
DEBUG: Simple mode view_dir: [1. 0. 0.]
DEBUG: Simple mode look_at: [10.  0.  0.]
DEBUG: Cube position: [2. 0. 2.]
DEBUG: Direction to cube: [0.70710678 0.         0.70710678]
DEBUG: View direction: [1. 0. 0.]
DEBUG: Angle between view and cube direction: 45.0° (should be close to 0°)
DEBUG: Are we looking toward cube? False
DEBUG: ==============================================
DEBUG: ===== SIMPLE MODE CUBE ROTATION =====
DEBUG: Simple mode applying cube rotation: [0.0°, 0.0°, 0.0°]
DEBUG: =========================================
DEBUG: Simple 2D screen rendered - reference objects disabled to prevent yellow box artifact
DEBUG: Using perspective projection - FOV: 60.0°
DEBUG: Canvas mode: 'simple', Sphere mode: 'simple'
DEBUG: Sphere screen render check - canvas_enabled: True, canvas_mode: simple, sphere_enabled: True, should_render: False
DEBUG: Sphere skipping screen render (canvas mode: simple)
DEBUG: ===== SIMPLE MODE CUBE ROTATION =====
DEBUG: Simple mode applying cube rotation: [0.0°, 0.0°, 0.0°]
DEBUG: =========================================
DEBUG: ===== CANVAS draw_unified_screen() CALLED =====
DEBUG: screen_enabled: True, screen_render_mode: simple
DEBUG: Canvas drawing simple 2D screen
DEBUG: Drew unified screen in simple mode
DEBUG: Simple mode active - screen shows original 2D framebuffer view
DEBUG: Rendering 2 screens
DEBUG: Rendering screen Original 2D Screen of type screen_2d
DEBUG: ===== SIMPLE MODE CUBE ROTATION =====
DEBUG: Simple mode applying cube rotation: [0.0°, 0.0°, 0.0°]
DEBUG: =========================================
DEBUG: ===== CANVAS draw_unified_screen() CALLED =====
DEBUG: screen_enabled: True, screen_render_mode: simple
DEBUG: Canvas drawing simple 2D screen
DEBUG: Drew unified screen in simple mode
DEBUG: Simple mode active - screen shows original 2D framebuffer view
DEBUG: Rendering MediaScreen Video Screen (istockphoto-482277170-640_adpp_is.mp4) with texture 3
DEBUG: Rendering screen Video Screen (istockphoto-482277170-640_adpp_is.mp4) of type screen_2d
DEBUG: Rendering MediaScreen Video Screen (istockphoto-482277170-640_adpp_is.mp4) with texture 3
DEBUG: ===== CANVAS update_sphere_view_vector() CALLED =====
DEBUG: Canvas syncing view_vector with sphere vector_direction: [1. 0. 0.]
DEBUG: Normalized view_vector: [1. 0. 0.]
DEBUG: Red vector direction: [1. 0. 0.]
DEBUG: Normalized view vector: [1.000, 0.000, 0.000]
DEBUG: Red cube position: [2. 0. 2.]
DEBUG: Expected direction to cube: [0.70710678 0.         0.70710678]
DEBUG: Actual view vector: [1. 0. 0.]
DEBUG: Dot product: 0.707
DEBUG: ⚠️ WARNING: View vector not pointing toward cube!
DEBUG: Consider setting vector direction to point toward cube
DEBUG: Suggested vector direction: [2.12132034 0.         2.12132034]
DEBUG: Angle to cube: 45.0° (should be < 30° to be visible)
DEBUG: Cube direction: [0.707, 0.000, 0.707]
DEBUG: 2D screen using perspective projection - FOV: 60.0°
DEBUG: ===== SIMPLE MODE CAMERA SETUP =====
DEBUG: Simple mode sphere_pos: [0. 0. 0.]
DEBUG: Simple mode view_dir: [1. 0. 0.]
DEBUG: Simple mode look_at: [10.  0.  0.]
DEBUG: Cube position: [2. 0. 2.]
DEBUG: Direction to cube: [0.70710678 0.         0.70710678]
DEBUG: View direction: [1. 0. 0.]
DEBUG: Angle between view and cube direction: 45.0° (should be close to 0°)
DEBUG: Are we looking toward cube? False
DEBUG: ==============================================
DEBUG: ===== SIMPLE MODE CUBE ROTATION =====
DEBUG: Simple mode applying cube rotation: [0.0°, 0.0°, 0.0°]
DEBUG: =========================================
DEBUG: Simple 2D screen rendered - reference objects disabled to prevent yellow box artifact
DEBUG: Using perspective projection - FOV: 60.0°
DEBUG: Canvas mode: 'simple', Sphere mode: 'simple'
DEBUG: Sphere screen render check - canvas_enabled: True, canvas_mode: simple, sphere_enabled: True, should_render: False
DEBUG: Sphere skipping screen render (canvas mode: simple)
DEBUG: ===== SIMPLE MODE CUBE ROTATION =====
DEBUG: Simple mode applying cube rotation: [0.0°, 0.0°, 0.0°]
DEBUG: =========================================
DEBUG: ===== CANVAS draw_unified_screen() CALLED =====
DEBUG: screen_enabled: True, screen_render_mode: simple
DEBUG: Canvas drawing simple 2D screen
DEBUG: Drew unified screen in simple mode
DEBUG: Simple mode active - screen shows original 2D framebuffer view
DEBUG: Rendering 2 screens
DEBUG: Rendering screen Original 2D Screen of type screen_2d
DEBUG: ===== SIMPLE MODE CUBE ROTATION =====
DEBUG: Simple mode applying cube rotation: [0.0°, 0.0°, 0.0°]
DEBUG: =========================================
DEBUG: ===== CANVAS draw_unified_screen() CALLED =====
DEBUG: screen_enabled: True, screen_render_mode: simple
DEBUG: Canvas drawing simple 2D screen
DEBUG: Drew unified screen in simple mode
DEBUG: Simple mode active - screen shows original 2D framebuffer view
DEBUG: Rendering MediaScreen Video Screen (istockphoto-482277170-640_adpp_is.mp4) with texture 3
DEBUG: Rendering screen Video Screen (istockphoto-482277170-640_adpp_is.mp4) of type screen_2d
DEBUG: Rendering MediaScreen Video Screen (istockphoto-482277170-640_adpp_is.mp4) with texture 3
DEBUG: ===== CANVAS update_sphere_view_vector() CALLED =====
DEBUG: Canvas syncing view_vector with sphere vector_direction: [1. 0. 0.]
DEBUG: Normalized view_vector: [1. 0. 0.]
DEBUG: Red vector direction: [1. 0. 0.]
DEBUG: Normalized view vector: [1.000, 0.000, 0.000]
DEBUG: Red cube position: [2. 0. 2.]
DEBUG: Expected direction to cube: [0.70710678 0.         0.70710678]
DEBUG: Actual view vector: [1. 0. 0.]
DEBUG: Dot product: 0.707
DEBUG: ⚠️ WARNING: View vector not pointing toward cube!
DEBUG: Consider setting vector direction to point toward cube
DEBUG: Suggested vector direction: [2.12132034 0.         2.12132034]
DEBUG: Angle to cube: 45.0° (should be < 30° to be visible)
DEBUG: Cube direction: [0.707, 0.000, 0.707]
DEBUG: 2D screen using perspective projection - FOV: 60.0°
DEBUG: ===== SIMPLE MODE CAMERA SETUP =====
DEBUG: Simple mode sphere_pos: [0. 0. 0.]
DEBUG: Simple mode view_dir: [1. 0. 0.]
DEBUG: Simple mode look_at: [10.  0.  0.]
DEBUG: Cube position: [2. 0. 2.]
DEBUG: Direction to cube: [0.70710678 0.         0.70710678]
DEBUG: View direction: [1. 0. 0.]
DEBUG: Angle between view and cube direction: 45.0° (should be close to 0°)
DEBUG: Are we looking toward cube? False
DEBUG: ==============================================
DEBUG: ===== SIMPLE MODE CUBE ROTATION =====
DEBUG: Simple mode applying cube rotation: [0.0°, 0.0°, 0.0°]
DEBUG: =========================================
DEBUG: Simple 2D screen rendered - reference objects disabled to prevent yellow box artifact
DEBUG: Using perspective projection - FOV: 60.0°
DEBUG: Canvas mode: 'simple', Sphere mode: 'simple'
DEBUG: Sphere screen render check - canvas_enabled: True, canvas_mode: simple, sphere_enabled: True, should_render: False
DEBUG: Sphere skipping screen render (canvas mode: simple)
DEBUG: ===== SIMPLE MODE CUBE ROTATION =====
DEBUG: Simple mode applying cube rotation: [0.0°, 0.0°, 0.0°]
DEBUG: =========================================
DEBUG: ===== CANVAS draw_unified_screen() CALLED =====
DEBUG: screen_enabled: True, screen_render_mode: simple
DEBUG: Canvas drawing simple 2D screen
DEBUG: Drew unified screen in simple mode
DEBUG: Simple mode active - screen shows original 2D framebuffer view
DEBUG: Rendering 2 screens
DEBUG: Rendering screen Original 2D Screen of type screen_2d
DEBUG: ===== SIMPLE MODE CUBE ROTATION =====
DEBUG: Simple mode applying cube rotation: [0.0°, 0.0°, 0.0°]
DEBUG: =========================================
DEBUG: ===== CANVAS draw_unified_screen() CALLED =====
DEBUG: screen_enabled: True, screen_render_mode: simple
DEBUG: Canvas drawing simple 2D screen
DEBUG: Drew unified screen in simple mode
DEBUG: Simple mode active - screen shows original 2D framebuffer view
DEBUG: Rendering MediaScreen Video Screen (istockphoto-482277170-640_adpp_is.mp4) with texture 3
DEBUG: Rendering screen Video Screen (istockphoto-482277170-640_adpp_is.mp4) of type screen_2d
DEBUG: Rendering MediaScreen Video Screen (istockphoto-482277170-640_adpp_is.mp4) with texture 3
DEBUG: ===== CANVAS update_sphere_view_vector() CALLED =====
DEBUG: Canvas syncing view_vector with sphere vector_direction: [1. 0. 0.]
DEBUG: Normalized view_vector: [1. 0. 0.]
DEBUG: Red vector direction: [1. 0. 0.]
DEBUG: Normalized view vector: [1.000, 0.000, 0.000]
DEBUG: Red cube position: [2. 0. 2.]
DEBUG: Expected direction to cube: [0.70710678 0.         0.70710678]
DEBUG: Actual view vector: [1. 0. 0.]
DEBUG: Dot product: 0.707
DEBUG: ⚠️ WARNING: View vector not pointing toward cube!
DEBUG: Consider setting vector direction to point toward cube
DEBUG: Suggested vector direction: [2.12132034 0.         2.12132034]
DEBUG: Angle to cube: 45.0° (should be < 30° to be visible)
DEBUG: Cube direction: [0.707, 0.000, 0.707]
DEBUG: 2D screen using perspective projection - FOV: 60.0°
DEBUG: ===== SIMPLE MODE CAMERA SETUP =====
DEBUG: Simple mode sphere_pos: [0. 0. 0.]
DEBUG: Simple mode view_dir: [1. 0. 0.]
DEBUG: Simple mode look_at: [10.  0.  0.]
DEBUG: Cube position: [2. 0. 2.]
DEBUG: Direction to cube: [0.70710678 0.         0.70710678]
DEBUG: View direction: [1. 0. 0.]
DEBUG: Angle between view and cube direction: 45.0° (should be close to 0°)
DEBUG: Are we looking toward cube? False
DEBUG: ==============================================
DEBUG: ===== SIMPLE MODE CUBE ROTATION =====
DEBUG: Simple mode applying cube rotation: [0.0°, 0.0°, 0.0°]
DEBUG: =========================================
DEBUG: Simple 2D screen rendered - reference objects disabled to prevent yellow box artifact
DEBUG: Using perspective projection - FOV: 60.0°
DEBUG: Frame 210, audio: 7.01s, video: 7.00s, sync diff: 0.006s
DEBUG: Canvas mode: 'simple', Sphere mode: 'simple'
DEBUG: Sphere screen render check - canvas_enabled: True, canvas_mode: simple, sphere_enabled: True, should_render: False
DEBUG: Sphere skipping screen render (canvas mode: simple)
DEBUG: ===== SIMPLE MODE CUBE ROTATION =====
DEBUG: Simple mode applying cube rotation: [0.0°, 0.0°, 0.0°]
DEBUG: =========================================
DEBUG: ===== CANVAS draw_unified_screen() CALLED =====
DEBUG: screen_enabled: True, screen_render_mode: simple
DEBUG: Canvas drawing simple 2D screen
DEBUG: Drew unified screen in simple mode
DEBUG: Simple mode active - screen shows original 2D framebuffer view
DEBUG: Rendering 2 screens
DEBUG: Rendering screen Original 2D Screen of type screen_2d
DEBUG: ===== SIMPLE MODE CUBE ROTATION =====
DEBUG: Simple mode applying cube rotation: [0.0°, 0.0°, 0.0°]
DEBUG: =========================================
DEBUG: ===== CANVAS draw_unified_screen() CALLED =====
DEBUG: screen_enabled: True, screen_render_mode: simple
DEBUG: Canvas drawing simple 2D screen
DEBUG: Drew unified screen in simple mode
DEBUG: Simple mode active - screen shows original 2D framebuffer view
DEBUG: Rendering MediaScreen Video Screen (istockphoto-482277170-640_adpp_is.mp4) with texture 3
DEBUG: Rendering screen Video Screen (istockphoto-482277170-640_adpp_is.mp4) of type screen_2d
DEBUG: Rendering MediaScreen Video Screen (istockphoto-482277170-640_adpp_is.mp4) with texture 3
DEBUG: ===== CANVAS update_sphere_view_vector() CALLED =====
DEBUG: Canvas syncing view_vector with sphere vector_direction: [1. 0. 0.]
DEBUG: Normalized view_vector: [1. 0. 0.]
DEBUG: Red vector direction: [1. 0. 0.]
DEBUG: Normalized view vector: [1.000, 0.000, 0.000]
DEBUG: Red cube position: [2. 0. 2.]
DEBUG: Expected direction to cube: [0.70710678 0.         0.70710678]
DEBUG: Actual view vector: [1. 0. 0.]
DEBUG: Dot product: 0.707
DEBUG: ⚠️ WARNING: View vector not pointing toward cube!
DEBUG: Consider setting vector direction to point toward cube
DEBUG: Suggested vector direction: [2.12132034 0.         2.12132034]
DEBUG: Angle to cube: 45.0° (should be < 30° to be visible)
DEBUG: Cube direction: [0.707, 0.000, 0.707]
DEBUG: 2D screen using perspective projection - FOV: 60.0°
DEBUG: ===== SIMPLE MODE CAMERA SETUP =====
DEBUG: Simple mode sphere_pos: [0. 0. 0.]
DEBUG: Simple mode view_dir: [1. 0. 0.]
DEBUG: Simple mode look_at: [10.  0.  0.]
DEBUG: Cube position: [2. 0. 2.]
DEBUG: Direction to cube: [0.70710678 0.         0.70710678]
DEBUG: View direction: [1. 0. 0.]
DEBUG: Angle between view and cube direction: 45.0° (should be close to 0°)
DEBUG: Are we looking toward cube? False
DEBUG: ==============================================
DEBUG: ===== SIMPLE MODE CUBE ROTATION =====
DEBUG: Simple mode applying cube rotation: [0.0°, 0.0°, 0.0°]
DEBUG: =========================================
DEBUG: Simple 2D screen rendered - reference objects disabled to prevent yellow box artifact
DEBUG: Using perspective projection - FOV: 60.0°
DEBUG: Canvas mode: 'simple', Sphere mode: 'simple'
DEBUG: Sphere screen render check - canvas_enabled: True, canvas_mode: simple, sphere_enabled: True, should_render: False
DEBUG: Sphere skipping screen render (canvas mode: simple)
DEBUG: ===== SIMPLE MODE CUBE ROTATION =====
DEBUG: Simple mode applying cube rotation: [0.0°, 0.0°, 0.0°]
DEBUG: =========================================
DEBUG: ===== CANVAS draw_unified_screen() CALLED =====
DEBUG: screen_enabled: True, screen_render_mode: simple
DEBUG: Canvas drawing simple 2D screen
DEBUG: Drew unified screen in simple mode
DEBUG: Simple mode active - screen shows original 2D framebuffer view
DEBUG: Rendering 2 screens
DEBUG: Rendering screen Original 2D Screen of type screen_2d
DEBUG: ===== SIMPLE MODE CUBE ROTATION =====
DEBUG: Simple mode applying cube rotation: [0.0°, 0.0°, 0.0°]
DEBUG: =========================================
DEBUG: ===== CANVAS draw_unified_screen() CALLED =====
DEBUG: screen_enabled: True, screen_render_mode: simple
DEBUG: Canvas drawing simple 2D screen
DEBUG: Drew unified screen in simple mode
DEBUG: Simple mode active - screen shows original 2D framebuffer view
DEBUG: Rendering MediaScreen Video Screen (istockphoto-482277170-640_adpp_is.mp4) with texture 3
DEBUG: Rendering screen Video Screen (istockphoto-482277170-640_adpp_is.mp4) of type screen_2d
DEBUG: Rendering MediaScreen Video Screen (istockphoto-482277170-640_adpp_is.mp4) with texture 3
DEBUG: ===== CANVAS update_sphere_view_vector() CALLED =====
DEBUG: Canvas syncing view_vector with sphere vector_direction: [1. 0. 0.]
DEBUG: Normalized view_vector: [1. 0. 0.]
DEBUG: Red vector direction: [1. 0. 0.]
DEBUG: Normalized view vector: [1.000, 0.000, 0.000]
DEBUG: Red cube position: [2. 0. 2.]
DEBUG: Expected direction to cube: [0.70710678 0.         0.70710678]
DEBUG: Actual view vector: [1. 0. 0.]
DEBUG: Dot product: 0.707
DEBUG: ⚠️ WARNING: View vector not pointing toward cube!
DEBUG: Consider setting vector direction to point toward cube
DEBUG: Suggested vector direction: [2.12132034 0.         2.12132034]
DEBUG: Angle to cube: 45.0° (should be < 30° to be visible)
DEBUG: Cube direction: [0.707, 0.000, 0.707]
DEBUG: 2D screen using perspective projection - FOV: 60.0°
DEBUG: ===== SIMPLE MODE CAMERA SETUP =====
DEBUG: Simple mode sphere_pos: [0. 0. 0.]
DEBUG: Simple mode view_dir: [1. 0. 0.]
DEBUG: Simple mode look_at: [10.  0.  0.]
DEBUG: Cube position: [2. 0. 2.]
DEBUG: Direction to cube: [0.70710678 0.         0.70710678]
DEBUG: View direction: [1. 0. 0.]
DEBUG: Angle between view and cube direction: 45.0° (should be close to 0°)
DEBUG: Are we looking toward cube? False
DEBUG: ==============================================
DEBUG: ===== SIMPLE MODE CUBE ROTATION =====
DEBUG: Simple mode applying cube rotation: [0.0°, 0.0°, 0.0°]
DEBUG: =========================================
DEBUG: Simple 2D screen rendered - reference objects disabled to prevent yellow box artifact
DEBUG: Using perspective projection - FOV: 60.0°
DEBUG: Canvas mode: 'simple', Sphere mode: 'simple'
DEBUG: Sphere screen render check - canvas_enabled: True, canvas_mode: simple, sphere_enabled: True, should_render: False
DEBUG: Sphere skipping screen render (canvas mode: simple)
DEBUG: ===== SIMPLE MODE CUBE ROTATION =====
DEBUG: Simple mode applying cube rotation: [0.0°, 0.0°, 0.0°]
DEBUG: =========================================
DEBUG: ===== CANVAS draw_unified_screen() CALLED =====
DEBUG: screen_enabled: True, screen_render_mode: simple
DEBUG: Canvas drawing simple 2D screen
DEBUG: Drew unified screen in simple mode
DEBUG: Simple mode active - screen shows original 2D framebuffer view
DEBUG: Rendering 2 screens
DEBUG: Rendering screen Original 2D Screen of type screen_2d
DEBUG: ===== SIMPLE MODE CUBE ROTATION =====
DEBUG: Simple mode applying cube rotation: [0.0°, 0.0°, 0.0°]
DEBUG: =========================================
DEBUG: ===== CANVAS draw_unified_screen() CALLED =====
DEBUG: screen_enabled: True, screen_render_mode: simple
DEBUG: Canvas drawing simple 2D screen
DEBUG: Drew unified screen in simple mode
DEBUG: Simple mode active - screen shows original 2D framebuffer view
DEBUG: Rendering MediaScreen Video Screen (istockphoto-482277170-640_adpp_is.mp4) with texture 3
DEBUG: Rendering screen Video Screen (istockphoto-482277170-640_adpp_is.mp4) of type screen_2d
DEBUG: Rendering MediaScreen Video Screen (istockphoto-482277170-640_adpp_is.mp4) with texture 3
DEBUG: ===== CANVAS update_sphere_view_vector() CALLED =====
DEBUG: Canvas syncing view_vector with sphere vector_direction: [1. 0. 0.]
DEBUG: Normalized view_vector: [1. 0. 0.]
DEBUG: Red vector direction: [1. 0. 0.]
DEBUG: Normalized view vector: [1.000, 0.000, 0.000]
DEBUG: Red cube position: [2. 0. 2.]
DEBUG: Expected direction to cube: [0.70710678 0.         0.70710678]
DEBUG: Actual view vector: [1. 0. 0.]
DEBUG: Dot product: 0.707
DEBUG: ⚠️ WARNING: View vector not pointing toward cube!
DEBUG: Consider setting vector direction to point toward cube
DEBUG: Suggested vector direction: [2.12132034 0.         2.12132034]
DEBUG: Angle to cube: 45.0° (should be < 30° to be visible)
DEBUG: Cube direction: [0.707, 0.000, 0.707]
DEBUG: 2D screen using perspective projection - FOV: 60.0°
DEBUG: ===== SIMPLE MODE CAMERA SETUP =====
DEBUG: Simple mode sphere_pos: [0. 0. 0.]
DEBUG: Simple mode view_dir: [1. 0. 0.]
DEBUG: Simple mode look_at: [10.  0.  0.]
DEBUG: Cube position: [2. 0. 2.]
DEBUG: Direction to cube: [0.70710678 0.         0.70710678]
DEBUG: View direction: [1. 0. 0.]
DEBUG: Angle between view and cube direction: 45.0° (should be close to 0°)
DEBUG: Are we looking toward cube? False
DEBUG: ==============================================
DEBUG: ===== SIMPLE MODE CUBE ROTATION =====
DEBUG: Simple mode applying cube rotation: [0.0°, 0.0°, 0.0°]
DEBUG: =========================================
DEBUG: Simple 2D screen rendered - reference objects disabled to prevent yellow box artifact
DEBUG: Using perspective projection - FOV: 60.0°
DEBUG: Canvas mode: 'simple', Sphere mode: 'simple'
DEBUG: Sphere screen render check - canvas_enabled: True, canvas_mode: simple, sphere_enabled: True, should_render: False
DEBUG: Sphere skipping screen render (canvas mode: simple)
DEBUG: ===== SIMPLE MODE CUBE ROTATION =====
DEBUG: Simple mode applying cube rotation: [0.0°, 0.0°, 0.0°]
DEBUG: =========================================
DEBUG: ===== CANVAS draw_unified_screen() CALLED =====
DEBUG: screen_enabled: True, screen_render_mode: simple
DEBUG: Canvas drawing simple 2D screen
DEBUG: Drew unified screen in simple mode
DEBUG: Simple mode active - screen shows original 2D framebuffer view
DEBUG: Rendering 2 screens
DEBUG: Rendering screen Original 2D Screen of type screen_2d
DEBUG: ===== SIMPLE MODE CUBE ROTATION =====
DEBUG: Simple mode applying cube rotation: [0.0°, 0.0°, 0.0°]
DEBUG: =========================================
DEBUG: ===== CANVAS draw_unified_screen() CALLED =====
DEBUG: screen_enabled: True, screen_render_mode: simple
DEBUG: Canvas drawing simple 2D screen
DEBUG: Drew unified screen in simple mode
DEBUG: Simple mode active - screen shows original 2D framebuffer view
DEBUG: Rendering MediaScreen Video Screen (istockphoto-482277170-640_adpp_is.mp4) with texture 3
DEBUG: Rendering screen Video Screen (istockphoto-482277170-640_adpp_is.mp4) of type screen_2d
DEBUG: Rendering MediaScreen Video Screen (istockphoto-482277170-640_adpp_is.mp4) with texture 3
DEBUG: ===== CANVAS update_sphere_view_vector() CALLED =====
DEBUG: Canvas syncing view_vector with sphere vector_direction: [1. 0. 0.]
DEBUG: Normalized view_vector: [1. 0. 0.]
DEBUG: Red vector direction: [1. 0. 0.]
DEBUG: Normalized view vector: [1.000, 0.000, 0.000]
DEBUG: Red cube position: [2. 0. 2.]
DEBUG: Expected direction to cube: [0.70710678 0.         0.70710678]
DEBUG: Actual view vector: [1. 0. 0.]
DEBUG: Dot product: 0.707
DEBUG: ⚠️ WARNING: View vector not pointing toward cube!
DEBUG: Consider setting vector direction to point toward cube
DEBUG: Suggested vector direction: [2.12132034 0.         2.12132034]
DEBUG: Angle to cube: 45.0° (should be < 30° to be visible)
DEBUG: Cube direction: [0.707, 0.000, 0.707]
DEBUG: 2D screen using perspective projection - FOV: 60.0°
DEBUG: ===== SIMPLE MODE CAMERA SETUP =====
DEBUG: Simple mode sphere_pos: [0. 0. 0.]
DEBUG: Simple mode view_dir: [1. 0. 0.]
DEBUG: Simple mode look_at: [10.  0.  0.]
DEBUG: Cube position: [2. 0. 2.]
DEBUG: Direction to cube: [0.70710678 0.         0.70710678]
DEBUG: View direction: [1. 0. 0.]
DEBUG: Angle between view and cube direction: 45.0° (should be close to 0°)
DEBUG: Are we looking toward cube? False
DEBUG: ==============================================
DEBUG: ===== SIMPLE MODE CUBE ROTATION =====
DEBUG: Simple mode applying cube rotation: [0.0°, 0.0°, 0.0°]
DEBUG: =========================================
DEBUG: Simple 2D screen rendered - reference objects disabled to prevent yellow box artifact
DEBUG: Using perspective projection - FOV: 60.0°
DEBUG: Canvas mode: 'simple', Sphere mode: 'simple'
DEBUG: Sphere screen render check - canvas_enabled: True, canvas_mode: simple, sphere_enabled: True, should_render: False
DEBUG: Sphere skipping screen render (canvas mode: simple)
DEBUG: ===== SIMPLE MODE CUBE ROTATION =====
DEBUG: Simple mode applying cube rotation: [0.0°, 0.0°, 0.0°]
DEBUG: =========================================
DEBUG: ===== CANVAS draw_unified_screen() CALLED =====
DEBUG: screen_enabled: True, screen_render_mode: simple
DEBUG: Canvas drawing simple 2D screen
DEBUG: Drew unified screen in simple mode
DEBUG: Simple mode active - screen shows original 2D framebuffer view
DEBUG: Rendering 2 screens
DEBUG: Rendering screen Original 2D Screen of type screen_2d
DEBUG: ===== SIMPLE MODE CUBE ROTATION =====
DEBUG: Simple mode applying cube rotation: [0.0°, 0.0°, 0.0°]
DEBUG: =========================================
DEBUG: ===== CANVAS draw_unified_screen() CALLED =====
DEBUG: screen_enabled: True, screen_render_mode: simple
DEBUG: Canvas drawing simple 2D screen
DEBUG: Drew unified screen in simple mode
DEBUG: Simple mode active - screen shows original 2D framebuffer view
DEBUG: Rendering MediaScreen Video Screen (istockphoto-482277170-640_adpp_is.mp4) with texture 3
DEBUG: Rendering screen Video Screen (istockphoto-482277170-640_adpp_is.mp4) of type screen_2d
DEBUG: Rendering MediaScreen Video Screen (istockphoto-482277170-640_adpp_is.mp4) with texture 3
DEBUG: ===== CANVAS update_sphere_view_vector() CALLED =====
DEBUG: Canvas syncing view_vector with sphere vector_direction: [1. 0. 0.]
DEBUG: Normalized view_vector: [1. 0. 0.]
DEBUG: Red vector direction: [1. 0. 0.]
DEBUG: Normalized view vector: [1.000, 0.000, 0.000]
DEBUG: Red cube position: [2. 0. 2.]
DEBUG: Expected direction to cube: [0.70710678 0.         0.70710678]
DEBUG: Actual view vector: [1. 0. 0.]
DEBUG: Dot product: 0.707
DEBUG: ⚠️ WARNING: View vector not pointing toward cube!
DEBUG: Consider setting vector direction to point toward cube
DEBUG: Suggested vector direction: [2.12132034 0.         2.12132034]
DEBUG: Angle to cube: 45.0° (should be < 30° to be visible)
DEBUG: Cube direction: [0.707, 0.000, 0.707]
DEBUG: 2D screen using perspective projection - FOV: 60.0°
DEBUG: ===== SIMPLE MODE CAMERA SETUP =====
DEBUG: Simple mode sphere_pos: [0. 0. 0.]
DEBUG: Simple mode view_dir: [1. 0. 0.]
DEBUG: Simple mode look_at: [10.  0.  0.]
DEBUG: Cube position: [2. 0. 2.]
DEBUG: Direction to cube: [0.70710678 0.         0.70710678]
DEBUG: View direction: [1. 0. 0.]
DEBUG: Angle between view and cube direction: 45.0° (should be close to 0°)
DEBUG: Are we looking toward cube? False
DEBUG: ==============================================
DEBUG: ===== SIMPLE MODE CUBE ROTATION =====
DEBUG: Simple mode applying cube rotation: [0.0°, 0.0°, 0.0°]
DEBUG: =========================================
DEBUG: Simple 2D screen rendered - reference objects disabled to prevent yellow box artifact
DEBUG: Using perspective projection - FOV: 60.0°
DEBUG: Canvas mode: 'simple', Sphere mode: 'simple'
DEBUG: Sphere screen render check - canvas_enabled: True, canvas_mode: simple, sphere_enabled: True, should_render: False
DEBUG: Sphere skipping screen render (canvas mode: simple)
DEBUG: ===== SIMPLE MODE CUBE ROTATION =====
DEBUG: Simple mode applying cube rotation: [0.0°, 0.0°, 0.0°]
DEBUG: =========================================
DEBUG: ===== CANVAS draw_unified_screen() CALLED =====
DEBUG: screen_enabled: True, screen_render_mode: simple
DEBUG: Canvas drawing simple 2D screen
DEBUG: Drew unified screen in simple mode
DEBUG: Simple mode active - screen shows original 2D framebuffer view
DEBUG: Rendering 2 screens
DEBUG: Rendering screen Original 2D Screen of type screen_2d
DEBUG: ===== SIMPLE MODE CUBE ROTATION =====
DEBUG: Simple mode applying cube rotation: [0.0°, 0.0°, 0.0°]
DEBUG: =========================================
DEBUG: ===== CANVAS draw_unified_screen() CALLED =====
DEBUG: screen_enabled: True, screen_render_mode: simple
DEBUG: Canvas drawing simple 2D screen
DEBUG: Drew unified screen in simple mode
DEBUG: Simple mode active - screen shows original 2D framebuffer view
DEBUG: Rendering MediaScreen Video Screen (istockphoto-482277170-640_adpp_is.mp4) with texture 3
DEBUG: Rendering screen Video Screen (istockphoto-482277170-640_adpp_is.mp4) of type screen_2d
DEBUG: Rendering MediaScreen Video Screen (istockphoto-482277170-640_adpp_is.mp4) with texture 3
DEBUG: MainLoop ended
